Archive member included to satisfy reference by file (symbol)

c:/program files (x86)/atmel/studio/7.0/toolchain/avr8/avr8-gnu-toolchain/bin/../lib/gcc/avr/5.4.0/avrxmega3\libgcc.a(_udivmodhi4.o)
                              Lib/resources.o (__udivmodhi4)
c:/program files (x86)/atmel/studio/7.0/toolchain/avr8/avr8-gnu-toolchain/bin/../lib/gcc/avr/5.4.0/avrxmega3\libgcc.a(_exit.o)
                              C:/Program Files (x86)/Atmel/Studio/7.0/Packs/atmel/ATtiny_DFP/1.3.229/gcc/dev/attiny1617/avrxmega3/crtattiny1617.o (exit)
c:/program files (x86)/atmel/studio/7.0/toolchain/avr8/avr8-gnu-toolchain/bin/../lib/gcc/avr/5.4.0/avrxmega3\libgcc.a(_copy_data.o)
                              Lib/main_def.o (__do_copy_data)
c:/program files (x86)/atmel/studio/7.0/toolchain/avr8/avr8-gnu-toolchain/bin/../lib/gcc/avr/5.4.0/avrxmega3\libgcc.a(_clear_bss.o)
                              Lib/main_def.o (__do_clear_bss)
c:/program files (x86)/atmel/studio/7.0/toolchain/avr8/avr8-gnu-toolchain/bin/../lib/gcc/avr/5.4.0/avrxmega3\libgcc.a(_umulhisi3.o)
                              Lib/text_adv.o (__umulhisi3)

Allocating common symbols
Common symbol       size              file

timeout_I2C         0x1               Lib/main_def.o
gameState           0x10              Lib/main_def.o
serRx               0x48              Lib/main_def.o
auVolume            0x1               Lib/main_def.o
adcBtns             0x2               Lib/main_def.o
serTxAddr           0x2               Lib/main_def.o
adcHall             0x2               Lib/main_def.o
adcPhot             0x2               Lib/main_def.o
txBuffer            0x21              Lib/text_adv.o
detHdPh             0x1               Lib/main_def.o
auIn                0x20              Lib/main_def.o
iLED                0x28              Lib/main_def.o
auPlayDone          0x1               Lib/main_def.o
tmp16bit            0x2               Lib/resources.o
adcTemp             0x1               Lib/main_def.o

Discarded input sections

 .data          0x00000000        0x0 C:/Program Files (x86)/Atmel/Studio/7.0/Packs/atmel/ATtiny_DFP/1.3.229/gcc/dev/attiny1617/avrxmega3/crtattiny1617.o
 .bss           0x00000000        0x0 C:/Program Files (x86)/Atmel/Studio/7.0/Packs/atmel/ATtiny_DFP/1.3.229/gcc/dev/attiny1617/avrxmega3/crtattiny1617.o
 .text          0x00000000        0x0 Lib/I2C.o
 .data          0x00000000        0x0 Lib/I2C.o
 .bss           0x00000000        0x0 Lib/I2C.o
 .text.I2C_rep_start
                0x00000000        0x6 Lib/I2C.o
 .text.I2C_write_bytes
                0x00000000       0xa6 Lib/I2C.o
 .text          0x00000000        0x0 Lib/main_def.o
 .data          0x00000000        0x0 Lib/main_def.o
 .bss           0x00000000        0x0 Lib/main_def.o
 .rodata.CAT    0x00000000        0x1 Lib/main_def.o
 .rodata.RAT    0x00000000        0x1 Lib/main_def.o
 .rodata.GEM    0x00000000        0x2 Lib/main_def.o
 .rodata.WING   0x00000000        0xa Lib/main_def.o
 .rodata.EYE    0x00000000        0x4 Lib/main_def.o
 .rodata.HCKR   0x00000000        0xc Lib/main_def.o
 .text          0x00000000        0x0 Lib/resources.o
 .data          0x00000000        0x0 Lib/resources.o
 .bss           0x00000000        0x0 Lib/resources.o
 .text.SelectTSens
                0x00000000       0x1e Lib/resources.o
 .text.SelectAuIn
                0x00000000       0x1e Lib/resources.o
 .text.CheckButtons
                0x00000000       0xd0 Lib/resources.o
 .text          0x00000000        0x0 Lib/text_adv.o
 .data          0x00000000        0x0 Lib/text_adv.o
 .bss           0x00000000        0x0 Lib/text_adv.o
 .text.ReadAddr
                0x00000000       0x3c Lib/text_adv.o
 .text.UpdateState
                0x00000000       0x1c Lib/text_adv.o
 .text.GetState
                0x00000000        0xe Lib/text_adv.o
 .text.CheckState
                0x00000000       0x26 Lib/text_adv.o
 .text          0x00000000        0x0 main.o
 .data          0x00000000        0x0 main.o
 .bss           0x00000000        0x0 main.o
 .text          0x00000000        0x0 c:/program files (x86)/atmel/studio/7.0/toolchain/avr8/avr8-gnu-toolchain/bin/../lib/gcc/avr/5.4.0/avrxmega3\libgcc.a(_udivmodhi4.o)
 .data          0x00000000        0x0 c:/program files (x86)/atmel/studio/7.0/toolchain/avr8/avr8-gnu-toolchain/bin/../lib/gcc/avr/5.4.0/avrxmega3\libgcc.a(_udivmodhi4.o)
 .bss           0x00000000        0x0 c:/program files (x86)/atmel/studio/7.0/toolchain/avr8/avr8-gnu-toolchain/bin/../lib/gcc/avr/5.4.0/avrxmega3\libgcc.a(_udivmodhi4.o)
 .text.libgcc.mul
                0x00000000        0x0 c:/program files (x86)/atmel/studio/7.0/toolchain/avr8/avr8-gnu-toolchain/bin/../lib/gcc/avr/5.4.0/avrxmega3\libgcc.a(_udivmodhi4.o)
 .text.libgcc   0x00000000        0x0 c:/program files (x86)/atmel/studio/7.0/toolchain/avr8/avr8-gnu-toolchain/bin/../lib/gcc/avr/5.4.0/avrxmega3\libgcc.a(_udivmodhi4.o)
 .text.libgcc.prologue
                0x00000000        0x0 c:/program files (x86)/atmel/studio/7.0/toolchain/avr8/avr8-gnu-toolchain/bin/../lib/gcc/avr/5.4.0/avrxmega3\libgcc.a(_udivmodhi4.o)
 .text.libgcc.builtins
                0x00000000        0x0 c:/program files (x86)/atmel/studio/7.0/toolchain/avr8/avr8-gnu-toolchain/bin/../lib/gcc/avr/5.4.0/avrxmega3\libgcc.a(_udivmodhi4.o)
 .text.libgcc.fmul
                0x00000000        0x0 c:/program files (x86)/atmel/studio/7.0/toolchain/avr8/avr8-gnu-toolchain/bin/../lib/gcc/avr/5.4.0/avrxmega3\libgcc.a(_udivmodhi4.o)
 .text.libgcc.fixed
                0x00000000        0x0 c:/program files (x86)/atmel/studio/7.0/toolchain/avr8/avr8-gnu-toolchain/bin/../lib/gcc/avr/5.4.0/avrxmega3\libgcc.a(_udivmodhi4.o)
 .text          0x00000000        0x0 c:/program files (x86)/atmel/studio/7.0/toolchain/avr8/avr8-gnu-toolchain/bin/../lib/gcc/avr/5.4.0/avrxmega3\libgcc.a(_exit.o)
 .data          0x00000000        0x0 c:/program files (x86)/atmel/studio/7.0/toolchain/avr8/avr8-gnu-toolchain/bin/../lib/gcc/avr/5.4.0/avrxmega3\libgcc.a(_exit.o)
 .bss           0x00000000        0x0 c:/program files (x86)/atmel/studio/7.0/toolchain/avr8/avr8-gnu-toolchain/bin/../lib/gcc/avr/5.4.0/avrxmega3\libgcc.a(_exit.o)
 .text.libgcc.mul
                0x00000000        0x0 c:/program files (x86)/atmel/studio/7.0/toolchain/avr8/avr8-gnu-toolchain/bin/../lib/gcc/avr/5.4.0/avrxmega3\libgcc.a(_exit.o)
 .text.libgcc.div
                0x00000000        0x0 c:/program files (x86)/atmel/studio/7.0/toolchain/avr8/avr8-gnu-toolchain/bin/../lib/gcc/avr/5.4.0/avrxmega3\libgcc.a(_exit.o)
 .text.libgcc   0x00000000        0x0 c:/program files (x86)/atmel/studio/7.0/toolchain/avr8/avr8-gnu-toolchain/bin/../lib/gcc/avr/5.4.0/avrxmega3\libgcc.a(_exit.o)
 .text.libgcc.prologue
                0x00000000        0x0 c:/program files (x86)/atmel/studio/7.0/toolchain/avr8/avr8-gnu-toolchain/bin/../lib/gcc/avr/5.4.0/avrxmega3\libgcc.a(_exit.o)
 .text.libgcc.builtins
                0x00000000        0x0 c:/program files (x86)/atmel/studio/7.0/toolchain/avr8/avr8-gnu-toolchain/bin/../lib/gcc/avr/5.4.0/avrxmega3\libgcc.a(_exit.o)
 .text.libgcc.fmul
                0x00000000        0x0 c:/program files (x86)/atmel/studio/7.0/toolchain/avr8/avr8-gnu-toolchain/bin/../lib/gcc/avr/5.4.0/avrxmega3\libgcc.a(_exit.o)
 .text.libgcc.fixed
                0x00000000        0x0 c:/program files (x86)/atmel/studio/7.0/toolchain/avr8/avr8-gnu-toolchain/bin/../lib/gcc/avr/5.4.0/avrxmega3\libgcc.a(_exit.o)
 .text          0x00000000        0x0 c:/program files (x86)/atmel/studio/7.0/toolchain/avr8/avr8-gnu-toolchain/bin/../lib/gcc/avr/5.4.0/avrxmega3\libgcc.a(_copy_data.o)
 .data          0x00000000        0x0 c:/program files (x86)/atmel/studio/7.0/toolchain/avr8/avr8-gnu-toolchain/bin/../lib/gcc/avr/5.4.0/avrxmega3\libgcc.a(_copy_data.o)
 .bss           0x00000000        0x0 c:/program files (x86)/atmel/studio/7.0/toolchain/avr8/avr8-gnu-toolchain/bin/../lib/gcc/avr/5.4.0/avrxmega3\libgcc.a(_copy_data.o)
 .text.libgcc.mul
                0x00000000        0x0 c:/program files (x86)/atmel/studio/7.0/toolchain/avr8/avr8-gnu-toolchain/bin/../lib/gcc/avr/5.4.0/avrxmega3\libgcc.a(_copy_data.o)
 .text.libgcc.div
                0x00000000        0x0 c:/program files (x86)/atmel/studio/7.0/toolchain/avr8/avr8-gnu-toolchain/bin/../lib/gcc/avr/5.4.0/avrxmega3\libgcc.a(_copy_data.o)
 .text.libgcc   0x00000000        0x0 c:/program files (x86)/atmel/studio/7.0/toolchain/avr8/avr8-gnu-toolchain/bin/../lib/gcc/avr/5.4.0/avrxmega3\libgcc.a(_copy_data.o)
 .text.libgcc.prologue
                0x00000000        0x0 c:/program files (x86)/atmel/studio/7.0/toolchain/avr8/avr8-gnu-toolchain/bin/../lib/gcc/avr/5.4.0/avrxmega3\libgcc.a(_copy_data.o)
 .text.libgcc.builtins
                0x00000000        0x0 c:/program files (x86)/atmel/studio/7.0/toolchain/avr8/avr8-gnu-toolchain/bin/../lib/gcc/avr/5.4.0/avrxmega3\libgcc.a(_copy_data.o)
 .text.libgcc.fmul
                0x00000000        0x0 c:/program files (x86)/atmel/studio/7.0/toolchain/avr8/avr8-gnu-toolchain/bin/../lib/gcc/avr/5.4.0/avrxmega3\libgcc.a(_copy_data.o)
 .text.libgcc.fixed
                0x00000000        0x0 c:/program files (x86)/atmel/studio/7.0/toolchain/avr8/avr8-gnu-toolchain/bin/../lib/gcc/avr/5.4.0/avrxmega3\libgcc.a(_copy_data.o)
 .text          0x00000000        0x0 c:/program files (x86)/atmel/studio/7.0/toolchain/avr8/avr8-gnu-toolchain/bin/../lib/gcc/avr/5.4.0/avrxmega3\libgcc.a(_clear_bss.o)
 .data          0x00000000        0x0 c:/program files (x86)/atmel/studio/7.0/toolchain/avr8/avr8-gnu-toolchain/bin/../lib/gcc/avr/5.4.0/avrxmega3\libgcc.a(_clear_bss.o)
 .bss           0x00000000        0x0 c:/program files (x86)/atmel/studio/7.0/toolchain/avr8/avr8-gnu-toolchain/bin/../lib/gcc/avr/5.4.0/avrxmega3\libgcc.a(_clear_bss.o)
 .text.libgcc.mul
                0x00000000        0x0 c:/program files (x86)/atmel/studio/7.0/toolchain/avr8/avr8-gnu-toolchain/bin/../lib/gcc/avr/5.4.0/avrxmega3\libgcc.a(_clear_bss.o)
 .text.libgcc.div
                0x00000000        0x0 c:/program files (x86)/atmel/studio/7.0/toolchain/avr8/avr8-gnu-toolchain/bin/../lib/gcc/avr/5.4.0/avrxmega3\libgcc.a(_clear_bss.o)
 .text.libgcc   0x00000000        0x0 c:/program files (x86)/atmel/studio/7.0/toolchain/avr8/avr8-gnu-toolchain/bin/../lib/gcc/avr/5.4.0/avrxmega3\libgcc.a(_clear_bss.o)
 .text.libgcc.prologue
                0x00000000        0x0 c:/program files (x86)/atmel/studio/7.0/toolchain/avr8/avr8-gnu-toolchain/bin/../lib/gcc/avr/5.4.0/avrxmega3\libgcc.a(_clear_bss.o)
 .text.libgcc.builtins
                0x00000000        0x0 c:/program files (x86)/atmel/studio/7.0/toolchain/avr8/avr8-gnu-toolchain/bin/../lib/gcc/avr/5.4.0/avrxmega3\libgcc.a(_clear_bss.o)
 .text.libgcc.fmul
                0x00000000        0x0 c:/program files (x86)/atmel/studio/7.0/toolchain/avr8/avr8-gnu-toolchain/bin/../lib/gcc/avr/5.4.0/avrxmega3\libgcc.a(_clear_bss.o)
 .text.libgcc.fixed
                0x00000000        0x0 c:/program files (x86)/atmel/studio/7.0/toolchain/avr8/avr8-gnu-toolchain/bin/../lib/gcc/avr/5.4.0/avrxmega3\libgcc.a(_clear_bss.o)
 .text          0x00000000        0x0 c:/program files (x86)/atmel/studio/7.0/toolchain/avr8/avr8-gnu-toolchain/bin/../lib/gcc/avr/5.4.0/avrxmega3\libgcc.a(_umulhisi3.o)
 .data          0x00000000        0x0 c:/program files (x86)/atmel/studio/7.0/toolchain/avr8/avr8-gnu-toolchain/bin/../lib/gcc/avr/5.4.0/avrxmega3\libgcc.a(_umulhisi3.o)
 .bss           0x00000000        0x0 c:/program files (x86)/atmel/studio/7.0/toolchain/avr8/avr8-gnu-toolchain/bin/../lib/gcc/avr/5.4.0/avrxmega3\libgcc.a(_umulhisi3.o)
 .text.libgcc.div
                0x00000000        0x0 c:/program files (x86)/atmel/studio/7.0/toolchain/avr8/avr8-gnu-toolchain/bin/../lib/gcc/avr/5.4.0/avrxmega3\libgcc.a(_umulhisi3.o)
 .text.libgcc   0x00000000        0x0 c:/program files (x86)/atmel/studio/7.0/toolchain/avr8/avr8-gnu-toolchain/bin/../lib/gcc/avr/5.4.0/avrxmega3\libgcc.a(_umulhisi3.o)
 .text.libgcc.prologue
                0x00000000        0x0 c:/program files (x86)/atmel/studio/7.0/toolchain/avr8/avr8-gnu-toolchain/bin/../lib/gcc/avr/5.4.0/avrxmega3\libgcc.a(_umulhisi3.o)
 .text.libgcc.builtins
                0x00000000        0x0 c:/program files (x86)/atmel/studio/7.0/toolchain/avr8/avr8-gnu-toolchain/bin/../lib/gcc/avr/5.4.0/avrxmega3\libgcc.a(_umulhisi3.o)
 .text.libgcc.fmul
                0x00000000        0x0 c:/program files (x86)/atmel/studio/7.0/toolchain/avr8/avr8-gnu-toolchain/bin/../lib/gcc/avr/5.4.0/avrxmega3\libgcc.a(_umulhisi3.o)
 .text.libgcc.fixed
                0x00000000        0x0 c:/program files (x86)/atmel/studio/7.0/toolchain/avr8/avr8-gnu-toolchain/bin/../lib/gcc/avr/5.4.0/avrxmega3\libgcc.a(_umulhisi3.o)

Memory Configuration

Name             Origin             Length             Attributes
text             0x00000000         0x00100000         xr
data             0x00802000         0x0000ffa0         rw !x
eeprom           0x00810000         0x00010000         rw !x
fuse             0x00820000         0x00000009         rw !x
lock             0x00830000         0x00000400         rw !x
signature        0x00840000         0x00000400         rw !x
user_signatures  0x00850000         0x00000400         rw !x
*default*        0x00000000         0xffffffff

Linker script and memory map

Address of section .data set to 0x803800
                0x00008000                __RODATA_PM_OFFSET__ = 0x8000
LOAD C:/Program Files (x86)/Atmel/Studio/7.0/Packs/atmel/ATtiny_DFP/1.3.229/gcc/dev/attiny1617/avrxmega3/crtattiny1617.o
LOAD Lib/I2C.o
LOAD Lib/main_def.o
LOAD Lib/resources.o
LOAD Lib/text_adv.o
LOAD main.o
START GROUP
LOAD c:/program files (x86)/atmel/studio/7.0/toolchain/avr8/avr8-gnu-toolchain/bin/../lib/gcc/avr/5.4.0/../../../../avr/lib/avrxmega3\libm.a
END GROUP
START GROUP
LOAD c:/program files (x86)/atmel/studio/7.0/toolchain/avr8/avr8-gnu-toolchain/bin/../lib/gcc/avr/5.4.0/avrxmega3\libgcc.a
LOAD c:/program files (x86)/atmel/studio/7.0/toolchain/avr8/avr8-gnu-toolchain/bin/../lib/gcc/avr/5.4.0/../../../../avr/lib/avrxmega3\libm.a
LOAD c:/program files (x86)/atmel/studio/7.0/toolchain/avr8/avr8-gnu-toolchain/bin/../lib/gcc/avr/5.4.0/../../../../avr/lib/avrxmega3\libc.a
LOAD C:/Program Files (x86)/Atmel/Studio/7.0/Packs/atmel/ATtiny_DFP/1.3.229/gcc/dev/attiny1617/avrxmega3\libattiny1617.a
END GROUP
                0x00000000                __TEXT_REGION_ORIGIN__ = DEFINED (__TEXT_REGION_ORIGIN__)?__TEXT_REGION_ORIGIN__:0x0
                0x00802000                __DATA_REGION_ORIGIN__ = DEFINED (__DATA_REGION_ORIGIN__)?__DATA_REGION_ORIGIN__:0x802000
                0x00100000                __TEXT_REGION_LENGTH__ = DEFINED (__TEXT_REGION_LENGTH__)?__TEXT_REGION_LENGTH__:0x100000
                0x0000ffa0                __DATA_REGION_LENGTH__ = DEFINED (__DATA_REGION_LENGTH__)?__DATA_REGION_LENGTH__:0xffa0
                0x00010000                __EEPROM_REGION_LENGTH__ = DEFINED (__EEPROM_REGION_LENGTH__)?__EEPROM_REGION_LENGTH__:0x10000
                [0x00000009]                __FUSE_REGION_LENGTH__ = DEFINED (__FUSE_REGION_LENGTH__)?__FUSE_REGION_LENGTH__:0x400
                0x00000400                __LOCK_REGION_LENGTH__ = DEFINED (__LOCK_REGION_LENGTH__)?__LOCK_REGION_LENGTH__:0x400
                0x00000400                __SIGNATURE_REGION_LENGTH__ = DEFINED (__SIGNATURE_REGION_LENGTH__)?__SIGNATURE_REGION_LENGTH__:0x400
                0x00000400                __USER_SIGNATURE_REGION_LENGTH__ = DEFINED (__USER_SIGNATURE_REGION_LENGTH__)?__USER_SIGNATURE_REGION_LENGTH__:0x400
                0x00008000                __RODATA_PM_OFFSET__ = DEFINED (__RODATA_PM_OFFSET__)?__RODATA_PM_OFFSET__:0x8000

.hash
 *(.hash)

.dynsym
 *(.dynsym)

.dynstr
 *(.dynstr)

.gnu.version
 *(.gnu.version)

.gnu.version_d
 *(.gnu.version_d)

.gnu.version_r
 *(.gnu.version_r)

.rel.init
 *(.rel.init)

.rela.init
 *(.rela.init)

.rel.text
 *(.rel.text)
 *(.rel.text.*)
 *(.rel.gnu.linkonce.t*)

.rela.text
 *(.rela.text)
 *(.rela.text.*)
 *(.rela.gnu.linkonce.t*)

.rel.fini
 *(.rel.fini)

.rela.fini
 *(.rela.fini)

.rel.rodata
 *(.rel.rodata)
 *(.rel.rodata.*)
 *(.rel.gnu.linkonce.r*)

.rela.rodata
 *(.rela.rodata)
 *(.rela.rodata.*)
 *(.rela.gnu.linkonce.r*)

.rel.data
 *(.rel.data)
 *(.rel.data.*)
 *(.rel.gnu.linkonce.d*)

.rela.data
 *(.rela.data)
 *(.rela.data.*)
 *(.rela.gnu.linkonce.d*)

.rel.ctors
 *(.rel.ctors)

.rela.ctors
 *(.rela.ctors)

.rel.dtors
 *(.rel.dtors)

.rela.dtors
 *(.rela.dtors)

.rel.got
 *(.rel.got)

.rela.got
 *(.rela.got)

.rel.bss
 *(.rel.bss)

.rela.bss
 *(.rela.bss)

.rel.plt
 *(.rel.plt)

.rela.plt
 *(.rela.plt)

.text           0x00000000     0x13e0
 *(.vectors)
 .vectors       0x00000000       0x7c C:/Program Files (x86)/Atmel/Studio/7.0/Packs/atmel/ATtiny_DFP/1.3.229/gcc/dev/attiny1617/avrxmega3/crtattiny1617.o
                0x00000000                __vector_default
                0x00000000                __vectors
 *(.vectors)
 *(.progmem.gcc*)
                0x0000007c                . = ALIGN (0x2)
                0x0000007c                __trampolines_start = .
 *(.trampolines)
 .trampolines   0x0000007c        0x0 linker stubs
 *(.trampolines*)
                0x0000007c                __trampolines_end = .
 *libprintf_flt.a:*(.progmem.data)
 *libc.a:*(.progmem.data)
 *(.progmem*)
                0x0000007c                . = ALIGN (0x2)
 *(.jumptables)
 *(.jumptables*)
 *(.lowtext)
 *(.lowtext*)
                0x0000007c                __ctors_start = .
 *(.ctors)
                0x0000007c                __ctors_end = .
                0x0000007c                __dtors_start = .
 *(.dtors)
                0x0000007c                __dtors_end = .
 SORT(*)(.ctors)
 SORT(*)(.dtors)
 *(.init0)
 .init0         0x0000007c        0x0 C:/Program Files (x86)/Atmel/Studio/7.0/Packs/atmel/ATtiny_DFP/1.3.229/gcc/dev/attiny1617/avrxmega3/crtattiny1617.o
                0x0000007c                __init
 *(.init0)
 *(.init1)
 *(.init1)
 *(.init2)
 .init2         0x0000007c        0xc C:/Program Files (x86)/Atmel/Studio/7.0/Packs/atmel/ATtiny_DFP/1.3.229/gcc/dev/attiny1617/avrxmega3/crtattiny1617.o
 *(.init2)
 *(.init3)
 *(.init3)
 *(.init4)
 .init4         0x00000088       0x16 c:/program files (x86)/atmel/studio/7.0/toolchain/avr8/avr8-gnu-toolchain/bin/../lib/gcc/avr/5.4.0/avrxmega3\libgcc.a(_copy_data.o)
                0x00000088                __do_copy_data
 .init4         0x0000009e       0x10 c:/program files (x86)/atmel/studio/7.0/toolchain/avr8/avr8-gnu-toolchain/bin/../lib/gcc/avr/5.4.0/avrxmega3\libgcc.a(_clear_bss.o)
                0x0000009e                __do_clear_bss
 *(.init4)
 *(.init5)
 *(.init5)
 *(.init6)
 *(.init6)
 *(.init7)
 *(.init7)
 *(.init8)
 *(.init8)
 *(.init9)
 .init9         0x000000ae        0x8 C:/Program Files (x86)/Atmel/Studio/7.0/Packs/atmel/ATtiny_DFP/1.3.229/gcc/dev/attiny1617/avrxmega3/crtattiny1617.o
 *(.init9)
 *(.text)
 .text          0x000000b6        0x2 C:/Program Files (x86)/Atmel/Studio/7.0/Packs/atmel/ATtiny_DFP/1.3.229/gcc/dev/attiny1617/avrxmega3/crtattiny1617.o
                0x000000b6                __vector_1
                0x000000b6                __vector_24
                0x000000b6                __vector_12
                0x000000b6                __bad_interrupt
                0x000000b6                __vector_3
                0x000000b6                __vector_23
                0x000000b6                __vector_30
                0x000000b6                __vector_25
                0x000000b6                __vector_11
                0x000000b6                __vector_17
                0x000000b6                __vector_19
                0x000000b6                __vector_5
                0x000000b6                __vector_4
                0x000000b6                __vector_9
                0x000000b6                __vector_2
                0x000000b6                __vector_21
                0x000000b6                __vector_15
                0x000000b6                __vector_29
                0x000000b6                __vector_26
                0x000000b6                __vector_10
                0x000000b6                __vector_16
                0x000000b6                __vector_18
                0x000000b8                . = ALIGN (0x2)
 *(.text.*)
 .text.I2C_init
                0x000000b8       0x3c Lib/I2C.o
                0x000000b8                I2C_init
 .text.I2C_recover
                0x000000f4       0x6a Lib/I2C.o
                0x000000f4                I2C_recover
 .text.I2C_start
                0x0000015e       0x20 Lib/I2C.o
                0x0000015e                I2C_start
 .text.I2C_wait_ACK
                0x0000017e       0x4e Lib/I2C.o
                0x0000017e                I2C_wait_ACK
 .text.I2C_read
                0x000001cc       0x82 Lib/I2C.o
                0x000001cc                I2C_read
 .text.I2C_write
                0x0000024e       0x4a Lib/I2C.o
                0x0000024e                I2C_write
 .text.I2C_stop
                0x00000298        0xc Lib/I2C.o
                0x00000298                I2C_stop
 .text.I2C_read_bytes
                0x000002a4       0xb0 Lib/I2C.o
                0x000002a4                I2C_read_bytes
 .text.Setup    0x00000354      0x1bc Lib/resources.o
                0x00000354                Setup
 .text.__vector_8
                0x00000510       0xa8 Lib/resources.o
                0x00000510                __vector_8
 .text.__vector_13
                0x000005b8       0x66 Lib/resources.o
                0x000005b8                __vector_13
 .text.__vector_14
                0x0000061e       0xa6 Lib/resources.o
                0x0000061e                __vector_14
 .text.__vector_27
                0x000006c4       0x68 Lib/resources.o
                0x000006c4                __vector_27
 .text.__vector_28
                0x0000072c       0x38 Lib/resources.o
                0x0000072c                __vector_28
 .text.__vector_20
                0x00000764       0x5c Lib/resources.o
                0x00000764                __vector_20
 .text.__vector_22
                0x000007c0       0xa0 Lib/resources.o
                0x000007c0                __vector_22
 .text.__vector_6
                0x00000860       0xa8 Lib/resources.o
                0x00000860                __vector_6
 .text.__vector_7
                0x00000908       0x22 Lib/resources.o
                0x00000908                __vector_7
 .text.EERead   0x0000092a       0x26 Lib/resources.o
                0x0000092a                EERead
 .text.EEWrite  0x00000950       0x92 Lib/resources.o
                0x00000950                EEWrite
 .text.SerSend  0x000009e2       0x24 Lib/resources.o
                0x000009e2                SerSend
 .text.SerSpeed
                0x00000a06       0x22 Lib/resources.o
                0x00000a06                SerSpeed
 .text.lfsr     0x00000a28       0x3e Lib/resources.o
                0x00000a28                lfsr
 .text.floatSpeed
                0x00000a66       0x68 Lib/resources.o
                0x00000a66                floatSpeed
 .text.floatAround
                0x00000ace       0x4a Lib/resources.o
                0x00000ace                floatAround
 .text.SaveGameState
                0x00000b18       0x72 Lib/resources.o
                0x00000b18                SaveGameState
 .text.ReadStatusBit
                0x00000b8a       0x28 Lib/resources.o
                0x00000b8a                ReadStatusBit
 .text.WriteStatusBit
                0x00000bb2       0x5a Lib/resources.o
                0x00000bb2                WriteStatusBit
 .text.Reset    0x00000c0c       0x62 Lib/resources.o
                0x00000c0c                Reset
 .text.GenerateAudio
                0x00000c6e       0x8e Lib/resources.o
                0x00000c6e                GenerateAudio
 .text.DecryptData
                0x00000cfc       0x3c Lib/text_adv.o
                0x00000cfc                DecryptData
 .text.ExtEERead
                0x00000d38       0x64 Lib/text_adv.o
                0x00000d38                ExtEERead
 .text.ClearTxAfter
                0x00000d9c       0x18 Lib/text_adv.o
                0x00000d9c                ClearTxAfter
 .text.StartsWith
                0x00000db4       0x22 Lib/text_adv.o
                0x00000db4                StartsWith
 .text.PrepareSending
                0x00000dd6       0x9c Lib/text_adv.o
                0x00000dd6                PrepareSending
 .text.PopulateObject
                0x00000e72      0x114 Lib/text_adv.o
                0x00000e72                PopulateObject
 .text.SendLiteral
                0x00000f86       0x78 Lib/text_adv.o
                0x00000f86                SendLiteral
 .text.CheckSend
                0x00000ffe       0xda Lib/text_adv.o
                0x00000ffe                CheckSend
 .text.CheckInput
                0x000010d8      0x106 Lib/text_adv.o
                0x000010d8                CheckInput
 .text.ProcessInput
                0x000011de       0xdc Lib/text_adv.o
                0x000011de                ProcessInput
 .text.TextAdventure
                0x000012ba       0x2a Lib/text_adv.o
                0x000012ba                TextAdventure
 .text.main     0x000012e4       0xb2 main.o
                0x000012e4                main
 .text.libgcc.div
                0x00001396       0x28 c:/program files (x86)/atmel/studio/7.0/toolchain/avr8/avr8-gnu-toolchain/bin/../lib/gcc/avr/5.4.0/avrxmega3\libgcc.a(_udivmodhi4.o)
                0x00001396                __udivmodhi4
 .text.libgcc.mul
                0x000013be       0x1e c:/program files (x86)/atmel/studio/7.0/toolchain/avr8/avr8-gnu-toolchain/bin/../lib/gcc/avr/5.4.0/avrxmega3\libgcc.a(_umulhisi3.o)
                0x000013be                __umulhisi3
                0x000013dc                . = ALIGN (0x2)
 *(.fini9)
 .fini9         0x000013dc        0x0 c:/program files (x86)/atmel/studio/7.0/toolchain/avr8/avr8-gnu-toolchain/bin/../lib/gcc/avr/5.4.0/avrxmega3\libgcc.a(_exit.o)
                0x000013dc                _exit
                0x000013dc                exit
 *(.fini9)
 *(.fini8)
 *(.fini8)
 *(.fini7)
 *(.fini7)
 *(.fini6)
 *(.fini6)
 *(.fini5)
 *(.fini5)
 *(.fini4)
 *(.fini4)
 *(.fini3)
 *(.fini3)
 *(.fini2)
 *(.fini2)
 *(.fini1)
 *(.fini1)
 *(.fini0)
 .fini0         0x000013dc        0x4 c:/program files (x86)/atmel/studio/7.0/toolchain/avr8/avr8-gnu-toolchain/bin/../lib/gcc/avr/5.4.0/avrxmega3\libgcc.a(_exit.o)
 *(.fini0)
                0x000013e0                _etext = .

.rodata         0x000093e0       0x44 load address 0x000013e0
 *(.rodata)
 *(.rodata*)
 .rodata.str1.1
                0x000093e0       0x10 Lib/text_adv.o
 .rodata.xor_key
                0x000093f0       0x10 Lib/text_adv.o
                0x000093f0                xor_key
 .rodata.str1.1
                0x00009400       0x24 main.o
 *(.gnu.linkonce.r*)

.data           0x00803800       0x16 load address 0x00001424
                0x00803800                PROVIDE (__data_start, .)
 *(.data)
 *(.data*)
 .data.auRepAddr
                0x00803800        0x2 Lib/main_def.o
                0x00803800                auRepAddr
 .data.auSmpAddr
                0x00803802        0x2 Lib/main_def.o
                0x00803802                auSmpAddr
 .data.serTxDone
                0x00803804        0x1 Lib/main_def.o
                0x00803804                serTxDone
 .data.storm.3897
                0x00803805        0x7 Lib/resources.o
 .data.state.3856
                0x0080380c        0x2 Lib/resources.o
 .data.mask     0x0080380e        0x8 Lib/resources.o
                0x0080380e                mask
 *(.gnu.linkonce.d*)
                0x00803816                . = ALIGN (0x2)
                0x00803816                _edata = .
                0x00803816                PROVIDE (__data_end, .)

.bss            0x00803816      0x193
                0x00803816                PROVIDE (__bss_start, .)
 *(.bss)
 *(.bss*)
 .bss.zero      0x00803816        0x1 Lib/main_def.o
                0x00803816                zero
 .bss.adc0Chg   0x00803817        0x1 Lib/main_def.o
                0x00803817                adc0Chg
 .bss.buttonMark
                0x00803818        0x1 Lib/main_def.o
                0x00803818                buttonMark
 .bss.minuteMark
                0x00803819        0x1 Lib/main_def.o
                0x00803819                minuteMark
 .bss.serRxDone
                0x0080381a        0x1 Lib/main_def.o
                0x0080381a                serRxDone
 .bss.serInput.3895
                0x0080381b       0x48 Lib/text_adv.o
 .bss.reactStr.3890
                0x00803863       0x30 Lib/text_adv.o
 .bss.toSend.3892
                0x00803893        0x1 Lib/text_adv.o
 .bss.actionList.3891
                0x00803894        0x1 Lib/text_adv.o
 .bss.currObj.3885
                0x00803895       0x28 Lib/text_adv.o
 .bss.txPart.3867
                0x008038bd        0x1 Lib/text_adv.o
 .bss.txTypeNow
                0x008038be        0x1 Lib/text_adv.o
                0x008038be                txTypeNow
 .bss.sendPrompt
                0x008038bf        0x1 Lib/text_adv.o
                0x008038bf                sendPrompt
 .bss.txAddrNow
                0x008038c0        0x1 Lib/text_adv.o
                0x008038c0                txAddrNow
 .bss.txStrLen  0x008038c1        0x8 Lib/text_adv.o
                0x008038c1                txStrLen
 .bss.txAddrList
                0x008038c9       0x10 Lib/text_adv.o
                0x008038c9                txAddrList
 *(COMMON)
 COMMON         0x008038d9       0xad Lib/main_def.o
                0x008038d9                timeout_I2C
                0x008038da                gameState
                0x008038ea                serRx
                0x00803932                auVolume
                0x00803933                adcBtns
                0x00803935                serTxAddr
                0x00803937                adcHall
                0x00803939                adcPhot
                0x0080393b                detHdPh
                0x0080393c                auIn
                0x0080395c                iLED
                0x00803984                auPlayDone
                0x00803985                adcTemp
 COMMON         0x00803986        0x2 Lib/resources.o
                0x00803986                tmp16bit
 COMMON         0x00803988       0x21 Lib/text_adv.o
                0x00803988                txBuffer
                0x008039a9                PROVIDE (__bss_end, .)
                0x00001424                __data_load_start = LOADADDR (.data)
                0x0000143a                __data_load_end = (__data_load_start + SIZEOF (.data))

.noinit         0x008039a9        0x0
                [!provide]                PROVIDE (__noinit_start, .)
 *(.noinit*)
                [!provide]                PROVIDE (__noinit_end, .)
                0x008039a9                _end = .
                [!provide]                PROVIDE (__heap_start, .)

.eeprom         0x00810000        0x0
 *(.eeprom*)
                0x00810000                __eeprom_end = .

.fuse
 *(.fuse)
 *(.lfuse)
 *(.hfuse)
 *(.efuse)

.lock
 *(.lock*)

.signature
 *(.signature*)

.user_signatures
 *(.user_signatures*)

.stab
 *(.stab)

.stabstr
 *(.stabstr)

.stab.excl
 *(.stab.excl)

.stab.exclstr
 *(.stab.exclstr)

.stab.index
 *(.stab.index)

.stab.indexstr
 *(.stab.indexstr)

.comment        0x00000000       0x30
 *(.comment)
 .comment       0x00000000       0x30 Lib/I2C.o
                                 0x31 (size before relaxing)
 .comment       0x00000030       0x31 Lib/main_def.o
 .comment       0x00000030       0x31 Lib/resources.o
 .comment       0x00000030       0x31 Lib/text_adv.o
 .comment       0x00000030       0x31 main.o

.note.gnu.avr.deviceinfo
                0x00000000       0x40
 .note.gnu.avr.deviceinfo
                0x00000000       0x40 C:/Program Files (x86)/Atmel/Studio/7.0/Packs/atmel/ATtiny_DFP/1.3.229/gcc/dev/attiny1617/avrxmega3/crtattiny1617.o

.note.gnu.build-id
 *(.note.gnu.build-id)

.debug
 *(.debug)

.line
 *(.line)

.debug_srcinfo
 *(.debug_srcinfo)

.debug_sfnames
 *(.debug_sfnames)

.debug_aranges  0x00000000      0x210
 *(.debug_aranges)
 .debug_aranges
                0x00000000       0x68 Lib/I2C.o
 .debug_aranges
                0x00000068       0x18 Lib/main_def.o
 .debug_aranges
                0x00000080       0xe0 Lib/resources.o
 .debug_aranges
                0x00000160       0x90 Lib/text_adv.o
 .debug_aranges
                0x000001f0       0x20 main.o

.debug_pubnames
 *(.debug_pubnames)

.debug_info     0x00000000     0x3d0c
 *(.debug_info .gnu.linkonce.wi.*)
 .debug_info    0x00000000     0x19ed C:/Program Files (x86)/Atmel/Studio/7.0/Packs/atmel/ATtiny_DFP/1.3.229/gcc/dev/attiny1617/avrxmega3/crtattiny1617.o
 .debug_info    0x000019ed      0x656 Lib/I2C.o
 .debug_info    0x00002043      0x32e Lib/main_def.o
 .debug_info    0x00002371      0xa67 Lib/resources.o
 .debug_info    0x00002dd8      0xc9d Lib/text_adv.o
 .debug_info    0x00003a75      0x297 main.o

.debug_abbrev   0x00000000     0x221e
 *(.debug_abbrev)
 .debug_abbrev  0x00000000     0x1888 C:/Program Files (x86)/Atmel/Studio/7.0/Packs/atmel/ATtiny_DFP/1.3.229/gcc/dev/attiny1617/avrxmega3/crtattiny1617.o
 .debug_abbrev  0x00001888      0x258 Lib/I2C.o
 .debug_abbrev  0x00001ae0       0x7e Lib/main_def.o
 .debug_abbrev  0x00001b5e      0x354 Lib/resources.o
 .debug_abbrev  0x00001eb2      0x268 Lib/text_adv.o
 .debug_abbrev  0x0000211a      0x104 main.o

.debug_line     0x00000000     0x19c2
 *(.debug_line .debug_line.* .debug_line_end)
 .debug_line    0x00000000      0x151 C:/Program Files (x86)/Atmel/Studio/7.0/Packs/atmel/ATtiny_DFP/1.3.229/gcc/dev/attiny1617/avrxmega3/crtattiny1617.o
 .debug_line    0x00000151      0x55c Lib/I2C.o
 .debug_line    0x000006ad       0x94 Lib/main_def.o
 .debug_line    0x00000741      0xa2f Lib/resources.o
 .debug_line    0x00001170      0x663 Lib/text_adv.o
 .debug_line    0x000017d3      0x1ef main.o

.debug_frame    0x00000000      0x6b8
 *(.debug_frame)
 .debug_frame   0x00000000      0x100 Lib/I2C.o
 .debug_frame   0x00000100      0x36c Lib/resources.o
 .debug_frame   0x0000046c      0x218 Lib/text_adv.o
 .debug_frame   0x00000684       0x34 main.o

.debug_str      0x00000000     0x1631
 *(.debug_str)
 .debug_str     0x00000000      0xacf C:/Program Files (x86)/Atmel/Studio/7.0/Packs/atmel/ATtiny_DFP/1.3.229/gcc/dev/attiny1617/avrxmega3/crtattiny1617.o
 .debug_str     0x00000acf      0x48f Lib/I2C.o
                                0x4c9 (size before relaxing)
 .debug_str     0x00000f5e       0xd3 Lib/main_def.o
                                0x27c (size before relaxing)
 .debug_str     0x00001031      0x31d Lib/resources.o
                                0x5c4 (size before relaxing)
 .debug_str     0x0000134e      0x2c4 Lib/text_adv.o
                                0x4ee (size before relaxing)
 .debug_str     0x00001612       0x1f main.o
                                0x249 (size before relaxing)

.debug_loc      0x00000000     0x1ed8
 *(.debug_loc)
 .debug_loc     0x00000000      0x594 Lib/I2C.o
 .debug_loc     0x00000594      0xc8e Lib/resources.o
 .debug_loc     0x00001222      0xbc5 Lib/text_adv.o
 .debug_loc     0x00001de7       0xf1 main.o

.debug_macinfo
 *(.debug_macinfo)

.debug_weaknames
 *(.debug_weaknames)

.debug_funcnames
 *(.debug_funcnames)

.debug_typenames
 *(.debug_typenames)

.debug_varnames
 *(.debug_varnames)

.debug_pubtypes
 *(.debug_pubtypes)

.debug_ranges   0x00000000      0x200
 *(.debug_ranges)
 .debug_ranges  0x00000000       0x58 Lib/I2C.o
 .debug_ranges  0x00000058       0xe8 Lib/resources.o
 .debug_ranges  0x00000140       0x98 Lib/text_adv.o
 .debug_ranges  0x000001d8       0x28 main.o

.debug_macro
 *(.debug_macro)
OUTPUT(ISR_IO.elf elf32-avr)
LOAD linker stubs
