Archive member included to satisfy reference by file (symbol)

c:/program files (x86)/atmel/studio/7.0/toolchain/avr8/avr8-gnu-toolchain/bin/../lib/gcc/avr/5.4.0/avrxmega3\libgcc.a(_udivmodqi4.o)
                              Lib/resources.o (__udivmodqi4)
c:/program files (x86)/atmel/studio/7.0/toolchain/avr8/avr8-gnu-toolchain/bin/../lib/gcc/avr/5.4.0/avrxmega3\libgcc.a(_udivmodhi4.o)
                              Lib/resources.o (__udivmodhi4)
c:/program files (x86)/atmel/studio/7.0/toolchain/avr8/avr8-gnu-toolchain/bin/../lib/gcc/avr/5.4.0/avrxmega3\libgcc.a(_udivmodsi4.o)
                              Lib/text_adv.o (__udivmodsi4)
c:/program files (x86)/atmel/studio/7.0/toolchain/avr8/avr8-gnu-toolchain/bin/../lib/gcc/avr/5.4.0/avrxmega3\libgcc.a(_exit.o)
                              C:/Program Files (x86)/Atmel/Studio/7.0/Packs/atmel/ATtiny_DFP/1.3.229/gcc/dev/attiny1617/avrxmega3/crtattiny1617.o (exit)
c:/program files (x86)/atmel/studio/7.0/toolchain/avr8/avr8-gnu-toolchain/bin/../lib/gcc/avr/5.4.0/avrxmega3\libgcc.a(_copy_data.o)
                              Lib/main_def.o (__do_copy_data)
c:/program files (x86)/atmel/studio/7.0/toolchain/avr8/avr8-gnu-toolchain/bin/../lib/gcc/avr/5.4.0/avrxmega3\libgcc.a(_clear_bss.o)
                              Lib/main_def.o (__do_clear_bss)

Allocating common symbols
Common symbol       size              file

timeout_I2C         0x1               Lib/main_def.o
gameState           0x14              Lib/main_def.o
serRx               0x41              Lib/main_def.o
auVolume            0x1               Lib/main_def.o
adcBtns             0x2               Lib/main_def.o
serTxAddr           0x2               Lib/main_def.o
adcHall             0x2               Lib/main_def.o
adcPhot             0x2               Lib/main_def.o
txBuffer            0x21              Lib/text_adv.o
detHdPh             0x1               Lib/main_def.o
calTemp             0x1               Lib/main_def.o
auIn                0x20              Lib/main_def.o
iLED                0x28              Lib/main_def.o
auPlayDone          0x1               Lib/main_def.o
tmp16bit            0x2               Lib/resources.o
calHall             0x2               Lib/main_def.o
adcTemp             0x1               Lib/main_def.o

Discarded input sections

 .data          0x00000000        0x0 C:/Program Files (x86)/Atmel/Studio/7.0/Packs/atmel/ATtiny_DFP/1.3.229/gcc/dev/attiny1617/avrxmega3/crtattiny1617.o
 .bss           0x00000000        0x0 C:/Program Files (x86)/Atmel/Studio/7.0/Packs/atmel/ATtiny_DFP/1.3.229/gcc/dev/attiny1617/avrxmega3/crtattiny1617.o
 .text          0x00000000        0x0 Lib/I2C.o
 .data          0x00000000        0x0 Lib/I2C.o
 .bss           0x00000000        0x0 Lib/I2C.o
 .text.I2C_rep_start
                0x00000000        0x6 Lib/I2C.o
 .text.I2C_write_bytes
                0x00000000       0x7e Lib/I2C.o
 .text          0x00000000        0x0 Lib/main_def.o
 .data          0x00000000        0x0 Lib/main_def.o
 .bss           0x00000000        0x0 Lib/main_def.o
 .rodata.QSINE  0x00000000       0x20 Lib/main_def.o
 .text          0x00000000        0x0 Lib/maze.o
 .data          0x00000000        0x0 Lib/maze.o
 .bss           0x00000000        0x0 Lib/maze.o
 .text          0x00000000        0x0 Lib/resources.o
 .data          0x00000000        0x0 Lib/resources.o
 .bss           0x00000000        0x0 Lib/resources.o
 .text.SelectTSens
                0x00000000       0x1e Lib/resources.o
 .text.SelectAuIn
                0x00000000       0x1e Lib/resources.o
 .text          0x00000000        0x0 Lib/simon.o
 .data          0x00000000        0x0 Lib/simon.o
 .bss           0x00000000        0x0 Lib/simon.o
 .text          0x00000000        0x0 Lib/text_adv.o
 .data          0x00000000        0x0 Lib/text_adv.o
 .bss           0x00000000        0x0 Lib/text_adv.o
 .text.SetResponse
                0x00000000       0x30 Lib/text_adv.o
 .bss.sendPrompt
                0x00000000        0x1 Lib/text_adv.o
 .text          0x00000000        0x0 main.o
 .data          0x00000000        0x0 main.o
 .bss           0x00000000        0x0 main.o
 .text          0x00000000        0x0 c:/program files (x86)/atmel/studio/7.0/toolchain/avr8/avr8-gnu-toolchain/bin/../lib/gcc/avr/5.4.0/avrxmega3\libgcc.a(_udivmodqi4.o)
 .data          0x00000000        0x0 c:/program files (x86)/atmel/studio/7.0/toolchain/avr8/avr8-gnu-toolchain/bin/../lib/gcc/avr/5.4.0/avrxmega3\libgcc.a(_udivmodqi4.o)
 .bss           0x00000000        0x0 c:/program files (x86)/atmel/studio/7.0/toolchain/avr8/avr8-gnu-toolchain/bin/../lib/gcc/avr/5.4.0/avrxmega3\libgcc.a(_udivmodqi4.o)
 .text.libgcc.mul
                0x00000000        0x0 c:/program files (x86)/atmel/studio/7.0/toolchain/avr8/avr8-gnu-toolchain/bin/../lib/gcc/avr/5.4.0/avrxmega3\libgcc.a(_udivmodqi4.o)
 .text.libgcc   0x00000000        0x0 c:/program files (x86)/atmel/studio/7.0/toolchain/avr8/avr8-gnu-toolchain/bin/../lib/gcc/avr/5.4.0/avrxmega3\libgcc.a(_udivmodqi4.o)
 .text.libgcc.prologue
                0x00000000        0x0 c:/program files (x86)/atmel/studio/7.0/toolchain/avr8/avr8-gnu-toolchain/bin/../lib/gcc/avr/5.4.0/avrxmega3\libgcc.a(_udivmodqi4.o)
 .text.libgcc.builtins
                0x00000000        0x0 c:/program files (x86)/atmel/studio/7.0/toolchain/avr8/avr8-gnu-toolchain/bin/../lib/gcc/avr/5.4.0/avrxmega3\libgcc.a(_udivmodqi4.o)
 .text.libgcc.fmul
                0x00000000        0x0 c:/program files (x86)/atmel/studio/7.0/toolchain/avr8/avr8-gnu-toolchain/bin/../lib/gcc/avr/5.4.0/avrxmega3\libgcc.a(_udivmodqi4.o)
 .text.libgcc.fixed
                0x00000000        0x0 c:/program files (x86)/atmel/studio/7.0/toolchain/avr8/avr8-gnu-toolchain/bin/../lib/gcc/avr/5.4.0/avrxmega3\libgcc.a(_udivmodqi4.o)
 .text          0x00000000        0x0 c:/program files (x86)/atmel/studio/7.0/toolchain/avr8/avr8-gnu-toolchain/bin/../lib/gcc/avr/5.4.0/avrxmega3\libgcc.a(_udivmodhi4.o)
 .data          0x00000000        0x0 c:/program files (x86)/atmel/studio/7.0/toolchain/avr8/avr8-gnu-toolchain/bin/../lib/gcc/avr/5.4.0/avrxmega3\libgcc.a(_udivmodhi4.o)
 .bss           0x00000000        0x0 c:/program files (x86)/atmel/studio/7.0/toolchain/avr8/avr8-gnu-toolchain/bin/../lib/gcc/avr/5.4.0/avrxmega3\libgcc.a(_udivmodhi4.o)
 .text.libgcc.mul
                0x00000000        0x0 c:/program files (x86)/atmel/studio/7.0/toolchain/avr8/avr8-gnu-toolchain/bin/../lib/gcc/avr/5.4.0/avrxmega3\libgcc.a(_udivmodhi4.o)
 .text.libgcc   0x00000000        0x0 c:/program files (x86)/atmel/studio/7.0/toolchain/avr8/avr8-gnu-toolchain/bin/../lib/gcc/avr/5.4.0/avrxmega3\libgcc.a(_udivmodhi4.o)
 .text.libgcc.prologue
                0x00000000        0x0 c:/program files (x86)/atmel/studio/7.0/toolchain/avr8/avr8-gnu-toolchain/bin/../lib/gcc/avr/5.4.0/avrxmega3\libgcc.a(_udivmodhi4.o)
 .text.libgcc.builtins
                0x00000000        0x0 c:/program files (x86)/atmel/studio/7.0/toolchain/avr8/avr8-gnu-toolchain/bin/../lib/gcc/avr/5.4.0/avrxmega3\libgcc.a(_udivmodhi4.o)
 .text.libgcc.fmul
                0x00000000        0x0 c:/program files (x86)/atmel/studio/7.0/toolchain/avr8/avr8-gnu-toolchain/bin/../lib/gcc/avr/5.4.0/avrxmega3\libgcc.a(_udivmodhi4.o)
 .text.libgcc.fixed
                0x00000000        0x0 c:/program files (x86)/atmel/studio/7.0/toolchain/avr8/avr8-gnu-toolchain/bin/../lib/gcc/avr/5.4.0/avrxmega3\libgcc.a(_udivmodhi4.o)
 .text          0x00000000        0x0 c:/program files (x86)/atmel/studio/7.0/toolchain/avr8/avr8-gnu-toolchain/bin/../lib/gcc/avr/5.4.0/avrxmega3\libgcc.a(_udivmodsi4.o)
 .data          0x00000000        0x0 c:/program files (x86)/atmel/studio/7.0/toolchain/avr8/avr8-gnu-toolchain/bin/../lib/gcc/avr/5.4.0/avrxmega3\libgcc.a(_udivmodsi4.o)
 .bss           0x00000000        0x0 c:/program files (x86)/atmel/studio/7.0/toolchain/avr8/avr8-gnu-toolchain/bin/../lib/gcc/avr/5.4.0/avrxmega3\libgcc.a(_udivmodsi4.o)
 .text.libgcc.mul
                0x00000000        0x0 c:/program files (x86)/atmel/studio/7.0/toolchain/avr8/avr8-gnu-toolchain/bin/../lib/gcc/avr/5.4.0/avrxmega3\libgcc.a(_udivmodsi4.o)
 .text.libgcc   0x00000000        0x0 c:/program files (x86)/atmel/studio/7.0/toolchain/avr8/avr8-gnu-toolchain/bin/../lib/gcc/avr/5.4.0/avrxmega3\libgcc.a(_udivmodsi4.o)
 .text.libgcc.prologue
                0x00000000        0x0 c:/program files (x86)/atmel/studio/7.0/toolchain/avr8/avr8-gnu-toolchain/bin/../lib/gcc/avr/5.4.0/avrxmega3\libgcc.a(_udivmodsi4.o)
 .text.libgcc.builtins
                0x00000000        0x0 c:/program files (x86)/atmel/studio/7.0/toolchain/avr8/avr8-gnu-toolchain/bin/../lib/gcc/avr/5.4.0/avrxmega3\libgcc.a(_udivmodsi4.o)
 .text.libgcc.fmul
                0x00000000        0x0 c:/program files (x86)/atmel/studio/7.0/toolchain/avr8/avr8-gnu-toolchain/bin/../lib/gcc/avr/5.4.0/avrxmega3\libgcc.a(_udivmodsi4.o)
 .text.libgcc.fixed
                0x00000000        0x0 c:/program files (x86)/atmel/studio/7.0/toolchain/avr8/avr8-gnu-toolchain/bin/../lib/gcc/avr/5.4.0/avrxmega3\libgcc.a(_udivmodsi4.o)
 .text          0x00000000        0x0 c:/program files (x86)/atmel/studio/7.0/toolchain/avr8/avr8-gnu-toolchain/bin/../lib/gcc/avr/5.4.0/avrxmega3\libgcc.a(_exit.o)
 .data          0x00000000        0x0 c:/program files (x86)/atmel/studio/7.0/toolchain/avr8/avr8-gnu-toolchain/bin/../lib/gcc/avr/5.4.0/avrxmega3\libgcc.a(_exit.o)
 .bss           0x00000000        0x0 c:/program files (x86)/atmel/studio/7.0/toolchain/avr8/avr8-gnu-toolchain/bin/../lib/gcc/avr/5.4.0/avrxmega3\libgcc.a(_exit.o)
 .text.libgcc.mul
                0x00000000        0x0 c:/program files (x86)/atmel/studio/7.0/toolchain/avr8/avr8-gnu-toolchain/bin/../lib/gcc/avr/5.4.0/avrxmega3\libgcc.a(_exit.o)
 .text.libgcc.div
                0x00000000        0x0 c:/program files (x86)/atmel/studio/7.0/toolchain/avr8/avr8-gnu-toolchain/bin/../lib/gcc/avr/5.4.0/avrxmega3\libgcc.a(_exit.o)
 .text.libgcc   0x00000000        0x0 c:/program files (x86)/atmel/studio/7.0/toolchain/avr8/avr8-gnu-toolchain/bin/../lib/gcc/avr/5.4.0/avrxmega3\libgcc.a(_exit.o)
 .text.libgcc.prologue
                0x00000000        0x0 c:/program files (x86)/atmel/studio/7.0/toolchain/avr8/avr8-gnu-toolchain/bin/../lib/gcc/avr/5.4.0/avrxmega3\libgcc.a(_exit.o)
 .text.libgcc.builtins
                0x00000000        0x0 c:/program files (x86)/atmel/studio/7.0/toolchain/avr8/avr8-gnu-toolchain/bin/../lib/gcc/avr/5.4.0/avrxmega3\libgcc.a(_exit.o)
 .text.libgcc.fmul
                0x00000000        0x0 c:/program files (x86)/atmel/studio/7.0/toolchain/avr8/avr8-gnu-toolchain/bin/../lib/gcc/avr/5.4.0/avrxmega3\libgcc.a(_exit.o)
 .text.libgcc.fixed
                0x00000000        0x0 c:/program files (x86)/atmel/studio/7.0/toolchain/avr8/avr8-gnu-toolchain/bin/../lib/gcc/avr/5.4.0/avrxmega3\libgcc.a(_exit.o)
 .text          0x00000000        0x0 c:/program files (x86)/atmel/studio/7.0/toolchain/avr8/avr8-gnu-toolchain/bin/../lib/gcc/avr/5.4.0/avrxmega3\libgcc.a(_copy_data.o)
 .data          0x00000000        0x0 c:/program files (x86)/atmel/studio/7.0/toolchain/avr8/avr8-gnu-toolchain/bin/../lib/gcc/avr/5.4.0/avrxmega3\libgcc.a(_copy_data.o)
 .bss           0x00000000        0x0 c:/program files (x86)/atmel/studio/7.0/toolchain/avr8/avr8-gnu-toolchain/bin/../lib/gcc/avr/5.4.0/avrxmega3\libgcc.a(_copy_data.o)
 .text.libgcc.mul
                0x00000000        0x0 c:/program files (x86)/atmel/studio/7.0/toolchain/avr8/avr8-gnu-toolchain/bin/../lib/gcc/avr/5.4.0/avrxmega3\libgcc.a(_copy_data.o)
 .text.libgcc.div
                0x00000000        0x0 c:/program files (x86)/atmel/studio/7.0/toolchain/avr8/avr8-gnu-toolchain/bin/../lib/gcc/avr/5.4.0/avrxmega3\libgcc.a(_copy_data.o)
 .text.libgcc   0x00000000        0x0 c:/program files (x86)/atmel/studio/7.0/toolchain/avr8/avr8-gnu-toolchain/bin/../lib/gcc/avr/5.4.0/avrxmega3\libgcc.a(_copy_data.o)
 .text.libgcc.prologue
                0x00000000        0x0 c:/program files (x86)/atmel/studio/7.0/toolchain/avr8/avr8-gnu-toolchain/bin/../lib/gcc/avr/5.4.0/avrxmega3\libgcc.a(_copy_data.o)
 .text.libgcc.builtins
                0x00000000        0x0 c:/program files (x86)/atmel/studio/7.0/toolchain/avr8/avr8-gnu-toolchain/bin/../lib/gcc/avr/5.4.0/avrxmega3\libgcc.a(_copy_data.o)
 .text.libgcc.fmul
                0x00000000        0x0 c:/program files (x86)/atmel/studio/7.0/toolchain/avr8/avr8-gnu-toolchain/bin/../lib/gcc/avr/5.4.0/avrxmega3\libgcc.a(_copy_data.o)
 .text.libgcc.fixed
                0x00000000        0x0 c:/program files (x86)/atmel/studio/7.0/toolchain/avr8/avr8-gnu-toolchain/bin/../lib/gcc/avr/5.4.0/avrxmega3\libgcc.a(_copy_data.o)
 .text          0x00000000        0x0 c:/program files (x86)/atmel/studio/7.0/toolchain/avr8/avr8-gnu-toolchain/bin/../lib/gcc/avr/5.4.0/avrxmega3\libgcc.a(_clear_bss.o)
 .data          0x00000000        0x0 c:/program files (x86)/atmel/studio/7.0/toolchain/avr8/avr8-gnu-toolchain/bin/../lib/gcc/avr/5.4.0/avrxmega3\libgcc.a(_clear_bss.o)
 .bss           0x00000000        0x0 c:/program files (x86)/atmel/studio/7.0/toolchain/avr8/avr8-gnu-toolchain/bin/../lib/gcc/avr/5.4.0/avrxmega3\libgcc.a(_clear_bss.o)
 .text.libgcc.mul
                0x00000000        0x0 c:/program files (x86)/atmel/studio/7.0/toolchain/avr8/avr8-gnu-toolchain/bin/../lib/gcc/avr/5.4.0/avrxmega3\libgcc.a(_clear_bss.o)
 .text.libgcc.div
                0x00000000        0x0 c:/program files (x86)/atmel/studio/7.0/toolchain/avr8/avr8-gnu-toolchain/bin/../lib/gcc/avr/5.4.0/avrxmega3\libgcc.a(_clear_bss.o)
 .text.libgcc   0x00000000        0x0 c:/program files (x86)/atmel/studio/7.0/toolchain/avr8/avr8-gnu-toolchain/bin/../lib/gcc/avr/5.4.0/avrxmega3\libgcc.a(_clear_bss.o)
 .text.libgcc.prologue
                0x00000000        0x0 c:/program files (x86)/atmel/studio/7.0/toolchain/avr8/avr8-gnu-toolchain/bin/../lib/gcc/avr/5.4.0/avrxmega3\libgcc.a(_clear_bss.o)
 .text.libgcc.builtins
                0x00000000        0x0 c:/program files (x86)/atmel/studio/7.0/toolchain/avr8/avr8-gnu-toolchain/bin/../lib/gcc/avr/5.4.0/avrxmega3\libgcc.a(_clear_bss.o)
 .text.libgcc.fmul
                0x00000000        0x0 c:/program files (x86)/atmel/studio/7.0/toolchain/avr8/avr8-gnu-toolchain/bin/../lib/gcc/avr/5.4.0/avrxmega3\libgcc.a(_clear_bss.o)
 .text.libgcc.fixed
                0x00000000        0x0 c:/program files (x86)/atmel/studio/7.0/toolchain/avr8/avr8-gnu-toolchain/bin/../lib/gcc/avr/5.4.0/avrxmega3\libgcc.a(_clear_bss.o)

Memory Configuration

Name             Origin             Length             Attributes
text             0x00000000         0x00100000         xr
data             0x00802000         0x0000ffa0         rw !x
eeprom           0x00810000         0x00010000         rw !x
fuse             0x00820000         0x00000009         rw !x
lock             0x00830000         0x00000400         rw !x
signature        0x00840000         0x00000400         rw !x
user_signatures  0x00850000         0x00000400         rw !x
*default*        0x00000000         0xffffffff

Linker script and memory map

Address of section .data set to 0x803800
                0x00008000                __RODATA_PM_OFFSET__ = 0x8000
LOAD C:/Program Files (x86)/Atmel/Studio/7.0/Packs/atmel/ATtiny_DFP/1.3.229/gcc/dev/attiny1617/avrxmega3/crtattiny1617.o
LOAD Lib/I2C.o
LOAD Lib/main_def.o
LOAD Lib/maze.o
LOAD Lib/resources.o
LOAD Lib/simon.o
LOAD Lib/text_adv.o
LOAD main.o
START GROUP
LOAD c:/program files (x86)/atmel/studio/7.0/toolchain/avr8/avr8-gnu-toolchain/bin/../lib/gcc/avr/5.4.0/../../../../avr/lib/avrxmega3\libm.a
END GROUP
START GROUP
LOAD c:/program files (x86)/atmel/studio/7.0/toolchain/avr8/avr8-gnu-toolchain/bin/../lib/gcc/avr/5.4.0/avrxmega3\libgcc.a
LOAD c:/program files (x86)/atmel/studio/7.0/toolchain/avr8/avr8-gnu-toolchain/bin/../lib/gcc/avr/5.4.0/../../../../avr/lib/avrxmega3\libm.a
LOAD c:/program files (x86)/atmel/studio/7.0/toolchain/avr8/avr8-gnu-toolchain/bin/../lib/gcc/avr/5.4.0/../../../../avr/lib/avrxmega3\libc.a
LOAD C:/Program Files (x86)/Atmel/Studio/7.0/Packs/atmel/ATtiny_DFP/1.3.229/gcc/dev/attiny1617/avrxmega3\libattiny1617.a
END GROUP
                0x00000000                __TEXT_REGION_ORIGIN__ = DEFINED (__TEXT_REGION_ORIGIN__)?__TEXT_REGION_ORIGIN__:0x0
                0x00802000                __DATA_REGION_ORIGIN__ = DEFINED (__DATA_REGION_ORIGIN__)?__DATA_REGION_ORIGIN__:0x802000
                0x00100000                __TEXT_REGION_LENGTH__ = DEFINED (__TEXT_REGION_LENGTH__)?__TEXT_REGION_LENGTH__:0x100000
                0x0000ffa0                __DATA_REGION_LENGTH__ = DEFINED (__DATA_REGION_LENGTH__)?__DATA_REGION_LENGTH__:0xffa0
                0x00010000                __EEPROM_REGION_LENGTH__ = DEFINED (__EEPROM_REGION_LENGTH__)?__EEPROM_REGION_LENGTH__:0x10000
                [0x00000009]                __FUSE_REGION_LENGTH__ = DEFINED (__FUSE_REGION_LENGTH__)?__FUSE_REGION_LENGTH__:0x400
                0x00000400                __LOCK_REGION_LENGTH__ = DEFINED (__LOCK_REGION_LENGTH__)?__LOCK_REGION_LENGTH__:0x400
                0x00000400                __SIGNATURE_REGION_LENGTH__ = DEFINED (__SIGNATURE_REGION_LENGTH__)?__SIGNATURE_REGION_LENGTH__:0x400
                0x00000400                __USER_SIGNATURE_REGION_LENGTH__ = DEFINED (__USER_SIGNATURE_REGION_LENGTH__)?__USER_SIGNATURE_REGION_LENGTH__:0x400
                0x00008000                __RODATA_PM_OFFSET__ = DEFINED (__RODATA_PM_OFFSET__)?__RODATA_PM_OFFSET__:0x8000

.hash
 *(.hash)

.dynsym
 *(.dynsym)

.dynstr
 *(.dynstr)

.gnu.version
 *(.gnu.version)

.gnu.version_d
 *(.gnu.version_d)

.gnu.version_r
 *(.gnu.version_r)

.rel.init
 *(.rel.init)

.rela.init
 *(.rela.init)

.rel.text
 *(.rel.text)
 *(.rel.text.*)
 *(.rel.gnu.linkonce.t*)

.rela.text
 *(.rela.text)
 *(.rela.text.*)
 *(.rela.gnu.linkonce.t*)

.rel.fini
 *(.rel.fini)

.rela.fini
 *(.rela.fini)

.rel.rodata
 *(.rel.rodata)
 *(.rel.rodata.*)
 *(.rel.gnu.linkonce.r*)

.rela.rodata
 *(.rela.rodata)
 *(.rela.rodata.*)
 *(.rela.gnu.linkonce.r*)

.rel.data
 *(.rel.data)
 *(.rel.data.*)
 *(.rel.gnu.linkonce.d*)

.rela.data
 *(.rela.data)
 *(.rela.data.*)
 *(.rela.gnu.linkonce.d*)

.rel.ctors
 *(.rel.ctors)

.rela.ctors
 *(.rela.ctors)

.rel.dtors
 *(.rel.dtors)

.rela.dtors
 *(.rela.dtors)

.rel.got
 *(.rel.got)

.rela.got
 *(.rela.got)

.rel.bss
 *(.rel.bss)

.rela.bss
 *(.rela.bss)

.rel.plt
 *(.rel.plt)

.rela.plt
 *(.rela.plt)

.text           0x00000000     0x3010
 *(.vectors)
 .vectors       0x00000000       0x7c C:/Program Files (x86)/Atmel/Studio/7.0/Packs/atmel/ATtiny_DFP/1.3.229/gcc/dev/attiny1617/avrxmega3/crtattiny1617.o
                0x00000000                __vector_default
                0x00000000                __vectors
 *(.vectors)
 *(.progmem.gcc*)
                0x0000007c                . = ALIGN (0x2)
                0x0000007c                __trampolines_start = .
 *(.trampolines)
 .trampolines   0x0000007c        0x0 linker stubs
 *(.trampolines*)
                0x0000007c                __trampolines_end = .
 *libprintf_flt.a:*(.progmem.data)
 *libc.a:*(.progmem.data)
 *(.progmem*)
                0x0000007c                . = ALIGN (0x2)
 *(.jumptables)
 *(.jumptables*)
 *(.lowtext)
 *(.lowtext*)
                0x0000007c                __ctors_start = .
 *(.ctors)
                0x0000007c                __ctors_end = .
                0x0000007c                __dtors_start = .
 *(.dtors)
                0x0000007c                __dtors_end = .
 SORT(*)(.ctors)
 SORT(*)(.dtors)
 *(.init0)
 .init0         0x0000007c        0x0 C:/Program Files (x86)/Atmel/Studio/7.0/Packs/atmel/ATtiny_DFP/1.3.229/gcc/dev/attiny1617/avrxmega3/crtattiny1617.o
                0x0000007c                __init
 *(.init0)
 *(.init1)
 *(.init1)
 *(.init2)
 .init2         0x0000007c        0xc C:/Program Files (x86)/Atmel/Studio/7.0/Packs/atmel/ATtiny_DFP/1.3.229/gcc/dev/attiny1617/avrxmega3/crtattiny1617.o
 *(.init2)
 *(.init3)
 *(.init3)
 *(.init4)
 .init4         0x00000088       0x16 c:/program files (x86)/atmel/studio/7.0/toolchain/avr8/avr8-gnu-toolchain/bin/../lib/gcc/avr/5.4.0/avrxmega3\libgcc.a(_copy_data.o)
                0x00000088                __do_copy_data
 .init4         0x0000009e       0x10 c:/program files (x86)/atmel/studio/7.0/toolchain/avr8/avr8-gnu-toolchain/bin/../lib/gcc/avr/5.4.0/avrxmega3\libgcc.a(_clear_bss.o)
                0x0000009e                __do_clear_bss
 *(.init4)
 *(.init5)
 *(.init5)
 *(.init6)
 *(.init6)
 *(.init7)
 *(.init7)
 *(.init8)
 *(.init8)
 *(.init9)
 .init9         0x000000ae        0x8 C:/Program Files (x86)/Atmel/Studio/7.0/Packs/atmel/ATtiny_DFP/1.3.229/gcc/dev/attiny1617/avrxmega3/crtattiny1617.o
 *(.init9)
 *(.text)
 .text          0x000000b6        0x2 C:/Program Files (x86)/Atmel/Studio/7.0/Packs/atmel/ATtiny_DFP/1.3.229/gcc/dev/attiny1617/avrxmega3/crtattiny1617.o
                0x000000b6                __vector_1
                0x000000b6                __vector_24
                0x000000b6                __vector_12
                0x000000b6                __bad_interrupt
                0x000000b6                __vector_3
                0x000000b6                __vector_23
                0x000000b6                __vector_30
                0x000000b6                __vector_25
                0x000000b6                __vector_11
                0x000000b6                __vector_17
                0x000000b6                __vector_19
                0x000000b6                __vector_5
                0x000000b6                __vector_4
                0x000000b6                __vector_9
                0x000000b6                __vector_2
                0x000000b6                __vector_21
                0x000000b6                __vector_15
                0x000000b6                __vector_29
                0x000000b6                __vector_26
                0x000000b6                __vector_10
                0x000000b6                __vector_16
                0x000000b6                __vector_18
                0x000000b8                . = ALIGN (0x2)
 *(.text.*)
 .text.I2C_init
                0x000000b8       0x3c Lib/I2C.o
                0x000000b8                I2C_init
 .text.I2C_recover
                0x000000f4       0x7c Lib/I2C.o
                0x000000f4                I2C_recover
 .text.I2C_start
                0x00000170       0x22 Lib/I2C.o
                0x00000170                I2C_start
 .text.I2C_wait_ACK
                0x00000192       0x4e Lib/I2C.o
                0x00000192                I2C_wait_ACK
 .text.I2C_read
                0x000001e0       0x82 Lib/I2C.o
                0x000001e0                I2C_read
 .text.I2C_write
                0x00000262       0x46 Lib/I2C.o
                0x00000262                I2C_write
 .text.I2C_stop
                0x000002a8        0xc Lib/I2C.o
                0x000002a8                I2C_stop
 .text.I2C_read_bytes
                0x000002b4       0x8a Lib/I2C.o
                0x000002b4                I2C_read_bytes
 .text.MagnetMaze
                0x0000033e      0x27e Lib/maze.o
                0x0000033e                MagnetMaze
 .text.Setup    0x000005bc      0x200 Lib/resources.o
                0x000005bc                Setup
 .text.__vector_8
                0x000007bc       0xa2 Lib/resources.o
                0x000007bc                __vector_8
 .text.__vector_13
                0x0000085e       0x66 Lib/resources.o
                0x0000085e                __vector_13
 .text.__vector_14
                0x000008c4       0xa6 Lib/resources.o
                0x000008c4                __vector_14
 .text.__vector_27
                0x0000096a       0xb6 Lib/resources.o
                0x0000096a                __vector_27
 .text.__vector_28
                0x00000a20       0x38 Lib/resources.o
                0x00000a20                __vector_28
 .text.__vector_20
                0x00000a58       0x5c Lib/resources.o
                0x00000a58                __vector_20
 .text.__vector_22
                0x00000ab4       0x90 Lib/resources.o
                0x00000ab4                __vector_22
 .text.__vector_6
                0x00000b44       0x94 Lib/resources.o
                0x00000b44                __vector_6
 .text.__vector_7
                0x00000bd8       0x22 Lib/resources.o
                0x00000bd8                __vector_7
 .text.EERead   0x00000bfa       0x20 Lib/resources.o
                0x00000bfa                EERead
 .text.EEWrite  0x00000c1a       0x50 Lib/resources.o
                0x00000c1a                EEWrite
 .text.SerSend  0x00000c6a       0x22 Lib/resources.o
                0x00000c6a                SerSend
 .text.SerSpeed
                0x00000c8c       0x22 Lib/resources.o
                0x00000c8c                SerSpeed
 .text.CheckButtons
                0x00000cae       0xb8 Lib/resources.o
                0x00000cae                CheckButtons
 .text.lfsr     0x00000d66       0x3e Lib/resources.o
                0x00000d66                lfsr
 .text.floatSpeed
                0x00000da4       0x64 Lib/resources.o
                0x00000da4                floatSpeed
 .text.floatAround
                0x00000e08       0x4a Lib/resources.o
                0x00000e08                floatAround
 .text.SaveGameState
                0x00000e52       0xe6 Lib/resources.o
                0x00000e52                SaveGameState
 .text.ReadStatusBit
                0x00000f38       0x28 Lib/resources.o
                0x00000f38                ReadStatusBit
 .text.WriteStatusBit
                0x00000f60       0x34 Lib/resources.o
                0x00000f60                WriteStatusBit
 .text.UpdateState
                0x00000f94       0x10 Lib/resources.o
                0x00000f94                UpdateState
 .text.CheckState
                0x00000fa4       0x20 Lib/resources.o
                0x00000fa4                CheckState
 .text.getID    0x00000fc4       0x1c Lib/resources.o
                0x00000fc4                getID
 .text.Reset    0x00000fe0       0x52 Lib/resources.o
                0x00000fe0                Reset
 .text.GenerateAudio
                0x00001032       0xec Lib/resources.o
                0x00001032                GenerateAudio
 .text.BastetDictates
                0x0000111e        0x4 Lib/simon.o
                0x0000111e                BastetDictates
 .text.Cheat    0x00001122       0x78 Lib/text_adv.o
                0x00001122                Cheat
 .text.DecryptData
                0x0000119a       0x34 Lib/text_adv.o
                0x0000119a                DecryptData
 .text.UnflipData
                0x000011ce       0x1a Lib/text_adv.o
                0x000011ce                UnflipData
 .text.ExtEERead
                0x000011e8       0x64 Lib/text_adv.o
                0x000011e8                ExtEERead
 .text.ClearTxAfter
                0x0000124c       0x14 Lib/text_adv.o
                0x0000124c                ClearTxAfter
 .text.StartsWith
                0x00001260       0x34 Lib/text_adv.o
                0x00001260                StartsWith
 .text.PrepareSending
                0x00001294       0x70 Lib/text_adv.o
                0x00001294                PrepareSending
 .text.SetStandardResponse
                0x00001304       0xf8 Lib/text_adv.o
                0x00001304                SetStandardResponse
 .text.PopulateObject
                0x000013fc       0xee Lib/text_adv.o
                0x000013fc                PopulateObject
 .text.CheckLetter
                0x000014ea       0xa8 Lib/text_adv.o
                0x000014ea                CheckLetter
 .text.FindChild
                0x00001592       0xb4 Lib/text_adv.o
                0x00001592                FindChild
 .text.InpOkChk
                0x00001646       0x1c Lib/text_adv.o
                0x00001646                InpOkChk
 .text.CleanInput
                0x00001662       0x46 Lib/text_adv.o
                0x00001662                CleanInput
 .text.CheckSend
                0x000016a8       0xa8 Lib/text_adv.o
                0x000016a8                CheckSend
 .text.CheckResponse
                0x00001750       0x8e Lib/text_adv.o
                0x00001750                CheckResponse
 .text.CheckInput
                0x000017de      0x5d4 Lib/text_adv.o
                0x000017de                CheckInput
 .text.ProcessInput
                0x00001db2     0x105a Lib/text_adv.o
                0x00001db2                ProcessInput
 .text.TextAdventure
                0x00002e0c       0x3a Lib/text_adv.o
                0x00002e0c                TextAdventure
 .text.startup.main
                0x00002e46      0x142 main.o
                0x00002e46                main
 .text.libgcc.div
                0x00002f88       0x18 c:/program files (x86)/atmel/studio/7.0/toolchain/avr8/avr8-gnu-toolchain/bin/../lib/gcc/avr/5.4.0/avrxmega3\libgcc.a(_udivmodqi4.o)
                0x00002f88                __udivmodqi4
 .text.libgcc.div
                0x00002fa0       0x28 c:/program files (x86)/atmel/studio/7.0/toolchain/avr8/avr8-gnu-toolchain/bin/../lib/gcc/avr/5.4.0/avrxmega3\libgcc.a(_udivmodhi4.o)
                0x00002fa0                __udivmodhi4
 .text.libgcc.div
                0x00002fc8       0x44 c:/program files (x86)/atmel/studio/7.0/toolchain/avr8/avr8-gnu-toolchain/bin/../lib/gcc/avr/5.4.0/avrxmega3\libgcc.a(_udivmodsi4.o)
                0x00002fc8                __udivmodsi4
                0x0000300c                . = ALIGN (0x2)
 *(.fini9)
 .fini9         0x0000300c        0x0 c:/program files (x86)/atmel/studio/7.0/toolchain/avr8/avr8-gnu-toolchain/bin/../lib/gcc/avr/5.4.0/avrxmega3\libgcc.a(_exit.o)
                0x0000300c                _exit
                0x0000300c                exit
 *(.fini9)
 *(.fini8)
 *(.fini8)
 *(.fini7)
 *(.fini7)
 *(.fini6)
 *(.fini6)
 *(.fini5)
 *(.fini5)
 *(.fini4)
 *(.fini4)
 *(.fini3)
 *(.fini3)
 *(.fini2)
 *(.fini2)
 *(.fini1)
 *(.fini1)
 *(.fini0)
 .fini0         0x0000300c        0x4 c:/program files (x86)/atmel/studio/7.0/toolchain/avr8/avr8-gnu-toolchain/bin/../lib/gcc/avr/5.4.0/avrxmega3\libgcc.a(_exit.o)
 *(.fini0)
                0x00003010                _etext = .

.rodata         0x0000b010       0xc2 load address 0x00003010
 *(.rodata)
 .rodata        0x0000b010       0x10 Lib/text_adv.o
 *(.rodata*)
 .rodata.CAT    0x0000b020        0x1 Lib/main_def.o
                0x0000b020                CAT
 .rodata.RAT    0x0000b021        0x1 Lib/main_def.o
                0x0000b021                RAT
 .rodata.GEM    0x0000b022        0x2 Lib/main_def.o
                0x0000b022                GEM
 .rodata.WING   0x0000b024        0xa Lib/main_def.o
                0x0000b024                WING
 .rodata.EYE    0x0000b02e        0x4 Lib/main_def.o
                0x0000b02e                EYE
 .rodata.HCKR   0x0000b032        0xc Lib/main_def.o
                0x0000b032                HCKR
 .rodata.mazeCode
                0x0000b03e       0x12 Lib/maze.o
                0x0000b03e                mazeCode
 .rodata.str1.1
                0x0000b050       0x72 Lib/text_adv.o
 .rodata.xor_key
                0x0000b0c2       0x10 Lib/text_adv.o
                0x0000b0c2                xor_key
 *(.gnu.linkonce.r*)

.data           0x00803800       0x92 load address 0x000030d2
                0x00803800                PROVIDE (__data_start, .)
 *(.data)
 *(.data*)
 .data.auRepAddr
                0x00803800        0x2 Lib/main_def.o
                0x00803800                auRepAddr
 .data.auSmpAddr
                0x00803802        0x2 Lib/main_def.o
                0x00803802                auSmpAddr
 .data.buttonState
                0x00803804        0x1 Lib/main_def.o
                0x00803804                buttonState
 .data.serTxDone
                0x00803805        0x1 Lib/main_def.o
                0x00803805                serTxDone
 .data.mazeState
                0x00803806        0x1 Lib/maze.o
                0x00803806                mazeState
 .data.auBuffer.3926
                0x00803807       0x80 Lib/resources.o
 .data.state.3874
                0x00803887        0x2 Lib/resources.o
 .data.mask     0x00803889        0x8 Lib/resources.o
                0x00803889                mask
 .data.currDepth
                0x00803891        0x1 Lib/text_adv.o
 *(.gnu.linkonce.d*)
                0x00803892                . = ALIGN (0x2)
                0x00803892                _edata = .
                0x00803892                PROVIDE (__data_end, .)

.bss            0x00803892      0x2d3
                0x00803892                PROVIDE (__bss_start, .)
 *(.bss)
 *(.bss*)
 .bss.adc0Chg   0x00803892        0x1 Lib/main_def.o
                0x00803892                adc0Chg
 .bss.zero      0x00803893        0x1 Lib/main_def.o
                0x00803893                zero
 .bss.auStart   0x00803894        0x1 Lib/main_def.o
                0x00803894                auStart
 .bss.effect    0x00803895        0x2 Lib/main_def.o
                0x00803895                effect
 .bss.gameNow   0x00803897        0x1 Lib/main_def.o
                0x00803897                gameNow
 .bss.whoami    0x00803898        0x1 Lib/main_def.o
                0x00803898                whoami
 .bss.inventory
                0x00803899        0x4 Lib/main_def.o
                0x00803899                inventory
 .bss.buttonMark
                0x0080389d        0x1 Lib/main_def.o
                0x0080389d                buttonMark
 .bss.minuteMark
                0x0080389e        0x1 Lib/main_def.o
                0x0080389e                minuteMark
 .bss.serRxDone
                0x0080389f        0x1 Lib/main_def.o
                0x0080389f                serRxDone
 .bss.inverted  0x008038a0        0x1 Lib/maze.o
                0x008038a0                inverted
 .bss.mazeCnt   0x008038a1        0x1 Lib/maze.o
                0x008038a1                mazeCnt
 .bss.mazePos   0x008038a2        0x1 Lib/maze.o
                0x008038a2                mazePos
 .bss.newHallState
                0x008038a3        0x1 Lib/maze.o
                0x008038a3                newHallState
 .bss.curHallState
                0x008038a4        0x1 Lib/maze.o
                0x008038a4                curHallState
 .bss.serInput.4019
                0x008038a5       0x41 Lib/text_adv.o
 .bss.actObj2.3990
                0x008038e6       0x2b Lib/text_adv.o
 .bss.actObj1.3989
                0x00803911       0x2b Lib/text_adv.o
 .bss.number.3936
                0x0080393c        0x1 Lib/text_adv.o
 .bss.txPart.3932
                0x0080393d        0x1 Lib/text_adv.o
 .bss.specialPassed
                0x0080393e        0x1 Lib/text_adv.o
 .bss.specialInput
                0x0080393f       0x10 Lib/text_adv.o
 .bss.responseList
                0x0080394f        0x1 Lib/text_adv.o
 .bss.reactStr  0x00803950       0xc0 Lib/text_adv.o
 .bss.route     0x00803a10       0x40 Lib/text_adv.o
 .bss.currObj   0x00803a50       0x2b Lib/text_adv.o
 .bss.txTypeNow
                0x00803a7b        0x1 Lib/text_adv.o
                0x00803a7b                txTypeNow
 .bss.txAddrNow
                0x00803a7c        0x1 Lib/text_adv.o
                0x00803a7c                txAddrNow
 .bss.txStrLen  0x00803a7d        0x8 Lib/text_adv.o
                0x00803a7d                txStrLen
 .bss.txAddrList
                0x00803a85       0x10 Lib/text_adv.o
                0x00803a85                txAddrList
 *(COMMON)
 COMMON         0x00803a95       0xad Lib/main_def.o
                0x00803a95                timeout_I2C
                0x00803a96                gameState
                0x00803aaa                serRx
                0x00803aeb                auVolume
                0x00803aec                adcBtns
                0x00803aee                serTxAddr
                0x00803af0                adcHall
                0x00803af2                adcPhot
                0x00803af4                detHdPh
                0x00803af5                calTemp
                0x00803af6                auIn
                0x00803b16                iLED
                0x00803b3e                auPlayDone
                0x00803b3f                calHall
                0x00803b41                adcTemp
 COMMON         0x00803b42        0x2 Lib/resources.o
                0x00803b42                tmp16bit
 COMMON         0x00803b44       0x21 Lib/text_adv.o
                0x00803b44                txBuffer
                0x00803b65                PROVIDE (__bss_end, .)
                0x000030d2                __data_load_start = LOADADDR (.data)
                0x00003164                __data_load_end = (__data_load_start + SIZEOF (.data))

.noinit         0x00803b65        0x0
                [!provide]                PROVIDE (__noinit_start, .)
 *(.noinit*)
                [!provide]                PROVIDE (__noinit_end, .)
                0x00803b65                _end = .
                [!provide]                PROVIDE (__heap_start, .)

.eeprom         0x00810000        0x0
 *(.eeprom*)
                0x00810000                __eeprom_end = .

.fuse
 *(.fuse)
 *(.lfuse)
 *(.hfuse)
 *(.efuse)

.lock
 *(.lock*)

.signature
 *(.signature*)

.user_signatures
 *(.user_signatures*)

.stab
 *(.stab)

.stabstr
 *(.stabstr)

.stab.excl
 *(.stab.excl)

.stab.exclstr
 *(.stab.exclstr)

.stab.index
 *(.stab.index)

.stab.indexstr
 *(.stab.indexstr)

.comment        0x00000000       0x30
 *(.comment)
 .comment       0x00000000       0x30 Lib/I2C.o
                                 0x31 (size before relaxing)
 .comment       0x00000030       0x31 Lib/main_def.o
 .comment       0x00000030       0x31 Lib/maze.o
 .comment       0x00000030       0x31 Lib/resources.o
 .comment       0x00000030       0x31 Lib/simon.o
 .comment       0x00000030       0x31 Lib/text_adv.o
 .comment       0x00000030       0x31 main.o

.note.gnu.avr.deviceinfo
                0x00000000       0x40
 .note.gnu.avr.deviceinfo
                0x00000000       0x40 C:/Program Files (x86)/Atmel/Studio/7.0/Packs/atmel/ATtiny_DFP/1.3.229/gcc/dev/attiny1617/avrxmega3/crtattiny1617.o

.note.gnu.build-id
 *(.note.gnu.build-id)

.debug
 *(.debug)

.line
 *(.line)

.debug_srcinfo
 *(.debug_srcinfo)

.debug_sfnames
 *(.debug_sfnames)

.debug_aranges  0x00000000      0x288
 *(.debug_aranges)
 .debug_aranges
                0x00000000       0x68 Lib/I2C.o
 .debug_aranges
                0x00000068       0x18 Lib/main_def.o
 .debug_aranges
                0x00000080       0x20 Lib/maze.o
 .debug_aranges
                0x000000a0       0xf8 Lib/resources.o
 .debug_aranges
                0x00000198       0x20 Lib/simon.o
 .debug_aranges
                0x000001b8       0xb0 Lib/text_adv.o
 .debug_aranges
                0x00000268       0x20 main.o

.debug_pubnames
 *(.debug_pubnames)

.debug_info     0x00000000     0x5d6b
 *(.debug_info .gnu.linkonce.wi.*)
 .debug_info    0x00000000     0x19ed C:/Program Files (x86)/Atmel/Studio/7.0/Packs/atmel/ATtiny_DFP/1.3.229/gcc/dev/attiny1617/avrxmega3/crtattiny1617.o
 .debug_info    0x000019ed      0x6c3 Lib/I2C.o
 .debug_info    0x000020b0      0x41a Lib/main_def.o
 .debug_info    0x000024ca      0x2c1 Lib/maze.o
 .debug_info    0x0000278b      0xbd3 Lib/resources.o
 .debug_info    0x0000335e       0x8d Lib/simon.o
 .debug_info    0x000033eb     0x2698 Lib/text_adv.o
 .debug_info    0x00005a83      0x2e8 main.o

.debug_abbrev   0x00000000     0x24b3
 *(.debug_abbrev)
 .debug_abbrev  0x00000000     0x1888 C:/Program Files (x86)/Atmel/Studio/7.0/Packs/atmel/ATtiny_DFP/1.3.229/gcc/dev/attiny1617/avrxmega3/crtattiny1617.o
 .debug_abbrev  0x00001888      0x25e Lib/I2C.o
 .debug_abbrev  0x00001ae6       0x96 Lib/main_def.o
 .debug_abbrev  0x00001b7c      0x11d Lib/maze.o
 .debug_abbrev  0x00001c99      0x35c Lib/resources.o
 .debug_abbrev  0x00001ff5       0x51 Lib/simon.o
 .debug_abbrev  0x00002046      0x362 Lib/text_adv.o
 .debug_abbrev  0x000023a8      0x10b main.o

.debug_line     0x00000000     0x2d55
 *(.debug_line .debug_line.* .debug_line_end)
 .debug_line    0x00000000      0x151 C:/Program Files (x86)/Atmel/Studio/7.0/Packs/atmel/ATtiny_DFP/1.3.229/gcc/dev/attiny1617/avrxmega3/crtattiny1617.o
 .debug_line    0x00000151      0x526 Lib/I2C.o
 .debug_line    0x00000677      0x106 Lib/main_def.o
 .debug_line    0x0000077d      0x2d9 Lib/maze.o
 .debug_line    0x00000a56      0xb00 Lib/resources.o
 .debug_line    0x00001556       0xa7 Lib/simon.o
 .debug_line    0x000015fd     0x1513 Lib/text_adv.o
 .debug_line    0x00002b10      0x245 main.o

.debug_frame    0x00000000      0x808
 *(.debug_frame)
 .debug_frame   0x00000000       0xf8 Lib/I2C.o
 .debug_frame   0x000000f8       0x30 Lib/maze.o
 .debug_frame   0x00000128      0x380 Lib/resources.o
 .debug_frame   0x000004a8       0x24 Lib/simon.o
 .debug_frame   0x000004cc      0x318 Lib/text_adv.o
 .debug_frame   0x000007e4       0x24 main.o

.debug_str      0x00000000     0x17fb
 *(.debug_str)
 .debug_str     0x00000000      0xacf C:/Program Files (x86)/Atmel/Studio/7.0/Packs/atmel/ATtiny_DFP/1.3.229/gcc/dev/attiny1617/avrxmega3/crtattiny1617.o
 .debug_str     0x00000acf      0x48f Lib/I2C.o
                                0x4c9 (size before relaxing)
 .debug_str     0x00000f5e      0x136 Lib/main_def.o
                                0x2df (size before relaxing)
 .debug_str     0x00001094       0x81 Lib/maze.o
                                0x26a (size before relaxing)
 .debug_str     0x00001115      0x336 Lib/resources.o
                                0x611 (size before relaxing)
 .debug_str     0x0000144b       0x21 Lib/simon.o
                                0x1be (size before relaxing)
 .debug_str     0x0000146c      0x37e Lib/text_adv.o
                                0x617 (size before relaxing)
 .debug_str     0x000017ea       0x11 main.o
                                0x253 (size before relaxing)

.debug_loc      0x00000000     0x3f57
 *(.debug_loc)
 .debug_loc     0x00000000      0x4ed Lib/I2C.o
 .debug_loc     0x000004ed       0x8f Lib/maze.o
 .debug_loc     0x0000057c      0xcfb Lib/resources.o
 .debug_loc     0x00001277     0x2cb8 Lib/text_adv.o
 .debug_loc     0x00003f2f       0x28 main.o

.debug_macinfo
 *(.debug_macinfo)

.debug_weaknames
 *(.debug_weaknames)

.debug_funcnames
 *(.debug_funcnames)

.debug_typenames
 *(.debug_typenames)

.debug_varnames
 *(.debug_varnames)

.debug_pubtypes
 *(.debug_pubtypes)

.debug_ranges   0x00000000      0x330
 *(.debug_ranges)
 .debug_ranges  0x00000000       0x58 Lib/I2C.o
 .debug_ranges  0x00000058       0x10 Lib/maze.o
 .debug_ranges  0x00000068      0x100 Lib/resources.o
 .debug_ranges  0x00000168       0x10 Lib/simon.o
 .debug_ranges  0x00000178      0x190 Lib/text_adv.o
 .debug_ranges  0x00000308       0x28 main.o

.debug_macro
 *(.debug_macro)
OUTPUT(ISR_IO.elf elf32-avr)
LOAD linker stubs
