Archive member included to satisfy reference by file (symbol)

c:/program files (x86)/atmel/studio/7.0/toolchain/avr8/avr8-gnu-toolchain/bin/../lib/gcc/avr/5.4.0/avrxmega3\libgcc.a(_udivmodqi4.o)
                              Lib/resources.o (__udivmodqi4)
c:/program files (x86)/atmel/studio/7.0/toolchain/avr8/avr8-gnu-toolchain/bin/../lib/gcc/avr/5.4.0/avrxmega3\libgcc.a(_udivmodhi4.o)
                              Lib/resources.o (__udivmodhi4)
c:/program files (x86)/atmel/studio/7.0/toolchain/avr8/avr8-gnu-toolchain/bin/../lib/gcc/avr/5.4.0/avrxmega3\libgcc.a(_udivmodsi4.o)
                              Lib/text_adv.o (__udivmodsi4)
c:/program files (x86)/atmel/studio/7.0/toolchain/avr8/avr8-gnu-toolchain/bin/../lib/gcc/avr/5.4.0/avrxmega3\libgcc.a(_exit.o)
                              C:/Program Files (x86)/Atmel/Studio/7.0/Packs/atmel/ATtiny_DFP/1.3.229/gcc/dev/attiny1617/avrxmega3/crtattiny1617.o (exit)
c:/program files (x86)/atmel/studio/7.0/toolchain/avr8/avr8-gnu-toolchain/bin/../lib/gcc/avr/5.4.0/avrxmega3\libgcc.a(_copy_data.o)
                              Lib/lanyard.o (__do_copy_data)
c:/program files (x86)/atmel/studio/7.0/toolchain/avr8/avr8-gnu-toolchain/bin/../lib/gcc/avr/5.4.0/avrxmega3\libgcc.a(_clear_bss.o)
                              Lib/friends.o (__do_clear_bss)

Allocating common symbols
Common symbol       size              file

timeout_I2C         0x1               Lib/main_def.o
gameState           0x14              Lib/main_def.o
serRx               0x41              Lib/main_def.o
auVolume            0x1               Lib/main_def.o
adcBtns             0x2               Lib/main_def.o
serTxAddr           0x2               Lib/main_def.o
adcHall             0x2               Lib/main_def.o
adcPhot             0x2               Lib/main_def.o
txBuffer            0x21              Lib/text_adv.o
detHdPh             0x1               Lib/main_def.o
calTemp             0x2               Lib/main_def.o
auIn                0x20              Lib/main_def.o
iLED                0x28              Lib/main_def.o
auPlayDone          0x1               Lib/main_def.o
tmp16bit            0x2               Lib/resources.o
calHall             0x2               Lib/main_def.o
adcTemp             0x2               Lib/main_def.o

Discarded input sections

 .data          0x00000000        0x0 C:/Program Files (x86)/Atmel/Studio/7.0/Packs/atmel/ATtiny_DFP/1.3.229/gcc/dev/attiny1617/avrxmega3/crtattiny1617.o
 .bss           0x00000000        0x0 C:/Program Files (x86)/Atmel/Studio/7.0/Packs/atmel/ATtiny_DFP/1.3.229/gcc/dev/attiny1617/avrxmega3/crtattiny1617.o
 .text          0x00000000        0x0 Lib/friends.o
 .data          0x00000000        0x0 Lib/friends.o
 .bss           0x00000000        0x0 Lib/friends.o
 COMMON         0x00000000        0x0 Lib/friends.o
 .text          0x00000000        0x0 Lib/I2C.o
 .data          0x00000000        0x0 Lib/I2C.o
 .bss           0x00000000        0x0 Lib/I2C.o
 .text.I2C_recover
                0x00000000       0x7c Lib/I2C.o
 .text.I2C_start
                0x00000000       0x22 Lib/I2C.o
 .text.I2C_wait_ACK
                0x00000000       0x4e Lib/I2C.o
 .text.I2C_rep_start
                0x00000000        0x6 Lib/I2C.o
 .text.I2C_read
                0x00000000       0x82 Lib/I2C.o
 .text.I2C_write
                0x00000000       0x46 Lib/I2C.o
 .text.I2C_stop
                0x00000000        0xc Lib/I2C.o
 .text.I2C_read_bytes
                0x00000000       0x9a Lib/I2C.o
 .text.I2C_write_bytes
                0x00000000       0x7e Lib/I2C.o
 .text          0x00000000        0x0 Lib/lanyard.o
 .data          0x00000000        0x0 Lib/lanyard.o
 .bss           0x00000000        0x0 Lib/lanyard.o
 .text          0x00000000        0x0 Lib/main_def.o
 .data          0x00000000        0x0 Lib/main_def.o
 .bss           0x00000000        0x0 Lib/main_def.o
 .rodata.QSINE  0x00000000       0x20 Lib/main_def.o
 .bss.auStart   0x00000000        0x1 Lib/main_def.o
 .bss.whoami    0x00000000        0x1 Lib/main_def.o
 .bss.inventory
                0x00000000        0x4 Lib/main_def.o
 .text          0x00000000        0x0 Lib/maze.o
 .data          0x00000000        0x0 Lib/maze.o
 .bss           0x00000000        0x0 Lib/maze.o
 .text          0x00000000        0x0 Lib/resources.o
 .data          0x00000000        0x0 Lib/resources.o
 .bss           0x00000000        0x0 Lib/resources.o
 .text.EERead   0x00000000       0x20 Lib/resources.o
 .text.EEWrite  0x00000000       0x50 Lib/resources.o
 .text.SerSend  0x00000000       0x22 Lib/resources.o
 .text.SelectTSens
                0x00000000       0x1e Lib/resources.o
 .text.SelectAuIn
                0x00000000       0x1e Lib/resources.o
 .text.SaveGameState
                0x00000000       0xee Lib/resources.o
 .text.getID    0x00000000       0x1c Lib/resources.o
 .text.Reset    0x00000000       0x54 Lib/resources.o
 .text          0x00000000        0x0 Lib/simon.o
 .data          0x00000000        0x0 Lib/simon.o
 .bss           0x00000000        0x0 Lib/simon.o
 .text          0x00000000        0x0 Lib/text_adv.o
 .data          0x00000000        0x0 Lib/text_adv.o
 .bss           0x00000000        0x0 Lib/text_adv.o
 .rodata        0x00000000       0x10 Lib/text_adv.o
 .text.Cheat    0x00000000       0x7c Lib/text_adv.o
 .text.DecryptData
                0x00000000       0x34 Lib/text_adv.o
 .text.UnflipData
                0x00000000       0x1a Lib/text_adv.o
 .text.ExtEERead
                0x00000000       0x68 Lib/text_adv.o
 .text.ClearTxAfter
                0x00000000       0x14 Lib/text_adv.o
 .text.StartsWith
                0x00000000       0x34 Lib/text_adv.o
 .text.PrepareSending
                0x00000000       0x72 Lib/text_adv.o
 .text.SetResponse
                0x00000000       0x30 Lib/text_adv.o
 .text.SetStandardResponse
                0x00000000       0xf8 Lib/text_adv.o
 .text.PopulateObject
                0x00000000       0xf2 Lib/text_adv.o
 .text.CheckLetter
                0x00000000       0xac Lib/text_adv.o
 .text.FindChild
                0x00000000       0xbe Lib/text_adv.o
 .text.InpOkChk
                0x00000000       0x1c Lib/text_adv.o
 .text.CleanInput
                0x00000000       0x48 Lib/text_adv.o
 .text.CheckSend
                0x00000000       0xac Lib/text_adv.o
 .text.CheckResponse
                0x00000000       0x90 Lib/text_adv.o
 .rodata.str1.1
                0x00000000       0x72 Lib/text_adv.o
 .text.CheckInput
                0x00000000      0x5fe Lib/text_adv.o
 .text.ProcessInput
                0x00000000     0x10c6 Lib/text_adv.o
 .text.TextAdventure
                0x00000000       0x3a Lib/text_adv.o
 .bss.serInput.4022
                0x00000000       0x41 Lib/text_adv.o
 .bss.actObj2.3993
                0x00000000       0x2b Lib/text_adv.o
 .bss.actObj1.3992
                0x00000000       0x2b Lib/text_adv.o
 .bss.number.3939
                0x00000000        0x1 Lib/text_adv.o
 .bss.txPart.3935
                0x00000000        0x1 Lib/text_adv.o
 .bss.specialPassed
                0x00000000        0x1 Lib/text_adv.o
 .bss.specialInput
                0x00000000       0x10 Lib/text_adv.o
 .bss.responseList
                0x00000000        0x1 Lib/text_adv.o
 .bss.reactStr  0x00000000       0xc0 Lib/text_adv.o
 .bss.route     0x00000000       0x40 Lib/text_adv.o
 .data.currDepth
                0x00000000        0x1 Lib/text_adv.o
 .bss.currObj   0x00000000       0x2b Lib/text_adv.o
 .bss.txTypeNow
                0x00000000        0x1 Lib/text_adv.o
 .bss.sendPrompt
                0x00000000        0x1 Lib/text_adv.o
 .bss.txAddrNow
                0x00000000        0x1 Lib/text_adv.o
 .bss.txStrLen  0x00000000        0x8 Lib/text_adv.o
 .bss.txAddrList
                0x00000000       0x10 Lib/text_adv.o
 .rodata.xor_key
                0x00000000       0x10 Lib/text_adv.o
 .debug_info    0x00000000     0x26f9 Lib/text_adv.o
 .debug_abbrev  0x00000000      0x353 Lib/text_adv.o
 .debug_loc     0x00000000     0x2d27 Lib/text_adv.o
 .debug_aranges
                0x00000000       0xb0 Lib/text_adv.o
 .debug_ranges  0x00000000      0x190 Lib/text_adv.o
 .debug_line    0x00000000     0x1537 Lib/text_adv.o
 .debug_str     0x00000000      0x620 Lib/text_adv.o
 .comment       0x00000000       0x31 Lib/text_adv.o
 .debug_frame   0x00000000      0x318 Lib/text_adv.o
 COMMON         0x00000000       0x21 Lib/text_adv.o
 .text          0x00000000        0x0 main.o
 .data          0x00000000        0x0 main.o
 .bss           0x00000000        0x0 main.o
 .text          0x00000000        0x0 c:/program files (x86)/atmel/studio/7.0/toolchain/avr8/avr8-gnu-toolchain/bin/../lib/gcc/avr/5.4.0/avrxmega3\libgcc.a(_udivmodqi4.o)
 .data          0x00000000        0x0 c:/program files (x86)/atmel/studio/7.0/toolchain/avr8/avr8-gnu-toolchain/bin/../lib/gcc/avr/5.4.0/avrxmega3\libgcc.a(_udivmodqi4.o)
 .bss           0x00000000        0x0 c:/program files (x86)/atmel/studio/7.0/toolchain/avr8/avr8-gnu-toolchain/bin/../lib/gcc/avr/5.4.0/avrxmega3\libgcc.a(_udivmodqi4.o)
 .text.libgcc.mul
                0x00000000        0x0 c:/program files (x86)/atmel/studio/7.0/toolchain/avr8/avr8-gnu-toolchain/bin/../lib/gcc/avr/5.4.0/avrxmega3\libgcc.a(_udivmodqi4.o)
 .text.libgcc   0x00000000        0x0 c:/program files (x86)/atmel/studio/7.0/toolchain/avr8/avr8-gnu-toolchain/bin/../lib/gcc/avr/5.4.0/avrxmega3\libgcc.a(_udivmodqi4.o)
 .text.libgcc.prologue
                0x00000000        0x0 c:/program files (x86)/atmel/studio/7.0/toolchain/avr8/avr8-gnu-toolchain/bin/../lib/gcc/avr/5.4.0/avrxmega3\libgcc.a(_udivmodqi4.o)
 .text.libgcc.builtins
                0x00000000        0x0 c:/program files (x86)/atmel/studio/7.0/toolchain/avr8/avr8-gnu-toolchain/bin/../lib/gcc/avr/5.4.0/avrxmega3\libgcc.a(_udivmodqi4.o)
 .text.libgcc.fmul
                0x00000000        0x0 c:/program files (x86)/atmel/studio/7.0/toolchain/avr8/avr8-gnu-toolchain/bin/../lib/gcc/avr/5.4.0/avrxmega3\libgcc.a(_udivmodqi4.o)
 .text.libgcc.fixed
                0x00000000        0x0 c:/program files (x86)/atmel/studio/7.0/toolchain/avr8/avr8-gnu-toolchain/bin/../lib/gcc/avr/5.4.0/avrxmega3\libgcc.a(_udivmodqi4.o)
 .text          0x00000000        0x0 c:/program files (x86)/atmel/studio/7.0/toolchain/avr8/avr8-gnu-toolchain/bin/../lib/gcc/avr/5.4.0/avrxmega3\libgcc.a(_udivmodhi4.o)
 .data          0x00000000        0x0 c:/program files (x86)/atmel/studio/7.0/toolchain/avr8/avr8-gnu-toolchain/bin/../lib/gcc/avr/5.4.0/avrxmega3\libgcc.a(_udivmodhi4.o)
 .bss           0x00000000        0x0 c:/program files (x86)/atmel/studio/7.0/toolchain/avr8/avr8-gnu-toolchain/bin/../lib/gcc/avr/5.4.0/avrxmega3\libgcc.a(_udivmodhi4.o)
 .text.libgcc.mul
                0x00000000        0x0 c:/program files (x86)/atmel/studio/7.0/toolchain/avr8/avr8-gnu-toolchain/bin/../lib/gcc/avr/5.4.0/avrxmega3\libgcc.a(_udivmodhi4.o)
 .text.libgcc   0x00000000        0x0 c:/program files (x86)/atmel/studio/7.0/toolchain/avr8/avr8-gnu-toolchain/bin/../lib/gcc/avr/5.4.0/avrxmega3\libgcc.a(_udivmodhi4.o)
 .text.libgcc.prologue
                0x00000000        0x0 c:/program files (x86)/atmel/studio/7.0/toolchain/avr8/avr8-gnu-toolchain/bin/../lib/gcc/avr/5.4.0/avrxmega3\libgcc.a(_udivmodhi4.o)
 .text.libgcc.builtins
                0x00000000        0x0 c:/program files (x86)/atmel/studio/7.0/toolchain/avr8/avr8-gnu-toolchain/bin/../lib/gcc/avr/5.4.0/avrxmega3\libgcc.a(_udivmodhi4.o)
 .text.libgcc.fmul
                0x00000000        0x0 c:/program files (x86)/atmel/studio/7.0/toolchain/avr8/avr8-gnu-toolchain/bin/../lib/gcc/avr/5.4.0/avrxmega3\libgcc.a(_udivmodhi4.o)
 .text.libgcc.fixed
                0x00000000        0x0 c:/program files (x86)/atmel/studio/7.0/toolchain/avr8/avr8-gnu-toolchain/bin/../lib/gcc/avr/5.4.0/avrxmega3\libgcc.a(_udivmodhi4.o)
 .text          0x00000000        0x0 c:/program files (x86)/atmel/studio/7.0/toolchain/avr8/avr8-gnu-toolchain/bin/../lib/gcc/avr/5.4.0/avrxmega3\libgcc.a(_udivmodsi4.o)
 .data          0x00000000        0x0 c:/program files (x86)/atmel/studio/7.0/toolchain/avr8/avr8-gnu-toolchain/bin/../lib/gcc/avr/5.4.0/avrxmega3\libgcc.a(_udivmodsi4.o)
 .bss           0x00000000        0x0 c:/program files (x86)/atmel/studio/7.0/toolchain/avr8/avr8-gnu-toolchain/bin/../lib/gcc/avr/5.4.0/avrxmega3\libgcc.a(_udivmodsi4.o)
 .text.libgcc.mul
                0x00000000        0x0 c:/program files (x86)/atmel/studio/7.0/toolchain/avr8/avr8-gnu-toolchain/bin/../lib/gcc/avr/5.4.0/avrxmega3\libgcc.a(_udivmodsi4.o)
 .text.libgcc.div
                0x00000000       0x44 c:/program files (x86)/atmel/studio/7.0/toolchain/avr8/avr8-gnu-toolchain/bin/../lib/gcc/avr/5.4.0/avrxmega3\libgcc.a(_udivmodsi4.o)
 .text.libgcc   0x00000000        0x0 c:/program files (x86)/atmel/studio/7.0/toolchain/avr8/avr8-gnu-toolchain/bin/../lib/gcc/avr/5.4.0/avrxmega3\libgcc.a(_udivmodsi4.o)
 .text.libgcc.prologue
                0x00000000        0x0 c:/program files (x86)/atmel/studio/7.0/toolchain/avr8/avr8-gnu-toolchain/bin/../lib/gcc/avr/5.4.0/avrxmega3\libgcc.a(_udivmodsi4.o)
 .text.libgcc.builtins
                0x00000000        0x0 c:/program files (x86)/atmel/studio/7.0/toolchain/avr8/avr8-gnu-toolchain/bin/../lib/gcc/avr/5.4.0/avrxmega3\libgcc.a(_udivmodsi4.o)
 .text.libgcc.fmul
                0x00000000        0x0 c:/program files (x86)/atmel/studio/7.0/toolchain/avr8/avr8-gnu-toolchain/bin/../lib/gcc/avr/5.4.0/avrxmega3\libgcc.a(_udivmodsi4.o)
 .text.libgcc.fixed
                0x00000000        0x0 c:/program files (x86)/atmel/studio/7.0/toolchain/avr8/avr8-gnu-toolchain/bin/../lib/gcc/avr/5.4.0/avrxmega3\libgcc.a(_udivmodsi4.o)
 .text          0x00000000        0x0 c:/program files (x86)/atmel/studio/7.0/toolchain/avr8/avr8-gnu-toolchain/bin/../lib/gcc/avr/5.4.0/avrxmega3\libgcc.a(_exit.o)
 .data          0x00000000        0x0 c:/program files (x86)/atmel/studio/7.0/toolchain/avr8/avr8-gnu-toolchain/bin/../lib/gcc/avr/5.4.0/avrxmega3\libgcc.a(_exit.o)
 .bss           0x00000000        0x0 c:/program files (x86)/atmel/studio/7.0/toolchain/avr8/avr8-gnu-toolchain/bin/../lib/gcc/avr/5.4.0/avrxmega3\libgcc.a(_exit.o)
 .text.libgcc.mul
                0x00000000        0x0 c:/program files (x86)/atmel/studio/7.0/toolchain/avr8/avr8-gnu-toolchain/bin/../lib/gcc/avr/5.4.0/avrxmega3\libgcc.a(_exit.o)
 .text.libgcc.div
                0x00000000        0x0 c:/program files (x86)/atmel/studio/7.0/toolchain/avr8/avr8-gnu-toolchain/bin/../lib/gcc/avr/5.4.0/avrxmega3\libgcc.a(_exit.o)
 .text.libgcc   0x00000000        0x0 c:/program files (x86)/atmel/studio/7.0/toolchain/avr8/avr8-gnu-toolchain/bin/../lib/gcc/avr/5.4.0/avrxmega3\libgcc.a(_exit.o)
 .text.libgcc.prologue
                0x00000000        0x0 c:/program files (x86)/atmel/studio/7.0/toolchain/avr8/avr8-gnu-toolchain/bin/../lib/gcc/avr/5.4.0/avrxmega3\libgcc.a(_exit.o)
 .text.libgcc.builtins
                0x00000000        0x0 c:/program files (x86)/atmel/studio/7.0/toolchain/avr8/avr8-gnu-toolchain/bin/../lib/gcc/avr/5.4.0/avrxmega3\libgcc.a(_exit.o)
 .text.libgcc.fmul
                0x00000000        0x0 c:/program files (x86)/atmel/studio/7.0/toolchain/avr8/avr8-gnu-toolchain/bin/../lib/gcc/avr/5.4.0/avrxmega3\libgcc.a(_exit.o)
 .text.libgcc.fixed
                0x00000000        0x0 c:/program files (x86)/atmel/studio/7.0/toolchain/avr8/avr8-gnu-toolchain/bin/../lib/gcc/avr/5.4.0/avrxmega3\libgcc.a(_exit.o)
 .text          0x00000000        0x0 c:/program files (x86)/atmel/studio/7.0/toolchain/avr8/avr8-gnu-toolchain/bin/../lib/gcc/avr/5.4.0/avrxmega3\libgcc.a(_copy_data.o)
 .data          0x00000000        0x0 c:/program files (x86)/atmel/studio/7.0/toolchain/avr8/avr8-gnu-toolchain/bin/../lib/gcc/avr/5.4.0/avrxmega3\libgcc.a(_copy_data.o)
 .bss           0x00000000        0x0 c:/program files (x86)/atmel/studio/7.0/toolchain/avr8/avr8-gnu-toolchain/bin/../lib/gcc/avr/5.4.0/avrxmega3\libgcc.a(_copy_data.o)
 .text.libgcc.mul
                0x00000000        0x0 c:/program files (x86)/atmel/studio/7.0/toolchain/avr8/avr8-gnu-toolchain/bin/../lib/gcc/avr/5.4.0/avrxmega3\libgcc.a(_copy_data.o)
 .text.libgcc.div
                0x00000000        0x0 c:/program files (x86)/atmel/studio/7.0/toolchain/avr8/avr8-gnu-toolchain/bin/../lib/gcc/avr/5.4.0/avrxmega3\libgcc.a(_copy_data.o)
 .text.libgcc   0x00000000        0x0 c:/program files (x86)/atmel/studio/7.0/toolchain/avr8/avr8-gnu-toolchain/bin/../lib/gcc/avr/5.4.0/avrxmega3\libgcc.a(_copy_data.o)
 .text.libgcc.prologue
                0x00000000        0x0 c:/program files (x86)/atmel/studio/7.0/toolchain/avr8/avr8-gnu-toolchain/bin/../lib/gcc/avr/5.4.0/avrxmega3\libgcc.a(_copy_data.o)
 .text.libgcc.builtins
                0x00000000        0x0 c:/program files (x86)/atmel/studio/7.0/toolchain/avr8/avr8-gnu-toolchain/bin/../lib/gcc/avr/5.4.0/avrxmega3\libgcc.a(_copy_data.o)
 .text.libgcc.fmul
                0x00000000        0x0 c:/program files (x86)/atmel/studio/7.0/toolchain/avr8/avr8-gnu-toolchain/bin/../lib/gcc/avr/5.4.0/avrxmega3\libgcc.a(_copy_data.o)
 .text.libgcc.fixed
                0x00000000        0x0 c:/program files (x86)/atmel/studio/7.0/toolchain/avr8/avr8-gnu-toolchain/bin/../lib/gcc/avr/5.4.0/avrxmega3\libgcc.a(_copy_data.o)
 .text          0x00000000        0x0 c:/program files (x86)/atmel/studio/7.0/toolchain/avr8/avr8-gnu-toolchain/bin/../lib/gcc/avr/5.4.0/avrxmega3\libgcc.a(_clear_bss.o)
 .data          0x00000000        0x0 c:/program files (x86)/atmel/studio/7.0/toolchain/avr8/avr8-gnu-toolchain/bin/../lib/gcc/avr/5.4.0/avrxmega3\libgcc.a(_clear_bss.o)
 .bss           0x00000000        0x0 c:/program files (x86)/atmel/studio/7.0/toolchain/avr8/avr8-gnu-toolchain/bin/../lib/gcc/avr/5.4.0/avrxmega3\libgcc.a(_clear_bss.o)
 .text.libgcc.mul
                0x00000000        0x0 c:/program files (x86)/atmel/studio/7.0/toolchain/avr8/avr8-gnu-toolchain/bin/../lib/gcc/avr/5.4.0/avrxmega3\libgcc.a(_clear_bss.o)
 .text.libgcc.div
                0x00000000        0x0 c:/program files (x86)/atmel/studio/7.0/toolchain/avr8/avr8-gnu-toolchain/bin/../lib/gcc/avr/5.4.0/avrxmega3\libgcc.a(_clear_bss.o)
 .text.libgcc   0x00000000        0x0 c:/program files (x86)/atmel/studio/7.0/toolchain/avr8/avr8-gnu-toolchain/bin/../lib/gcc/avr/5.4.0/avrxmega3\libgcc.a(_clear_bss.o)
 .text.libgcc.prologue
                0x00000000        0x0 c:/program files (x86)/atmel/studio/7.0/toolchain/avr8/avr8-gnu-toolchain/bin/../lib/gcc/avr/5.4.0/avrxmega3\libgcc.a(_clear_bss.o)
 .text.libgcc.builtins
                0x00000000        0x0 c:/program files (x86)/atmel/studio/7.0/toolchain/avr8/avr8-gnu-toolchain/bin/../lib/gcc/avr/5.4.0/avrxmega3\libgcc.a(_clear_bss.o)
 .text.libgcc.fmul
                0x00000000        0x0 c:/program files (x86)/atmel/studio/7.0/toolchain/avr8/avr8-gnu-toolchain/bin/../lib/gcc/avr/5.4.0/avrxmega3\libgcc.a(_clear_bss.o)
 .text.libgcc.fixed
                0x00000000        0x0 c:/program files (x86)/atmel/studio/7.0/toolchain/avr8/avr8-gnu-toolchain/bin/../lib/gcc/avr/5.4.0/avrxmega3\libgcc.a(_clear_bss.o)

Memory Configuration

Name             Origin             Length             Attributes
text             0x00000000         0x00100000         xr
data             0x00802000         0x0000ffa0         rw !x
eeprom           0x00810000         0x00010000         rw !x
fuse             0x00820000         0x00000009         rw !x
lock             0x00830000         0x00000400         rw !x
signature        0x00840000         0x00000400         rw !x
user_signatures  0x00850000         0x00000400         rw !x
*default*        0x00000000         0xffffffff

Linker script and memory map

Address of section .data set to 0x803800
                0x00008000                __RODATA_PM_OFFSET__ = 0x8000
LOAD C:/Program Files (x86)/Atmel/Studio/7.0/Packs/atmel/ATtiny_DFP/1.3.229/gcc/dev/attiny1617/avrxmega3/crtattiny1617.o
LOAD Lib/friends.o
LOAD Lib/I2C.o
LOAD Lib/lanyard.o
LOAD Lib/main_def.o
LOAD Lib/maze.o
LOAD Lib/resources.o
LOAD Lib/simon.o
LOAD Lib/text_adv.o
LOAD main.o
START GROUP
LOAD c:/program files (x86)/atmel/studio/7.0/toolchain/avr8/avr8-gnu-toolchain/bin/../lib/gcc/avr/5.4.0/../../../../avr/lib/avrxmega3\libm.a
END GROUP
START GROUP
LOAD c:/program files (x86)/atmel/studio/7.0/toolchain/avr8/avr8-gnu-toolchain/bin/../lib/gcc/avr/5.4.0/avrxmega3\libgcc.a
LOAD c:/program files (x86)/atmel/studio/7.0/toolchain/avr8/avr8-gnu-toolchain/bin/../lib/gcc/avr/5.4.0/../../../../avr/lib/avrxmega3\libm.a
LOAD c:/program files (x86)/atmel/studio/7.0/toolchain/avr8/avr8-gnu-toolchain/bin/../lib/gcc/avr/5.4.0/../../../../avr/lib/avrxmega3\libc.a
LOAD C:/Program Files (x86)/Atmel/Studio/7.0/Packs/atmel/ATtiny_DFP/1.3.229/gcc/dev/attiny1617/avrxmega3\libattiny1617.a
END GROUP
                0x00000000                __TEXT_REGION_ORIGIN__ = DEFINED (__TEXT_REGION_ORIGIN__)?__TEXT_REGION_ORIGIN__:0x0
                0x00802000                __DATA_REGION_ORIGIN__ = DEFINED (__DATA_REGION_ORIGIN__)?__DATA_REGION_ORIGIN__:0x802000
                0x00100000                __TEXT_REGION_LENGTH__ = DEFINED (__TEXT_REGION_LENGTH__)?__TEXT_REGION_LENGTH__:0x100000
                0x0000ffa0                __DATA_REGION_LENGTH__ = DEFINED (__DATA_REGION_LENGTH__)?__DATA_REGION_LENGTH__:0xffa0
                0x00010000                __EEPROM_REGION_LENGTH__ = DEFINED (__EEPROM_REGION_LENGTH__)?__EEPROM_REGION_LENGTH__:0x10000
                [0x00000009]                __FUSE_REGION_LENGTH__ = DEFINED (__FUSE_REGION_LENGTH__)?__FUSE_REGION_LENGTH__:0x400
                0x00000400                __LOCK_REGION_LENGTH__ = DEFINED (__LOCK_REGION_LENGTH__)?__LOCK_REGION_LENGTH__:0x400
                0x00000400                __SIGNATURE_REGION_LENGTH__ = DEFINED (__SIGNATURE_REGION_LENGTH__)?__SIGNATURE_REGION_LENGTH__:0x400
                0x00000400                __USER_SIGNATURE_REGION_LENGTH__ = DEFINED (__USER_SIGNATURE_REGION_LENGTH__)?__USER_SIGNATURE_REGION_LENGTH__:0x400
                0x00008000                __RODATA_PM_OFFSET__ = DEFINED (__RODATA_PM_OFFSET__)?__RODATA_PM_OFFSET__:0x8000

.hash
 *(.hash)

.dynsym
 *(.dynsym)

.dynstr
 *(.dynstr)

.gnu.version
 *(.gnu.version)

.gnu.version_d
 *(.gnu.version_d)

.gnu.version_r
 *(.gnu.version_r)

.rel.init
 *(.rel.init)

.rela.init
 *(.rela.init)

.rel.text
 *(.rel.text)
 *(.rel.text.*)
 *(.rel.gnu.linkonce.t*)

.rela.text
 *(.rela.text)
 *(.rela.text.*)
 *(.rela.gnu.linkonce.t*)

.rel.fini
 *(.rel.fini)

.rela.fini
 *(.rela.fini)

.rel.rodata
 *(.rel.rodata)
 *(.rel.rodata.*)
 *(.rel.gnu.linkonce.r*)

.rela.rodata
 *(.rela.rodata)
 *(.rela.rodata.*)
 *(.rela.gnu.linkonce.r*)

.rel.data
 *(.rel.data)
 *(.rel.data.*)
 *(.rel.gnu.linkonce.d*)

.rela.data
 *(.rela.data)
 *(.rela.data.*)
 *(.rela.gnu.linkonce.d*)

.rel.ctors
 *(.rel.ctors)

.rela.ctors
 *(.rela.ctors)

.rel.dtors
 *(.rel.dtors)

.rela.dtors
 *(.rela.dtors)

.rel.got
 *(.rel.got)

.rela.got
 *(.rela.got)

.rel.bss
 *(.rel.bss)

.rela.bss
 *(.rela.bss)

.rel.plt
 *(.rel.plt)

.rela.plt
 *(.rela.plt)

.text           0x00000000     0x11ae
 *(.vectors)
 .vectors       0x00000000       0x7c C:/Program Files (x86)/Atmel/Studio/7.0/Packs/atmel/ATtiny_DFP/1.3.229/gcc/dev/attiny1617/avrxmega3/crtattiny1617.o
                0x00000000                __vector_default
                0x00000000                __vectors
 *(.vectors)
 *(.progmem.gcc*)
                0x0000007c                . = ALIGN (0x2)
                0x0000007c                __trampolines_start = .
 *(.trampolines)
 .trampolines   0x0000007c        0x0 linker stubs
 *(.trampolines*)
                0x0000007c                __trampolines_end = .
 *libprintf_flt.a:*(.progmem.data)
 *libc.a:*(.progmem.data)
 *(.progmem*)
                0x0000007c                . = ALIGN (0x2)
 *(.jumptables)
 *(.jumptables*)
 *(.lowtext)
 *(.lowtext*)
                0x0000007c                __ctors_start = .
 *(.ctors)
                0x0000007c                __ctors_end = .
                0x0000007c                __dtors_start = .
 *(.dtors)
                0x0000007c                __dtors_end = .
 SORT(*)(.ctors)
 SORT(*)(.dtors)
 *(.init0)
 .init0         0x0000007c        0x0 C:/Program Files (x86)/Atmel/Studio/7.0/Packs/atmel/ATtiny_DFP/1.3.229/gcc/dev/attiny1617/avrxmega3/crtattiny1617.o
                0x0000007c                __init
 *(.init0)
 *(.init1)
 *(.init1)
 *(.init2)
 .init2         0x0000007c        0xc C:/Program Files (x86)/Atmel/Studio/7.0/Packs/atmel/ATtiny_DFP/1.3.229/gcc/dev/attiny1617/avrxmega3/crtattiny1617.o
 *(.init2)
 *(.init3)
 *(.init3)
 *(.init4)
 .init4         0x00000088       0x16 c:/program files (x86)/atmel/studio/7.0/toolchain/avr8/avr8-gnu-toolchain/bin/../lib/gcc/avr/5.4.0/avrxmega3\libgcc.a(_copy_data.o)
                0x00000088                __do_copy_data
 .init4         0x0000009e       0x10 c:/program files (x86)/atmel/studio/7.0/toolchain/avr8/avr8-gnu-toolchain/bin/../lib/gcc/avr/5.4.0/avrxmega3\libgcc.a(_clear_bss.o)
                0x0000009e                __do_clear_bss
 *(.init4)
 *(.init5)
 *(.init5)
 *(.init6)
 *(.init6)
 *(.init7)
 *(.init7)
 *(.init8)
 *(.init8)
 *(.init9)
 .init9         0x000000ae        0x6 C:/Program Files (x86)/Atmel/Studio/7.0/Packs/atmel/ATtiny_DFP/1.3.229/gcc/dev/attiny1617/avrxmega3/crtattiny1617.o
 *(.init9)
 *(.text)
 .text          0x000000b4        0x2 C:/Program Files (x86)/Atmel/Studio/7.0/Packs/atmel/ATtiny_DFP/1.3.229/gcc/dev/attiny1617/avrxmega3/crtattiny1617.o
                0x000000b4                __vector_1
                0x000000b4                __vector_24
                0x000000b4                __vector_12
                0x000000b4                __bad_interrupt
                0x000000b4                __vector_3
                0x000000b4                __vector_23
                0x000000b4                __vector_30
                0x000000b4                __vector_25
                0x000000b4                __vector_11
                0x000000b4                __vector_17
                0x000000b4                __vector_19
                0x000000b4                __vector_5
                0x000000b4                __vector_4
                0x000000b4                __vector_9
                0x000000b4                __vector_2
                0x000000b4                __vector_21
                0x000000b4                __vector_15
                0x000000b4                __vector_29
                0x000000b4                __vector_26
                0x000000b4                __vector_10
                0x000000b4                __vector_16
                0x000000b4                __vector_18
                0x000000b6                . = ALIGN (0x2)
 *(.text.*)
 .text.MakeFriends
                0x000000b6        0x4 Lib/friends.o
                0x000000b6                MakeFriends
 .text.I2C_init
                0x000000ba       0x3c Lib/I2C.o
                0x000000ba                I2C_init
 .text.LanyardCode
                0x000000f6      0x1f0 Lib/lanyard.o
                0x000000f6                LanyardCode
 .text.MagnetMaze
                0x000002e6      0x290 Lib/maze.o
                0x000002e6                MagnetMaze
 .text.Setup    0x00000576      0x1fe Lib/resources.o
                0x00000576                Setup
 .text.__vector_8
                0x00000774       0xa2 Lib/resources.o
                0x00000774                __vector_8
 .text.__vector_13
                0x00000816       0x66 Lib/resources.o
                0x00000816                __vector_13
 .text.__vector_14
                0x0000087c       0xa6 Lib/resources.o
                0x0000087c                __vector_14
 .text.__vector_27
                0x00000922       0xb6 Lib/resources.o
                0x00000922                __vector_27
 .text.__vector_28
                0x000009d8       0x38 Lib/resources.o
                0x000009d8                __vector_28
 .text.__vector_20
                0x00000a10       0x66 Lib/resources.o
                0x00000a10                __vector_20
 .text.__vector_22
                0x00000a76       0x90 Lib/resources.o
                0x00000a76                __vector_22
 .text.__vector_6
                0x00000b06       0x92 Lib/resources.o
                0x00000b06                __vector_6
 .text.__vector_7
                0x00000b98       0x22 Lib/resources.o
                0x00000b98                __vector_7
 .text.SerSpeed
                0x00000bba       0x22 Lib/resources.o
                0x00000bba                SerSpeed
 .text.CheckButtons
                0x00000bdc       0xb8 Lib/resources.o
                0x00000bdc                CheckButtons
 .text.lfsr     0x00000c94       0x3e Lib/resources.o
                0x00000c94                lfsr
 .text.floatSpeed
                0x00000cd2       0x64 Lib/resources.o
                0x00000cd2                floatSpeed
 .text.floatAround
                0x00000d36       0x4a Lib/resources.o
                0x00000d36                floatAround
 .text.ReadStatusBit
                0x00000d80       0x28 Lib/resources.o
                0x00000d80                ReadStatusBit
 .text.WriteStatusBit
                0x00000da8       0x34 Lib/resources.o
                0x00000da8                WriteStatusBit
 .text.UpdateState
                0x00000ddc       0x14 Lib/resources.o
                0x00000ddc                UpdateState
 .text.CheckState
                0x00000df0       0x20 Lib/resources.o
                0x00000df0                CheckState
 .text.HotSummer
                0x00000e10       0xca Lib/resources.o
                0x00000e10                HotSummer
 .text.GenerateAudio
                0x00000eda      0x182 Lib/resources.o
                0x00000eda                GenerateAudio
 .text.BastetDictates
                0x0000105c        0x4 Lib/simon.o
                0x0000105c                BastetDictates
 .text.startup.main
                0x00001060      0x10a main.o
                0x00001060                main
 .text.libgcc.div
                0x0000116a       0x18 c:/program files (x86)/atmel/studio/7.0/toolchain/avr8/avr8-gnu-toolchain/bin/../lib/gcc/avr/5.4.0/avrxmega3\libgcc.a(_udivmodqi4.o)
                0x0000116a                __udivmodqi4
 .text.libgcc.div
                0x00001182       0x28 c:/program files (x86)/atmel/studio/7.0/toolchain/avr8/avr8-gnu-toolchain/bin/../lib/gcc/avr/5.4.0/avrxmega3\libgcc.a(_udivmodhi4.o)
                0x00001182                __udivmodhi4
                0x000011aa                . = ALIGN (0x2)
 *(.fini9)
 .fini9         0x000011aa        0x0 c:/program files (x86)/atmel/studio/7.0/toolchain/avr8/avr8-gnu-toolchain/bin/../lib/gcc/avr/5.4.0/avrxmega3\libgcc.a(_exit.o)
                0x000011aa                _exit
                0x000011aa                exit
 *(.fini9)
 *(.fini8)
 *(.fini8)
 *(.fini7)
 *(.fini7)
 *(.fini6)
 *(.fini6)
 *(.fini5)
 *(.fini5)
 *(.fini4)
 *(.fini4)
 *(.fini3)
 *(.fini3)
 *(.fini2)
 *(.fini2)
 *(.fini1)
 *(.fini1)
 *(.fini0)
 .fini0         0x000011aa        0x4 c:/program files (x86)/atmel/studio/7.0/toolchain/avr8/avr8-gnu-toolchain/bin/../lib/gcc/avr/5.4.0/avrxmega3\libgcc.a(_exit.o)
 *(.fini0)
                0x000011ae                _etext = .

.rodata         0x000091ae       0x48 load address 0x000011ae
 *(.rodata)
 *(.rodata*)
 .rodata.lanyardCode
                0x000091ae       0x18 Lib/lanyard.o
                0x000091ae                lanyardCode
 .rodata.CAT    0x000091c6        0x1 Lib/main_def.o
                0x000091c6                CAT
 .rodata.BADGER
                0x000091c7        0x1 Lib/main_def.o
                0x000091c7                BADGER
 .rodata.SCARAB
                0x000091c8        0x2 Lib/main_def.o
                0x000091c8                SCARAB
 .rodata.WING   0x000091ca        0xa Lib/main_def.o
                0x000091ca                WING
 .rodata.EYE    0x000091d4        0x4 Lib/main_def.o
                0x000091d4                EYE
 .rodata.HCKR   0x000091d8        0xc Lib/main_def.o
                0x000091d8                HCKR
 .rodata.mazeCode
                0x000091e4       0x12 Lib/maze.o
                0x000091e4                mazeCode
 *(.gnu.linkonce.r*)

.data           0x00803800       0x26 load address 0x000011f6
                0x00803800                PROVIDE (__data_start, .)
 *(.data)
 *(.data*)
 .data.digit    0x00803800        0x1 Lib/lanyard.o
                0x00803800                digit
 .data.lastButtonState
                0x00803801        0x1 Lib/lanyard.o
                0x00803801                lastButtonState
 .data.lanyardState
                0x00803802        0x1 Lib/lanyard.o
                0x00803802                lanyardState
 .data.auRepAddr
                0x00803803        0x2 Lib/main_def.o
                0x00803803                auRepAddr
 .data.auSmpAddr
                0x00803805        0x2 Lib/main_def.o
                0x00803805                auSmpAddr
 .data.buttonState
                0x00803807        0x1 Lib/main_def.o
                0x00803807                buttonState
 .data.serTxDone
                0x00803808        0x1 Lib/main_def.o
                0x00803808                serTxDone
 .data.dimValue
                0x00803809        0x1 Lib/main_def.o
                0x00803809                dimValue
 .data.mazeState
                0x0080380a        0x1 Lib/maze.o
                0x0080380a                mazeState
 .data.auBuffer.3932
                0x0080380b       0x11 Lib/resources.o
 .data.state.3877
                0x0080381c        0x2 Lib/resources.o
 .data.mask     0x0080381e        0x8 Lib/resources.o
                0x0080381e                mask
 *(.gnu.linkonce.d*)
                0x00803826                . = ALIGN (0x2)
                0x00803826                _edata = .
                0x00803826                PROVIDE (__data_end, .)

.bss            0x00803826       0xcb
                0x00803826                PROVIDE (__bss_start, .)
 *(.bss)
 *(.bss*)
 .bss.lanyardCnt
                0x00803826        0x1 Lib/lanyard.o
                0x00803826                lanyardCnt
 .bss.lanyardPos
                0x00803827        0x1 Lib/lanyard.o
                0x00803827                lanyardPos
 .bss.adc0Chg   0x00803828        0x1 Lib/main_def.o
                0x00803828                adc0Chg
 .bss.zero      0x00803829        0x1 Lib/main_def.o
                0x00803829                zero
 .bss.effect    0x0080382a        0x2 Lib/main_def.o
                0x0080382a                effect
 .bss.gameNow   0x0080382c        0x1 Lib/main_def.o
                0x0080382c                gameNow
 .bss.buttonMark
                0x0080382d        0x1 Lib/main_def.o
                0x0080382d                buttonMark
 .bss.minuteMark
                0x0080382e        0x1 Lib/main_def.o
                0x0080382e                minuteMark
 .bss.serRxDone
                0x0080382f        0x1 Lib/main_def.o
                0x0080382f                serRxDone
 .bss.inverted  0x00803830        0x1 Lib/maze.o
                0x00803830                inverted
 .bss.mazeCnt   0x00803831        0x1 Lib/maze.o
                0x00803831                mazeCnt
 .bss.mazePos   0x00803832        0x1 Lib/maze.o
                0x00803832                mazePos
 .bss.newHallState
                0x00803833        0x1 Lib/maze.o
                0x00803833                newHallState
 .bss.curHallState
                0x00803834        0x1 Lib/maze.o
                0x00803834                curHallState
 .bss.auBuffer.3936
                0x00803835        0x7 Lib/resources.o
 .bss.loudness.3933
                0x0080383c        0x1 Lib/resources.o
 .bss.duration.3934
                0x0080383d        0x1 Lib/resources.o
 .bss.start.3935
                0x0080383e        0x1 Lib/resources.o
 .bss.cooledDown.3929
                0x0080383f        0x1 Lib/resources.o
 *(COMMON)
 COMMON         0x00803840       0xaf Lib/main_def.o
                0x00803840                timeout_I2C
                0x00803841                gameState
                0x00803855                serRx
                0x00803896                auVolume
                0x00803897                adcBtns
                0x00803899                serTxAddr
                0x0080389b                adcHall
                0x0080389d                adcPhot
                0x0080389f                detHdPh
                0x008038a0                calTemp
                0x008038a2                auIn
                0x008038c2                iLED
                0x008038ea                auPlayDone
                0x008038eb                calHall
                0x008038ed                adcTemp
 COMMON         0x008038ef        0x2 Lib/resources.o
                0x008038ef                tmp16bit
                0x008038f1                PROVIDE (__bss_end, .)
                0x000011f6                __data_load_start = LOADADDR (.data)
                0x0000121c                __data_load_end = (__data_load_start + SIZEOF (.data))

.noinit         0x008038f1        0x0
                [!provide]                PROVIDE (__noinit_start, .)
 *(.noinit*)
                [!provide]                PROVIDE (__noinit_end, .)
                0x008038f1                _end = .
                [!provide]                PROVIDE (__heap_start, .)

.eeprom         0x00810000        0x0
 *(.eeprom*)
                0x00810000                __eeprom_end = .

.fuse
 *(.fuse)
 *(.lfuse)
 *(.hfuse)
 *(.efuse)

.lock
 *(.lock*)

.signature
 *(.signature*)

.user_signatures
 *(.user_signatures*)

.stab
 *(.stab)

.stabstr
 *(.stabstr)

.stab.excl
 *(.stab.excl)

.stab.exclstr
 *(.stab.exclstr)

.stab.index
 *(.stab.index)

.stab.indexstr
 *(.stab.indexstr)

.comment        0x00000000       0x30
 *(.comment)
 .comment       0x00000000       0x30 Lib/friends.o
                                 0x31 (size before relaxing)
 .comment       0x00000030       0x31 Lib/I2C.o
 .comment       0x00000030       0x31 Lib/lanyard.o
 .comment       0x00000030       0x31 Lib/main_def.o
 .comment       0x00000030       0x31 Lib/maze.o
 .comment       0x00000030       0x31 Lib/resources.o
 .comment       0x00000030       0x31 Lib/simon.o
 .comment       0x00000030       0x31 main.o

.note.gnu.avr.deviceinfo
                0x00000000       0x40
 .note.gnu.avr.deviceinfo
                0x00000000       0x40 C:/Program Files (x86)/Atmel/Studio/7.0/Packs/atmel/ATtiny_DFP/1.3.229/gcc/dev/attiny1617/avrxmega3/crtattiny1617.o

.note.gnu.build-id
 *(.note.gnu.build-id)

.debug
 *(.debug)

.line
 *(.line)

.debug_srcinfo
 *(.debug_srcinfo)

.debug_sfnames
 *(.debug_sfnames)

.debug_aranges  0x00000000      0x220
 *(.debug_aranges)
 .debug_aranges
                0x00000000       0x20 Lib/friends.o
 .debug_aranges
                0x00000020       0x68 Lib/I2C.o
 .debug_aranges
                0x00000088       0x20 Lib/lanyard.o
 .debug_aranges
                0x000000a8       0x18 Lib/main_def.o
 .debug_aranges
                0x000000c0       0x20 Lib/maze.o
 .debug_aranges
                0x000000e0      0x100 Lib/resources.o
 .debug_aranges
                0x000001e0       0x20 Lib/simon.o
 .debug_aranges
                0x00000200       0x20 main.o

.debug_pubnames
 *(.debug_pubnames)

.debug_info     0x00000000     0x3ba0
 *(.debug_info .gnu.linkonce.wi.*)
 .debug_info    0x00000000     0x19ed C:/Program Files (x86)/Atmel/Studio/7.0/Packs/atmel/ATtiny_DFP/1.3.229/gcc/dev/attiny1617/avrxmega3/crtattiny1617.o
 .debug_info    0x000019ed       0xa4 Lib/friends.o
 .debug_info    0x00001a91      0x6d5 Lib/I2C.o
 .debug_info    0x00002166      0x26e Lib/lanyard.o
 .debug_info    0x000023d4      0x432 Lib/main_def.o
 .debug_info    0x00002806      0x2d9 Lib/maze.o
 .debug_info    0x00002adf      0xd0a Lib/resources.o
 .debug_info    0x000037e9       0xa4 Lib/simon.o
 .debug_info    0x0000388d      0x313 main.o

.debug_abbrev   0x00000000     0x22dd
 *(.debug_abbrev)
 .debug_abbrev  0x00000000     0x1888 C:/Program Files (x86)/Atmel/Studio/7.0/Packs/atmel/ATtiny_DFP/1.3.229/gcc/dev/attiny1617/avrxmega3/crtattiny1617.o
 .debug_abbrev  0x00001888       0x69 Lib/friends.o
 .debug_abbrev  0x000018f1      0x26f Lib/I2C.o
 .debug_abbrev  0x00001b60      0x10e Lib/lanyard.o
 .debug_abbrev  0x00001c6e       0x96 Lib/main_def.o
 .debug_abbrev  0x00001d04      0x11d Lib/maze.o
 .debug_abbrev  0x00001e21      0x34b Lib/resources.o
 .debug_abbrev  0x0000216c       0x69 Lib/simon.o
 .debug_abbrev  0x000021d5      0x108 main.o

.debug_line     0x00000000     0x1dea
 *(.debug_line .debug_line.* .debug_line_end)
 .debug_line    0x00000000      0x151 C:/Program Files (x86)/Atmel/Studio/7.0/Packs/atmel/ATtiny_DFP/1.3.229/gcc/dev/attiny1617/avrxmega3/crtattiny1617.o
 .debug_line    0x00000151      0x11b Lib/friends.o
 .debug_line    0x0000026c      0x598 Lib/I2C.o
 .debug_line    0x00000804      0x29c Lib/lanyard.o
 .debug_line    0x00000aa0      0x106 Lib/main_def.o
 .debug_line    0x00000ba6      0x2f9 Lib/maze.o
 .debug_line    0x00000e9f      0xc05 Lib/resources.o
 .debug_line    0x00001aa4      0x119 Lib/simon.o
 .debug_line    0x00001bbd      0x22d main.o

.debug_frame    0x00000000      0x55c
 *(.debug_frame)
 .debug_frame   0x00000000       0x24 Lib/friends.o
 .debug_frame   0x00000024       0xf8 Lib/I2C.o
 .debug_frame   0x0000011c       0x2c Lib/lanyard.o
 .debug_frame   0x00000148       0x30 Lib/maze.o
 .debug_frame   0x00000178      0x39c Lib/resources.o
 .debug_frame   0x00000514       0x24 Lib/simon.o
 .debug_frame   0x00000538       0x24 main.o

.debug_str      0x00000000     0x154f
 *(.debug_str)
 .debug_str     0x00000000      0xacf C:/Program Files (x86)/Atmel/Studio/7.0/Packs/atmel/ATtiny_DFP/1.3.229/gcc/dev/attiny1617/avrxmega3/crtattiny1617.o
 .debug_str     0x00000acf      0x192 Lib/friends.o
                                0x1c6 (size before relaxing)
 .debug_str     0x00000c61      0x326 Lib/I2C.o
                                0x4d2 (size before relaxing)
 .debug_str     0x00000f87       0xc2 Lib/lanyard.o
                                0x268 (size before relaxing)
 .debug_str     0x00001049      0x106 Lib/main_def.o
                                0x2fe (size before relaxing)
 .debug_str     0x0000114f       0x6a Lib/maze.o
                                0x282 (size before relaxing)
 .debug_str     0x000011b9      0x364 Lib/resources.o
                                0x656 (size before relaxing)
 .debug_str     0x0000151d       0x21 Lib/simon.o
                                0x1c7 (size before relaxing)
 .debug_str     0x0000153e       0x11 main.o
                                0x27d (size before relaxing)

.debug_loc      0x00000000     0x130b
 *(.debug_loc)
 .debug_loc     0x00000000      0x4ed Lib/I2C.o
 .debug_loc     0x000004ed       0x36 Lib/lanyard.o
 .debug_loc     0x00000523       0x8f Lib/maze.o
 .debug_loc     0x000005b2      0xd45 Lib/resources.o
 .debug_loc     0x000012f7       0x14 main.o

.debug_macinfo
 *(.debug_macinfo)

.debug_weaknames
 *(.debug_weaknames)

.debug_funcnames
 *(.debug_funcnames)

.debug_typenames
 *(.debug_typenames)

.debug_varnames
 *(.debug_varnames)

.debug_pubtypes
 *(.debug_pubtypes)

.debug_ranges   0x00000000      0x1b0
 *(.debug_ranges)
 .debug_ranges  0x00000000       0x10 Lib/friends.o
 .debug_ranges  0x00000010       0x58 Lib/I2C.o
 .debug_ranges  0x00000068       0x10 Lib/lanyard.o
 .debug_ranges  0x00000078       0x10 Lib/maze.o
 .debug_ranges  0x00000088      0x108 Lib/resources.o
 .debug_ranges  0x00000190       0x10 Lib/simon.o
 .debug_ranges  0x000001a0       0x10 main.o

.debug_macro
 *(.debug_macro)
OUTPUT(ISR_IO.elf elf32-avr)
LOAD linker stubs
