Archive member included to satisfy reference by file (symbol)

c:/program files (x86)/atmel/studio/7.0/toolchain/avr8/avr8-gnu-toolchain/bin/../lib/gcc/avr/5.4.0/avrxmega3\libgcc.a(_udivmodqi4.o)
                              Lib/resources.o (__udivmodqi4)
c:/program files (x86)/atmel/studio/7.0/toolchain/avr8/avr8-gnu-toolchain/bin/../lib/gcc/avr/5.4.0/avrxmega3\libgcc.a(_divmodhi4.o)
                              Lib/resources.o (__divmodhi4)
c:/program files (x86)/atmel/studio/7.0/toolchain/avr8/avr8-gnu-toolchain/bin/../lib/gcc/avr/5.4.0/avrxmega3\libgcc.a(_exit.o)
                              C:/Program Files (x86)/Atmel/Studio/7.0/Packs/atmel/ATtiny_DFP/1.3.229/gcc/dev/attiny1617/avrxmega3/crtattiny1617.o (exit)
c:/program files (x86)/atmel/studio/7.0/toolchain/avr8/avr8-gnu-toolchain/bin/../lib/gcc/avr/5.4.0/avrxmega3\libgcc.a(_tablejump2.o)
                              Lib/resources.o (__tablejump2__)
c:/program files (x86)/atmel/studio/7.0/toolchain/avr8/avr8-gnu-toolchain/bin/../lib/gcc/avr/5.4.0/avrxmega3\libgcc.a(_copy_data.o)
                              Lib/friends.o (__do_copy_data)
c:/program files (x86)/atmel/studio/7.0/toolchain/avr8/avr8-gnu-toolchain/bin/../lib/gcc/avr/5.4.0/avrxmega3\libgcc.a(_clear_bss.o)
                              Lib/friends.o (__do_clear_bss)
c:/program files (x86)/atmel/studio/7.0/toolchain/avr8/avr8-gnu-toolchain/bin/../lib/gcc/avr/5.4.0/avrxmega3\libgcc.a(_udivmodhi4.o)
                              c:/program files (x86)/atmel/studio/7.0/toolchain/avr8/avr8-gnu-toolchain/bin/../lib/gcc/avr/5.4.0/avrxmega3\libgcc.a(_divmodhi4.o) (__udivmodhi4)

Allocating common symbols
Common symbol       size              file

timeout_I2C         0x1               Lib/main_def.o
gameState           0x14              Lib/main_def.o
serRx               0x41              Lib/main_def.o
auVolume            0x1               Lib/main_def.o
adcBtns             0x2               Lib/main_def.o
serTxAddr           0x2               Lib/main_def.o
adcHall             0x2               Lib/main_def.o
adcPhot             0x2               Lib/main_def.o
txBuffer            0x21              Lib/text_adv.o
detHdPh             0x1               Lib/main_def.o
calTemp             0x2               Lib/main_def.o
auIn                0x8               Lib/main_def.o
iLED                0x28              Lib/main_def.o
auPlayDone          0x1               Lib/main_def.o
tmp16bit            0x2               Lib/resources.o
calHall             0x2               Lib/main_def.o
adcTemp             0x2               Lib/main_def.o

Discarded input sections

 .data          0x00000000        0x0 C:/Program Files (x86)/Atmel/Studio/7.0/Packs/atmel/ATtiny_DFP/1.3.229/gcc/dev/attiny1617/avrxmega3/crtattiny1617.o
 .bss           0x00000000        0x0 C:/Program Files (x86)/Atmel/Studio/7.0/Packs/atmel/ATtiny_DFP/1.3.229/gcc/dev/attiny1617/avrxmega3/crtattiny1617.o
 .text          0x00000000        0x0 Lib/friends.o
 .data          0x00000000        0x0 Lib/friends.o
 .bss           0x00000000        0x0 Lib/friends.o
 COMMON         0x00000000        0x0 Lib/friends.o
 .text          0x00000000        0x0 Lib/I2C.o
 .data          0x00000000        0x0 Lib/I2C.o
 .bss           0x00000000        0x0 Lib/I2C.o
 .text.I2C_rep_start
                0x00000000        0x6 Lib/I2C.o
 .text.I2C_write_bytes
                0x00000000       0x7e Lib/I2C.o
 .text          0x00000000        0x0 Lib/lanyard.o
 .data          0x00000000        0x0 Lib/lanyard.o
 .bss           0x00000000        0x0 Lib/lanyard.o
 .text          0x00000000        0x0 Lib/main_def.o
 .data          0x00000000        0x0 Lib/main_def.o
 .bss           0x00000000        0x0 Lib/main_def.o
 .text          0x00000000        0x0 Lib/maze.o
 .data          0x00000000        0x0 Lib/maze.o
 .bss           0x00000000        0x0 Lib/maze.o
 .text          0x00000000        0x0 Lib/resources.o
 .data          0x00000000        0x0 Lib/resources.o
 .bss           0x00000000        0x0 Lib/resources.o
 .text          0x00000000        0x0 Lib/simon.o
 .data          0x00000000        0x0 Lib/simon.o
 .bss           0x00000000        0x0 Lib/simon.o
 .text.simonLed
                0x00000000       0xfc Lib/simon.o
 .text.BastetDictates
                0x00000000      0x35e Lib/simon.o
 .data.simonNextGameState
                0x00000000        0x1 Lib/simon.o
 .bss.simonGameState
                0x00000000        0x1 Lib/simon.o
 .bss.simonCounter
                0x00000000        0x1 Lib/simon.o
 .bss.simonWait
                0x00000000        0x1 Lib/simon.o
 .bss.simonTimer
                0x00000000        0x1 Lib/simon.o
 .bss.simonInputPos
                0x00000000        0x1 Lib/simon.o
 .bss.simonPos  0x00000000        0x1 Lib/simon.o
 .bss.simonState
                0x00000000        0xc Lib/simon.o
 .bss.simonScore
                0x00000000        0x2 Lib/simon.o
 .debug_info    0x00000000      0x419 Lib/simon.o
 .debug_abbrev  0x00000000      0x178 Lib/simon.o
 .debug_loc     0x00000000      0x18e Lib/simon.o
 .debug_aranges
                0x00000000       0x28 Lib/simon.o
 .debug_ranges  0x00000000       0x18 Lib/simon.o
 .debug_line    0x00000000      0x4c7 Lib/simon.o
 .debug_str     0x00000000      0x2dd Lib/simon.o
 .comment       0x00000000       0x31 Lib/simon.o
 .debug_frame   0x00000000       0x4c Lib/simon.o
 .text          0x00000000        0x0 Lib/text_adv.o
 .data          0x00000000        0x0 Lib/text_adv.o
 .bss           0x00000000        0x0 Lib/text_adv.o
 .text.SetResponse
                0x00000000       0x30 Lib/text_adv.o
 .bss.sendPrompt
                0x00000000        0x1 Lib/text_adv.o
 .text          0x00000000        0x0 main.o
 .data          0x00000000        0x0 main.o
 .bss           0x00000000        0x0 main.o
 .text          0x00000000        0x0 c:/program files (x86)/atmel/studio/7.0/toolchain/avr8/avr8-gnu-toolchain/bin/../lib/gcc/avr/5.4.0/avrxmega3\libgcc.a(_udivmodqi4.o)
 .data          0x00000000        0x0 c:/program files (x86)/atmel/studio/7.0/toolchain/avr8/avr8-gnu-toolchain/bin/../lib/gcc/avr/5.4.0/avrxmega3\libgcc.a(_udivmodqi4.o)
 .bss           0x00000000        0x0 c:/program files (x86)/atmel/studio/7.0/toolchain/avr8/avr8-gnu-toolchain/bin/../lib/gcc/avr/5.4.0/avrxmega3\libgcc.a(_udivmodqi4.o)
 .text.libgcc.mul
                0x00000000        0x0 c:/program files (x86)/atmel/studio/7.0/toolchain/avr8/avr8-gnu-toolchain/bin/../lib/gcc/avr/5.4.0/avrxmega3\libgcc.a(_udivmodqi4.o)
 .text.libgcc   0x00000000        0x0 c:/program files (x86)/atmel/studio/7.0/toolchain/avr8/avr8-gnu-toolchain/bin/../lib/gcc/avr/5.4.0/avrxmega3\libgcc.a(_udivmodqi4.o)
 .text.libgcc.prologue
                0x00000000        0x0 c:/program files (x86)/atmel/studio/7.0/toolchain/avr8/avr8-gnu-toolchain/bin/../lib/gcc/avr/5.4.0/avrxmega3\libgcc.a(_udivmodqi4.o)
 .text.libgcc.builtins
                0x00000000        0x0 c:/program files (x86)/atmel/studio/7.0/toolchain/avr8/avr8-gnu-toolchain/bin/../lib/gcc/avr/5.4.0/avrxmega3\libgcc.a(_udivmodqi4.o)
 .text.libgcc.fmul
                0x00000000        0x0 c:/program files (x86)/atmel/studio/7.0/toolchain/avr8/avr8-gnu-toolchain/bin/../lib/gcc/avr/5.4.0/avrxmega3\libgcc.a(_udivmodqi4.o)
 .text.libgcc.fixed
                0x00000000        0x0 c:/program files (x86)/atmel/studio/7.0/toolchain/avr8/avr8-gnu-toolchain/bin/../lib/gcc/avr/5.4.0/avrxmega3\libgcc.a(_udivmodqi4.o)
 .text          0x00000000        0x0 c:/program files (x86)/atmel/studio/7.0/toolchain/avr8/avr8-gnu-toolchain/bin/../lib/gcc/avr/5.4.0/avrxmega3\libgcc.a(_divmodhi4.o)
 .data          0x00000000        0x0 c:/program files (x86)/atmel/studio/7.0/toolchain/avr8/avr8-gnu-toolchain/bin/../lib/gcc/avr/5.4.0/avrxmega3\libgcc.a(_divmodhi4.o)
 .bss           0x00000000        0x0 c:/program files (x86)/atmel/studio/7.0/toolchain/avr8/avr8-gnu-toolchain/bin/../lib/gcc/avr/5.4.0/avrxmega3\libgcc.a(_divmodhi4.o)
 .text.libgcc.mul
                0x00000000        0x0 c:/program files (x86)/atmel/studio/7.0/toolchain/avr8/avr8-gnu-toolchain/bin/../lib/gcc/avr/5.4.0/avrxmega3\libgcc.a(_divmodhi4.o)
 .text.libgcc   0x00000000        0x0 c:/program files (x86)/atmel/studio/7.0/toolchain/avr8/avr8-gnu-toolchain/bin/../lib/gcc/avr/5.4.0/avrxmega3\libgcc.a(_divmodhi4.o)
 .text.libgcc.prologue
                0x00000000        0x0 c:/program files (x86)/atmel/studio/7.0/toolchain/avr8/avr8-gnu-toolchain/bin/../lib/gcc/avr/5.4.0/avrxmega3\libgcc.a(_divmodhi4.o)
 .text.libgcc.builtins
                0x00000000        0x0 c:/program files (x86)/atmel/studio/7.0/toolchain/avr8/avr8-gnu-toolchain/bin/../lib/gcc/avr/5.4.0/avrxmega3\libgcc.a(_divmodhi4.o)
 .text.libgcc.fmul
                0x00000000        0x0 c:/program files (x86)/atmel/studio/7.0/toolchain/avr8/avr8-gnu-toolchain/bin/../lib/gcc/avr/5.4.0/avrxmega3\libgcc.a(_divmodhi4.o)
 .text.libgcc.fixed
                0x00000000        0x0 c:/program files (x86)/atmel/studio/7.0/toolchain/avr8/avr8-gnu-toolchain/bin/../lib/gcc/avr/5.4.0/avrxmega3\libgcc.a(_divmodhi4.o)
 .text          0x00000000        0x0 c:/program files (x86)/atmel/studio/7.0/toolchain/avr8/avr8-gnu-toolchain/bin/../lib/gcc/avr/5.4.0/avrxmega3\libgcc.a(_exit.o)
 .data          0x00000000        0x0 c:/program files (x86)/atmel/studio/7.0/toolchain/avr8/avr8-gnu-toolchain/bin/../lib/gcc/avr/5.4.0/avrxmega3\libgcc.a(_exit.o)
 .bss           0x00000000        0x0 c:/program files (x86)/atmel/studio/7.0/toolchain/avr8/avr8-gnu-toolchain/bin/../lib/gcc/avr/5.4.0/avrxmega3\libgcc.a(_exit.o)
 .text.libgcc.mul
                0x00000000        0x0 c:/program files (x86)/atmel/studio/7.0/toolchain/avr8/avr8-gnu-toolchain/bin/../lib/gcc/avr/5.4.0/avrxmega3\libgcc.a(_exit.o)
 .text.libgcc.div
                0x00000000        0x0 c:/program files (x86)/atmel/studio/7.0/toolchain/avr8/avr8-gnu-toolchain/bin/../lib/gcc/avr/5.4.0/avrxmega3\libgcc.a(_exit.o)
 .text.libgcc   0x00000000        0x0 c:/program files (x86)/atmel/studio/7.0/toolchain/avr8/avr8-gnu-toolchain/bin/../lib/gcc/avr/5.4.0/avrxmega3\libgcc.a(_exit.o)
 .text.libgcc.prologue
                0x00000000        0x0 c:/program files (x86)/atmel/studio/7.0/toolchain/avr8/avr8-gnu-toolchain/bin/../lib/gcc/avr/5.4.0/avrxmega3\libgcc.a(_exit.o)
 .text.libgcc.builtins
                0x00000000        0x0 c:/program files (x86)/atmel/studio/7.0/toolchain/avr8/avr8-gnu-toolchain/bin/../lib/gcc/avr/5.4.0/avrxmega3\libgcc.a(_exit.o)
 .text.libgcc.fmul
                0x00000000        0x0 c:/program files (x86)/atmel/studio/7.0/toolchain/avr8/avr8-gnu-toolchain/bin/../lib/gcc/avr/5.4.0/avrxmega3\libgcc.a(_exit.o)
 .text.libgcc.fixed
                0x00000000        0x0 c:/program files (x86)/atmel/studio/7.0/toolchain/avr8/avr8-gnu-toolchain/bin/../lib/gcc/avr/5.4.0/avrxmega3\libgcc.a(_exit.o)
 .text          0x00000000        0x0 c:/program files (x86)/atmel/studio/7.0/toolchain/avr8/avr8-gnu-toolchain/bin/../lib/gcc/avr/5.4.0/avrxmega3\libgcc.a(_tablejump2.o)
 .data          0x00000000        0x0 c:/program files (x86)/atmel/studio/7.0/toolchain/avr8/avr8-gnu-toolchain/bin/../lib/gcc/avr/5.4.0/avrxmega3\libgcc.a(_tablejump2.o)
 .bss           0x00000000        0x0 c:/program files (x86)/atmel/studio/7.0/toolchain/avr8/avr8-gnu-toolchain/bin/../lib/gcc/avr/5.4.0/avrxmega3\libgcc.a(_tablejump2.o)
 .text.libgcc.mul
                0x00000000        0x0 c:/program files (x86)/atmel/studio/7.0/toolchain/avr8/avr8-gnu-toolchain/bin/../lib/gcc/avr/5.4.0/avrxmega3\libgcc.a(_tablejump2.o)
 .text.libgcc.div
                0x00000000        0x0 c:/program files (x86)/atmel/studio/7.0/toolchain/avr8/avr8-gnu-toolchain/bin/../lib/gcc/avr/5.4.0/avrxmega3\libgcc.a(_tablejump2.o)
 .text.libgcc.prologue
                0x00000000        0x0 c:/program files (x86)/atmel/studio/7.0/toolchain/avr8/avr8-gnu-toolchain/bin/../lib/gcc/avr/5.4.0/avrxmega3\libgcc.a(_tablejump2.o)
 .text.libgcc.builtins
                0x00000000        0x0 c:/program files (x86)/atmel/studio/7.0/toolchain/avr8/avr8-gnu-toolchain/bin/../lib/gcc/avr/5.4.0/avrxmega3\libgcc.a(_tablejump2.o)
 .text.libgcc.fmul
                0x00000000        0x0 c:/program files (x86)/atmel/studio/7.0/toolchain/avr8/avr8-gnu-toolchain/bin/../lib/gcc/avr/5.4.0/avrxmega3\libgcc.a(_tablejump2.o)
 .text.libgcc.fixed
                0x00000000        0x0 c:/program files (x86)/atmel/studio/7.0/toolchain/avr8/avr8-gnu-toolchain/bin/../lib/gcc/avr/5.4.0/avrxmega3\libgcc.a(_tablejump2.o)
 .text          0x00000000        0x0 c:/program files (x86)/atmel/studio/7.0/toolchain/avr8/avr8-gnu-toolchain/bin/../lib/gcc/avr/5.4.0/avrxmega3\libgcc.a(_copy_data.o)
 .data          0x00000000        0x0 c:/program files (x86)/atmel/studio/7.0/toolchain/avr8/avr8-gnu-toolchain/bin/../lib/gcc/avr/5.4.0/avrxmega3\libgcc.a(_copy_data.o)
 .bss           0x00000000        0x0 c:/program files (x86)/atmel/studio/7.0/toolchain/avr8/avr8-gnu-toolchain/bin/../lib/gcc/avr/5.4.0/avrxmega3\libgcc.a(_copy_data.o)
 .text.libgcc.mul
                0x00000000        0x0 c:/program files (x86)/atmel/studio/7.0/toolchain/avr8/avr8-gnu-toolchain/bin/../lib/gcc/avr/5.4.0/avrxmega3\libgcc.a(_copy_data.o)
 .text.libgcc.div
                0x00000000        0x0 c:/program files (x86)/atmel/studio/7.0/toolchain/avr8/avr8-gnu-toolchain/bin/../lib/gcc/avr/5.4.0/avrxmega3\libgcc.a(_copy_data.o)
 .text.libgcc   0x00000000        0x0 c:/program files (x86)/atmel/studio/7.0/toolchain/avr8/avr8-gnu-toolchain/bin/../lib/gcc/avr/5.4.0/avrxmega3\libgcc.a(_copy_data.o)
 .text.libgcc.prologue
                0x00000000        0x0 c:/program files (x86)/atmel/studio/7.0/toolchain/avr8/avr8-gnu-toolchain/bin/../lib/gcc/avr/5.4.0/avrxmega3\libgcc.a(_copy_data.o)
 .text.libgcc.builtins
                0x00000000        0x0 c:/program files (x86)/atmel/studio/7.0/toolchain/avr8/avr8-gnu-toolchain/bin/../lib/gcc/avr/5.4.0/avrxmega3\libgcc.a(_copy_data.o)
 .text.libgcc.fmul
                0x00000000        0x0 c:/program files (x86)/atmel/studio/7.0/toolchain/avr8/avr8-gnu-toolchain/bin/../lib/gcc/avr/5.4.0/avrxmega3\libgcc.a(_copy_data.o)
 .text.libgcc.fixed
                0x00000000        0x0 c:/program files (x86)/atmel/studio/7.0/toolchain/avr8/avr8-gnu-toolchain/bin/../lib/gcc/avr/5.4.0/avrxmega3\libgcc.a(_copy_data.o)
 .text          0x00000000        0x0 c:/program files (x86)/atmel/studio/7.0/toolchain/avr8/avr8-gnu-toolchain/bin/../lib/gcc/avr/5.4.0/avrxmega3\libgcc.a(_clear_bss.o)
 .data          0x00000000        0x0 c:/program files (x86)/atmel/studio/7.0/toolchain/avr8/avr8-gnu-toolchain/bin/../lib/gcc/avr/5.4.0/avrxmega3\libgcc.a(_clear_bss.o)
 .bss           0x00000000        0x0 c:/program files (x86)/atmel/studio/7.0/toolchain/avr8/avr8-gnu-toolchain/bin/../lib/gcc/avr/5.4.0/avrxmega3\libgcc.a(_clear_bss.o)
 .text.libgcc.mul
                0x00000000        0x0 c:/program files (x86)/atmel/studio/7.0/toolchain/avr8/avr8-gnu-toolchain/bin/../lib/gcc/avr/5.4.0/avrxmega3\libgcc.a(_clear_bss.o)
 .text.libgcc.div
                0x00000000        0x0 c:/program files (x86)/atmel/studio/7.0/toolchain/avr8/avr8-gnu-toolchain/bin/../lib/gcc/avr/5.4.0/avrxmega3\libgcc.a(_clear_bss.o)
 .text.libgcc   0x00000000        0x0 c:/program files (x86)/atmel/studio/7.0/toolchain/avr8/avr8-gnu-toolchain/bin/../lib/gcc/avr/5.4.0/avrxmega3\libgcc.a(_clear_bss.o)
 .text.libgcc.prologue
                0x00000000        0x0 c:/program files (x86)/atmel/studio/7.0/toolchain/avr8/avr8-gnu-toolchain/bin/../lib/gcc/avr/5.4.0/avrxmega3\libgcc.a(_clear_bss.o)
 .text.libgcc.builtins
                0x00000000        0x0 c:/program files (x86)/atmel/studio/7.0/toolchain/avr8/avr8-gnu-toolchain/bin/../lib/gcc/avr/5.4.0/avrxmega3\libgcc.a(_clear_bss.o)
 .text.libgcc.fmul
                0x00000000        0x0 c:/program files (x86)/atmel/studio/7.0/toolchain/avr8/avr8-gnu-toolchain/bin/../lib/gcc/avr/5.4.0/avrxmega3\libgcc.a(_clear_bss.o)
 .text.libgcc.fixed
                0x00000000        0x0 c:/program files (x86)/atmel/studio/7.0/toolchain/avr8/avr8-gnu-toolchain/bin/../lib/gcc/avr/5.4.0/avrxmega3\libgcc.a(_clear_bss.o)
 .text          0x00000000        0x0 c:/program files (x86)/atmel/studio/7.0/toolchain/avr8/avr8-gnu-toolchain/bin/../lib/gcc/avr/5.4.0/avrxmega3\libgcc.a(_udivmodhi4.o)
 .data          0x00000000        0x0 c:/program files (x86)/atmel/studio/7.0/toolchain/avr8/avr8-gnu-toolchain/bin/../lib/gcc/avr/5.4.0/avrxmega3\libgcc.a(_udivmodhi4.o)
 .bss           0x00000000        0x0 c:/program files (x86)/atmel/studio/7.0/toolchain/avr8/avr8-gnu-toolchain/bin/../lib/gcc/avr/5.4.0/avrxmega3\libgcc.a(_udivmodhi4.o)
 .text.libgcc.mul
                0x00000000        0x0 c:/program files (x86)/atmel/studio/7.0/toolchain/avr8/avr8-gnu-toolchain/bin/../lib/gcc/avr/5.4.0/avrxmega3\libgcc.a(_udivmodhi4.o)
 .text.libgcc   0x00000000        0x0 c:/program files (x86)/atmel/studio/7.0/toolchain/avr8/avr8-gnu-toolchain/bin/../lib/gcc/avr/5.4.0/avrxmega3\libgcc.a(_udivmodhi4.o)
 .text.libgcc.prologue
                0x00000000        0x0 c:/program files (x86)/atmel/studio/7.0/toolchain/avr8/avr8-gnu-toolchain/bin/../lib/gcc/avr/5.4.0/avrxmega3\libgcc.a(_udivmodhi4.o)
 .text.libgcc.builtins
                0x00000000        0x0 c:/program files (x86)/atmel/studio/7.0/toolchain/avr8/avr8-gnu-toolchain/bin/../lib/gcc/avr/5.4.0/avrxmega3\libgcc.a(_udivmodhi4.o)
 .text.libgcc.fmul
                0x00000000        0x0 c:/program files (x86)/atmel/studio/7.0/toolchain/avr8/avr8-gnu-toolchain/bin/../lib/gcc/avr/5.4.0/avrxmega3\libgcc.a(_udivmodhi4.o)
 .text.libgcc.fixed
                0x00000000        0x0 c:/program files (x86)/atmel/studio/7.0/toolchain/avr8/avr8-gnu-toolchain/bin/../lib/gcc/avr/5.4.0/avrxmega3\libgcc.a(_udivmodhi4.o)

Memory Configuration

Name             Origin             Length             Attributes
text             0x00000000         0x00100000         xr
data             0x00802000         0x0000ffa0         rw !x
eeprom           0x00810000         0x00010000         rw !x
fuse             0x00820000         0x00000009         rw !x
lock             0x00830000         0x00000400         rw !x
signature        0x00840000         0x00000400         rw !x
user_signatures  0x00850000         0x00000400         rw !x
*default*        0x00000000         0xffffffff

Linker script and memory map

Address of section .data set to 0x803800
                0x00008000                __RODATA_PM_OFFSET__ = 0x8000
LOAD C:/Program Files (x86)/Atmel/Studio/7.0/Packs/atmel/ATtiny_DFP/1.3.229/gcc/dev/attiny1617/avrxmega3/crtattiny1617.o
LOAD Lib/friends.o
LOAD Lib/I2C.o
LOAD Lib/lanyard.o
LOAD Lib/main_def.o
LOAD Lib/maze.o
LOAD Lib/resources.o
LOAD Lib/simon.o
LOAD Lib/text_adv.o
LOAD main.o
START GROUP
LOAD c:/program files (x86)/atmel/studio/7.0/toolchain/avr8/avr8-gnu-toolchain/bin/../lib/gcc/avr/5.4.0/../../../../avr/lib/avrxmega3\libm.a
END GROUP
START GROUP
LOAD c:/program files (x86)/atmel/studio/7.0/toolchain/avr8/avr8-gnu-toolchain/bin/../lib/gcc/avr/5.4.0/avrxmega3\libgcc.a
LOAD c:/program files (x86)/atmel/studio/7.0/toolchain/avr8/avr8-gnu-toolchain/bin/../lib/gcc/avr/5.4.0/../../../../avr/lib/avrxmega3\libm.a
LOAD c:/program files (x86)/atmel/studio/7.0/toolchain/avr8/avr8-gnu-toolchain/bin/../lib/gcc/avr/5.4.0/../../../../avr/lib/avrxmega3\libc.a
LOAD C:/Program Files (x86)/Atmel/Studio/7.0/Packs/atmel/ATtiny_DFP/1.3.229/gcc/dev/attiny1617/avrxmega3\libattiny1617.a
END GROUP
                0x00000000                __TEXT_REGION_ORIGIN__ = DEFINED (__TEXT_REGION_ORIGIN__)?__TEXT_REGION_ORIGIN__:0x0
                0x00802000                __DATA_REGION_ORIGIN__ = DEFINED (__DATA_REGION_ORIGIN__)?__DATA_REGION_ORIGIN__:0x802000
                0x00100000                __TEXT_REGION_LENGTH__ = DEFINED (__TEXT_REGION_LENGTH__)?__TEXT_REGION_LENGTH__:0x100000
                0x0000ffa0                __DATA_REGION_LENGTH__ = DEFINED (__DATA_REGION_LENGTH__)?__DATA_REGION_LENGTH__:0xffa0
                0x00010000                __EEPROM_REGION_LENGTH__ = DEFINED (__EEPROM_REGION_LENGTH__)?__EEPROM_REGION_LENGTH__:0x10000
                [0x00000009]                __FUSE_REGION_LENGTH__ = DEFINED (__FUSE_REGION_LENGTH__)?__FUSE_REGION_LENGTH__:0x400
                0x00000400                __LOCK_REGION_LENGTH__ = DEFINED (__LOCK_REGION_LENGTH__)?__LOCK_REGION_LENGTH__:0x400
                0x00000400                __SIGNATURE_REGION_LENGTH__ = DEFINED (__SIGNATURE_REGION_LENGTH__)?__SIGNATURE_REGION_LENGTH__:0x400
                0x00000400                __USER_SIGNATURE_REGION_LENGTH__ = DEFINED (__USER_SIGNATURE_REGION_LENGTH__)?__USER_SIGNATURE_REGION_LENGTH__:0x400
                0x00008000                __RODATA_PM_OFFSET__ = DEFINED (__RODATA_PM_OFFSET__)?__RODATA_PM_OFFSET__:0x8000

.hash
 *(.hash)

.dynsym
 *(.dynsym)

.dynstr
 *(.dynstr)

.gnu.version
 *(.gnu.version)

.gnu.version_d
 *(.gnu.version_d)

.gnu.version_r
 *(.gnu.version_r)

.rel.init
 *(.rel.init)

.rela.init
 *(.rela.init)

.rel.text
 *(.rel.text)
 *(.rel.text.*)
 *(.rel.gnu.linkonce.t*)

.rela.text
 *(.rela.text)
 *(.rela.text.*)
 *(.rela.gnu.linkonce.t*)

.rel.fini
 *(.rel.fini)

.rela.fini
 *(.rela.fini)

.rel.rodata
 *(.rel.rodata)
 *(.rel.rodata.*)
 *(.rel.gnu.linkonce.r*)

.rela.rodata
 *(.rela.rodata)
 *(.rela.rodata.*)
 *(.rela.gnu.linkonce.r*)

.rel.data
 *(.rel.data)
 *(.rel.data.*)
 *(.rel.gnu.linkonce.d*)

.rela.data
 *(.rela.data)
 *(.rela.data.*)
 *(.rela.gnu.linkonce.d*)

.rel.ctors
 *(.rel.ctors)

.rela.ctors
 *(.rela.ctors)

.rel.dtors
 *(.rel.dtors)

.rela.dtors
 *(.rela.dtors)

.rel.got
 *(.rel.got)

.rela.got
 *(.rela.got)

.rel.bss
 *(.rel.bss)

.rela.bss
 *(.rela.bss)

.rel.plt
 *(.rel.plt)

.rela.plt
 *(.rela.plt)

.text           0x00000000     0x3d82
 *(.vectors)
 .vectors       0x00000000       0x7c C:/Program Files (x86)/Atmel/Studio/7.0/Packs/atmel/ATtiny_DFP/1.3.229/gcc/dev/attiny1617/avrxmega3/crtattiny1617.o
                0x00000000                __vector_default
                0x00000000                __vectors
 *(.vectors)
 *(.progmem.gcc*)
 .progmem.gcc_sw_table.GenerateBlinks
                0x0000007c       0x12 Lib/resources.o
                0x0000008e                . = ALIGN (0x2)
                0x0000008e                __trampolines_start = .
 *(.trampolines)
 .trampolines   0x0000008e        0x0 linker stubs
 *(.trampolines*)
                0x0000008e                __trampolines_end = .
 *libprintf_flt.a:*(.progmem.data)
 *libc.a:*(.progmem.data)
 *(.progmem*)
                0x0000008e                . = ALIGN (0x2)
 *(.jumptables)
 *(.jumptables*)
 *(.lowtext)
 *(.lowtext*)
                0x0000008e                __ctors_start = .
 *(.ctors)
                0x0000008e                __ctors_end = .
                0x0000008e                __dtors_start = .
 *(.dtors)
                0x0000008e                __dtors_end = .
 SORT(*)(.ctors)
 SORT(*)(.dtors)
 *(.init0)
 .init0         0x0000008e        0x0 C:/Program Files (x86)/Atmel/Studio/7.0/Packs/atmel/ATtiny_DFP/1.3.229/gcc/dev/attiny1617/avrxmega3/crtattiny1617.o
                0x0000008e                __init
 *(.init0)
 *(.init1)
 *(.init1)
 *(.init2)
 .init2         0x0000008e        0xc C:/Program Files (x86)/Atmel/Studio/7.0/Packs/atmel/ATtiny_DFP/1.3.229/gcc/dev/attiny1617/avrxmega3/crtattiny1617.o
 *(.init2)
 *(.init3)
 *(.init3)
 *(.init4)
 .init4         0x0000009a       0x16 c:/program files (x86)/atmel/studio/7.0/toolchain/avr8/avr8-gnu-toolchain/bin/../lib/gcc/avr/5.4.0/avrxmega3\libgcc.a(_copy_data.o)
                0x0000009a                __do_copy_data
 .init4         0x000000b0       0x10 c:/program files (x86)/atmel/studio/7.0/toolchain/avr8/avr8-gnu-toolchain/bin/../lib/gcc/avr/5.4.0/avrxmega3\libgcc.a(_clear_bss.o)
                0x000000b0                __do_clear_bss
 *(.init4)
 *(.init5)
 *(.init5)
 *(.init6)
 *(.init6)
 *(.init7)
 *(.init7)
 *(.init8)
 *(.init8)
 *(.init9)
 .init9         0x000000c0        0x8 C:/Program Files (x86)/Atmel/Studio/7.0/Packs/atmel/ATtiny_DFP/1.3.229/gcc/dev/attiny1617/avrxmega3/crtattiny1617.o
 *(.init9)
 *(.text)
 .text          0x000000c8        0x2 C:/Program Files (x86)/Atmel/Studio/7.0/Packs/atmel/ATtiny_DFP/1.3.229/gcc/dev/attiny1617/avrxmega3/crtattiny1617.o
                0x000000c8                __vector_1
                0x000000c8                __vector_24
                0x000000c8                __vector_12
                0x000000c8                __bad_interrupt
                0x000000c8                __vector_3
                0x000000c8                __vector_23
                0x000000c8                __vector_30
                0x000000c8                __vector_25
                0x000000c8                __vector_11
                0x000000c8                __vector_17
                0x000000c8                __vector_19
                0x000000c8                __vector_5
                0x000000c8                __vector_4
                0x000000c8                __vector_9
                0x000000c8                __vector_2
                0x000000c8                __vector_21
                0x000000c8                __vector_15
                0x000000c8                __vector_29
                0x000000c8                __vector_26
                0x000000c8                __vector_10
                0x000000c8                __vector_16
                0x000000c8                __vector_18
                0x000000ca                . = ALIGN (0x2)
 *(.text.*)
 .text.chkVolt250
                0x000000ca       0x3c Lib/friends.o
                0x000000ca                chkVolt250
 .text.MakeFriends
                0x00000106      0x280 Lib/friends.o
                0x00000106                MakeFriends
 .text.I2C_init
                0x00000386       0x3c Lib/I2C.o
                0x00000386                I2C_init
 .text.I2C_recover
                0x000003c2       0x7c Lib/I2C.o
                0x000003c2                I2C_recover
 .text.I2C_start
                0x0000043e       0x22 Lib/I2C.o
                0x0000043e                I2C_start
 .text.I2C_wait_ACK
                0x00000460       0x4e Lib/I2C.o
                0x00000460                I2C_wait_ACK
 .text.I2C_read
                0x000004ae       0x82 Lib/I2C.o
                0x000004ae                I2C_read
 .text.I2C_write
                0x00000530       0x46 Lib/I2C.o
                0x00000530                I2C_write
 .text.I2C_stop
                0x00000576        0xc Lib/I2C.o
                0x00000576                I2C_stop
 .text.I2C_read_bytes
                0x00000582       0x8a Lib/I2C.o
                0x00000582                I2C_read_bytes
 .text.initLanyard
                0x0000060c       0x18 Lib/lanyard.o
                0x0000060c                initLanyard
 .text.LanyardCode
                0x00000624      0x162 Lib/lanyard.o
                0x00000624                LanyardCode
 .text.initMaze
                0x00000786       0x20 Lib/maze.o
                0x00000786                initMaze
 .text.showFieldStrength
                0x000007a6       0x6e Lib/maze.o
                0x000007a6                showFieldStrength
 .text.MagnetMaze
                0x00000814      0x1fa Lib/maze.o
                0x00000814                MagnetMaze
 .text.Setup    0x00000a0e      0x224 Lib/resources.o
                0x00000a0e                Setup
 .text.__vector_8
                0x00000c32       0xa2 Lib/resources.o
                0x00000c32                __vector_8
 .text.__vector_13
                0x00000cd4       0x66 Lib/resources.o
                0x00000cd4                __vector_13
 .text.__vector_14
                0x00000d3a       0xa6 Lib/resources.o
                0x00000d3a                __vector_14
 .text.__vector_27
                0x00000de0       0xb6 Lib/resources.o
                0x00000de0                __vector_27
 .text.__vector_28
                0x00000e96       0x38 Lib/resources.o
                0x00000e96                __vector_28
 .text.__vector_20
                0x00000ece       0x6e Lib/resources.o
                0x00000ece                __vector_20
 .text.__vector_22
                0x00000f3c       0x90 Lib/resources.o
                0x00000f3c                __vector_22
 .text.__vector_6
                0x00000fcc       0xae Lib/resources.o
                0x00000fcc                __vector_6
 .text.__vector_7
                0x0000107a       0x22 Lib/resources.o
                0x0000107a                __vector_7
 .text.EERead   0x0000109c       0x20 Lib/resources.o
                0x0000109c                EERead
 .text.EEWrite  0x000010bc       0x50 Lib/resources.o
                0x000010bc                EEWrite
 .text.DecryptData
                0x0000110c       0x34 Lib/resources.o
                0x0000110c                DecryptData
 .text.ExtEERead
                0x00001140       0x64 Lib/resources.o
                0x00001140                ExtEERead
 .text.SerSend  0x000011a4       0x22 Lib/resources.o
                0x000011a4                SerSend
 .text.SerSpeed
                0x000011c6       0x22 Lib/resources.o
                0x000011c6                SerSpeed
 .text.SelectTSens
                0x000011e8       0x1e Lib/resources.o
                0x000011e8                SelectTSens
 .text.SelectAuIn
                0x00001206       0x1e Lib/resources.o
                0x00001206                SelectAuIn
 .text.CheckButtons
                0x00001224       0x5c Lib/resources.o
                0x00001224                CheckButtons
 .text.lfsr     0x00001280       0x3e Lib/resources.o
                0x00001280                lfsr
 .text.floatSpeed
                0x000012be       0x64 Lib/resources.o
                0x000012be                floatSpeed
 .text.floatAround
                0x00001322       0x64 Lib/resources.o
                0x00001322                floatAround
 .text.SaveGameState
                0x00001386       0xe6 Lib/resources.o
                0x00001386                SaveGameState
 .text.ReadStatusBit
                0x0000146c       0x28 Lib/resources.o
                0x0000146c                ReadStatusBit
 .text.WriteStatusBit
                0x00001494       0x34 Lib/resources.o
                0x00001494                WriteStatusBit
 .text.UpdateState
                0x000014c8       0x14 Lib/resources.o
                0x000014c8                UpdateState
 .text.CheckState
                0x000014dc       0x20 Lib/resources.o
                0x000014dc                CheckState
 .text.getID    0x000014fc       0x1e Lib/resources.o
                0x000014fc                getID
 .text.Reset    0x0000151a       0x52 Lib/resources.o
                0x0000151a                Reset
 .text.LoadGameState
                0x0000156c       0x5a Lib/resources.o
                0x0000156c                LoadGameState
 .text.HotSummer
                0x000015c6       0xca Lib/resources.o
                0x000015c6                HotSummer
 .text.WingBar  0x00001690       0x44 Lib/resources.o
                0x00001690                WingBar
 .text.SetBothEyes
                0x000016d4       0x38 Lib/resources.o
                0x000016d4                SetBothEyes
 .text.GenerateBlinks
                0x0000170c      0x2ca Lib/resources.o
                0x0000170c                GenerateBlinks
 .text.GenerateAudio
                0x000019d6      0x26e Lib/resources.o
                0x000019d6                GenerateAudio
 .text.getClock
                0x00001c44       0x1e Lib/resources.o
                0x00001c44                getClock
 .text.idleTimeout
                0x00001c62       0x30 Lib/resources.o
                0x00001c62                idleTimeout
 .text.SelfTest
                0x00001c92      0x1a6 Lib/resources.o
                0x00001c92                SelfTest
 .text.Cheat    0x00001e38       0x78 Lib/text_adv.o
                0x00001e38                Cheat
 .text.UnflipData
                0x00001eb0       0x1a Lib/text_adv.o
                0x00001eb0                UnflipData
 .text.ClearTxAfter
                0x00001eca       0x14 Lib/text_adv.o
                0x00001eca                ClearTxAfter
 .text.StartsWith
                0x00001ede       0x34 Lib/text_adv.o
                0x00001ede                StartsWith
 .text.PrepareSending
                0x00001f12       0x7a Lib/text_adv.o
                0x00001f12                PrepareSending
 .text.SetStandardResponse
                0x00001f8c       0xf8 Lib/text_adv.o
                0x00001f8c                SetStandardResponse
 .text.PopulateObject
                0x00002084       0xee Lib/text_adv.o
                0x00002084                PopulateObject
 .text.CheckLetter
                0x00002172       0xac Lib/text_adv.o
                0x00002172                CheckLetter
 .text.FindChild
                0x0000221e       0xba Lib/text_adv.o
                0x0000221e                FindChild
 .text.InpOkChk
                0x000022d8       0x1c Lib/text_adv.o
                0x000022d8                InpOkChk
 .text.CleanInput
                0x000022f4       0x46 Lib/text_adv.o
                0x000022f4                CleanInput
 .text.CheckSend
                0x0000233a       0xde Lib/text_adv.o
                0x0000233a                CheckSend
 .text.CheckResponse
                0x00002418       0x8e Lib/text_adv.o
                0x00002418                CheckResponse
 .text.CheckInput
                0x000024a6      0x542 Lib/text_adv.o
                0x000024a6                CheckInput
 .text.ProcessInput
                0x000029e8     0x119e Lib/text_adv.o
                0x000029e8                ProcessInput
 .text.TextAdventure
                0x00003b86       0x92 Lib/text_adv.o
                0x00003b86                TextAdventure
 .text.startup.main
                0x00003c18       0xf4 main.o
                0x00003c18                main
 .text.libgcc.div
                0x00003d0c       0x18 c:/program files (x86)/atmel/studio/7.0/toolchain/avr8/avr8-gnu-toolchain/bin/../lib/gcc/avr/5.4.0/avrxmega3\libgcc.a(_udivmodqi4.o)
                0x00003d0c                __udivmodqi4
 .text.libgcc.div
                0x00003d24       0x26 c:/program files (x86)/atmel/studio/7.0/toolchain/avr8/avr8-gnu-toolchain/bin/../lib/gcc/avr/5.4.0/avrxmega3\libgcc.a(_divmodhi4.o)
                0x00003d24                _div
                0x00003d24                __divmodhi4
 .text.libgcc   0x00003d4a        0xc c:/program files (x86)/atmel/studio/7.0/toolchain/avr8/avr8-gnu-toolchain/bin/../lib/gcc/avr/5.4.0/avrxmega3\libgcc.a(_tablejump2.o)
                0x00003d4a                __tablejump2__
 .text.libgcc.div
                0x00003d56       0x28 c:/program files (x86)/atmel/studio/7.0/toolchain/avr8/avr8-gnu-toolchain/bin/../lib/gcc/avr/5.4.0/avrxmega3\libgcc.a(_udivmodhi4.o)
                0x00003d56                __udivmodhi4
                0x00003d7e                . = ALIGN (0x2)
 *(.fini9)
 .fini9         0x00003d7e        0x0 c:/program files (x86)/atmel/studio/7.0/toolchain/avr8/avr8-gnu-toolchain/bin/../lib/gcc/avr/5.4.0/avrxmega3\libgcc.a(_exit.o)
                0x00003d7e                _exit
                0x00003d7e                exit
 *(.fini9)
 *(.fini8)
 *(.fini8)
 *(.fini7)
 *(.fini7)
 *(.fini6)
 *(.fini6)
 *(.fini5)
 *(.fini5)
 *(.fini4)
 *(.fini4)
 *(.fini3)
 *(.fini3)
 *(.fini2)
 *(.fini2)
 *(.fini1)
 *(.fini1)
 *(.fini0)
 .fini0         0x00003d7e        0x4 c:/program files (x86)/atmel/studio/7.0/toolchain/avr8/avr8-gnu-toolchain/bin/../lib/gcc/avr/5.4.0/avrxmega3\libgcc.a(_exit.o)
 *(.fini0)
                0x00003d82                _etext = .

.rodata         0x0000bd82       0xfa load address 0x00003d82
 *(.rodata)
 .rodata        0x0000bd82       0x10 Lib/text_adv.o
 *(.rodata*)
 .rodata.lanyardCode
                0x0000bd92       0x18 Lib/lanyard.o
                0x0000bd92                lanyardCode
 .rodata.CAT    0x0000bdaa        0x1 Lib/main_def.o
                0x0000bdaa                CAT
 .rodata.BADGER
                0x0000bdab        0x1 Lib/main_def.o
                0x0000bdab                BADGER
 .rodata.SCARAB
                0x0000bdac        0x2 Lib/main_def.o
                0x0000bdac                SCARAB
 .rodata.WING   0x0000bdae        0xa Lib/main_def.o
                0x0000bdae                WING
 .rodata.EYE    0x0000bdb8        0x4 Lib/main_def.o
                0x0000bdb8                EYE
 .rodata.HCKR   0x0000bdbc        0xc Lib/main_def.o
                0x0000bdbc                HCKR
 .rodata.QSINE  0x0000bdc8       0x20 Lib/main_def.o
                0x0000bdc8                QSINE
 .rodata.xor_key
                0x0000bde8       0x10 Lib/main_def.o
                0x0000bde8                xor_key
 .rodata.mazeCode
                0x0000bdf8       0x12 Lib/maze.o
                0x0000bdf8                mazeCode
 .rodata.str1.1
                0x0000be0a       0x72 Lib/text_adv.o
 *(.gnu.linkonce.r*)

.data           0x00803800       0x2e load address 0x00003e7c
                0x00803800                PROVIDE (__data_start, .)
 *(.data)
 *(.data*)
 .data.setDAC.3790
                0x00803800        0x2 Lib/friends.o
 .data.lanyardState
                0x00803802        0x1 Lib/lanyard.o
                0x00803802                lanyardState
 .data.auRepAddr
                0x00803803        0x2 Lib/main_def.o
                0x00803803                auRepAddr
 .data.auSmpAddr
                0x00803805        0x2 Lib/main_def.o
                0x00803805                auSmpAddr
 .data.lastButtonState
                0x00803807        0x1 Lib/main_def.o
                0x00803807                lastButtonState
 .data.buttonState
                0x00803808        0x1 Lib/main_def.o
                0x00803808                buttonState
 .data.serTxDone
                0x00803809        0x1 Lib/main_def.o
                0x00803809                serTxDone
 .data.dimValueSum
                0x0080380a        0x2 Lib/main_def.o
                0x0080380a                dimValueSum
 .data.dimValue
                0x0080380c        0x1 Lib/main_def.o
                0x0080380c                dimValue
 .data.mazeState
                0x0080380d        0x1 Lib/maze.o
                0x0080380d                mazeState
 .data.auBuffer.4030
                0x0080380e        0x3 Lib/resources.o
 .data.auBuffer.4021
                0x00803811       0x11 Lib/resources.o
 .data.state.3911
                0x00803822        0x2 Lib/resources.o
 .data.previousValue.3901
                0x00803824        0x1 Lib/resources.o
 .data.mask     0x00803825        0x8 Lib/resources.o
                0x00803825                mask
 .data.currDepth
                0x0080382d        0x1 Lib/text_adv.o
 *(.gnu.linkonce.d*)
                0x0080382e                . = ALIGN (0x2)
                0x0080382e                _edata = .
                0x0080382e                PROVIDE (__data_end, .)

.bss            0x0080382e      0x2da
                0x0080382e                PROVIDE (__bss_start, .)
 *(.bss)
 *(.bss*)
 .bss.candidate.3793
                0x0080382e        0x1 Lib/friends.o
 .bss.jackIn.3792
                0x0080382f        0x1 Lib/friends.o
 .bss.chkTmr.3791
                0x00803830        0x1 Lib/friends.o
 .bss.progress.3789
                0x00803831        0x1 Lib/friends.o
 .bss.avgVolt.3782
                0x00803832        0x1 Lib/friends.o
 .bss.lanyardLastActive
                0x00803833        0x2 Lib/lanyard.o
                0x00803833                lanyardLastActive
 .bss.lanyardCnt
                0x00803835        0x1 Lib/lanyard.o
                0x00803835                lanyardCnt
 .bss.lanyardPos
                0x00803836        0x1 Lib/lanyard.o
                0x00803836                lanyardPos
 .bss.adc0Chg   0x00803837        0x1 Lib/main_def.o
                0x00803837                adc0Chg
 .bss.zero      0x00803838        0x1 Lib/main_def.o
                0x00803838                zero
 .bss.auStart   0x00803839        0x1 Lib/main_def.o
                0x00803839                auStart
 .bss.effect    0x0080383a        0x2 Lib/main_def.o
                0x0080383a                effect
 .bss.gameNow   0x0080383c        0x1 Lib/main_def.o
                0x0080383c                gameNow
 .bss.whoami    0x0080383d        0x1 Lib/main_def.o
                0x0080383d                whoami
 .bss.inventory
                0x0080383e        0x4 Lib/main_def.o
                0x0080383e                inventory
 .bss.buttonMark
                0x00803842        0x1 Lib/main_def.o
                0x00803842                buttonMark
 .bss.minuteMark
                0x00803843        0x1 Lib/main_def.o
                0x00803843                minuteMark
 .bss.serRxDone
                0x00803844        0x1 Lib/main_def.o
                0x00803844                serRxDone
 .bss.mazeLastActive
                0x00803845        0x2 Lib/maze.o
                0x00803845                mazeLastActive
 .bss.inverted  0x00803847        0x1 Lib/maze.o
                0x00803847                inverted
 .bss.mazeCnt   0x00803848        0x1 Lib/maze.o
                0x00803848                mazeCnt
 .bss.mazeHckrPos
                0x00803849        0x1 Lib/maze.o
                0x00803849                mazeHckrPos
 .bss.mazePos   0x0080384a        0x1 Lib/maze.o
                0x0080384a                mazePos
 .bss.newHallState
                0x0080384b        0x1 Lib/maze.o
                0x0080384b                newHallState
 .bss.curHallState
                0x0080384c        0x1 Lib/maze.o
                0x0080384c                curHallState
 .bss.duration.4031
                0x0080384d        0x1 Lib/resources.o
 .bss.start.4032
                0x0080384e        0x1 Lib/resources.o
 .bss.auBuffer.4025
                0x0080384f        0x7 Lib/resources.o
 .bss.loudness.4022
                0x00803856        0x1 Lib/resources.o
 .bss.duration.4023
                0x00803857        0x1 Lib/resources.o
 .bss.start.4024
                0x00803858        0x1 Lib/resources.o
 .bss.cooledDown.3970
                0x00803859        0x1 Lib/resources.o
 .bss.LedCount  0x0080385a        0x1 Lib/resources.o
                0x0080385a                LedCount
 .bss.HeartCount
                0x0080385b        0x1 Lib/resources.o
                0x0080385b                HeartCount
 .bss.serInput.4011
                0x0080385c       0x41 Lib/text_adv.o
 .bss.actObj2.3982
                0x0080389d       0x2b Lib/text_adv.o
 .bss.actObj1.3981
                0x008038c8       0x2b Lib/text_adv.o
 .bss.number.3941
                0x008038f3        0x1 Lib/text_adv.o
 .bss.txPart.3937
                0x008038f4        0x1 Lib/text_adv.o
 .bss.PunishmentTime
                0x008038f5        0x2 Lib/text_adv.o
 .bss.specialPassed
                0x008038f7        0x1 Lib/text_adv.o
 .bss.specialInput
                0x008038f8       0x10 Lib/text_adv.o
 .bss.responseList
                0x00803908        0x1 Lib/text_adv.o
 .bss.reactStr  0x00803909       0xc0 Lib/text_adv.o
 .bss.route     0x008039c9       0x40 Lib/text_adv.o
 .bss.currObj   0x00803a09       0x2b Lib/text_adv.o
 .bss.txTypeNow
                0x00803a34        0x1 Lib/text_adv.o
                0x00803a34                txTypeNow
 .bss.txAddrNow
                0x00803a35        0x1 Lib/text_adv.o
                0x00803a35                txAddrNow
 .bss.txStrLen  0x00803a36        0x8 Lib/text_adv.o
                0x00803a36                txStrLen
 .bss.txAddrList
                0x00803a3e       0x10 Lib/text_adv.o
                0x00803a3e                txAddrList
 *(COMMON)
 COMMON         0x00803a4e       0x97 Lib/main_def.o
                0x00803a4e                timeout_I2C
                0x00803a4f                gameState
                0x00803a63                serRx
                0x00803aa4                auVolume
                0x00803aa5                adcBtns
                0x00803aa7                serTxAddr
                0x00803aa9                adcHall
                0x00803aab                adcPhot
                0x00803aad                detHdPh
                0x00803aae                calTemp
                0x00803ab0                auIn
                0x00803ab8                iLED
                0x00803ae0                auPlayDone
                0x00803ae1                calHall
                0x00803ae3                adcTemp
 COMMON         0x00803ae5        0x2 Lib/resources.o
                0x00803ae5                tmp16bit
 COMMON         0x00803ae7       0x21 Lib/text_adv.o
                0x00803ae7                txBuffer
                0x00803b08                PROVIDE (__bss_end, .)
                0x00003e7c                __data_load_start = LOADADDR (.data)
                0x00003eaa                __data_load_end = (__data_load_start + SIZEOF (.data))

.noinit         0x00803b08        0x0
                [!provide]                PROVIDE (__noinit_start, .)
 *(.noinit*)
                [!provide]                PROVIDE (__noinit_end, .)
                0x00803b08                _end = .
                [!provide]                PROVIDE (__heap_start, .)

.eeprom         0x00810000        0x0
 *(.eeprom*)
                0x00810000                __eeprom_end = .

.fuse
 *(.fuse)
 *(.lfuse)
 *(.hfuse)
 *(.efuse)

.lock
 *(.lock*)

.signature
 *(.signature*)

.user_signatures
 *(.user_signatures*)

.stab
 *(.stab)

.stabstr
 *(.stabstr)

.stab.excl
 *(.stab.excl)

.stab.exclstr
 *(.stab.exclstr)

.stab.index
 *(.stab.index)

.stab.indexstr
 *(.stab.indexstr)

.comment        0x00000000       0x30
 *(.comment)
 .comment       0x00000000       0x30 Lib/friends.o
                                 0x31 (size before relaxing)
 .comment       0x00000030       0x31 Lib/I2C.o
 .comment       0x00000030       0x31 Lib/lanyard.o
 .comment       0x00000030       0x31 Lib/main_def.o
 .comment       0x00000030       0x31 Lib/maze.o
 .comment       0x00000030       0x31 Lib/resources.o
 .comment       0x00000030       0x31 Lib/text_adv.o
 .comment       0x00000030       0x31 main.o

.note.gnu.avr.deviceinfo
                0x00000000       0x40
 .note.gnu.avr.deviceinfo
                0x00000000       0x40 C:/Program Files (x86)/Atmel/Studio/7.0/Packs/atmel/ATtiny_DFP/1.3.229/gcc/dev/attiny1617/avrxmega3/crtattiny1617.o

.note.gnu.build-id
 *(.note.gnu.build-id)

.debug
 *(.debug)

.line
 *(.line)

.debug_srcinfo
 *(.debug_srcinfo)

.debug_sfnames
 *(.debug_sfnames)

.debug_aranges  0x00000000      0x308
 *(.debug_aranges)
 .debug_aranges
                0x00000000       0x28 Lib/friends.o
 .debug_aranges
                0x00000028       0x68 Lib/I2C.o
 .debug_aranges
                0x00000090       0x28 Lib/lanyard.o
 .debug_aranges
                0x000000b8       0x18 Lib/main_def.o
 .debug_aranges
                0x000000d0       0x30 Lib/maze.o
 .debug_aranges
                0x00000100      0x148 Lib/resources.o
 .debug_aranges
                0x00000248       0xa0 Lib/text_adv.o
 .debug_aranges
                0x000002e8       0x20 main.o

.debug_pubnames
 *(.debug_pubnames)

.debug_info     0x00000000     0x6b88
 *(.debug_info .gnu.linkonce.wi.*)
 .debug_info    0x00000000     0x19ed C:/Program Files (x86)/Atmel/Studio/7.0/Packs/atmel/ATtiny_DFP/1.3.229/gcc/dev/attiny1617/avrxmega3/crtattiny1617.o
 .debug_info    0x000019ed      0x350 Lib/friends.o
 .debug_info    0x00001d3d      0x6f7 Lib/I2C.o
 .debug_info    0x00002434      0x2d3 Lib/lanyard.o
 .debug_info    0x00002707      0x483 Lib/main_def.o
 .debug_info    0x00002b8a      0x3e4 Lib/maze.o
 .debug_info    0x00002f6e     0x13a6 Lib/resources.o
 .debug_info    0x00004314     0x25d2 Lib/text_adv.o
 .debug_info    0x000068e6      0x2a2 main.o

.debug_abbrev   0x00000000     0x2772
 *(.debug_abbrev)
 .debug_abbrev  0x00000000     0x1888 C:/Program Files (x86)/Atmel/Studio/7.0/Packs/atmel/ATtiny_DFP/1.3.229/gcc/dev/attiny1617/avrxmega3/crtattiny1617.o
 .debug_abbrev  0x00001888      0x145 Lib/friends.o
 .debug_abbrev  0x000019cd      0x26f Lib/I2C.o
 .debug_abbrev  0x00001c3c      0x10a Lib/lanyard.o
 .debug_abbrev  0x00001d46       0x96 Lib/main_def.o
 .debug_abbrev  0x00001ddc      0x193 Lib/maze.o
 .debug_abbrev  0x00001f6f      0x3c6 Lib/resources.o
 .debug_abbrev  0x00002335      0x36d Lib/text_adv.o
 .debug_abbrev  0x000026a2       0xd0 main.o

.debug_line     0x00000000     0x3a72
 *(.debug_line .debug_line.* .debug_line_end)
 .debug_line    0x00000000      0x151 C:/Program Files (x86)/Atmel/Studio/7.0/Packs/atmel/ATtiny_DFP/1.3.229/gcc/dev/attiny1617/avrxmega3/crtattiny1617.o
 .debug_line    0x00000151      0x3e0 Lib/friends.o
 .debug_line    0x00000531      0x598 Lib/I2C.o
 .debug_line    0x00000ac9      0x26e Lib/lanyard.o
 .debug_line    0x00000d37      0x106 Lib/main_def.o
 .debug_line    0x00000e3d      0x350 Lib/maze.o
 .debug_line    0x0000118d     0x118c Lib/resources.o
 .debug_line    0x00002319     0x1559 Lib/text_adv.o
 .debug_line    0x00003872      0x200 main.o

.debug_frame    0x00000000      0x984
 *(.debug_frame)
 .debug_frame   0x00000000       0x54 Lib/friends.o
 .debug_frame   0x00000054       0xf8 Lib/I2C.o
 .debug_frame   0x0000014c       0x3c Lib/lanyard.o
 .debug_frame   0x00000188       0x50 Lib/maze.o
 .debug_frame   0x000001d8      0x4bc Lib/resources.o
 .debug_frame   0x00000694      0x2cc Lib/text_adv.o
 .debug_frame   0x00000960       0x24 main.o

.debug_str      0x00000000     0x19ec
 *(.debug_str)
 .debug_str     0x00000000      0xacf C:/Program Files (x86)/Atmel/Studio/7.0/Packs/atmel/ATtiny_DFP/1.3.229/gcc/dev/attiny1617/avrxmega3/crtattiny1617.o
 .debug_str     0x00000acf      0x244 Lib/friends.o
                                0x278 (size before relaxing)
 .debug_str     0x00000d13      0x326 Lib/I2C.o
                                0x4e7 (size before relaxing)
 .debug_str     0x00001039       0xd3 Lib/lanyard.o
                                0x2aa (size before relaxing)
 .debug_str     0x0000110c       0xd9 Lib/main_def.o
                                0x322 (size before relaxing)
 .debug_str     0x000011e5       0xa8 Lib/maze.o
                                0x2e1 (size before relaxing)
 .debug_str     0x0000128d      0x3e3 Lib/resources.o
                                0x786 (size before relaxing)
 .debug_str     0x00001670      0x36b Lib/text_adv.o
                                0x62b (size before relaxing)
 .debug_str     0x000019db       0x11 main.o
                                0x2bc (size before relaxing)

.debug_loc      0x00000000     0x4449
 *(.debug_loc)
 .debug_loc     0x00000000      0x157 Lib/friends.o
 .debug_loc     0x00000157      0x4ed Lib/I2C.o
 .debug_loc     0x00000644       0x22 Lib/lanyard.o
 .debug_loc     0x00000666       0xfb Lib/maze.o
 .debug_loc     0x00000761     0x11dd Lib/resources.o
 .debug_loc     0x0000193e     0x2b0b Lib/text_adv.o

.debug_macinfo
 *(.debug_macinfo)

.debug_weaknames
 *(.debug_weaknames)

.debug_funcnames
 *(.debug_funcnames)

.debug_typenames
 *(.debug_typenames)

.debug_varnames
 *(.debug_varnames)

.debug_pubtypes
 *(.debug_pubtypes)

.debug_ranges   0x00000000      0x3a0
 *(.debug_ranges)
 .debug_ranges  0x00000000       0x30 Lib/friends.o
 .debug_ranges  0x00000030       0x58 Lib/I2C.o
 .debug_ranges  0x00000088       0x18 Lib/lanyard.o
 .debug_ranges  0x000000a0       0x20 Lib/maze.o
 .debug_ranges  0x000000c0      0x150 Lib/resources.o
 .debug_ranges  0x00000210      0x180 Lib/text_adv.o
 .debug_ranges  0x00000390       0x10 main.o

.debug_macro
 *(.debug_macro)
OUTPUT(ISR_IO.elf elf32-avr)
LOAD linker stubs
