Archive member included to satisfy reference by file (symbol)

c:/program files (x86)/atmel/studio/7.0/toolchain/avr8/avr8-gnu-toolchain/bin/../lib/gcc/avr/5.4.0/avrxmega3\libgcc.a(_exit.o)
                              C:/Program Files (x86)/Atmel/Studio/7.0/Packs/atmel/ATtiny_DFP/1.3.229/gcc/dev/attiny1617/avrxmega3/crtattiny1617.o (exit)
c:/program files (x86)/atmel/studio/7.0/toolchain/avr8/avr8-gnu-toolchain/bin/../lib/gcc/avr/5.4.0/avrxmega3\libgcc.a(_tablejump2.o)
                              Lib/resources.o (__tablejump2__)
c:/program files (x86)/atmel/studio/7.0/toolchain/avr8/avr8-gnu-toolchain/bin/../lib/gcc/avr/5.4.0/avrxmega3\libgcc.a(_copy_data.o)
                              Lib/friends.o (__do_copy_data)
c:/program files (x86)/atmel/studio/7.0/toolchain/avr8/avr8-gnu-toolchain/bin/../lib/gcc/avr/5.4.0/avrxmega3\libgcc.a(_clear_bss.o)
                              Lib/friends.o (__do_clear_bss)
c:/program files (x86)/atmel/studio/7.0/toolchain/avr8/avr8-gnu-toolchain/bin/../lib/gcc/avr/5.4.0/avrxmega3\libgcc.a(_prologue.o)
                              Lib/resources.o (__prologue_saves__)
c:/program files (x86)/atmel/studio/7.0/toolchain/avr8/avr8-gnu-toolchain/bin/../lib/gcc/avr/5.4.0/avrxmega3\libgcc.a(_epilogue.o)
                              Lib/I2C.o (__epilogue_restores__)

Allocating common symbols
Common symbol       size              file

timeout_I2C         0x1               Lib/main_def.o
gameState           0x14              Lib/main_def.o
serRx               0x41              Lib/main_def.o
auVolume            0x1               Lib/main_def.o
adcBtns             0x2               Lib/main_def.o
serTxAddr           0x2               Lib/main_def.o
adcHall             0x2               Lib/main_def.o
adcPhot             0x2               Lib/main_def.o
txBuffer            0x21              Lib/text_adv.o
detHdPh             0x1               Lib/main_def.o
calTemp             0x2               Lib/main_def.o
auIn                0x1               Lib/main_def.o
iLED                0x28              Lib/main_def.o
tmp16bit            0x2               Lib/resources.o
calHall             0x2               Lib/main_def.o
adcTemp             0x2               Lib/main_def.o

Discarded input sections

 .data          0x00000000        0x0 C:/Program Files (x86)/Atmel/Studio/7.0/Packs/atmel/ATtiny_DFP/1.3.229/gcc/dev/attiny1617/avrxmega3/crtattiny1617.o
 .bss           0x00000000        0x0 C:/Program Files (x86)/Atmel/Studio/7.0/Packs/atmel/ATtiny_DFP/1.3.229/gcc/dev/attiny1617/avrxmega3/crtattiny1617.o
 .text          0x00000000        0x0 Lib/friends.o
 .data          0x00000000        0x0 Lib/friends.o
 .bss           0x00000000        0x0 Lib/friends.o
 COMMON         0x00000000        0x0 Lib/friends.o
 .text          0x00000000        0x0 Lib/I2C.o
 .data          0x00000000        0x0 Lib/I2C.o
 .bss           0x00000000        0x0 Lib/I2C.o
 .text.I2C_rep_start
                0x00000000        0x6 Lib/I2C.o
 .text.I2C_write_bytes
                0x00000000       0x7a Lib/I2C.o
 .text          0x00000000        0x0 Lib/lanyard.o
 .data          0x00000000        0x0 Lib/lanyard.o
 .bss           0x00000000        0x0 Lib/lanyard.o
 .text          0x00000000        0x0 Lib/main_def.o
 .data          0x00000000        0x0 Lib/main_def.o
 .bss           0x00000000        0x0 Lib/main_def.o
 .text          0x00000000        0x0 Lib/maze.o
 .data          0x00000000        0x0 Lib/maze.o
 .bss           0x00000000        0x0 Lib/maze.o
 .text          0x00000000        0x0 Lib/resources.o
 .data          0x00000000        0x0 Lib/resources.o
 .bss           0x00000000        0x0 Lib/resources.o
 .text          0x00000000        0x0 Lib/simon.o
 .data          0x00000000        0x0 Lib/simon.o
 .bss           0x00000000        0x0 Lib/simon.o
 .bss.simonScore
                0x00000000        0x2 Lib/simon.o
 .text          0x00000000        0x0 Lib/text_adv.o
 .data          0x00000000        0x0 Lib/text_adv.o
 .bss           0x00000000        0x0 Lib/text_adv.o
 .text.SetResponse
                0x00000000       0x30 Lib/text_adv.o
 .bss.sendPrompt
                0x00000000        0x1 Lib/text_adv.o
 .text          0x00000000        0x0 main.o
 .data          0x00000000        0x0 main.o
 .bss           0x00000000        0x0 main.o
 .text          0x00000000        0x0 c:/program files (x86)/atmel/studio/7.0/toolchain/avr8/avr8-gnu-toolchain/bin/../lib/gcc/avr/5.4.0/avrxmega3\libgcc.a(_exit.o)
 .data          0x00000000        0x0 c:/program files (x86)/atmel/studio/7.0/toolchain/avr8/avr8-gnu-toolchain/bin/../lib/gcc/avr/5.4.0/avrxmega3\libgcc.a(_exit.o)
 .bss           0x00000000        0x0 c:/program files (x86)/atmel/studio/7.0/toolchain/avr8/avr8-gnu-toolchain/bin/../lib/gcc/avr/5.4.0/avrxmega3\libgcc.a(_exit.o)
 .text.libgcc.mul
                0x00000000        0x0 c:/program files (x86)/atmel/studio/7.0/toolchain/avr8/avr8-gnu-toolchain/bin/../lib/gcc/avr/5.4.0/avrxmega3\libgcc.a(_exit.o)
 .text.libgcc.div
                0x00000000        0x0 c:/program files (x86)/atmel/studio/7.0/toolchain/avr8/avr8-gnu-toolchain/bin/../lib/gcc/avr/5.4.0/avrxmega3\libgcc.a(_exit.o)
 .text.libgcc   0x00000000        0x0 c:/program files (x86)/atmel/studio/7.0/toolchain/avr8/avr8-gnu-toolchain/bin/../lib/gcc/avr/5.4.0/avrxmega3\libgcc.a(_exit.o)
 .text.libgcc.prologue
                0x00000000        0x0 c:/program files (x86)/atmel/studio/7.0/toolchain/avr8/avr8-gnu-toolchain/bin/../lib/gcc/avr/5.4.0/avrxmega3\libgcc.a(_exit.o)
 .text.libgcc.builtins
                0x00000000        0x0 c:/program files (x86)/atmel/studio/7.0/toolchain/avr8/avr8-gnu-toolchain/bin/../lib/gcc/avr/5.4.0/avrxmega3\libgcc.a(_exit.o)
 .text.libgcc.fmul
                0x00000000        0x0 c:/program files (x86)/atmel/studio/7.0/toolchain/avr8/avr8-gnu-toolchain/bin/../lib/gcc/avr/5.4.0/avrxmega3\libgcc.a(_exit.o)
 .text.libgcc.fixed
                0x00000000        0x0 c:/program files (x86)/atmel/studio/7.0/toolchain/avr8/avr8-gnu-toolchain/bin/../lib/gcc/avr/5.4.0/avrxmega3\libgcc.a(_exit.o)
 .text          0x00000000        0x0 c:/program files (x86)/atmel/studio/7.0/toolchain/avr8/avr8-gnu-toolchain/bin/../lib/gcc/avr/5.4.0/avrxmega3\libgcc.a(_tablejump2.o)
 .data          0x00000000        0x0 c:/program files (x86)/atmel/studio/7.0/toolchain/avr8/avr8-gnu-toolchain/bin/../lib/gcc/avr/5.4.0/avrxmega3\libgcc.a(_tablejump2.o)
 .bss           0x00000000        0x0 c:/program files (x86)/atmel/studio/7.0/toolchain/avr8/avr8-gnu-toolchain/bin/../lib/gcc/avr/5.4.0/avrxmega3\libgcc.a(_tablejump2.o)
 .text.libgcc.mul
                0x00000000        0x0 c:/program files (x86)/atmel/studio/7.0/toolchain/avr8/avr8-gnu-toolchain/bin/../lib/gcc/avr/5.4.0/avrxmega3\libgcc.a(_tablejump2.o)
 .text.libgcc.div
                0x00000000        0x0 c:/program files (x86)/atmel/studio/7.0/toolchain/avr8/avr8-gnu-toolchain/bin/../lib/gcc/avr/5.4.0/avrxmega3\libgcc.a(_tablejump2.o)
 .text.libgcc.prologue
                0x00000000        0x0 c:/program files (x86)/atmel/studio/7.0/toolchain/avr8/avr8-gnu-toolchain/bin/../lib/gcc/avr/5.4.0/avrxmega3\libgcc.a(_tablejump2.o)
 .text.libgcc.builtins
                0x00000000        0x0 c:/program files (x86)/atmel/studio/7.0/toolchain/avr8/avr8-gnu-toolchain/bin/../lib/gcc/avr/5.4.0/avrxmega3\libgcc.a(_tablejump2.o)
 .text.libgcc.fmul
                0x00000000        0x0 c:/program files (x86)/atmel/studio/7.0/toolchain/avr8/avr8-gnu-toolchain/bin/../lib/gcc/avr/5.4.0/avrxmega3\libgcc.a(_tablejump2.o)
 .text.libgcc.fixed
                0x00000000        0x0 c:/program files (x86)/atmel/studio/7.0/toolchain/avr8/avr8-gnu-toolchain/bin/../lib/gcc/avr/5.4.0/avrxmega3\libgcc.a(_tablejump2.o)
 .text          0x00000000        0x0 c:/program files (x86)/atmel/studio/7.0/toolchain/avr8/avr8-gnu-toolchain/bin/../lib/gcc/avr/5.4.0/avrxmega3\libgcc.a(_copy_data.o)
 .data          0x00000000        0x0 c:/program files (x86)/atmel/studio/7.0/toolchain/avr8/avr8-gnu-toolchain/bin/../lib/gcc/avr/5.4.0/avrxmega3\libgcc.a(_copy_data.o)
 .bss           0x00000000        0x0 c:/program files (x86)/atmel/studio/7.0/toolchain/avr8/avr8-gnu-toolchain/bin/../lib/gcc/avr/5.4.0/avrxmega3\libgcc.a(_copy_data.o)
 .text.libgcc.mul
                0x00000000        0x0 c:/program files (x86)/atmel/studio/7.0/toolchain/avr8/avr8-gnu-toolchain/bin/../lib/gcc/avr/5.4.0/avrxmega3\libgcc.a(_copy_data.o)
 .text.libgcc.div
                0x00000000        0x0 c:/program files (x86)/atmel/studio/7.0/toolchain/avr8/avr8-gnu-toolchain/bin/../lib/gcc/avr/5.4.0/avrxmega3\libgcc.a(_copy_data.o)
 .text.libgcc   0x00000000        0x0 c:/program files (x86)/atmel/studio/7.0/toolchain/avr8/avr8-gnu-toolchain/bin/../lib/gcc/avr/5.4.0/avrxmega3\libgcc.a(_copy_data.o)
 .text.libgcc.prologue
                0x00000000        0x0 c:/program files (x86)/atmel/studio/7.0/toolchain/avr8/avr8-gnu-toolchain/bin/../lib/gcc/avr/5.4.0/avrxmega3\libgcc.a(_copy_data.o)
 .text.libgcc.builtins
                0x00000000        0x0 c:/program files (x86)/atmel/studio/7.0/toolchain/avr8/avr8-gnu-toolchain/bin/../lib/gcc/avr/5.4.0/avrxmega3\libgcc.a(_copy_data.o)
 .text.libgcc.fmul
                0x00000000        0x0 c:/program files (x86)/atmel/studio/7.0/toolchain/avr8/avr8-gnu-toolchain/bin/../lib/gcc/avr/5.4.0/avrxmega3\libgcc.a(_copy_data.o)
 .text.libgcc.fixed
                0x00000000        0x0 c:/program files (x86)/atmel/studio/7.0/toolchain/avr8/avr8-gnu-toolchain/bin/../lib/gcc/avr/5.4.0/avrxmega3\libgcc.a(_copy_data.o)
 .text          0x00000000        0x0 c:/program files (x86)/atmel/studio/7.0/toolchain/avr8/avr8-gnu-toolchain/bin/../lib/gcc/avr/5.4.0/avrxmega3\libgcc.a(_clear_bss.o)
 .data          0x00000000        0x0 c:/program files (x86)/atmel/studio/7.0/toolchain/avr8/avr8-gnu-toolchain/bin/../lib/gcc/avr/5.4.0/avrxmega3\libgcc.a(_clear_bss.o)
 .bss           0x00000000        0x0 c:/program files (x86)/atmel/studio/7.0/toolchain/avr8/avr8-gnu-toolchain/bin/../lib/gcc/avr/5.4.0/avrxmega3\libgcc.a(_clear_bss.o)
 .text.libgcc.mul
                0x00000000        0x0 c:/program files (x86)/atmel/studio/7.0/toolchain/avr8/avr8-gnu-toolchain/bin/../lib/gcc/avr/5.4.0/avrxmega3\libgcc.a(_clear_bss.o)
 .text.libgcc.div
                0x00000000        0x0 c:/program files (x86)/atmel/studio/7.0/toolchain/avr8/avr8-gnu-toolchain/bin/../lib/gcc/avr/5.4.0/avrxmega3\libgcc.a(_clear_bss.o)
 .text.libgcc   0x00000000        0x0 c:/program files (x86)/atmel/studio/7.0/toolchain/avr8/avr8-gnu-toolchain/bin/../lib/gcc/avr/5.4.0/avrxmega3\libgcc.a(_clear_bss.o)
 .text.libgcc.prologue
                0x00000000        0x0 c:/program files (x86)/atmel/studio/7.0/toolchain/avr8/avr8-gnu-toolchain/bin/../lib/gcc/avr/5.4.0/avrxmega3\libgcc.a(_clear_bss.o)
 .text.libgcc.builtins
                0x00000000        0x0 c:/program files (x86)/atmel/studio/7.0/toolchain/avr8/avr8-gnu-toolchain/bin/../lib/gcc/avr/5.4.0/avrxmega3\libgcc.a(_clear_bss.o)
 .text.libgcc.fmul
                0x00000000        0x0 c:/program files (x86)/atmel/studio/7.0/toolchain/avr8/avr8-gnu-toolchain/bin/../lib/gcc/avr/5.4.0/avrxmega3\libgcc.a(_clear_bss.o)
 .text.libgcc.fixed
                0x00000000        0x0 c:/program files (x86)/atmel/studio/7.0/toolchain/avr8/avr8-gnu-toolchain/bin/../lib/gcc/avr/5.4.0/avrxmega3\libgcc.a(_clear_bss.o)
 .text          0x00000000        0x0 c:/program files (x86)/atmel/studio/7.0/toolchain/avr8/avr8-gnu-toolchain/bin/../lib/gcc/avr/5.4.0/avrxmega3\libgcc.a(_prologue.o)
 .data          0x00000000        0x0 c:/program files (x86)/atmel/studio/7.0/toolchain/avr8/avr8-gnu-toolchain/bin/../lib/gcc/avr/5.4.0/avrxmega3\libgcc.a(_prologue.o)
 .bss           0x00000000        0x0 c:/program files (x86)/atmel/studio/7.0/toolchain/avr8/avr8-gnu-toolchain/bin/../lib/gcc/avr/5.4.0/avrxmega3\libgcc.a(_prologue.o)
 .text.libgcc.mul
                0x00000000        0x0 c:/program files (x86)/atmel/studio/7.0/toolchain/avr8/avr8-gnu-toolchain/bin/../lib/gcc/avr/5.4.0/avrxmega3\libgcc.a(_prologue.o)
 .text.libgcc.div
                0x00000000        0x0 c:/program files (x86)/atmel/studio/7.0/toolchain/avr8/avr8-gnu-toolchain/bin/../lib/gcc/avr/5.4.0/avrxmega3\libgcc.a(_prologue.o)
 .text.libgcc   0x00000000        0x0 c:/program files (x86)/atmel/studio/7.0/toolchain/avr8/avr8-gnu-toolchain/bin/../lib/gcc/avr/5.4.0/avrxmega3\libgcc.a(_prologue.o)
 .text.libgcc.builtins
                0x00000000        0x0 c:/program files (x86)/atmel/studio/7.0/toolchain/avr8/avr8-gnu-toolchain/bin/../lib/gcc/avr/5.4.0/avrxmega3\libgcc.a(_prologue.o)
 .text.libgcc.fmul
                0x00000000        0x0 c:/program files (x86)/atmel/studio/7.0/toolchain/avr8/avr8-gnu-toolchain/bin/../lib/gcc/avr/5.4.0/avrxmega3\libgcc.a(_prologue.o)
 .text.libgcc.fixed
                0x00000000        0x0 c:/program files (x86)/atmel/studio/7.0/toolchain/avr8/avr8-gnu-toolchain/bin/../lib/gcc/avr/5.4.0/avrxmega3\libgcc.a(_prologue.o)
 .text          0x00000000        0x0 c:/program files (x86)/atmel/studio/7.0/toolchain/avr8/avr8-gnu-toolchain/bin/../lib/gcc/avr/5.4.0/avrxmega3\libgcc.a(_epilogue.o)
 .data          0x00000000        0x0 c:/program files (x86)/atmel/studio/7.0/toolchain/avr8/avr8-gnu-toolchain/bin/../lib/gcc/avr/5.4.0/avrxmega3\libgcc.a(_epilogue.o)
 .bss           0x00000000        0x0 c:/program files (x86)/atmel/studio/7.0/toolchain/avr8/avr8-gnu-toolchain/bin/../lib/gcc/avr/5.4.0/avrxmega3\libgcc.a(_epilogue.o)
 .text.libgcc.mul
                0x00000000        0x0 c:/program files (x86)/atmel/studio/7.0/toolchain/avr8/avr8-gnu-toolchain/bin/../lib/gcc/avr/5.4.0/avrxmega3\libgcc.a(_epilogue.o)
 .text.libgcc.div
                0x00000000        0x0 c:/program files (x86)/atmel/studio/7.0/toolchain/avr8/avr8-gnu-toolchain/bin/../lib/gcc/avr/5.4.0/avrxmega3\libgcc.a(_epilogue.o)
 .text.libgcc   0x00000000        0x0 c:/program files (x86)/atmel/studio/7.0/toolchain/avr8/avr8-gnu-toolchain/bin/../lib/gcc/avr/5.4.0/avrxmega3\libgcc.a(_epilogue.o)
 .text.libgcc.builtins
                0x00000000        0x0 c:/program files (x86)/atmel/studio/7.0/toolchain/avr8/avr8-gnu-toolchain/bin/../lib/gcc/avr/5.4.0/avrxmega3\libgcc.a(_epilogue.o)
 .text.libgcc.fmul
                0x00000000        0x0 c:/program files (x86)/atmel/studio/7.0/toolchain/avr8/avr8-gnu-toolchain/bin/../lib/gcc/avr/5.4.0/avrxmega3\libgcc.a(_epilogue.o)
 .text.libgcc.fixed
                0x00000000        0x0 c:/program files (x86)/atmel/studio/7.0/toolchain/avr8/avr8-gnu-toolchain/bin/../lib/gcc/avr/5.4.0/avrxmega3\libgcc.a(_epilogue.o)

Memory Configuration

Name             Origin             Length             Attributes
text             0x00000000         0x00100000         xr
data             0x00802000         0x0000ffa0         rw !x
eeprom           0x00810000         0x00010000         rw !x
fuse             0x00820000         0x00000009         rw !x
lock             0x00830000         0x00000400         rw !x
signature        0x00840000         0x00000400         rw !x
user_signatures  0x00850000         0x00000400         rw !x
*default*        0x00000000         0xffffffff

Linker script and memory map

Address of section .data set to 0x803800
                0x00008000                __RODATA_PM_OFFSET__ = 0x8000
LOAD C:/Program Files (x86)/Atmel/Studio/7.0/Packs/atmel/ATtiny_DFP/1.3.229/gcc/dev/attiny1617/avrxmega3/crtattiny1617.o
LOAD Lib/friends.o
LOAD Lib/I2C.o
LOAD Lib/lanyard.o
LOAD Lib/main_def.o
LOAD Lib/maze.o
LOAD Lib/resources.o
LOAD Lib/simon.o
LOAD Lib/text_adv.o
LOAD main.o
START GROUP
LOAD c:/program files (x86)/atmel/studio/7.0/toolchain/avr8/avr8-gnu-toolchain/bin/../lib/gcc/avr/5.4.0/../../../../avr/lib/avrxmega3\libm.a
END GROUP
START GROUP
LOAD c:/program files (x86)/atmel/studio/7.0/toolchain/avr8/avr8-gnu-toolchain/bin/../lib/gcc/avr/5.4.0/avrxmega3\libgcc.a
LOAD c:/program files (x86)/atmel/studio/7.0/toolchain/avr8/avr8-gnu-toolchain/bin/../lib/gcc/avr/5.4.0/../../../../avr/lib/avrxmega3\libm.a
LOAD c:/program files (x86)/atmel/studio/7.0/toolchain/avr8/avr8-gnu-toolchain/bin/../lib/gcc/avr/5.4.0/../../../../avr/lib/avrxmega3\libc.a
LOAD C:/Program Files (x86)/Atmel/Studio/7.0/Packs/atmel/ATtiny_DFP/1.3.229/gcc/dev/attiny1617/avrxmega3\libattiny1617.a
END GROUP
                0x00000000                __TEXT_REGION_ORIGIN__ = DEFINED (__TEXT_REGION_ORIGIN__)?__TEXT_REGION_ORIGIN__:0x0
                0x00802000                __DATA_REGION_ORIGIN__ = DEFINED (__DATA_REGION_ORIGIN__)?__DATA_REGION_ORIGIN__:0x802000
                0x00100000                __TEXT_REGION_LENGTH__ = DEFINED (__TEXT_REGION_LENGTH__)?__TEXT_REGION_LENGTH__:0x100000
                0x0000ffa0                __DATA_REGION_LENGTH__ = DEFINED (__DATA_REGION_LENGTH__)?__DATA_REGION_LENGTH__:0xffa0
                0x00010000                __EEPROM_REGION_LENGTH__ = DEFINED (__EEPROM_REGION_LENGTH__)?__EEPROM_REGION_LENGTH__:0x10000
                [0x00000009]                __FUSE_REGION_LENGTH__ = DEFINED (__FUSE_REGION_LENGTH__)?__FUSE_REGION_LENGTH__:0x400
                0x00000400                __LOCK_REGION_LENGTH__ = DEFINED (__LOCK_REGION_LENGTH__)?__LOCK_REGION_LENGTH__:0x400
                0x00000400                __SIGNATURE_REGION_LENGTH__ = DEFINED (__SIGNATURE_REGION_LENGTH__)?__SIGNATURE_REGION_LENGTH__:0x400
                0x00000400                __USER_SIGNATURE_REGION_LENGTH__ = DEFINED (__USER_SIGNATURE_REGION_LENGTH__)?__USER_SIGNATURE_REGION_LENGTH__:0x400
                0x00008000                __RODATA_PM_OFFSET__ = DEFINED (__RODATA_PM_OFFSET__)?__RODATA_PM_OFFSET__:0x8000

.hash
 *(.hash)

.dynsym
 *(.dynsym)

.dynstr
 *(.dynstr)

.gnu.version
 *(.gnu.version)

.gnu.version_d
 *(.gnu.version_d)

.gnu.version_r
 *(.gnu.version_r)

.rel.init
 *(.rel.init)

.rela.init
 *(.rela.init)

.rel.text
 *(.rel.text)
 *(.rel.text.*)
 *(.rel.gnu.linkonce.t*)

.rela.text
 *(.rela.text)
 *(.rela.text.*)
 *(.rela.gnu.linkonce.t*)

.rel.fini
 *(.rel.fini)

.rela.fini
 *(.rela.fini)

.rel.rodata
 *(.rel.rodata)
 *(.rel.rodata.*)
 *(.rel.gnu.linkonce.r*)

.rela.rodata
 *(.rela.rodata)
 *(.rela.rodata.*)
 *(.rela.gnu.linkonce.r*)

.rel.data
 *(.rel.data)
 *(.rel.data.*)
 *(.rel.gnu.linkonce.d*)

.rela.data
 *(.rela.data)
 *(.rela.data.*)
 *(.rela.gnu.linkonce.d*)

.rel.ctors
 *(.rel.ctors)

.rela.ctors
 *(.rela.ctors)

.rel.dtors
 *(.rel.dtors)

.rela.dtors
 *(.rela.dtors)

.rel.got
 *(.rel.got)

.rela.got
 *(.rela.got)

.rel.bss
 *(.rel.bss)

.rela.bss
 *(.rela.bss)

.rel.plt
 *(.rel.plt)

.rela.plt
 *(.rela.plt)

.text           0x00000000     0x3e96
 *(.vectors)
 .vectors       0x00000000       0x7c C:/Program Files (x86)/Atmel/Studio/7.0/Packs/atmel/ATtiny_DFP/1.3.229/gcc/dev/attiny1617/avrxmega3/crtattiny1617.o
                0x00000000                __vector_default
                0x00000000                __vectors
 *(.vectors)
 *(.progmem.gcc*)
 .progmem.gcc_sw_table.GenerateBlinks
                0x0000007c       0x12 Lib/resources.o
                0x0000008e                . = ALIGN (0x2)
                0x0000008e                __trampolines_start = .
 *(.trampolines)
 .trampolines   0x0000008e        0x0 linker stubs
 *(.trampolines*)
                0x0000008e                __trampolines_end = .
 *libprintf_flt.a:*(.progmem.data)
 *libc.a:*(.progmem.data)
 *(.progmem*)
                0x0000008e                . = ALIGN (0x2)
 *(.jumptables)
 *(.jumptables*)
 *(.lowtext)
 *(.lowtext*)
                0x0000008e                __ctors_start = .
 *(.ctors)
                0x0000008e                __ctors_end = .
                0x0000008e                __dtors_start = .
 *(.dtors)
                0x0000008e                __dtors_end = .
 SORT(*)(.ctors)
 SORT(*)(.dtors)
 *(.init0)
 .init0         0x0000008e        0x0 C:/Program Files (x86)/Atmel/Studio/7.0/Packs/atmel/ATtiny_DFP/1.3.229/gcc/dev/attiny1617/avrxmega3/crtattiny1617.o
                0x0000008e                __init
 *(.init0)
 *(.init1)
 *(.init1)
 *(.init2)
 .init2         0x0000008e        0xc C:/Program Files (x86)/Atmel/Studio/7.0/Packs/atmel/ATtiny_DFP/1.3.229/gcc/dev/attiny1617/avrxmega3/crtattiny1617.o
 *(.init2)
 *(.init3)
 *(.init3)
 *(.init4)
 .init4         0x0000009a       0x16 c:/program files (x86)/atmel/studio/7.0/toolchain/avr8/avr8-gnu-toolchain/bin/../lib/gcc/avr/5.4.0/avrxmega3\libgcc.a(_copy_data.o)
                0x0000009a                __do_copy_data
 .init4         0x000000b0       0x10 c:/program files (x86)/atmel/studio/7.0/toolchain/avr8/avr8-gnu-toolchain/bin/../lib/gcc/avr/5.4.0/avrxmega3\libgcc.a(_clear_bss.o)
                0x000000b0                __do_clear_bss
 *(.init4)
 *(.init5)
 *(.init5)
 *(.init6)
 *(.init6)
 *(.init7)
 *(.init7)
 *(.init8)
 *(.init8)
 *(.init9)
 .init9         0x000000c0        0x8 C:/Program Files (x86)/Atmel/Studio/7.0/Packs/atmel/ATtiny_DFP/1.3.229/gcc/dev/attiny1617/avrxmega3/crtattiny1617.o
 *(.init9)
 *(.text)
 .text          0x000000c8        0x2 C:/Program Files (x86)/Atmel/Studio/7.0/Packs/atmel/ATtiny_DFP/1.3.229/gcc/dev/attiny1617/avrxmega3/crtattiny1617.o
                0x000000c8                __vector_1
                0x000000c8                __vector_24
                0x000000c8                __vector_12
                0x000000c8                __bad_interrupt
                0x000000c8                __vector_3
                0x000000c8                __vector_23
                0x000000c8                __vector_30
                0x000000c8                __vector_25
                0x000000c8                __vector_11
                0x000000c8                __vector_17
                0x000000c8                __vector_19
                0x000000c8                __vector_5
                0x000000c8                __vector_4
                0x000000c8                __vector_9
                0x000000c8                __vector_2
                0x000000c8                __vector_21
                0x000000c8                __vector_15
                0x000000c8                __vector_29
                0x000000c8                __vector_26
                0x000000c8                __vector_10
                0x000000c8                __vector_16
                0x000000c8                __vector_18
                0x000000ca                . = ALIGN (0x2)
 *(.text.*)
 .text.chkVolt250
                0x000000ca       0x30 Lib/friends.o
                0x000000ca                chkVolt250
 .text.MakeFriends
                0x000000fa      0x216 Lib/friends.o
                0x000000fa                MakeFriends
 .text.I2C_init
                0x00000310       0x3c Lib/I2C.o
                0x00000310                I2C_init
 .text.I2C_recover
                0x0000034c       0x7c Lib/I2C.o
                0x0000034c                I2C_recover
 .text.I2C_start
                0x000003c8       0x22 Lib/I2C.o
                0x000003c8                I2C_start
 .text.I2C_wait_ACK
                0x000003ea       0x4e Lib/I2C.o
                0x000003ea                I2C_wait_ACK
 .text.I2C_read
                0x00000438       0x82 Lib/I2C.o
                0x00000438                I2C_read
 .text.I2C_write
                0x000004ba       0x46 Lib/I2C.o
                0x000004ba                I2C_write
 .text.I2C_stop
                0x00000500        0xc Lib/I2C.o
                0x00000500                I2C_stop
 .text.I2C_read_bytes
                0x0000050c       0x8a Lib/I2C.o
                0x0000050c                I2C_read_bytes
 .text.initLanyard
                0x00000596       0x14 Lib/lanyard.o
                0x00000596                initLanyard
 .text.LanyardCode
                0x000005aa      0x176 Lib/lanyard.o
                0x000005aa                LanyardCode
 .text.initMaze
                0x00000720       0x1a Lib/maze.o
                0x00000720                initMaze
 .text.showFieldStrength
                0x0000073a       0x76 Lib/maze.o
                0x0000073a                showFieldStrength
 .text.MagnetMaze
                0x000007b0      0x1fa Lib/maze.o
                0x000007b0                MagnetMaze
 .text.Setup    0x000009aa      0x228 Lib/resources.o
                0x000009aa                Setup
 .text.__vector_8
                0x00000bd2       0xa2 Lib/resources.o
                0x00000bd2                __vector_8
 .text.__vector_13
                0x00000c74       0x66 Lib/resources.o
                0x00000c74                __vector_13
 .text.__vector_14
                0x00000cda       0xa6 Lib/resources.o
                0x00000cda                __vector_14
 .text.__vector_27
                0x00000d80       0xb6 Lib/resources.o
                0x00000d80                __vector_27
 .text.__vector_28
                0x00000e36       0x38 Lib/resources.o
                0x00000e36                __vector_28
 .text.__vector_20
                0x00000e6e       0x58 Lib/resources.o
                0x00000e6e                __vector_20
 .text.__vector_22
                0x00000ec6       0x90 Lib/resources.o
                0x00000ec6                __vector_22
 .text.__vector_6
                0x00000f56       0xa8 Lib/resources.o
                0x00000f56                __vector_6
 .text.__vector_7
                0x00000ffe       0x22 Lib/resources.o
                0x00000ffe                __vector_7
 .text.EERead   0x00001020       0x20 Lib/resources.o
                0x00001020                EERead
 .text.EEWrite  0x00001040       0x50 Lib/resources.o
                0x00001040                EEWrite
 .text.DecryptData
                0x00001090       0x34 Lib/resources.o
                0x00001090                DecryptData
 .text.ExtEERead
                0x000010c4       0x44 Lib/resources.o
                0x000010c4                ExtEERead
 .text.SerSend  0x00001108       0x22 Lib/resources.o
                0x00001108                SerSend
 .text.SerSpeed
                0x0000112a       0x22 Lib/resources.o
                0x0000112a                SerSpeed
 .text.SelectTSens
                0x0000114c       0x1e Lib/resources.o
                0x0000114c                SelectTSens
 .text.SelectAuIn
                0x0000116a       0x1e Lib/resources.o
                0x0000116a                SelectAuIn
 .text.CheckButtons
                0x00001188       0x5c Lib/resources.o
                0x00001188                CheckButtons
 .text.lfsr     0x000011e4       0x3e Lib/resources.o
                0x000011e4                lfsr
 .text.floatSpeed
                0x00001222       0x5c Lib/resources.o
                0x00001222                floatSpeed
 .text.floatAround
                0x0000127e       0x64 Lib/resources.o
                0x0000127e                floatAround
 .text.SaveGameState
                0x000012e2       0xe6 Lib/resources.o
                0x000012e2                SaveGameState
 .text.ReadStatusBit
                0x000013c8       0x28 Lib/resources.o
                0x000013c8                ReadStatusBit
 .text.UpdateState
                0x000013f0       0x42 Lib/resources.o
                0x000013f0                UpdateState
 .text.CheckState
                0x00001432       0x20 Lib/resources.o
                0x00001432                CheckState
 .text.getID    0x00001452       0x1e Lib/resources.o
                0x00001452                getID
 .text.Reset    0x00001470       0x3e Lib/resources.o
                0x00001470                Reset
 .text.LoadGameState
                0x000014ae       0x5a Lib/resources.o
                0x000014ae                LoadGameState
 .text.HotSummer
                0x00001508       0xca Lib/resources.o
                0x00001508                HotSummer
 .text.WingBar  0x000015d2       0x44 Lib/resources.o
                0x000015d2                WingBar
 .text.SetBothEyes
                0x00001616       0x38 Lib/resources.o
                0x00001616                SetBothEyes
 .text.ClearHackerLeds
                0x0000164e       0x2e Lib/resources.o
                0x0000164e                ClearHackerLeds
 .text.GenerateBlinks
                0x0000167c      0x2ce Lib/resources.o
                0x0000167c                GenerateBlinks
 .text.GenerateAudio
                0x0000194a      0x31a Lib/resources.o
                0x0000194a                GenerateAudio
 .text.getClock
                0x00001c64       0x1e Lib/resources.o
                0x00001c64                getClock
 .text.idleTimeout
                0x00001c82       0x30 Lib/resources.o
                0x00001c82                idleTimeout
 .text.SelfTest
                0x00001cb2       0xda Lib/resources.o
                0x00001cb2                SelfTest
 .text.simonLed
                0x00001d8c       0xfc Lib/simon.o
                0x00001d8c                simonLed
 .text.BastetDictates
                0x00001e88      0x2fc Lib/simon.o
                0x00001e88                BastetDictates
 .text.Cheat    0x00002184       0x72 Lib/text_adv.o
                0x00002184                Cheat
 .text.UnflipData
                0x000021f6       0x1a Lib/text_adv.o
                0x000021f6                UnflipData
 .text.ClearTxAfter
                0x00002210       0x14 Lib/text_adv.o
                0x00002210                ClearTxAfter
 .text.StartsWith
                0x00002224       0x34 Lib/text_adv.o
                0x00002224                StartsWith
 .text.PrepareSending
                0x00002258       0x7a Lib/text_adv.o
                0x00002258                PrepareSending
 .text.SetStandardResponse
                0x000022d2       0xf8 Lib/text_adv.o
                0x000022d2                SetStandardResponse
 .text.PopulateObject
                0x000023ca       0xf2 Lib/text_adv.o
                0x000023ca                PopulateObject
 .text.CheckLetter
                0x000024bc       0x8e Lib/text_adv.o
                0x000024bc                CheckLetter
 .text.FindChild
                0x0000254a       0xbc Lib/text_adv.o
                0x0000254a                FindChild
 .text.InpOkChk
                0x00002606       0x1c Lib/text_adv.o
                0x00002606                InpOkChk
 .text.CleanInput
                0x00002622       0x46 Lib/text_adv.o
                0x00002622                CleanInput
 .text.CheckSend
                0x00002668       0xac Lib/text_adv.o
                0x00002668                CheckSend
 .text.CheckResponse
                0x00002714       0x80 Lib/text_adv.o
                0x00002714                CheckResponse
 .text.CheckInput
                0x00002794      0x3e8 Lib/text_adv.o
                0x00002794                CheckInput
 .text.ShowInventory
                0x00002b7c       0xf6 Lib/text_adv.o
                0x00002b7c                ShowInventory
 .text.ProcessInput
                0x00002c72     0x100c Lib/text_adv.o
                0x00002c72                ProcessInput
 .text.TextAdventure
                0x00003c7e       0x92 Lib/text_adv.o
                0x00003c7e                TextAdventure
 .text.startup.main
                0x00003d10      0x114 main.o
                0x00003d10                main
 .text.libgcc   0x00003e24        0xc c:/program files (x86)/atmel/studio/7.0/toolchain/avr8/avr8-gnu-toolchain/bin/../lib/gcc/avr/5.4.0/avrxmega3\libgcc.a(_tablejump2.o)
                0x00003e24                __tablejump2__
 .text.libgcc.prologue
                0x00003e30       0x32 c:/program files (x86)/atmel/studio/7.0/toolchain/avr8/avr8-gnu-toolchain/bin/../lib/gcc/avr/5.4.0/avrxmega3\libgcc.a(_prologue.o)
                0x00003e30                __prologue_saves__
 .text.libgcc.prologue
                0x00003e62       0x30 c:/program files (x86)/atmel/studio/7.0/toolchain/avr8/avr8-gnu-toolchain/bin/../lib/gcc/avr/5.4.0/avrxmega3\libgcc.a(_epilogue.o)
                0x00003e62                __epilogue_restores__
                0x00003e92                . = ALIGN (0x2)
 *(.fini9)
 .fini9         0x00003e92        0x0 c:/program files (x86)/atmel/studio/7.0/toolchain/avr8/avr8-gnu-toolchain/bin/../lib/gcc/avr/5.4.0/avrxmega3\libgcc.a(_exit.o)
                0x00003e92                _exit
                0x00003e92                exit
 *(.fini9)
 *(.fini8)
 *(.fini8)
 *(.fini7)
 *(.fini7)
 *(.fini6)
 *(.fini6)
 *(.fini5)
 *(.fini5)
 *(.fini4)
 *(.fini4)
 *(.fini3)
 *(.fini3)
 *(.fini2)
 *(.fini2)
 *(.fini1)
 *(.fini1)
 *(.fini0)
 .fini0         0x00003e92        0x4 c:/program files (x86)/atmel/studio/7.0/toolchain/avr8/avr8-gnu-toolchain/bin/../lib/gcc/avr/5.4.0/avrxmega3\libgcc.a(_exit.o)
 *(.fini0)
                0x00003e96                _etext = .

.rodata         0x0000be96       0xb0 load address 0x00003e96
 *(.rodata)
 .rodata        0x0000be96       0x10 Lib/text_adv.o
 *(.rodata*)
 .rodata.lanyardCode
                0x0000bea6        0xc Lib/lanyard.o
                0x0000bea6                lanyardCode
 .rodata.CAT    0x0000beb2        0x1 Lib/main_def.o
                0x0000beb2                CAT
 .rodata.BADGER
                0x0000beb3        0x1 Lib/main_def.o
                0x0000beb3                BADGER
 .rodata.SCARAB
                0x0000beb4        0x2 Lib/main_def.o
                0x0000beb4                SCARAB
 .rodata.WING   0x0000beb6        0xa Lib/main_def.o
                0x0000beb6                WING
 .rodata.EYE    0x0000bec0        0x4 Lib/main_def.o
                0x0000bec0                EYE
 .rodata.HCKR   0x0000bec4        0xc Lib/main_def.o
                0x0000bec4                HCKR
 .rodata.QSINE  0x0000bed0       0x20 Lib/main_def.o
                0x0000bed0                QSINE
 .rodata.xor_key
                0x0000bef0       0x10 Lib/main_def.o
                0x0000bef0                xor_key
 .rodata.mazeCode
                0x0000bf00       0x12 Lib/maze.o
                0x0000bf00                mazeCode
 .rodata.str1.1
                0x0000bf12       0x24 Lib/text_adv.o
 .rodata.names  0x0000bf36       0x10 Lib/text_adv.o
                0x0000bf36                names
 *(.gnu.linkonce.r*)

.data           0x00803800       0x36 load address 0x00003f46
                0x00803800                PROVIDE (__data_start, .)
 *(.data)
 *(.data*)
 .data.setDAC.3789
                0x00803800        0x2 Lib/friends.o
 .data.lanyardState
                0x00803802        0x1 Lib/lanyard.o
                0x00803802                lanyardState
 .data.auRepAddr
                0x00803803        0x2 Lib/main_def.o
                0x00803803                auRepAddr
 .data.auSmpAddr
                0x00803805        0x2 Lib/main_def.o
                0x00803805                auSmpAddr
 .data.lastButtonState
                0x00803807        0x1 Lib/main_def.o
                0x00803807                lastButtonState
 .data.buttonState
                0x00803808        0x1 Lib/main_def.o
                0x00803808                buttonState
 .data.serTxDone
                0x00803809        0x1 Lib/main_def.o
                0x00803809                serTxDone
 .data.dimValueSum
                0x0080380a        0x2 Lib/main_def.o
                0x0080380a                dimValueSum
 .data.dimValue
                0x0080380c        0x1 Lib/main_def.o
                0x0080380c                dimValue
 .data.mazeState
                0x0080380d        0x1 Lib/maze.o
                0x0080380d                mazeState
 .data.auBuffer.4032
                0x0080380e        0x3 Lib/resources.o
 .data.auBuffer.4031
                0x00803811        0x6 Lib/resources.o
 .data.auBuffer.4025
                0x00803817        0x3 Lib/resources.o
 .data.auBuffer.4021
                0x0080381a       0x11 Lib/resources.o
 .data.previousValue.3904
                0x0080382b        0x1 Lib/resources.o
 .data.mask     0x0080382c        0x8 Lib/resources.o
                0x0080382c                mask
 .data.simonNextGameState
                0x00803834        0x1 Lib/simon.o
                0x00803834                simonNextGameState
 .data.currDepth
                0x00803835        0x1 Lib/text_adv.o
 *(.gnu.linkonce.d*)
                0x00803836                . = ALIGN (0x2)
                0x00803836                _edata = .
                0x00803836                PROVIDE (__data_end, .)

.bss            0x00803836      0x2e4
                0x00803836                PROVIDE (__bss_start, .)
 *(.bss)
 *(.bss*)
 .bss.candidate.3792
                0x00803836        0x1 Lib/friends.o
 .bss.jackIn.3791
                0x00803837        0x1 Lib/friends.o
 .bss.progress.3788
                0x00803838        0x1 Lib/friends.o
 .bss.chkTmr.3790
                0x00803839        0x1 Lib/friends.o
 .bss.lanyardLastActive
                0x0080383a        0x2 Lib/lanyard.o
                0x0080383a                lanyardLastActive
 .bss.lanyardCnt
                0x0080383c        0x1 Lib/lanyard.o
                0x0080383c                lanyardCnt
 .bss.lanyardPos
                0x0080383d        0x1 Lib/lanyard.o
                0x0080383d                lanyardPos
 .bss.adc0Chg   0x0080383e        0x1 Lib/main_def.o
                0x0080383e                adc0Chg
 .bss.zero      0x0080383f        0x1 Lib/main_def.o
                0x0080383f                zero
 .bss.effect    0x00803840        0x2 Lib/main_def.o
                0x00803840                effect
 .bss.gameNow   0x00803842        0x1 Lib/main_def.o
                0x00803842                gameNow
 .bss.whoami    0x00803843        0x1 Lib/main_def.o
                0x00803843                whoami
 .bss.inventory
                0x00803844        0x4 Lib/main_def.o
                0x00803844                inventory
 .bss.buttonMark
                0x00803848        0x1 Lib/main_def.o
                0x00803848                buttonMark
 .bss.minuteMark
                0x00803849        0x1 Lib/main_def.o
                0x00803849                minuteMark
 .bss.serRxDone
                0x0080384a        0x1 Lib/main_def.o
                0x0080384a                serRxDone
 .bss.mazeLastActive
                0x0080384b        0x2 Lib/maze.o
                0x0080384b                mazeLastActive
 .bss.inverted  0x0080384d        0x1 Lib/maze.o
                0x0080384d                inverted
 .bss.mazeCnt   0x0080384e        0x1 Lib/maze.o
                0x0080384e                mazeCnt
 .bss.mazeHckrPos
                0x0080384f        0x1 Lib/maze.o
                0x0080384f                mazeHckrPos
 .bss.mazePos   0x00803850        0x1 Lib/maze.o
                0x00803850                mazePos
 .bss.newHallState
                0x00803851        0x1 Lib/maze.o
                0x00803851                newHallState
 .bss.curHallState
                0x00803852        0x1 Lib/maze.o
                0x00803852                curHallState
 .bss.duration.4033
                0x00803853        0x1 Lib/resources.o
 .bss.start.4034
                0x00803854        0x1 Lib/resources.o
 .bss.auBuffer.4026
                0x00803855        0x7 Lib/resources.o
 .bss.start.4024
                0x0080385c        0x1 Lib/resources.o
 .bss.duration.4022
                0x0080385d        0x1 Lib/resources.o
 .bss.start.4023
                0x0080385e        0x1 Lib/resources.o
 .bss.cooledDown.3968
                0x0080385f        0x1 Lib/resources.o
 .bss.LedCount  0x00803860        0x1 Lib/resources.o
                0x00803860                LedCount
 .bss.HeartCount
                0x00803861        0x1 Lib/resources.o
                0x00803861                HeartCount
 .bss.lfsrSeed  0x00803862        0x2 Lib/resources.o
 .bss.simonGameState
                0x00803864        0x1 Lib/simon.o
                0x00803864                simonGameState
 .bss.simonCounter
                0x00803865        0x1 Lib/simon.o
                0x00803865                simonCounter
 .bss.simonWait
                0x00803866        0x1 Lib/simon.o
                0x00803866                simonWait
 .bss.simonTimer
                0x00803867        0x1 Lib/simon.o
                0x00803867                simonTimer
 .bss.simonInputPos
                0x00803868        0x1 Lib/simon.o
                0x00803868                simonInputPos
 .bss.simonPos  0x00803869        0x1 Lib/simon.o
                0x00803869                simonPos
 .bss.simonState
                0x0080386a        0xc Lib/simon.o
                0x0080386a                simonState
 .bss.serInput.4015
                0x00803876       0x41 Lib/text_adv.o
 .bss.actObj2.3990
                0x008038b7       0x2b Lib/text_adv.o
 .bss.actObj1.3989
                0x008038e2       0x2b Lib/text_adv.o
 .bss.number.3941
                0x0080390d        0x1 Lib/text_adv.o
 .bss.txPart.3937
                0x0080390e        0x1 Lib/text_adv.o
 .bss.PunishmentTime
                0x0080390f        0x2 Lib/text_adv.o
 .bss.specialPassed
                0x00803911        0x1 Lib/text_adv.o
 .bss.specialInput
                0x00803912       0x10 Lib/text_adv.o
 .bss.responseList
                0x00803922        0x1 Lib/text_adv.o
 .bss.reactStr  0x00803923       0xc0 Lib/text_adv.o
 .bss.route     0x008039e3       0x40 Lib/text_adv.o
 .bss.currObj   0x00803a23       0x2b Lib/text_adv.o
 .bss.txTypeNow
                0x00803a4e        0x1 Lib/text_adv.o
                0x00803a4e                txTypeNow
 .bss.txAddrNow
                0x00803a4f        0x1 Lib/text_adv.o
                0x00803a4f                txAddrNow
 .bss.txStrLen  0x00803a50        0x8 Lib/text_adv.o
                0x00803a50                txStrLen
 .bss.txAddrList
                0x00803a58       0x10 Lib/text_adv.o
                0x00803a58                txAddrList
 *(COMMON)
 COMMON         0x00803a68       0x8f Lib/main_def.o
                0x00803a68                timeout_I2C
                0x00803a69                gameState
                0x00803a7d                serRx
                0x00803abe                auVolume
                0x00803abf                adcBtns
                0x00803ac1                serTxAddr
                0x00803ac3                adcHall
                0x00803ac5                adcPhot
                0x00803ac7                detHdPh
                0x00803ac8                calTemp
                0x00803aca                auIn
                0x00803acb                iLED
                0x00803af3                calHall
                0x00803af5                adcTemp
 COMMON         0x00803af7        0x2 Lib/resources.o
                0x00803af7                tmp16bit
 COMMON         0x00803af9       0x21 Lib/text_adv.o
                0x00803af9                txBuffer
                0x00803b1a                PROVIDE (__bss_end, .)
                0x00003f46                __data_load_start = LOADADDR (.data)
                0x00003f7c                __data_load_end = (__data_load_start + SIZEOF (.data))

.noinit         0x00803b1a        0x0
                [!provide]                PROVIDE (__noinit_start, .)
 *(.noinit*)
                [!provide]                PROVIDE (__noinit_end, .)
                0x00803b1a                _end = .
                [!provide]                PROVIDE (__heap_start, .)

.eeprom         0x00810000        0x0
 *(.eeprom*)
                0x00810000                __eeprom_end = .

.fuse
 *(.fuse)
 *(.lfuse)
 *(.hfuse)
 *(.efuse)

.lock
 *(.lock*)

.signature
 *(.signature*)

.user_signatures
 *(.user_signatures*)

.stab
 *(.stab)

.stabstr
 *(.stabstr)

.stab.excl
 *(.stab.excl)

.stab.exclstr
 *(.stab.exclstr)

.stab.index
 *(.stab.index)

.stab.indexstr
 *(.stab.indexstr)

.comment        0x00000000       0x30
 *(.comment)
 .comment       0x00000000       0x30 Lib/friends.o
                                 0x31 (size before relaxing)
 .comment       0x00000030       0x31 Lib/I2C.o
 .comment       0x00000030       0x31 Lib/lanyard.o
 .comment       0x00000030       0x31 Lib/main_def.o
 .comment       0x00000030       0x31 Lib/maze.o
 .comment       0x00000030       0x31 Lib/resources.o
 .comment       0x00000030       0x31 Lib/simon.o
 .comment       0x00000030       0x31 Lib/text_adv.o
 .comment       0x00000030       0x31 main.o

.note.gnu.avr.deviceinfo
                0x00000000       0x40
 .note.gnu.avr.deviceinfo
                0x00000000       0x40 C:/Program Files (x86)/Atmel/Studio/7.0/Packs/atmel/ATtiny_DFP/1.3.229/gcc/dev/attiny1617/avrxmega3/crtattiny1617.o

.note.gnu.build-id
 *(.note.gnu.build-id)

.debug
 *(.debug)

.line
 *(.line)

.debug_srcinfo
 *(.debug_srcinfo)

.debug_sfnames
 *(.debug_sfnames)

.debug_aranges  0x00000000      0x338
 *(.debug_aranges)
 .debug_aranges
                0x00000000       0x28 Lib/friends.o
 .debug_aranges
                0x00000028       0x68 Lib/I2C.o
 .debug_aranges
                0x00000090       0x28 Lib/lanyard.o
 .debug_aranges
                0x000000b8       0x18 Lib/main_def.o
 .debug_aranges
                0x000000d0       0x30 Lib/maze.o
 .debug_aranges
                0x00000100      0x148 Lib/resources.o
 .debug_aranges
                0x00000248       0x28 Lib/simon.o
 .debug_aranges
                0x00000270       0xa8 Lib/text_adv.o
 .debug_aranges
                0x00000318       0x20 main.o

.debug_pubnames
 *(.debug_pubnames)

.debug_info     0x00000000     0x6c99
 *(.debug_info .gnu.linkonce.wi.*)
 .debug_info    0x00000000     0x19ed C:/Program Files (x86)/Atmel/Studio/7.0/Packs/atmel/ATtiny_DFP/1.3.229/gcc/dev/attiny1617/avrxmega3/crtattiny1617.o
 .debug_info    0x000019ed      0x2cb Lib/friends.o
 .debug_info    0x00001cb8      0x6f7 Lib/I2C.o
 .debug_info    0x000023af      0x30d Lib/lanyard.o
 .debug_info    0x000026bc      0x44a Lib/main_def.o
 .debug_info    0x00002b06      0x407 Lib/maze.o
 .debug_info    0x00002f0d     0x131d Lib/resources.o
 .debug_info    0x0000422a      0x3e1 Lib/simon.o
 .debug_info    0x0000460b     0x23c3 Lib/text_adv.o
 .debug_info    0x000069ce      0x2cb main.o

.debug_abbrev   0x00000000     0x287a
 *(.debug_abbrev)
 .debug_abbrev  0x00000000     0x1888 C:/Program Files (x86)/Atmel/Studio/7.0/Packs/atmel/ATtiny_DFP/1.3.229/gcc/dev/attiny1617/avrxmega3/crtattiny1617.o
 .debug_abbrev  0x00001888      0x14b Lib/friends.o
 .debug_abbrev  0x000019d3      0x26f Lib/I2C.o
 .debug_abbrev  0x00001c42      0x10c Lib/lanyard.o
 .debug_abbrev  0x00001d4e       0x96 Lib/main_def.o
 .debug_abbrev  0x00001de4      0x187 Lib/maze.o
 .debug_abbrev  0x00001f6b      0x35a Lib/resources.o
 .debug_abbrev  0x000022c5      0x178 Lib/simon.o
 .debug_abbrev  0x0000243d      0x36d Lib/text_adv.o
 .debug_abbrev  0x000027aa       0xd0 main.o

.debug_line     0x00000000     0x3d91
 *(.debug_line .debug_line.* .debug_line_end)
 .debug_line    0x00000000      0x151 C:/Program Files (x86)/Atmel/Studio/7.0/Packs/atmel/ATtiny_DFP/1.3.229/gcc/dev/attiny1617/avrxmega3/crtattiny1617.o
 .debug_line    0x00000151      0x32a Lib/friends.o
 .debug_line    0x0000047b      0x598 Lib/I2C.o
 .debug_line    0x00000a13      0x274 Lib/lanyard.o
 .debug_line    0x00000c87      0x106 Lib/main_def.o
 .debug_line    0x00000d8d      0x362 Lib/maze.o
 .debug_line    0x000010ef     0x11ba Lib/resources.o
 .debug_line    0x000022a9      0x487 Lib/simon.o
 .debug_line    0x00002730     0x144a Lib/text_adv.o
 .debug_line    0x00003b7a      0x217 main.o

.debug_frame    0x00000000      0x908
 *(.debug_frame)
 .debug_frame   0x00000000       0x40 Lib/friends.o
 .debug_frame   0x00000040       0xf8 Lib/I2C.o
 .debug_frame   0x00000138       0x3c Lib/lanyard.o
 .debug_frame   0x00000174       0x5c Lib/maze.o
 .debug_frame   0x000001d0      0x464 Lib/resources.o
 .debug_frame   0x00000634       0x4c Lib/simon.o
 .debug_frame   0x00000680      0x264 Lib/text_adv.o
 .debug_frame   0x000008e4       0x24 main.o

.debug_str      0x00000000     0x1a9a
 *(.debug_str)
 .debug_str     0x00000000      0xacf C:/Program Files (x86)/Atmel/Studio/7.0/Packs/atmel/ATtiny_DFP/1.3.229/gcc/dev/attiny1617/avrxmega3/crtattiny1617.o
 .debug_str     0x00000acf      0x27e Lib/friends.o
                                0x2b2 (size before relaxing)
 .debug_str     0x00000d4d      0x326 Lib/I2C.o
                                0x4f8 (size before relaxing)
 .debug_str     0x00001073       0xb8 Lib/lanyard.o
                                0x2d3 (size before relaxing)
 .debug_str     0x0000112b       0xcb Lib/main_def.o
                                0x320 (size before relaxing)
 .debug_str     0x000011f6       0xa6 Lib/maze.o
                                0x308 (size before relaxing)
 .debug_str     0x0000129c      0x3d3 Lib/resources.o
                                0x787 (size before relaxing)
 .debug_str     0x0000166f       0x9b Lib/simon.o
                                0x2ee (size before relaxing)
 .debug_str     0x0000170a      0x37f Lib/text_adv.o
                                0x639 (size before relaxing)
 .debug_str     0x00001a89       0x11 main.o
                                0x2e3 (size before relaxing)

.debug_loc      0x00000000     0x3c35
 *(.debug_loc)
 .debug_loc     0x00000000       0xcf Lib/friends.o
 .debug_loc     0x000000cf      0x4ed Lib/I2C.o
 .debug_loc     0x000005bc       0x22 Lib/lanyard.o
 .debug_loc     0x000005de       0xca Lib/maze.o
 .debug_loc     0x000006a8      0xf80 Lib/resources.o
 .debug_loc     0x00001628      0x147 Lib/simon.o
 .debug_loc     0x0000176f     0x24c6 Lib/text_adv.o

.debug_macinfo
 *(.debug_macinfo)

.debug_weaknames
 *(.debug_weaknames)

.debug_funcnames
 *(.debug_funcnames)

.debug_typenames
 *(.debug_typenames)

.debug_varnames
 *(.debug_varnames)

.debug_pubtypes
 *(.debug_pubtypes)

.debug_ranges   0x00000000      0x3a8
 *(.debug_ranges)
 .debug_ranges  0x00000000       0x18 Lib/friends.o
 .debug_ranges  0x00000018       0x58 Lib/I2C.o
 .debug_ranges  0x00000070       0x18 Lib/lanyard.o
 .debug_ranges  0x00000088       0x20 Lib/maze.o
 .debug_ranges  0x000000a8      0x150 Lib/resources.o
 .debug_ranges  0x000001f8       0x18 Lib/simon.o
 .debug_ranges  0x00000210      0x188 Lib/text_adv.o
 .debug_ranges  0x00000398       0x10 main.o

.debug_macro
 *(.debug_macro)
OUTPUT(ISR_IO.elf elf32-avr)
LOAD linker stubs
