Archive member included to satisfy reference by file (symbol)

c:/program files (x86)/atmel/studio/7.0/toolchain/avr8/avr8-gnu-toolchain/bin/../lib/gcc/avr/5.4.0/avrxmega3\libgcc.a(_udivmodhi4.o)
                              Lib/resources.o (__udivmodhi4)
c:/program files (x86)/atmel/studio/7.0/toolchain/avr8/avr8-gnu-toolchain/bin/../lib/gcc/avr/5.4.0/avrxmega3\libgcc.a(_exit.o)
                              C:/Program Files (x86)/Atmel/Studio/7.0/Packs/atmel/ATtiny_DFP/1.3.229/gcc/dev/attiny1617/avrxmega3/crtattiny1617.o (exit)
c:/program files (x86)/atmel/studio/7.0/toolchain/avr8/avr8-gnu-toolchain/bin/../lib/gcc/avr/5.4.0/avrxmega3\libgcc.a(_copy_data.o)
                              Lib/main_def.o (__do_copy_data)
c:/program files (x86)/atmel/studio/7.0/toolchain/avr8/avr8-gnu-toolchain/bin/../lib/gcc/avr/5.4.0/avrxmega3\libgcc.a(_clear_bss.o)
                              Lib/main_def.o (__do_clear_bss)
c:/program files (x86)/atmel/studio/7.0/toolchain/avr8/avr8-gnu-toolchain/bin/../lib/gcc/avr/5.4.0/avrxmega3\libgcc.a(_umulhisi3.o)
                              Lib/text_adv.o (__umulhisi3)

Allocating common symbols
Common symbol       size              file

buttonState         0x1               Lib/main_def.o
timeout_I2C         0x1               Lib/main_def.o
gameState           0x14              Lib/main_def.o
serRx               0x41              Lib/main_def.o
auVolume            0x1               Lib/main_def.o
adcBtns             0x2               Lib/main_def.o
serTxAddr           0x2               Lib/main_def.o
adcHall             0x2               Lib/main_def.o
adcPhot             0x2               Lib/main_def.o
txBuffer            0x21              Lib/text_adv.o
detHdPh             0x1               Lib/main_def.o
auIn                0x20              Lib/main_def.o
iLED                0x28              Lib/main_def.o
auPlayDone          0x1               Lib/main_def.o
tmp16bit            0x2               Lib/resources.o
adcTemp             0x1               Lib/main_def.o

Discarded input sections

 .data          0x00000000        0x0 C:/Program Files (x86)/Atmel/Studio/7.0/Packs/atmel/ATtiny_DFP/1.3.229/gcc/dev/attiny1617/avrxmega3/crtattiny1617.o
 .bss           0x00000000        0x0 C:/Program Files (x86)/Atmel/Studio/7.0/Packs/atmel/ATtiny_DFP/1.3.229/gcc/dev/attiny1617/avrxmega3/crtattiny1617.o
 .text          0x00000000        0x0 Lib/I2C.o
 .data          0x00000000        0x0 Lib/I2C.o
 .bss           0x00000000        0x0 Lib/I2C.o
 .text.I2C_write_bytes
                0x00000000       0x86 Lib/I2C.o
 .text          0x00000000        0x0 Lib/main_def.o
 .data          0x00000000        0x0 Lib/main_def.o
 .bss           0x00000000        0x0 Lib/main_def.o
 .rodata.QSINE  0x00000000       0x20 Lib/main_def.o
 .text          0x00000000        0x0 Lib/resources.o
 .data          0x00000000        0x0 Lib/resources.o
 .bss           0x00000000        0x0 Lib/resources.o
 .text.SelectTSens
                0x00000000       0x1e Lib/resources.o
 .text.SelectAuIn
                0x00000000       0x1e Lib/resources.o
 .text          0x00000000        0x0 Lib/simon.o
 .data          0x00000000        0x0 Lib/simon.o
 .bss           0x00000000        0x0 Lib/simon.o
 .text          0x00000000        0x0 Lib/text_adv.o
 .data          0x00000000        0x0 Lib/text_adv.o
 .bss           0x00000000        0x0 Lib/text_adv.o
 .text.UpdateState
                0x00000000       0x1a Lib/text_adv.o
 .bss.sendPrompt
                0x00000000        0x1 Lib/text_adv.o
 .text          0x00000000        0x0 main.o
 .data          0x00000000        0x0 main.o
 .bss           0x00000000        0x0 main.o
 .text          0x00000000        0x0 c:/program files (x86)/atmel/studio/7.0/toolchain/avr8/avr8-gnu-toolchain/bin/../lib/gcc/avr/5.4.0/avrxmega3\libgcc.a(_udivmodhi4.o)
 .data          0x00000000        0x0 c:/program files (x86)/atmel/studio/7.0/toolchain/avr8/avr8-gnu-toolchain/bin/../lib/gcc/avr/5.4.0/avrxmega3\libgcc.a(_udivmodhi4.o)
 .bss           0x00000000        0x0 c:/program files (x86)/atmel/studio/7.0/toolchain/avr8/avr8-gnu-toolchain/bin/../lib/gcc/avr/5.4.0/avrxmega3\libgcc.a(_udivmodhi4.o)
 .text.libgcc.mul
                0x00000000        0x0 c:/program files (x86)/atmel/studio/7.0/toolchain/avr8/avr8-gnu-toolchain/bin/../lib/gcc/avr/5.4.0/avrxmega3\libgcc.a(_udivmodhi4.o)
 .text.libgcc   0x00000000        0x0 c:/program files (x86)/atmel/studio/7.0/toolchain/avr8/avr8-gnu-toolchain/bin/../lib/gcc/avr/5.4.0/avrxmega3\libgcc.a(_udivmodhi4.o)
 .text.libgcc.prologue
                0x00000000        0x0 c:/program files (x86)/atmel/studio/7.0/toolchain/avr8/avr8-gnu-toolchain/bin/../lib/gcc/avr/5.4.0/avrxmega3\libgcc.a(_udivmodhi4.o)
 .text.libgcc.builtins
                0x00000000        0x0 c:/program files (x86)/atmel/studio/7.0/toolchain/avr8/avr8-gnu-toolchain/bin/../lib/gcc/avr/5.4.0/avrxmega3\libgcc.a(_udivmodhi4.o)
 .text.libgcc.fmul
                0x00000000        0x0 c:/program files (x86)/atmel/studio/7.0/toolchain/avr8/avr8-gnu-toolchain/bin/../lib/gcc/avr/5.4.0/avrxmega3\libgcc.a(_udivmodhi4.o)
 .text.libgcc.fixed
                0x00000000        0x0 c:/program files (x86)/atmel/studio/7.0/toolchain/avr8/avr8-gnu-toolchain/bin/../lib/gcc/avr/5.4.0/avrxmega3\libgcc.a(_udivmodhi4.o)
 .text          0x00000000        0x0 c:/program files (x86)/atmel/studio/7.0/toolchain/avr8/avr8-gnu-toolchain/bin/../lib/gcc/avr/5.4.0/avrxmega3\libgcc.a(_exit.o)
 .data          0x00000000        0x0 c:/program files (x86)/atmel/studio/7.0/toolchain/avr8/avr8-gnu-toolchain/bin/../lib/gcc/avr/5.4.0/avrxmega3\libgcc.a(_exit.o)
 .bss           0x00000000        0x0 c:/program files (x86)/atmel/studio/7.0/toolchain/avr8/avr8-gnu-toolchain/bin/../lib/gcc/avr/5.4.0/avrxmega3\libgcc.a(_exit.o)
 .text.libgcc.mul
                0x00000000        0x0 c:/program files (x86)/atmel/studio/7.0/toolchain/avr8/avr8-gnu-toolchain/bin/../lib/gcc/avr/5.4.0/avrxmega3\libgcc.a(_exit.o)
 .text.libgcc.div
                0x00000000        0x0 c:/program files (x86)/atmel/studio/7.0/toolchain/avr8/avr8-gnu-toolchain/bin/../lib/gcc/avr/5.4.0/avrxmega3\libgcc.a(_exit.o)
 .text.libgcc   0x00000000        0x0 c:/program files (x86)/atmel/studio/7.0/toolchain/avr8/avr8-gnu-toolchain/bin/../lib/gcc/avr/5.4.0/avrxmega3\libgcc.a(_exit.o)
 .text.libgcc.prologue
                0x00000000        0x0 c:/program files (x86)/atmel/studio/7.0/toolchain/avr8/avr8-gnu-toolchain/bin/../lib/gcc/avr/5.4.0/avrxmega3\libgcc.a(_exit.o)
 .text.libgcc.builtins
                0x00000000        0x0 c:/program files (x86)/atmel/studio/7.0/toolchain/avr8/avr8-gnu-toolchain/bin/../lib/gcc/avr/5.4.0/avrxmega3\libgcc.a(_exit.o)
 .text.libgcc.fmul
                0x00000000        0x0 c:/program files (x86)/atmel/studio/7.0/toolchain/avr8/avr8-gnu-toolchain/bin/../lib/gcc/avr/5.4.0/avrxmega3\libgcc.a(_exit.o)
 .text.libgcc.fixed
                0x00000000        0x0 c:/program files (x86)/atmel/studio/7.0/toolchain/avr8/avr8-gnu-toolchain/bin/../lib/gcc/avr/5.4.0/avrxmega3\libgcc.a(_exit.o)
 .text          0x00000000        0x0 c:/program files (x86)/atmel/studio/7.0/toolchain/avr8/avr8-gnu-toolchain/bin/../lib/gcc/avr/5.4.0/avrxmega3\libgcc.a(_copy_data.o)
 .data          0x00000000        0x0 c:/program files (x86)/atmel/studio/7.0/toolchain/avr8/avr8-gnu-toolchain/bin/../lib/gcc/avr/5.4.0/avrxmega3\libgcc.a(_copy_data.o)
 .bss           0x00000000        0x0 c:/program files (x86)/atmel/studio/7.0/toolchain/avr8/avr8-gnu-toolchain/bin/../lib/gcc/avr/5.4.0/avrxmega3\libgcc.a(_copy_data.o)
 .text.libgcc.mul
                0x00000000        0x0 c:/program files (x86)/atmel/studio/7.0/toolchain/avr8/avr8-gnu-toolchain/bin/../lib/gcc/avr/5.4.0/avrxmega3\libgcc.a(_copy_data.o)
 .text.libgcc.div
                0x00000000        0x0 c:/program files (x86)/atmel/studio/7.0/toolchain/avr8/avr8-gnu-toolchain/bin/../lib/gcc/avr/5.4.0/avrxmega3\libgcc.a(_copy_data.o)
 .text.libgcc   0x00000000        0x0 c:/program files (x86)/atmel/studio/7.0/toolchain/avr8/avr8-gnu-toolchain/bin/../lib/gcc/avr/5.4.0/avrxmega3\libgcc.a(_copy_data.o)
 .text.libgcc.prologue
                0x00000000        0x0 c:/program files (x86)/atmel/studio/7.0/toolchain/avr8/avr8-gnu-toolchain/bin/../lib/gcc/avr/5.4.0/avrxmega3\libgcc.a(_copy_data.o)
 .text.libgcc.builtins
                0x00000000        0x0 c:/program files (x86)/atmel/studio/7.0/toolchain/avr8/avr8-gnu-toolchain/bin/../lib/gcc/avr/5.4.0/avrxmega3\libgcc.a(_copy_data.o)
 .text.libgcc.fmul
                0x00000000        0x0 c:/program files (x86)/atmel/studio/7.0/toolchain/avr8/avr8-gnu-toolchain/bin/../lib/gcc/avr/5.4.0/avrxmega3\libgcc.a(_copy_data.o)
 .text.libgcc.fixed
                0x00000000        0x0 c:/program files (x86)/atmel/studio/7.0/toolchain/avr8/avr8-gnu-toolchain/bin/../lib/gcc/avr/5.4.0/avrxmega3\libgcc.a(_copy_data.o)
 .text          0x00000000        0x0 c:/program files (x86)/atmel/studio/7.0/toolchain/avr8/avr8-gnu-toolchain/bin/../lib/gcc/avr/5.4.0/avrxmega3\libgcc.a(_clear_bss.o)
 .data          0x00000000        0x0 c:/program files (x86)/atmel/studio/7.0/toolchain/avr8/avr8-gnu-toolchain/bin/../lib/gcc/avr/5.4.0/avrxmega3\libgcc.a(_clear_bss.o)
 .bss           0x00000000        0x0 c:/program files (x86)/atmel/studio/7.0/toolchain/avr8/avr8-gnu-toolchain/bin/../lib/gcc/avr/5.4.0/avrxmega3\libgcc.a(_clear_bss.o)
 .text.libgcc.mul
                0x00000000        0x0 c:/program files (x86)/atmel/studio/7.0/toolchain/avr8/avr8-gnu-toolchain/bin/../lib/gcc/avr/5.4.0/avrxmega3\libgcc.a(_clear_bss.o)
 .text.libgcc.div
                0x00000000        0x0 c:/program files (x86)/atmel/studio/7.0/toolchain/avr8/avr8-gnu-toolchain/bin/../lib/gcc/avr/5.4.0/avrxmega3\libgcc.a(_clear_bss.o)
 .text.libgcc   0x00000000        0x0 c:/program files (x86)/atmel/studio/7.0/toolchain/avr8/avr8-gnu-toolchain/bin/../lib/gcc/avr/5.4.0/avrxmega3\libgcc.a(_clear_bss.o)
 .text.libgcc.prologue
                0x00000000        0x0 c:/program files (x86)/atmel/studio/7.0/toolchain/avr8/avr8-gnu-toolchain/bin/../lib/gcc/avr/5.4.0/avrxmega3\libgcc.a(_clear_bss.o)
 .text.libgcc.builtins
                0x00000000        0x0 c:/program files (x86)/atmel/studio/7.0/toolchain/avr8/avr8-gnu-toolchain/bin/../lib/gcc/avr/5.4.0/avrxmega3\libgcc.a(_clear_bss.o)
 .text.libgcc.fmul
                0x00000000        0x0 c:/program files (x86)/atmel/studio/7.0/toolchain/avr8/avr8-gnu-toolchain/bin/../lib/gcc/avr/5.4.0/avrxmega3\libgcc.a(_clear_bss.o)
 .text.libgcc.fixed
                0x00000000        0x0 c:/program files (x86)/atmel/studio/7.0/toolchain/avr8/avr8-gnu-toolchain/bin/../lib/gcc/avr/5.4.0/avrxmega3\libgcc.a(_clear_bss.o)
 .text          0x00000000        0x0 c:/program files (x86)/atmel/studio/7.0/toolchain/avr8/avr8-gnu-toolchain/bin/../lib/gcc/avr/5.4.0/avrxmega3\libgcc.a(_umulhisi3.o)
 .data          0x00000000        0x0 c:/program files (x86)/atmel/studio/7.0/toolchain/avr8/avr8-gnu-toolchain/bin/../lib/gcc/avr/5.4.0/avrxmega3\libgcc.a(_umulhisi3.o)
 .bss           0x00000000        0x0 c:/program files (x86)/atmel/studio/7.0/toolchain/avr8/avr8-gnu-toolchain/bin/../lib/gcc/avr/5.4.0/avrxmega3\libgcc.a(_umulhisi3.o)
 .text.libgcc.div
                0x00000000        0x0 c:/program files (x86)/atmel/studio/7.0/toolchain/avr8/avr8-gnu-toolchain/bin/../lib/gcc/avr/5.4.0/avrxmega3\libgcc.a(_umulhisi3.o)
 .text.libgcc   0x00000000        0x0 c:/program files (x86)/atmel/studio/7.0/toolchain/avr8/avr8-gnu-toolchain/bin/../lib/gcc/avr/5.4.0/avrxmega3\libgcc.a(_umulhisi3.o)
 .text.libgcc.prologue
                0x00000000        0x0 c:/program files (x86)/atmel/studio/7.0/toolchain/avr8/avr8-gnu-toolchain/bin/../lib/gcc/avr/5.4.0/avrxmega3\libgcc.a(_umulhisi3.o)
 .text.libgcc.builtins
                0x00000000        0x0 c:/program files (x86)/atmel/studio/7.0/toolchain/avr8/avr8-gnu-toolchain/bin/../lib/gcc/avr/5.4.0/avrxmega3\libgcc.a(_umulhisi3.o)
 .text.libgcc.fmul
                0x00000000        0x0 c:/program files (x86)/atmel/studio/7.0/toolchain/avr8/avr8-gnu-toolchain/bin/../lib/gcc/avr/5.4.0/avrxmega3\libgcc.a(_umulhisi3.o)
 .text.libgcc.fixed
                0x00000000        0x0 c:/program files (x86)/atmel/studio/7.0/toolchain/avr8/avr8-gnu-toolchain/bin/../lib/gcc/avr/5.4.0/avrxmega3\libgcc.a(_umulhisi3.o)

Memory Configuration

Name             Origin             Length             Attributes
text             0x00000000         0x00100000         xr
data             0x00802000         0x0000ffa0         rw !x
eeprom           0x00810000         0x00010000         rw !x
fuse             0x00820000         0x00000009         rw !x
lock             0x00830000         0x00000400         rw !x
signature        0x00840000         0x00000400         rw !x
user_signatures  0x00850000         0x00000400         rw !x
*default*        0x00000000         0xffffffff

Linker script and memory map

Address of section .data set to 0x803800
                0x00008000                __RODATA_PM_OFFSET__ = 0x8000
LOAD C:/Program Files (x86)/Atmel/Studio/7.0/Packs/atmel/ATtiny_DFP/1.3.229/gcc/dev/attiny1617/avrxmega3/crtattiny1617.o
LOAD Lib/I2C.o
LOAD Lib/main_def.o
LOAD Lib/resources.o
LOAD Lib/simon.o
LOAD Lib/text_adv.o
LOAD main.o
START GROUP
LOAD c:/program files (x86)/atmel/studio/7.0/toolchain/avr8/avr8-gnu-toolchain/bin/../lib/gcc/avr/5.4.0/../../../../avr/lib/avrxmega3\libm.a
END GROUP
START GROUP
LOAD c:/program files (x86)/atmel/studio/7.0/toolchain/avr8/avr8-gnu-toolchain/bin/../lib/gcc/avr/5.4.0/avrxmega3\libgcc.a
LOAD c:/program files (x86)/atmel/studio/7.0/toolchain/avr8/avr8-gnu-toolchain/bin/../lib/gcc/avr/5.4.0/../../../../avr/lib/avrxmega3\libm.a
LOAD c:/program files (x86)/atmel/studio/7.0/toolchain/avr8/avr8-gnu-toolchain/bin/../lib/gcc/avr/5.4.0/../../../../avr/lib/avrxmega3\libc.a
LOAD C:/Program Files (x86)/Atmel/Studio/7.0/Packs/atmel/ATtiny_DFP/1.3.229/gcc/dev/attiny1617/avrxmega3\libattiny1617.a
END GROUP
                0x00000000                __TEXT_REGION_ORIGIN__ = DEFINED (__TEXT_REGION_ORIGIN__)?__TEXT_REGION_ORIGIN__:0x0
                0x00802000                __DATA_REGION_ORIGIN__ = DEFINED (__DATA_REGION_ORIGIN__)?__DATA_REGION_ORIGIN__:0x802000
                0x00100000                __TEXT_REGION_LENGTH__ = DEFINED (__TEXT_REGION_LENGTH__)?__TEXT_REGION_LENGTH__:0x100000
                0x0000ffa0                __DATA_REGION_LENGTH__ = DEFINED (__DATA_REGION_LENGTH__)?__DATA_REGION_LENGTH__:0xffa0
                0x00010000                __EEPROM_REGION_LENGTH__ = DEFINED (__EEPROM_REGION_LENGTH__)?__EEPROM_REGION_LENGTH__:0x10000
                [0x00000009]                __FUSE_REGION_LENGTH__ = DEFINED (__FUSE_REGION_LENGTH__)?__FUSE_REGION_LENGTH__:0x400
                0x00000400                __LOCK_REGION_LENGTH__ = DEFINED (__LOCK_REGION_LENGTH__)?__LOCK_REGION_LENGTH__:0x400
                0x00000400                __SIGNATURE_REGION_LENGTH__ = DEFINED (__SIGNATURE_REGION_LENGTH__)?__SIGNATURE_REGION_LENGTH__:0x400
                0x00000400                __USER_SIGNATURE_REGION_LENGTH__ = DEFINED (__USER_SIGNATURE_REGION_LENGTH__)?__USER_SIGNATURE_REGION_LENGTH__:0x400
                0x00008000                __RODATA_PM_OFFSET__ = DEFINED (__RODATA_PM_OFFSET__)?__RODATA_PM_OFFSET__:0x8000

.hash
 *(.hash)

.dynsym
 *(.dynsym)

.dynstr
 *(.dynstr)

.gnu.version
 *(.gnu.version)

.gnu.version_d
 *(.gnu.version_d)

.gnu.version_r
 *(.gnu.version_r)

.rel.init
 *(.rel.init)

.rela.init
 *(.rela.init)

.rel.text
 *(.rel.text)
 *(.rel.text.*)
 *(.rel.gnu.linkonce.t*)

.rela.text
 *(.rela.text)
 *(.rela.text.*)
 *(.rela.gnu.linkonce.t*)

.rel.fini
 *(.rel.fini)

.rela.fini
 *(.rela.fini)

.rel.rodata
 *(.rel.rodata)
 *(.rel.rodata.*)
 *(.rel.gnu.linkonce.r*)

.rela.rodata
 *(.rela.rodata)
 *(.rela.rodata.*)
 *(.rela.gnu.linkonce.r*)

.rel.data
 *(.rel.data)
 *(.rel.data.*)
 *(.rel.gnu.linkonce.d*)

.rela.data
 *(.rela.data)
 *(.rela.data.*)
 *(.rela.gnu.linkonce.d*)

.rel.ctors
 *(.rel.ctors)

.rela.ctors
 *(.rela.ctors)

.rel.dtors
 *(.rel.dtors)

.rela.dtors
 *(.rela.dtors)

.rel.got
 *(.rel.got)

.rela.got
 *(.rela.got)

.rel.bss
 *(.rel.bss)

.rela.bss
 *(.rela.bss)

.rel.plt
 *(.rel.plt)

.rela.plt
 *(.rela.plt)

.text           0x00000000     0x2174
 *(.vectors)
 .vectors       0x00000000       0x7c C:/Program Files (x86)/Atmel/Studio/7.0/Packs/atmel/ATtiny_DFP/1.3.229/gcc/dev/attiny1617/avrxmega3/crtattiny1617.o
                0x00000000                __vector_default
                0x00000000                __vectors
 *(.vectors)
 *(.progmem.gcc*)
                0x0000007c                . = ALIGN (0x2)
                0x0000007c                __trampolines_start = .
 *(.trampolines)
 .trampolines   0x0000007c        0x0 linker stubs
 *(.trampolines*)
                0x0000007c                __trampolines_end = .
 *libprintf_flt.a:*(.progmem.data)
 *libc.a:*(.progmem.data)
 *(.progmem*)
                0x0000007c                . = ALIGN (0x2)
 *(.jumptables)
 *(.jumptables*)
 *(.lowtext)
 *(.lowtext*)
                0x0000007c                __ctors_start = .
 *(.ctors)
                0x0000007c                __ctors_end = .
                0x0000007c                __dtors_start = .
 *(.dtors)
                0x0000007c                __dtors_end = .
 SORT(*)(.ctors)
 SORT(*)(.dtors)
 *(.init0)
 .init0         0x0000007c        0x0 C:/Program Files (x86)/Atmel/Studio/7.0/Packs/atmel/ATtiny_DFP/1.3.229/gcc/dev/attiny1617/avrxmega3/crtattiny1617.o
                0x0000007c                __init
 *(.init0)
 *(.init1)
 *(.init1)
 *(.init2)
 .init2         0x0000007c        0xc C:/Program Files (x86)/Atmel/Studio/7.0/Packs/atmel/ATtiny_DFP/1.3.229/gcc/dev/attiny1617/avrxmega3/crtattiny1617.o
 *(.init2)
 *(.init3)
 *(.init3)
 *(.init4)
 .init4         0x00000088       0x16 c:/program files (x86)/atmel/studio/7.0/toolchain/avr8/avr8-gnu-toolchain/bin/../lib/gcc/avr/5.4.0/avrxmega3\libgcc.a(_copy_data.o)
                0x00000088                __do_copy_data
 .init4         0x0000009e       0x10 c:/program files (x86)/atmel/studio/7.0/toolchain/avr8/avr8-gnu-toolchain/bin/../lib/gcc/avr/5.4.0/avrxmega3\libgcc.a(_clear_bss.o)
                0x0000009e                __do_clear_bss
 *(.init4)
 *(.init5)
 *(.init5)
 *(.init6)
 *(.init6)
 *(.init7)
 *(.init7)
 *(.init8)
 *(.init8)
 *(.init9)
 .init9         0x000000ae        0x8 C:/Program Files (x86)/Atmel/Studio/7.0/Packs/atmel/ATtiny_DFP/1.3.229/gcc/dev/attiny1617/avrxmega3/crtattiny1617.o
 *(.init9)
 *(.text)
 .text          0x000000b6        0x2 C:/Program Files (x86)/Atmel/Studio/7.0/Packs/atmel/ATtiny_DFP/1.3.229/gcc/dev/attiny1617/avrxmega3/crtattiny1617.o
                0x000000b6                __vector_1
                0x000000b6                __vector_24
                0x000000b6                __vector_12
                0x000000b6                __bad_interrupt
                0x000000b6                __vector_3
                0x000000b6                __vector_23
                0x000000b6                __vector_30
                0x000000b6                __vector_25
                0x000000b6                __vector_11
                0x000000b6                __vector_17
                0x000000b6                __vector_19
                0x000000b6                __vector_5
                0x000000b6                __vector_4
                0x000000b6                __vector_9
                0x000000b6                __vector_2
                0x000000b6                __vector_21
                0x000000b6                __vector_15
                0x000000b6                __vector_29
                0x000000b6                __vector_26
                0x000000b6                __vector_10
                0x000000b6                __vector_16
                0x000000b6                __vector_18
                0x000000b8                . = ALIGN (0x2)
 *(.text.*)
 .text.I2C_init
                0x000000b8       0x3c Lib/I2C.o
                0x000000b8                I2C_init
 .text.I2C_recover
                0x000000f4       0x6a Lib/I2C.o
                0x000000f4                I2C_recover
 .text.I2C_start
                0x0000015e       0x20 Lib/I2C.o
                0x0000015e                I2C_start
 .text.I2C_wait_ACK
                0x0000017e       0x54 Lib/I2C.o
                0x0000017e                I2C_wait_ACK
 .text.I2C_rep_start
                0x000001d2        0x6 Lib/I2C.o
                0x000001d2                I2C_rep_start
 .text.I2C_read
                0x000001d8       0x9c Lib/I2C.o
                0x000001d8                I2C_read
 .text.I2C_write
                0x00000274       0x4e Lib/I2C.o
                0x00000274                I2C_write
 .text.I2C_stop
                0x000002c2        0xc Lib/I2C.o
                0x000002c2                I2C_stop
 .text.I2C_read_bytes
                0x000002ce       0x8e Lib/I2C.o
                0x000002ce                I2C_read_bytes
 .text.Setup    0x0000035c      0x224 Lib/resources.o
                0x0000035c                Setup
 .text.__vector_8
                0x00000580       0xa8 Lib/resources.o
                0x00000580                __vector_8
 .text.__vector_13
                0x00000628       0x66 Lib/resources.o
                0x00000628                __vector_13
 .text.__vector_14
                0x0000068e       0xa6 Lib/resources.o
                0x0000068e                __vector_14
 .text.__vector_27
                0x00000734       0x68 Lib/resources.o
                0x00000734                __vector_27
 .text.__vector_28
                0x0000079c       0x38 Lib/resources.o
                0x0000079c                __vector_28
 .text.__vector_20
                0x000007d4       0x5c Lib/resources.o
                0x000007d4                __vector_20
 .text.__vector_22
                0x00000830       0xa0 Lib/resources.o
                0x00000830                __vector_22
 .text.__vector_6
                0x000008d0       0xa0 Lib/resources.o
                0x000008d0                __vector_6
 .text.__vector_7
                0x00000970       0x22 Lib/resources.o
                0x00000970                __vector_7
 .text.EERead   0x00000992       0x22 Lib/resources.o
                0x00000992                EERead
 .text.EEWrite  0x000009b4       0x5a Lib/resources.o
                0x000009b4                EEWrite
 .text.SerSend  0x00000a0e       0x24 Lib/resources.o
                0x00000a0e                SerSend
 .text.SerSpeed
                0x00000a32       0x1c Lib/resources.o
                0x00000a32                SerSpeed
 .text.CheckButtons
                0x00000a4e       0xc4 Lib/resources.o
                0x00000a4e                CheckButtons
 .text.lfsr     0x00000b12       0x3e Lib/resources.o
                0x00000b12                lfsr
 .text.floatSpeed
                0x00000b50       0x62 Lib/resources.o
                0x00000b50                floatSpeed
 .text.floatAround
                0x00000bb2       0x46 Lib/resources.o
                0x00000bb2                floatAround
 .text.SaveGameState
                0x00000bf8       0xd6 Lib/resources.o
                0x00000bf8                SaveGameState
 .text.ReadStatusBit
                0x00000cce       0x30 Lib/resources.o
                0x00000cce                ReadStatusBit
 .text.WriteStatusBit
                0x00000cfe       0x5a Lib/resources.o
                0x00000cfe                WriteStatusBit
 .text.getID    0x00000d58       0x1e Lib/resources.o
                0x00000d58                getID
 .text.Reset    0x00000d76       0x4c Lib/resources.o
                0x00000d76                Reset
 .text.GenerateAudio
                0x00000dc2       0xf4 Lib/resources.o
                0x00000dc2                GenerateAudio
 .text.BastetDictates
                0x00000eb6        0x4 Lib/simon.o
                0x00000eb6                BastetDictates
 .text.DecryptData
                0x00000eba       0x40 Lib/text_adv.o
                0x00000eba                DecryptData
 .text.ExtEERead
                0x00000efa       0x5e Lib/text_adv.o
                0x00000efa                ExtEERead
 .text.ClearTxAfter
                0x00000f58       0x16 Lib/text_adv.o
                0x00000f58                ClearTxAfter
 .text.StartsWith
                0x00000f6e       0x34 Lib/text_adv.o
                0x00000f6e                StartsWith
 .text.PrepareSending
                0x00000fa2       0xb0 Lib/text_adv.o
                0x00000fa2                PrepareSending
 .text.SetResponse
                0x00001052       0x36 Lib/text_adv.o
                0x00001052                SetResponse
 .text.SetStandardResponse
                0x00001088       0x90 Lib/text_adv.o
                0x00001088                SetStandardResponse
 .text.PopulateObject
                0x00001118       0xe8 Lib/text_adv.o
                0x00001118                PopulateObject
 .text.GetState
                0x00001200       0x10 Lib/text_adv.o
                0x00001200                GetState
 .text.CheckState
                0x00001210       0x24 Lib/text_adv.o
                0x00001210                CheckState
 .text.CheckLetter
                0x00001234       0xb4 Lib/text_adv.o
                0x00001234                CheckLetter
 .text.FindChild
                0x000012e8       0xc2 Lib/text_adv.o
                0x000012e8                FindChild
 .text.InpOkChk
                0x000013aa       0x1a Lib/text_adv.o
                0x000013aa                InpOkChk
 .text.CleanInput
                0x000013c4       0x42 Lib/text_adv.o
                0x000013c4                CleanInput
 .text.CheckSend
                0x00001406       0xa8 Lib/text_adv.o
                0x00001406                CheckSend
 .text.CheckResponse
                0x000014ae       0x94 Lib/text_adv.o
                0x000014ae                CheckResponse
 .text.CheckInput
                0x00001542      0x29e Lib/text_adv.o
                0x00001542                CheckInput
 .text.ProcessInput
                0x000017e0      0x7fc Lib/text_adv.o
                0x000017e0                ProcessInput
 .text.TextAdventure
                0x00001fdc       0x36 Lib/text_adv.o
                0x00001fdc                TextAdventure
 .text.main     0x00002012      0x118 main.o
                0x00002012                main
 .text.libgcc.div
                0x0000212a       0x28 c:/program files (x86)/atmel/studio/7.0/toolchain/avr8/avr8-gnu-toolchain/bin/../lib/gcc/avr/5.4.0/avrxmega3\libgcc.a(_udivmodhi4.o)
                0x0000212a                __udivmodhi4
 .text.libgcc.mul
                0x00002152       0x1e c:/program files (x86)/atmel/studio/7.0/toolchain/avr8/avr8-gnu-toolchain/bin/../lib/gcc/avr/5.4.0/avrxmega3\libgcc.a(_umulhisi3.o)
                0x00002152                __umulhisi3
                0x00002170                . = ALIGN (0x2)
 *(.fini9)
 .fini9         0x00002170        0x0 c:/program files (x86)/atmel/studio/7.0/toolchain/avr8/avr8-gnu-toolchain/bin/../lib/gcc/avr/5.4.0/avrxmega3\libgcc.a(_exit.o)
                0x00002170                _exit
                0x00002170                exit
 *(.fini9)
 *(.fini8)
 *(.fini8)
 *(.fini7)
 *(.fini7)
 *(.fini6)
 *(.fini6)
 *(.fini5)
 *(.fini5)
 *(.fini4)
 *(.fini4)
 *(.fini3)
 *(.fini3)
 *(.fini2)
 *(.fini2)
 *(.fini1)
 *(.fini1)
 *(.fini0)
 .fini0         0x00002170        0x4 c:/program files (x86)/atmel/studio/7.0/toolchain/avr8/avr8-gnu-toolchain/bin/../lib/gcc/avr/5.4.0/avrxmega3\libgcc.a(_exit.o)
 *(.fini0)
                0x00002174                _etext = .

.rodata         0x0000a174       0x3e load address 0x00002174
 *(.rodata)
 *(.rodata*)
 .rodata.CAT    0x0000a174        0x1 Lib/main_def.o
                0x0000a174                CAT
 .rodata.RAT    0x0000a175        0x1 Lib/main_def.o
                0x0000a175                RAT
 .rodata.GEM    0x0000a176        0x2 Lib/main_def.o
                0x0000a176                GEM
 .rodata.WING   0x0000a178        0xa Lib/main_def.o
                0x0000a178                WING
 .rodata.EYE    0x0000a182        0x4 Lib/main_def.o
                0x0000a182                EYE
 .rodata.HCKR   0x0000a186        0xc Lib/main_def.o
                0x0000a186                HCKR
 .rodata.str1.1
                0x0000a192       0x10 Lib/text_adv.o
 .rodata.xor_key
                0x0000a1a2       0x10 Lib/text_adv.o
                0x0000a1a2                xor_key
 *(.gnu.linkonce.r*)

.data           0x00803800       0x90 load address 0x000021b2
                0x00803800                PROVIDE (__data_start, .)
 *(.data)
 *(.data*)
 .data.auRepAddr
                0x00803800        0x2 Lib/main_def.o
                0x00803800                auRepAddr
 .data.auSmpAddr
                0x00803802        0x2 Lib/main_def.o
                0x00803802                auSmpAddr
 .data.serTxDone
                0x00803804        0x1 Lib/main_def.o
                0x00803804                serTxDone
 .data.auBuffer.3907
                0x00803805       0x80 Lib/resources.o
 .data.state.3863
                0x00803885        0x2 Lib/resources.o
 .data.mask     0x00803887        0x8 Lib/resources.o
                0x00803887                mask
 .data.currDepth
                0x0080388f        0x1 Lib/text_adv.o
 *(.gnu.linkonce.d*)
                0x00803890                . = ALIGN (0x2)
                0x00803890                _edata = .
                0x00803890                PROVIDE (__data_end, .)

.bss            0x00803890      0x289
                0x00803890                PROVIDE (__bss_start, .)
 *(.bss)
 *(.bss*)
 .bss.adc0Chg   0x00803890        0x1 Lib/main_def.o
                0x00803890                adc0Chg
 .bss.zero      0x00803891        0x1 Lib/main_def.o
                0x00803891                zero
 .bss.auStart   0x00803892        0x1 Lib/main_def.o
                0x00803892                auStart
 .bss.effect    0x00803893        0x2 Lib/main_def.o
                0x00803893                effect
 .bss.whoami    0x00803895        0x1 Lib/main_def.o
                0x00803895                whoami
 .bss.inventory
                0x00803896        0x4 Lib/main_def.o
                0x00803896                inventory
 .bss.buttonMark
                0x0080389a        0x1 Lib/main_def.o
                0x0080389a                buttonMark
 .bss.minuteMark
                0x0080389b        0x1 Lib/main_def.o
                0x0080389b                minuteMark
 .bss.serRxDone
                0x0080389c        0x1 Lib/main_def.o
                0x0080389c                serRxDone
 .bss.serInput.3957
                0x0080389d       0x41 Lib/text_adv.o
 .bss.actObj1.3939
                0x008038de       0x28 Lib/text_adv.o
 .bss.number.3917
                0x00803906        0x1 Lib/text_adv.o
 .bss.txPart.3913
                0x00803907        0x1 Lib/text_adv.o
 .bss.responseList
                0x00803908        0x1 Lib/text_adv.o
 .bss.reactStr  0x00803909       0xc0 Lib/text_adv.o
 .bss.route     0x008039c9       0x40 Lib/text_adv.o
 .bss.currObj   0x00803a09       0x28 Lib/text_adv.o
 .bss.txTypeNow
                0x00803a31        0x1 Lib/text_adv.o
                0x00803a31                txTypeNow
 .bss.txAddrNow
                0x00803a32        0x1 Lib/text_adv.o
                0x00803a32                txAddrNow
 .bss.txStrLen  0x00803a33        0x8 Lib/text_adv.o
                0x00803a33                txStrLen
 .bss.txAddrList
                0x00803a3b       0x10 Lib/text_adv.o
                0x00803a3b                txAddrList
 *(COMMON)
 COMMON         0x00803a4b       0xab Lib/main_def.o
                0x00803a4b                buttonState
                0x00803a4c                timeout_I2C
                0x00803a4d                gameState
                0x00803a61                serRx
                0x00803aa2                auVolume
                0x00803aa3                adcBtns
                0x00803aa5                serTxAddr
                0x00803aa7                adcHall
                0x00803aa9                adcPhot
                0x00803aab                detHdPh
                0x00803aac                auIn
                0x00803acc                iLED
                0x00803af4                auPlayDone
                0x00803af5                adcTemp
 COMMON         0x00803af6        0x2 Lib/resources.o
                0x00803af6                tmp16bit
 COMMON         0x00803af8       0x21 Lib/text_adv.o
                0x00803af8                txBuffer
                0x00803b19                PROVIDE (__bss_end, .)
                0x000021b2                __data_load_start = LOADADDR (.data)
                0x00002242                __data_load_end = (__data_load_start + SIZEOF (.data))

.noinit         0x00803b19        0x0
                [!provide]                PROVIDE (__noinit_start, .)
 *(.noinit*)
                [!provide]                PROVIDE (__noinit_end, .)
                0x00803b19                _end = .
                [!provide]                PROVIDE (__heap_start, .)

.eeprom         0x00810000        0x0
 *(.eeprom*)
                0x00810000                __eeprom_end = .

.fuse
 *(.fuse)
 *(.lfuse)
 *(.hfuse)
 *(.efuse)

.lock
 *(.lock*)

.signature
 *(.signature*)

.user_signatures
 *(.user_signatures*)

.stab
 *(.stab)

.stabstr
 *(.stabstr)

.stab.excl
 *(.stab.excl)

.stab.exclstr
 *(.stab.exclstr)

.stab.index
 *(.stab.index)

.stab.indexstr
 *(.stab.indexstr)

.comment        0x00000000       0x30
 *(.comment)
 .comment       0x00000000       0x30 Lib/I2C.o
                                 0x31 (size before relaxing)
 .comment       0x00000030       0x31 Lib/main_def.o
 .comment       0x00000030       0x31 Lib/resources.o
 .comment       0x00000030       0x31 Lib/simon.o
 .comment       0x00000030       0x31 Lib/text_adv.o
 .comment       0x00000030       0x31 main.o

.note.gnu.avr.deviceinfo
                0x00000000       0x40
 .note.gnu.avr.deviceinfo
                0x00000000       0x40 C:/Program Files (x86)/Atmel/Studio/7.0/Packs/atmel/ATtiny_DFP/1.3.229/gcc/dev/attiny1617/avrxmega3/crtattiny1617.o

.note.gnu.build-id
 *(.note.gnu.build-id)

.debug
 *(.debug)

.line
 *(.line)

.debug_srcinfo
 *(.debug_srcinfo)

.debug_sfnames
 *(.debug_sfnames)

.debug_aranges  0x00000000      0x260
 *(.debug_aranges)
 .debug_aranges
                0x00000000       0x68 Lib/I2C.o
 .debug_aranges
                0x00000068       0x18 Lib/main_def.o
 .debug_aranges
                0x00000080       0xe8 Lib/resources.o
 .debug_aranges
                0x00000168       0x20 Lib/simon.o
 .debug_aranges
                0x00000188       0xb8 Lib/text_adv.o
 .debug_aranges
                0x00000240       0x20 main.o

.debug_pubnames
 *(.debug_pubnames)

.debug_info     0x00000000     0x4bbc
 *(.debug_info .gnu.linkonce.wi.*)
 .debug_info    0x00000000     0x19ed C:/Program Files (x86)/Atmel/Studio/7.0/Packs/atmel/ATtiny_DFP/1.3.229/gcc/dev/attiny1617/avrxmega3/crtattiny1617.o
 .debug_info    0x000019ed      0x63c Lib/I2C.o
 .debug_info    0x00002029      0x3bf Lib/main_def.o
 .debug_info    0x000023e8      0xacf Lib/resources.o
 .debug_info    0x00002eb7       0x8d Lib/simon.o
 .debug_info    0x00002f44     0x19c6 Lib/text_adv.o
 .debug_info    0x0000490a      0x2b2 main.o

.debug_abbrev   0x00000000     0x222a
 *(.debug_abbrev)
 .debug_abbrev  0x00000000     0x1888 C:/Program Files (x86)/Atmel/Studio/7.0/Packs/atmel/ATtiny_DFP/1.3.229/gcc/dev/attiny1617/avrxmega3/crtattiny1617.o
 .debug_abbrev  0x00001888      0x22a Lib/I2C.o
 .debug_abbrev  0x00001ab2       0x7e Lib/main_def.o
 .debug_abbrev  0x00001b30      0x306 Lib/resources.o
 .debug_abbrev  0x00001e36       0x51 Lib/simon.o
 .debug_abbrev  0x00001e87      0x2ae Lib/text_adv.o
 .debug_abbrev  0x00002135       0xf5 main.o

.debug_line     0x00000000     0x21fc
 *(.debug_line .debug_line.* .debug_line_end)
 .debug_line    0x00000000      0x151 C:/Program Files (x86)/Atmel/Studio/7.0/Packs/atmel/ATtiny_DFP/1.3.229/gcc/dev/attiny1617/avrxmega3/crtattiny1617.o
 .debug_line    0x00000151      0x56a Lib/I2C.o
 .debug_line    0x000006bb       0x94 Lib/main_def.o
 .debug_line    0x0000074f      0xb48 Lib/resources.o
 .debug_line    0x00001297       0xa7 Lib/simon.o
 .debug_line    0x0000133e      0xcac Lib/text_adv.o
 .debug_line    0x00001fea      0x212 main.o

.debug_frame    0x00000000      0x748
 *(.debug_frame)
 .debug_frame   0x00000000       0xf8 Lib/I2C.o
 .debug_frame   0x000000f8      0x344 Lib/resources.o
 .debug_frame   0x0000043c       0x24 Lib/simon.o
 .debug_frame   0x00000460      0x2c4 Lib/text_adv.o
 .debug_frame   0x00000724       0x24 main.o

.debug_str      0x00000000     0x1711
 *(.debug_str)
 .debug_str     0x00000000      0xacf C:/Program Files (x86)/Atmel/Studio/7.0/Packs/atmel/ATtiny_DFP/1.3.229/gcc/dev/attiny1617/avrxmega3/crtattiny1617.o
 .debug_str     0x00000acf      0x48f Lib/I2C.o
                                0x4c9 (size before relaxing)
 .debug_str     0x00000f5e      0x105 Lib/main_def.o
                                0x2ae (size before relaxing)
 .debug_str     0x00001063      0x326 Lib/resources.o
                                0x5ea (size before relaxing)
 .debug_str     0x00001389       0x21 Lib/simon.o
                                0x1be (size before relaxing)
 .debug_str     0x000013aa      0x356 Lib/text_adv.o
                                0x5c0 (size before relaxing)
 .debug_str     0x00001700       0x11 main.o
                                0x240 (size before relaxing)

.debug_loc      0x00000000     0x2126
 *(.debug_loc)
 .debug_loc     0x00000000      0x421 Lib/I2C.o
 .debug_loc     0x00000421      0xa85 Lib/resources.o
 .debug_loc     0x00000ea6     0x124e Lib/text_adv.o
 .debug_loc     0x000020f4       0x32 main.o

.debug_macinfo
 *(.debug_macinfo)

.debug_weaknames
 *(.debug_weaknames)

.debug_funcnames
 *(.debug_funcnames)

.debug_typenames
 *(.debug_typenames)

.debug_varnames
 *(.debug_varnames)

.debug_pubtypes
 *(.debug_pubtypes)

.debug_ranges   0x00000000      0x330
 *(.debug_ranges)
 .debug_ranges  0x00000000       0x58 Lib/I2C.o
 .debug_ranges  0x00000058      0x108 Lib/resources.o
 .debug_ranges  0x00000160       0x10 Lib/simon.o
 .debug_ranges  0x00000170      0x1b0 Lib/text_adv.o
 .debug_ranges  0x00000320       0x10 main.o

.debug_macro
 *(.debug_macro)
OUTPUT(ISR_IO.elf elf32-avr)
LOAD linker stubs
