Archive member included to satisfy reference by file (symbol)

c:/program files (x86)/atmel/studio/7.0/toolchain/avr8/avr8-gnu-toolchain/bin/../lib/gcc/avr/5.4.0/avrxmega3\libgcc.a(_udivmodqi4.o)
                              Lib/friends.o (__udivmodqi4)
c:/program files (x86)/atmel/studio/7.0/toolchain/avr8/avr8-gnu-toolchain/bin/../lib/gcc/avr/5.4.0/avrxmega3\libgcc.a(_udivmodhi4.o)
                              Lib/resources.o (__udivmodhi4)
c:/program files (x86)/atmel/studio/7.0/toolchain/avr8/avr8-gnu-toolchain/bin/../lib/gcc/avr/5.4.0/avrxmega3\libgcc.a(_divmodhi4.o)
                              Lib/resources.o (__divmodhi4)
c:/program files (x86)/atmel/studio/7.0/toolchain/avr8/avr8-gnu-toolchain/bin/../lib/gcc/avr/5.4.0/avrxmega3\libgcc.a(_udivmodsi4.o)
                              Lib/text_adv.o (__udivmodsi4)
c:/program files (x86)/atmel/studio/7.0/toolchain/avr8/avr8-gnu-toolchain/bin/../lib/gcc/avr/5.4.0/avrxmega3\libgcc.a(_exit.o)
                              C:/Program Files (x86)/Atmel/Studio/7.0/Packs/atmel/ATtiny_DFP/1.3.229/gcc/dev/attiny1617/avrxmega3/crtattiny1617.o (exit)
c:/program files (x86)/atmel/studio/7.0/toolchain/avr8/avr8-gnu-toolchain/bin/../lib/gcc/avr/5.4.0/avrxmega3\libgcc.a(_copy_data.o)
                              Lib/friends.o (__do_copy_data)
c:/program files (x86)/atmel/studio/7.0/toolchain/avr8/avr8-gnu-toolchain/bin/../lib/gcc/avr/5.4.0/avrxmega3\libgcc.a(_clear_bss.o)
                              Lib/friends.o (__do_clear_bss)

Allocating common symbols
Common symbol       size              file

timeout_I2C         0x1               Lib/main_def.o
gameState           0x14              Lib/main_def.o
serRx               0x41              Lib/main_def.o
auVolume            0x1               Lib/main_def.o
adcBtns             0x2               Lib/main_def.o
serTxAddr           0x2               Lib/main_def.o
adcHall             0x2               Lib/main_def.o
adcPhot             0x2               Lib/main_def.o
txBuffer            0x21              Lib/text_adv.o
detHdPh             0x1               Lib/main_def.o
calTemp             0x2               Lib/main_def.o
auIn                0x8               Lib/main_def.o
iLED                0x28              Lib/main_def.o
auPlayDone          0x1               Lib/main_def.o
tmp16bit            0x2               Lib/resources.o
calHall             0x2               Lib/main_def.o
adcTemp             0x2               Lib/main_def.o

Discarded input sections

 .data          0x00000000        0x0 C:/Program Files (x86)/Atmel/Studio/7.0/Packs/atmel/ATtiny_DFP/1.3.229/gcc/dev/attiny1617/avrxmega3/crtattiny1617.o
 .bss           0x00000000        0x0 C:/Program Files (x86)/Atmel/Studio/7.0/Packs/atmel/ATtiny_DFP/1.3.229/gcc/dev/attiny1617/avrxmega3/crtattiny1617.o
 .text          0x00000000        0x0 Lib/friends.o
 .data          0x00000000        0x0 Lib/friends.o
 .bss           0x00000000        0x0 Lib/friends.o
 COMMON         0x00000000        0x0 Lib/friends.o
 .text          0x00000000        0x0 Lib/I2C.o
 .data          0x00000000        0x0 Lib/I2C.o
 .bss           0x00000000        0x0 Lib/I2C.o
 .text.I2C_rep_start
                0x00000000        0x6 Lib/I2C.o
 .text.I2C_write_bytes
                0x00000000       0x7e Lib/I2C.o
 .text          0x00000000        0x0 Lib/lanyard.o
 .data          0x00000000        0x0 Lib/lanyard.o
 .bss           0x00000000        0x0 Lib/lanyard.o
 .text          0x00000000        0x0 Lib/main_def.o
 .data          0x00000000        0x0 Lib/main_def.o
 .bss           0x00000000        0x0 Lib/main_def.o
 .rodata.QSINE  0x00000000       0x20 Lib/main_def.o
 .text          0x00000000        0x0 Lib/maze.o
 .data          0x00000000        0x0 Lib/maze.o
 .bss           0x00000000        0x0 Lib/maze.o
 .text          0x00000000        0x0 Lib/resources.o
 .data          0x00000000        0x0 Lib/resources.o
 .bss           0x00000000        0x0 Lib/resources.o
 .text.GenerateBlinks
                0x00000000       0x78 Lib/resources.o
 .bss.test.3941
                0x00000000        0x1 Lib/resources.o
 .text          0x00000000        0x0 Lib/simon.o
 .data          0x00000000        0x0 Lib/simon.o
 .bss           0x00000000        0x0 Lib/simon.o
 .text.simonTone
                0x00000000        0x2 Lib/simon.o
 .bss.simonScore
                0x00000000        0x2 Lib/simon.o
 .text          0x00000000        0x0 Lib/text_adv.o
 .data          0x00000000        0x0 Lib/text_adv.o
 .bss           0x00000000        0x0 Lib/text_adv.o
 .text.SetResponse
                0x00000000       0x30 Lib/text_adv.o
 .bss.sendPrompt
                0x00000000        0x1 Lib/text_adv.o
 .text          0x00000000        0x0 main.o
 .data          0x00000000        0x0 main.o
 .bss           0x00000000        0x0 main.o
 .text          0x00000000        0x0 c:/program files (x86)/atmel/studio/7.0/toolchain/avr8/avr8-gnu-toolchain/bin/../lib/gcc/avr/5.4.0/avrxmega3\libgcc.a(_udivmodqi4.o)
 .data          0x00000000        0x0 c:/program files (x86)/atmel/studio/7.0/toolchain/avr8/avr8-gnu-toolchain/bin/../lib/gcc/avr/5.4.0/avrxmega3\libgcc.a(_udivmodqi4.o)
 .bss           0x00000000        0x0 c:/program files (x86)/atmel/studio/7.0/toolchain/avr8/avr8-gnu-toolchain/bin/../lib/gcc/avr/5.4.0/avrxmega3\libgcc.a(_udivmodqi4.o)
 .text.libgcc.mul
                0x00000000        0x0 c:/program files (x86)/atmel/studio/7.0/toolchain/avr8/avr8-gnu-toolchain/bin/../lib/gcc/avr/5.4.0/avrxmega3\libgcc.a(_udivmodqi4.o)
 .text.libgcc   0x00000000        0x0 c:/program files (x86)/atmel/studio/7.0/toolchain/avr8/avr8-gnu-toolchain/bin/../lib/gcc/avr/5.4.0/avrxmega3\libgcc.a(_udivmodqi4.o)
 .text.libgcc.prologue
                0x00000000        0x0 c:/program files (x86)/atmel/studio/7.0/toolchain/avr8/avr8-gnu-toolchain/bin/../lib/gcc/avr/5.4.0/avrxmega3\libgcc.a(_udivmodqi4.o)
 .text.libgcc.builtins
                0x00000000        0x0 c:/program files (x86)/atmel/studio/7.0/toolchain/avr8/avr8-gnu-toolchain/bin/../lib/gcc/avr/5.4.0/avrxmega3\libgcc.a(_udivmodqi4.o)
 .text.libgcc.fmul
                0x00000000        0x0 c:/program files (x86)/atmel/studio/7.0/toolchain/avr8/avr8-gnu-toolchain/bin/../lib/gcc/avr/5.4.0/avrxmega3\libgcc.a(_udivmodqi4.o)
 .text.libgcc.fixed
                0x00000000        0x0 c:/program files (x86)/atmel/studio/7.0/toolchain/avr8/avr8-gnu-toolchain/bin/../lib/gcc/avr/5.4.0/avrxmega3\libgcc.a(_udivmodqi4.o)
 .text          0x00000000        0x0 c:/program files (x86)/atmel/studio/7.0/toolchain/avr8/avr8-gnu-toolchain/bin/../lib/gcc/avr/5.4.0/avrxmega3\libgcc.a(_udivmodhi4.o)
 .data          0x00000000        0x0 c:/program files (x86)/atmel/studio/7.0/toolchain/avr8/avr8-gnu-toolchain/bin/../lib/gcc/avr/5.4.0/avrxmega3\libgcc.a(_udivmodhi4.o)
 .bss           0x00000000        0x0 c:/program files (x86)/atmel/studio/7.0/toolchain/avr8/avr8-gnu-toolchain/bin/../lib/gcc/avr/5.4.0/avrxmega3\libgcc.a(_udivmodhi4.o)
 .text.libgcc.mul
                0x00000000        0x0 c:/program files (x86)/atmel/studio/7.0/toolchain/avr8/avr8-gnu-toolchain/bin/../lib/gcc/avr/5.4.0/avrxmega3\libgcc.a(_udivmodhi4.o)
 .text.libgcc   0x00000000        0x0 c:/program files (x86)/atmel/studio/7.0/toolchain/avr8/avr8-gnu-toolchain/bin/../lib/gcc/avr/5.4.0/avrxmega3\libgcc.a(_udivmodhi4.o)
 .text.libgcc.prologue
                0x00000000        0x0 c:/program files (x86)/atmel/studio/7.0/toolchain/avr8/avr8-gnu-toolchain/bin/../lib/gcc/avr/5.4.0/avrxmega3\libgcc.a(_udivmodhi4.o)
 .text.libgcc.builtins
                0x00000000        0x0 c:/program files (x86)/atmel/studio/7.0/toolchain/avr8/avr8-gnu-toolchain/bin/../lib/gcc/avr/5.4.0/avrxmega3\libgcc.a(_udivmodhi4.o)
 .text.libgcc.fmul
                0x00000000        0x0 c:/program files (x86)/atmel/studio/7.0/toolchain/avr8/avr8-gnu-toolchain/bin/../lib/gcc/avr/5.4.0/avrxmega3\libgcc.a(_udivmodhi4.o)
 .text.libgcc.fixed
                0x00000000        0x0 c:/program files (x86)/atmel/studio/7.0/toolchain/avr8/avr8-gnu-toolchain/bin/../lib/gcc/avr/5.4.0/avrxmega3\libgcc.a(_udivmodhi4.o)
 .text          0x00000000        0x0 c:/program files (x86)/atmel/studio/7.0/toolchain/avr8/avr8-gnu-toolchain/bin/../lib/gcc/avr/5.4.0/avrxmega3\libgcc.a(_divmodhi4.o)
 .data          0x00000000        0x0 c:/program files (x86)/atmel/studio/7.0/toolchain/avr8/avr8-gnu-toolchain/bin/../lib/gcc/avr/5.4.0/avrxmega3\libgcc.a(_divmodhi4.o)
 .bss           0x00000000        0x0 c:/program files (x86)/atmel/studio/7.0/toolchain/avr8/avr8-gnu-toolchain/bin/../lib/gcc/avr/5.4.0/avrxmega3\libgcc.a(_divmodhi4.o)
 .text.libgcc.mul
                0x00000000        0x0 c:/program files (x86)/atmel/studio/7.0/toolchain/avr8/avr8-gnu-toolchain/bin/../lib/gcc/avr/5.4.0/avrxmega3\libgcc.a(_divmodhi4.o)
 .text.libgcc   0x00000000        0x0 c:/program files (x86)/atmel/studio/7.0/toolchain/avr8/avr8-gnu-toolchain/bin/../lib/gcc/avr/5.4.0/avrxmega3\libgcc.a(_divmodhi4.o)
 .text.libgcc.prologue
                0x00000000        0x0 c:/program files (x86)/atmel/studio/7.0/toolchain/avr8/avr8-gnu-toolchain/bin/../lib/gcc/avr/5.4.0/avrxmega3\libgcc.a(_divmodhi4.o)
 .text.libgcc.builtins
                0x00000000        0x0 c:/program files (x86)/atmel/studio/7.0/toolchain/avr8/avr8-gnu-toolchain/bin/../lib/gcc/avr/5.4.0/avrxmega3\libgcc.a(_divmodhi4.o)
 .text.libgcc.fmul
                0x00000000        0x0 c:/program files (x86)/atmel/studio/7.0/toolchain/avr8/avr8-gnu-toolchain/bin/../lib/gcc/avr/5.4.0/avrxmega3\libgcc.a(_divmodhi4.o)
 .text.libgcc.fixed
                0x00000000        0x0 c:/program files (x86)/atmel/studio/7.0/toolchain/avr8/avr8-gnu-toolchain/bin/../lib/gcc/avr/5.4.0/avrxmega3\libgcc.a(_divmodhi4.o)
 .text          0x00000000        0x0 c:/program files (x86)/atmel/studio/7.0/toolchain/avr8/avr8-gnu-toolchain/bin/../lib/gcc/avr/5.4.0/avrxmega3\libgcc.a(_udivmodsi4.o)
 .data          0x00000000        0x0 c:/program files (x86)/atmel/studio/7.0/toolchain/avr8/avr8-gnu-toolchain/bin/../lib/gcc/avr/5.4.0/avrxmega3\libgcc.a(_udivmodsi4.o)
 .bss           0x00000000        0x0 c:/program files (x86)/atmel/studio/7.0/toolchain/avr8/avr8-gnu-toolchain/bin/../lib/gcc/avr/5.4.0/avrxmega3\libgcc.a(_udivmodsi4.o)
 .text.libgcc.mul
                0x00000000        0x0 c:/program files (x86)/atmel/studio/7.0/toolchain/avr8/avr8-gnu-toolchain/bin/../lib/gcc/avr/5.4.0/avrxmega3\libgcc.a(_udivmodsi4.o)
 .text.libgcc   0x00000000        0x0 c:/program files (x86)/atmel/studio/7.0/toolchain/avr8/avr8-gnu-toolchain/bin/../lib/gcc/avr/5.4.0/avrxmega3\libgcc.a(_udivmodsi4.o)
 .text.libgcc.prologue
                0x00000000        0x0 c:/program files (x86)/atmel/studio/7.0/toolchain/avr8/avr8-gnu-toolchain/bin/../lib/gcc/avr/5.4.0/avrxmega3\libgcc.a(_udivmodsi4.o)
 .text.libgcc.builtins
                0x00000000        0x0 c:/program files (x86)/atmel/studio/7.0/toolchain/avr8/avr8-gnu-toolchain/bin/../lib/gcc/avr/5.4.0/avrxmega3\libgcc.a(_udivmodsi4.o)
 .text.libgcc.fmul
                0x00000000        0x0 c:/program files (x86)/atmel/studio/7.0/toolchain/avr8/avr8-gnu-toolchain/bin/../lib/gcc/avr/5.4.0/avrxmega3\libgcc.a(_udivmodsi4.o)
 .text.libgcc.fixed
                0x00000000        0x0 c:/program files (x86)/atmel/studio/7.0/toolchain/avr8/avr8-gnu-toolchain/bin/../lib/gcc/avr/5.4.0/avrxmega3\libgcc.a(_udivmodsi4.o)
 .text          0x00000000        0x0 c:/program files (x86)/atmel/studio/7.0/toolchain/avr8/avr8-gnu-toolchain/bin/../lib/gcc/avr/5.4.0/avrxmega3\libgcc.a(_exit.o)
 .data          0x00000000        0x0 c:/program files (x86)/atmel/studio/7.0/toolchain/avr8/avr8-gnu-toolchain/bin/../lib/gcc/avr/5.4.0/avrxmega3\libgcc.a(_exit.o)
 .bss           0x00000000        0x0 c:/program files (x86)/atmel/studio/7.0/toolchain/avr8/avr8-gnu-toolchain/bin/../lib/gcc/avr/5.4.0/avrxmega3\libgcc.a(_exit.o)
 .text.libgcc.mul
                0x00000000        0x0 c:/program files (x86)/atmel/studio/7.0/toolchain/avr8/avr8-gnu-toolchain/bin/../lib/gcc/avr/5.4.0/avrxmega3\libgcc.a(_exit.o)
 .text.libgcc.div
                0x00000000        0x0 c:/program files (x86)/atmel/studio/7.0/toolchain/avr8/avr8-gnu-toolchain/bin/../lib/gcc/avr/5.4.0/avrxmega3\libgcc.a(_exit.o)
 .text.libgcc   0x00000000        0x0 c:/program files (x86)/atmel/studio/7.0/toolchain/avr8/avr8-gnu-toolchain/bin/../lib/gcc/avr/5.4.0/avrxmega3\libgcc.a(_exit.o)
 .text.libgcc.prologue
                0x00000000        0x0 c:/program files (x86)/atmel/studio/7.0/toolchain/avr8/avr8-gnu-toolchain/bin/../lib/gcc/avr/5.4.0/avrxmega3\libgcc.a(_exit.o)
 .text.libgcc.builtins
                0x00000000        0x0 c:/program files (x86)/atmel/studio/7.0/toolchain/avr8/avr8-gnu-toolchain/bin/../lib/gcc/avr/5.4.0/avrxmega3\libgcc.a(_exit.o)
 .text.libgcc.fmul
                0x00000000        0x0 c:/program files (x86)/atmel/studio/7.0/toolchain/avr8/avr8-gnu-toolchain/bin/../lib/gcc/avr/5.4.0/avrxmega3\libgcc.a(_exit.o)
 .text.libgcc.fixed
                0x00000000        0x0 c:/program files (x86)/atmel/studio/7.0/toolchain/avr8/avr8-gnu-toolchain/bin/../lib/gcc/avr/5.4.0/avrxmega3\libgcc.a(_exit.o)
 .text          0x00000000        0x0 c:/program files (x86)/atmel/studio/7.0/toolchain/avr8/avr8-gnu-toolchain/bin/../lib/gcc/avr/5.4.0/avrxmega3\libgcc.a(_copy_data.o)
 .data          0x00000000        0x0 c:/program files (x86)/atmel/studio/7.0/toolchain/avr8/avr8-gnu-toolchain/bin/../lib/gcc/avr/5.4.0/avrxmega3\libgcc.a(_copy_data.o)
 .bss           0x00000000        0x0 c:/program files (x86)/atmel/studio/7.0/toolchain/avr8/avr8-gnu-toolchain/bin/../lib/gcc/avr/5.4.0/avrxmega3\libgcc.a(_copy_data.o)
 .text.libgcc.mul
                0x00000000        0x0 c:/program files (x86)/atmel/studio/7.0/toolchain/avr8/avr8-gnu-toolchain/bin/../lib/gcc/avr/5.4.0/avrxmega3\libgcc.a(_copy_data.o)
 .text.libgcc.div
                0x00000000        0x0 c:/program files (x86)/atmel/studio/7.0/toolchain/avr8/avr8-gnu-toolchain/bin/../lib/gcc/avr/5.4.0/avrxmega3\libgcc.a(_copy_data.o)
 .text.libgcc   0x00000000        0x0 c:/program files (x86)/atmel/studio/7.0/toolchain/avr8/avr8-gnu-toolchain/bin/../lib/gcc/avr/5.4.0/avrxmega3\libgcc.a(_copy_data.o)
 .text.libgcc.prologue
                0x00000000        0x0 c:/program files (x86)/atmel/studio/7.0/toolchain/avr8/avr8-gnu-toolchain/bin/../lib/gcc/avr/5.4.0/avrxmega3\libgcc.a(_copy_data.o)
 .text.libgcc.builtins
                0x00000000        0x0 c:/program files (x86)/atmel/studio/7.0/toolchain/avr8/avr8-gnu-toolchain/bin/../lib/gcc/avr/5.4.0/avrxmega3\libgcc.a(_copy_data.o)
 .text.libgcc.fmul
                0x00000000        0x0 c:/program files (x86)/atmel/studio/7.0/toolchain/avr8/avr8-gnu-toolchain/bin/../lib/gcc/avr/5.4.0/avrxmega3\libgcc.a(_copy_data.o)
 .text.libgcc.fixed
                0x00000000        0x0 c:/program files (x86)/atmel/studio/7.0/toolchain/avr8/avr8-gnu-toolchain/bin/../lib/gcc/avr/5.4.0/avrxmega3\libgcc.a(_copy_data.o)
 .text          0x00000000        0x0 c:/program files (x86)/atmel/studio/7.0/toolchain/avr8/avr8-gnu-toolchain/bin/../lib/gcc/avr/5.4.0/avrxmega3\libgcc.a(_clear_bss.o)
 .data          0x00000000        0x0 c:/program files (x86)/atmel/studio/7.0/toolchain/avr8/avr8-gnu-toolchain/bin/../lib/gcc/avr/5.4.0/avrxmega3\libgcc.a(_clear_bss.o)
 .bss           0x00000000        0x0 c:/program files (x86)/atmel/studio/7.0/toolchain/avr8/avr8-gnu-toolchain/bin/../lib/gcc/avr/5.4.0/avrxmega3\libgcc.a(_clear_bss.o)
 .text.libgcc.mul
                0x00000000        0x0 c:/program files (x86)/atmel/studio/7.0/toolchain/avr8/avr8-gnu-toolchain/bin/../lib/gcc/avr/5.4.0/avrxmega3\libgcc.a(_clear_bss.o)
 .text.libgcc.div
                0x00000000        0x0 c:/program files (x86)/atmel/studio/7.0/toolchain/avr8/avr8-gnu-toolchain/bin/../lib/gcc/avr/5.4.0/avrxmega3\libgcc.a(_clear_bss.o)
 .text.libgcc   0x00000000        0x0 c:/program files (x86)/atmel/studio/7.0/toolchain/avr8/avr8-gnu-toolchain/bin/../lib/gcc/avr/5.4.0/avrxmega3\libgcc.a(_clear_bss.o)
 .text.libgcc.prologue
                0x00000000        0x0 c:/program files (x86)/atmel/studio/7.0/toolchain/avr8/avr8-gnu-toolchain/bin/../lib/gcc/avr/5.4.0/avrxmega3\libgcc.a(_clear_bss.o)
 .text.libgcc.builtins
                0x00000000        0x0 c:/program files (x86)/atmel/studio/7.0/toolchain/avr8/avr8-gnu-toolchain/bin/../lib/gcc/avr/5.4.0/avrxmega3\libgcc.a(_clear_bss.o)
 .text.libgcc.fmul
                0x00000000        0x0 c:/program files (x86)/atmel/studio/7.0/toolchain/avr8/avr8-gnu-toolchain/bin/../lib/gcc/avr/5.4.0/avrxmega3\libgcc.a(_clear_bss.o)
 .text.libgcc.fixed
                0x00000000        0x0 c:/program files (x86)/atmel/studio/7.0/toolchain/avr8/avr8-gnu-toolchain/bin/../lib/gcc/avr/5.4.0/avrxmega3\libgcc.a(_clear_bss.o)

Memory Configuration

Name             Origin             Length             Attributes
text             0x00000000         0x00100000         xr
data             0x00802000         0x0000ffa0         rw !x
eeprom           0x00810000         0x00010000         rw !x
fuse             0x00820000         0x00000009         rw !x
lock             0x00830000         0x00000400         rw !x
signature        0x00840000         0x00000400         rw !x
user_signatures  0x00850000         0x00000400         rw !x
*default*        0x00000000         0xffffffff

Linker script and memory map

Address of section .data set to 0x803800
                0x00008000                __RODATA_PM_OFFSET__ = 0x8000
LOAD C:/Program Files (x86)/Atmel/Studio/7.0/Packs/atmel/ATtiny_DFP/1.3.229/gcc/dev/attiny1617/avrxmega3/crtattiny1617.o
LOAD Lib/friends.o
LOAD Lib/I2C.o
LOAD Lib/lanyard.o
LOAD Lib/main_def.o
LOAD Lib/maze.o
LOAD Lib/resources.o
LOAD Lib/simon.o
LOAD Lib/text_adv.o
LOAD main.o
START GROUP
LOAD c:/program files (x86)/atmel/studio/7.0/toolchain/avr8/avr8-gnu-toolchain/bin/../lib/gcc/avr/5.4.0/../../../../avr/lib/avrxmega3\libm.a
END GROUP
START GROUP
LOAD c:/program files (x86)/atmel/studio/7.0/toolchain/avr8/avr8-gnu-toolchain/bin/../lib/gcc/avr/5.4.0/avrxmega3\libgcc.a
LOAD c:/program files (x86)/atmel/studio/7.0/toolchain/avr8/avr8-gnu-toolchain/bin/../lib/gcc/avr/5.4.0/../../../../avr/lib/avrxmega3\libm.a
LOAD c:/program files (x86)/atmel/studio/7.0/toolchain/avr8/avr8-gnu-toolchain/bin/../lib/gcc/avr/5.4.0/../../../../avr/lib/avrxmega3\libc.a
LOAD C:/Program Files (x86)/Atmel/Studio/7.0/Packs/atmel/ATtiny_DFP/1.3.229/gcc/dev/attiny1617/avrxmega3\libattiny1617.a
END GROUP
                0x00000000                __TEXT_REGION_ORIGIN__ = DEFINED (__TEXT_REGION_ORIGIN__)?__TEXT_REGION_ORIGIN__:0x0
                0x00802000                __DATA_REGION_ORIGIN__ = DEFINED (__DATA_REGION_ORIGIN__)?__DATA_REGION_ORIGIN__:0x802000
                0x00100000                __TEXT_REGION_LENGTH__ = DEFINED (__TEXT_REGION_LENGTH__)?__TEXT_REGION_LENGTH__:0x100000
                0x0000ffa0                __DATA_REGION_LENGTH__ = DEFINED (__DATA_REGION_LENGTH__)?__DATA_REGION_LENGTH__:0xffa0
                0x00010000                __EEPROM_REGION_LENGTH__ = DEFINED (__EEPROM_REGION_LENGTH__)?__EEPROM_REGION_LENGTH__:0x10000
                [0x00000009]                __FUSE_REGION_LENGTH__ = DEFINED (__FUSE_REGION_LENGTH__)?__FUSE_REGION_LENGTH__:0x400
                0x00000400                __LOCK_REGION_LENGTH__ = DEFINED (__LOCK_REGION_LENGTH__)?__LOCK_REGION_LENGTH__:0x400
                0x00000400                __SIGNATURE_REGION_LENGTH__ = DEFINED (__SIGNATURE_REGION_LENGTH__)?__SIGNATURE_REGION_LENGTH__:0x400
                0x00000400                __USER_SIGNATURE_REGION_LENGTH__ = DEFINED (__USER_SIGNATURE_REGION_LENGTH__)?__USER_SIGNATURE_REGION_LENGTH__:0x400
                0x00008000                __RODATA_PM_OFFSET__ = DEFINED (__RODATA_PM_OFFSET__)?__RODATA_PM_OFFSET__:0x8000

.hash
 *(.hash)

.dynsym
 *(.dynsym)

.dynstr
 *(.dynstr)

.gnu.version
 *(.gnu.version)

.gnu.version_d
 *(.gnu.version_d)

.gnu.version_r
 *(.gnu.version_r)

.rel.init
 *(.rel.init)

.rela.init
 *(.rela.init)

.rel.text
 *(.rel.text)
 *(.rel.text.*)
 *(.rel.gnu.linkonce.t*)

.rela.text
 *(.rela.text)
 *(.rela.text.*)
 *(.rela.gnu.linkonce.t*)

.rel.fini
 *(.rel.fini)

.rela.fini
 *(.rela.fini)

.rel.rodata
 *(.rel.rodata)
 *(.rel.rodata.*)
 *(.rel.gnu.linkonce.r*)

.rela.rodata
 *(.rela.rodata)
 *(.rela.rodata.*)
 *(.rela.gnu.linkonce.r*)

.rel.data
 *(.rel.data)
 *(.rel.data.*)
 *(.rel.gnu.linkonce.d*)

.rela.data
 *(.rela.data)
 *(.rela.data.*)
 *(.rela.gnu.linkonce.d*)

.rel.ctors
 *(.rel.ctors)

.rela.ctors
 *(.rela.ctors)

.rel.dtors
 *(.rel.dtors)

.rela.dtors
 *(.rela.dtors)

.rel.got
 *(.rel.got)

.rela.got
 *(.rela.got)

.rel.bss
 *(.rel.bss)

.rela.bss
 *(.rela.bss)

.rel.plt
 *(.rel.plt)

.rela.plt
 *(.rela.plt)

.text           0x00000000     0x3914
 *(.vectors)
 .vectors       0x00000000       0x7c C:/Program Files (x86)/Atmel/Studio/7.0/Packs/atmel/ATtiny_DFP/1.3.229/gcc/dev/attiny1617/avrxmega3/crtattiny1617.o
                0x00000000                __vector_default
                0x00000000                __vectors
 *(.vectors)
 *(.progmem.gcc*)
                0x0000007c                . = ALIGN (0x2)
                0x0000007c                __trampolines_start = .
 *(.trampolines)
 .trampolines   0x0000007c        0x0 linker stubs
 *(.trampolines*)
                0x0000007c                __trampolines_end = .
 *libprintf_flt.a:*(.progmem.data)
 *libc.a:*(.progmem.data)
 *(.progmem*)
                0x0000007c                . = ALIGN (0x2)
 *(.jumptables)
 *(.jumptables*)
 *(.lowtext)
 *(.lowtext*)
                0x0000007c                __ctors_start = .
 *(.ctors)
                0x0000007c                __ctors_end = .
                0x0000007c                __dtors_start = .
 *(.dtors)
                0x0000007c                __dtors_end = .
 SORT(*)(.ctors)
 SORT(*)(.dtors)
 *(.init0)
 .init0         0x0000007c        0x0 C:/Program Files (x86)/Atmel/Studio/7.0/Packs/atmel/ATtiny_DFP/1.3.229/gcc/dev/attiny1617/avrxmega3/crtattiny1617.o
                0x0000007c                __init
 *(.init0)
 *(.init1)
 *(.init1)
 *(.init2)
 .init2         0x0000007c        0xc C:/Program Files (x86)/Atmel/Studio/7.0/Packs/atmel/ATtiny_DFP/1.3.229/gcc/dev/attiny1617/avrxmega3/crtattiny1617.o
 *(.init2)
 *(.init3)
 *(.init3)
 *(.init4)
 .init4         0x00000088       0x16 c:/program files (x86)/atmel/studio/7.0/toolchain/avr8/avr8-gnu-toolchain/bin/../lib/gcc/avr/5.4.0/avrxmega3\libgcc.a(_copy_data.o)
                0x00000088                __do_copy_data
 .init4         0x0000009e       0x10 c:/program files (x86)/atmel/studio/7.0/toolchain/avr8/avr8-gnu-toolchain/bin/../lib/gcc/avr/5.4.0/avrxmega3\libgcc.a(_clear_bss.o)
                0x0000009e                __do_clear_bss
 *(.init4)
 *(.init5)
 *(.init5)
 *(.init6)
 *(.init6)
 *(.init7)
 *(.init7)
 *(.init8)
 *(.init8)
 *(.init9)
 .init9         0x000000ae        0x8 C:/Program Files (x86)/Atmel/Studio/7.0/Packs/atmel/ATtiny_DFP/1.3.229/gcc/dev/attiny1617/avrxmega3/crtattiny1617.o
 *(.init9)
 *(.text)
 .text          0x000000b6        0x2 C:/Program Files (x86)/Atmel/Studio/7.0/Packs/atmel/ATtiny_DFP/1.3.229/gcc/dev/attiny1617/avrxmega3/crtattiny1617.o
                0x000000b6                __vector_1
                0x000000b6                __vector_24
                0x000000b6                __vector_12
                0x000000b6                __bad_interrupt
                0x000000b6                __vector_3
                0x000000b6                __vector_23
                0x000000b6                __vector_30
                0x000000b6                __vector_25
                0x000000b6                __vector_11
                0x000000b6                __vector_17
                0x000000b6                __vector_19
                0x000000b6                __vector_5
                0x000000b6                __vector_4
                0x000000b6                __vector_9
                0x000000b6                __vector_2
                0x000000b6                __vector_21
                0x000000b6                __vector_15
                0x000000b6                __vector_29
                0x000000b6                __vector_26
                0x000000b6                __vector_10
                0x000000b6                __vector_16
                0x000000b6                __vector_18
                0x000000b8                . = ALIGN (0x2)
 *(.text.*)
 .text.chkVolt250
                0x000000b8       0x40 Lib/friends.o
                0x000000b8                chkVolt250
 .text.MakeFriends
                0x000000f8      0x1a0 Lib/friends.o
                0x000000f8                MakeFriends
 .text.I2C_init
                0x00000298       0x3c Lib/I2C.o
                0x00000298                I2C_init
 .text.I2C_recover
                0x000002d4       0x7c Lib/I2C.o
                0x000002d4                I2C_recover
 .text.I2C_start
                0x00000350       0x22 Lib/I2C.o
                0x00000350                I2C_start
 .text.I2C_wait_ACK
                0x00000372       0x4e Lib/I2C.o
                0x00000372                I2C_wait_ACK
 .text.I2C_read
                0x000003c0       0x82 Lib/I2C.o
                0x000003c0                I2C_read
 .text.I2C_write
                0x00000442       0x46 Lib/I2C.o
                0x00000442                I2C_write
 .text.I2C_stop
                0x00000488        0xc Lib/I2C.o
                0x00000488                I2C_stop
 .text.I2C_read_bytes
                0x00000494       0x8a Lib/I2C.o
                0x00000494                I2C_read_bytes
 .text.LanyardCode
                0x0000051e      0x1be Lib/lanyard.o
                0x0000051e                LanyardCode
 .text.MagnetMaze
                0x000006dc      0x290 Lib/maze.o
                0x000006dc                MagnetMaze
 .text.Setup    0x0000096c      0x1fe Lib/resources.o
                0x0000096c                Setup
 .text.__vector_8
                0x00000b6a       0xa2 Lib/resources.o
                0x00000b6a                __vector_8
 .text.__vector_13
                0x00000c0c       0x66 Lib/resources.o
                0x00000c0c                __vector_13
 .text.__vector_14
                0x00000c72       0xa6 Lib/resources.o
                0x00000c72                __vector_14
 .text.__vector_27
                0x00000d18       0xb6 Lib/resources.o
                0x00000d18                __vector_27
 .text.__vector_28
                0x00000dce       0x38 Lib/resources.o
                0x00000dce                __vector_28
 .text.__vector_20
                0x00000e06       0x6e Lib/resources.o
                0x00000e06                __vector_20
 .text.__vector_22
                0x00000e74       0x90 Lib/resources.o
                0x00000e74                __vector_22
 .text.__vector_6
                0x00000f04       0x94 Lib/resources.o
                0x00000f04                __vector_6
 .text.__vector_7
                0x00000f98       0x22 Lib/resources.o
                0x00000f98                __vector_7
 .text.EERead   0x00000fba       0x20 Lib/resources.o
                0x00000fba                EERead
 .text.EEWrite  0x00000fda       0x50 Lib/resources.o
                0x00000fda                EEWrite
 .text.SerSend  0x0000102a       0x22 Lib/resources.o
                0x0000102a                SerSend
 .text.SerSpeed
                0x0000104c       0x22 Lib/resources.o
                0x0000104c                SerSpeed
 .text.SelectTSens
                0x0000106e       0x1e Lib/resources.o
                0x0000106e                SelectTSens
 .text.SelectAuIn
                0x0000108c       0x1e Lib/resources.o
                0x0000108c                SelectAuIn
 .text.CheckButtons
                0x000010aa       0xb8 Lib/resources.o
                0x000010aa                CheckButtons
 .text.lfsr     0x00001162       0x3e Lib/resources.o
                0x00001162                lfsr
 .text.floatSpeed
                0x000011a0       0x64 Lib/resources.o
                0x000011a0                floatSpeed
 .text.floatAround
                0x00001204       0x64 Lib/resources.o
                0x00001204                floatAround
 .text.SaveGameState
                0x00001268       0xe6 Lib/resources.o
                0x00001268                SaveGameState
 .text.ReadStatusBit
                0x0000134e       0x28 Lib/resources.o
                0x0000134e                ReadStatusBit
 .text.WriteStatusBit
                0x00001376       0x34 Lib/resources.o
                0x00001376                WriteStatusBit
 .text.UpdateState
                0x000013aa       0x14 Lib/resources.o
                0x000013aa                UpdateState
 .text.CheckState
                0x000013be       0x20 Lib/resources.o
                0x000013be                CheckState
 .text.getID    0x000013de       0x1c Lib/resources.o
                0x000013de                getID
 .text.Reset    0x000013fa       0x52 Lib/resources.o
                0x000013fa                Reset
 .text.LoadGameState
                0x0000144c       0x5a Lib/resources.o
                0x0000144c                LoadGameState
 .text.HotSummer
                0x000014a6       0xca Lib/resources.o
                0x000014a6                HotSummer
 .text.GenerateAudio
                0x00001570      0x1c2 Lib/resources.o
                0x00001570                GenerateAudio
 .text.simonLed
                0x00001732       0xc0 Lib/simon.o
                0x00001732                simonLed
 .text.BastetDictates
                0x000017f2      0x184 Lib/simon.o
                0x000017f2                BastetDictates
 .text.Cheat    0x00001976       0x78 Lib/text_adv.o
                0x00001976                Cheat
 .text.DecryptData
                0x000019ee       0x34 Lib/text_adv.o
                0x000019ee                DecryptData
 .text.UnflipData
                0x00001a22       0x1a Lib/text_adv.o
                0x00001a22                UnflipData
 .text.ExtEERead
                0x00001a3c       0x66 Lib/text_adv.o
                0x00001a3c                ExtEERead
 .text.ClearTxAfter
                0x00001aa2       0x14 Lib/text_adv.o
                0x00001aa2                ClearTxAfter
 .text.StartsWith
                0x00001ab6       0x34 Lib/text_adv.o
                0x00001ab6                StartsWith
 .text.PrepareSending
                0x00001aea       0x70 Lib/text_adv.o
                0x00001aea                PrepareSending
 .text.SetStandardResponse
                0x00001b5a       0xf8 Lib/text_adv.o
                0x00001b5a                SetStandardResponse
 .text.PopulateObject
                0x00001c52       0xee Lib/text_adv.o
                0x00001c52                PopulateObject
 .text.CheckLetter
                0x00001d40       0xa8 Lib/text_adv.o
                0x00001d40                CheckLetter
 .text.FindChild
                0x00001de8       0xb4 Lib/text_adv.o
                0x00001de8                FindChild
 .text.InpOkChk
                0x00001e9c       0x1c Lib/text_adv.o
                0x00001e9c                InpOkChk
 .text.CleanInput
                0x00001eb8       0x46 Lib/text_adv.o
                0x00001eb8                CleanInput
 .text.CheckSend
                0x00001efe       0xda Lib/text_adv.o
                0x00001efe                CheckSend
 .text.CheckResponse
                0x00001fd8       0x8e Lib/text_adv.o
                0x00001fd8                CheckResponse
 .text.CheckInput
                0x00002066      0x544 Lib/text_adv.o
                0x00002066                CheckInput
 .text.ProcessInput
                0x000025aa     0x115a Lib/text_adv.o
                0x000025aa                ProcessInput
 .text.TextAdventure
                0x00003704       0x36 Lib/text_adv.o
                0x00003704                TextAdventure
 .text.startup.main
                0x0000373a      0x12c main.o
                0x0000373a                main
 .text.libgcc.div
                0x00003866       0x18 c:/program files (x86)/atmel/studio/7.0/toolchain/avr8/avr8-gnu-toolchain/bin/../lib/gcc/avr/5.4.0/avrxmega3\libgcc.a(_udivmodqi4.o)
                0x00003866                __udivmodqi4
 .text.libgcc.div
                0x0000387e       0x28 c:/program files (x86)/atmel/studio/7.0/toolchain/avr8/avr8-gnu-toolchain/bin/../lib/gcc/avr/5.4.0/avrxmega3\libgcc.a(_udivmodhi4.o)
                0x0000387e                __udivmodhi4
 .text.libgcc.div
                0x000038a6       0x26 c:/program files (x86)/atmel/studio/7.0/toolchain/avr8/avr8-gnu-toolchain/bin/../lib/gcc/avr/5.4.0/avrxmega3\libgcc.a(_divmodhi4.o)
                0x000038a6                _div
                0x000038a6                __divmodhi4
 .text.libgcc.div
                0x000038cc       0x44 c:/program files (x86)/atmel/studio/7.0/toolchain/avr8/avr8-gnu-toolchain/bin/../lib/gcc/avr/5.4.0/avrxmega3\libgcc.a(_udivmodsi4.o)
                0x000038cc                __udivmodsi4
                0x00003910                . = ALIGN (0x2)
 *(.fini9)
 .fini9         0x00003910        0x0 c:/program files (x86)/atmel/studio/7.0/toolchain/avr8/avr8-gnu-toolchain/bin/../lib/gcc/avr/5.4.0/avrxmega3\libgcc.a(_exit.o)
                0x00003910                _exit
                0x00003910                exit
 *(.fini9)
 *(.fini8)
 *(.fini8)
 *(.fini7)
 *(.fini7)
 *(.fini6)
 *(.fini6)
 *(.fini5)
 *(.fini5)
 *(.fini4)
 *(.fini4)
 *(.fini3)
 *(.fini3)
 *(.fini2)
 *(.fini2)
 *(.fini1)
 *(.fini1)
 *(.fini0)
 .fini0         0x00003910        0x4 c:/program files (x86)/atmel/studio/7.0/toolchain/avr8/avr8-gnu-toolchain/bin/../lib/gcc/avr/5.4.0/avrxmega3\libgcc.a(_exit.o)
 *(.fini0)
                0x00003914                _etext = .

.rodata         0x0000b914       0xe2 load address 0x00003914
 *(.rodata)
 .rodata        0x0000b914       0x10 Lib/text_adv.o
 *(.rodata*)
 .rodata.lanyardCode
                0x0000b924       0x18 Lib/lanyard.o
                0x0000b924                lanyardCode
 .rodata.CAT    0x0000b93c        0x1 Lib/main_def.o
                0x0000b93c                CAT
 .rodata.BADGER
                0x0000b93d        0x1 Lib/main_def.o
                0x0000b93d                BADGER
 .rodata.SCARAB
                0x0000b93e        0x2 Lib/main_def.o
                0x0000b93e                SCARAB
 .rodata.WING   0x0000b940        0xa Lib/main_def.o
                0x0000b940                WING
 .rodata.EYE    0x0000b94a        0x4 Lib/main_def.o
                0x0000b94a                EYE
 .rodata.HCKR   0x0000b94e        0xc Lib/main_def.o
                0x0000b94e                HCKR
 .rodata.mazeCode
                0x0000b95a       0x12 Lib/maze.o
                0x0000b95a                mazeCode
 .rodata.CSWTCH.30
                0x0000b96c        0x8 Lib/simon.o
 .rodata.str1.1
                0x0000b974       0x72 Lib/text_adv.o
 .rodata.xor_key
                0x0000b9e6       0x10 Lib/text_adv.o
                0x0000b9e6                xor_key
 *(.gnu.linkonce.r*)

.data           0x00803800       0x2a load address 0x000039f6
                0x00803800                PROVIDE (__data_start, .)
 *(.data)
 *(.data*)
 .data.setDAC.3772
                0x00803800        0x2 Lib/friends.o
 .data.digit    0x00803802        0x1 Lib/lanyard.o
                0x00803802                digit
 .data.lastButtonState
                0x00803803        0x1 Lib/lanyard.o
                0x00803803                lastButtonState
 .data.lanyardState
                0x00803804        0x1 Lib/lanyard.o
                0x00803804                lanyardState
 .data.auRepAddr
                0x00803805        0x2 Lib/main_def.o
                0x00803805                auRepAddr
 .data.auSmpAddr
                0x00803807        0x2 Lib/main_def.o
                0x00803807                auSmpAddr
 .data.buttonState
                0x00803809        0x1 Lib/main_def.o
                0x00803809                buttonState
 .data.serTxDone
                0x0080380a        0x1 Lib/main_def.o
                0x0080380a                serTxDone
 .data.dimValue
                0x0080380b        0x1 Lib/main_def.o
                0x0080380b                dimValue
 .data.mazeState
                0x0080380c        0x1 Lib/maze.o
                0x0080380c                mazeState
 .data.auBuffer.3948
                0x0080380d       0x11 Lib/resources.o
 .data.state.3879
                0x0080381e        0x2 Lib/resources.o
 .data.mask     0x00803820        0x8 Lib/resources.o
                0x00803820                mask
 .data.simonPos
                0x00803828        0x1 Lib/simon.o
                0x00803828                simonPos
 .data.currDepth
                0x00803829        0x1 Lib/text_adv.o
 *(.gnu.linkonce.d*)
                0x0080382a                . = ALIGN (0x2)
                0x0080382a                _edata = .
                0x0080382a                PROVIDE (__data_end, .)

.bss            0x0080382a      0x2e2
                0x0080382a                PROVIDE (__bss_start, .)
 *(.bss)
 *(.bss*)
 .bss.jackIn.3774
                0x0080382a        0x1 Lib/friends.o
 .bss.chkTmr.3773
                0x0080382b        0x1 Lib/friends.o
 .bss.progress.3771
                0x0080382c        0x1 Lib/friends.o
 .bss.avgVolt.3764
                0x0080382d        0x1 Lib/friends.o
 .bss.lanyardCnt
                0x0080382e        0x1 Lib/lanyard.o
                0x0080382e                lanyardCnt
 .bss.lanyardPos
                0x0080382f        0x1 Lib/lanyard.o
                0x0080382f                lanyardPos
 .bss.adc0Chg   0x00803830        0x1 Lib/main_def.o
                0x00803830                adc0Chg
 .bss.zero      0x00803831        0x1 Lib/main_def.o
                0x00803831                zero
 .bss.auStart   0x00803832        0x1 Lib/main_def.o
                0x00803832                auStart
 .bss.effect    0x00803833        0x2 Lib/main_def.o
                0x00803833                effect
 .bss.gameNow   0x00803835        0x1 Lib/main_def.o
                0x00803835                gameNow
 .bss.whoami    0x00803836        0x1 Lib/main_def.o
                0x00803836                whoami
 .bss.inventory
                0x00803837        0x4 Lib/main_def.o
                0x00803837                inventory
 .bss.buttonMark
                0x0080383b        0x1 Lib/main_def.o
                0x0080383b                buttonMark
 .bss.minuteMark
                0x0080383c        0x1 Lib/main_def.o
                0x0080383c                minuteMark
 .bss.serRxDone
                0x0080383d        0x1 Lib/main_def.o
                0x0080383d                serRxDone
 .bss.inverted  0x0080383e        0x1 Lib/maze.o
                0x0080383e                inverted
 .bss.mazeCnt   0x0080383f        0x1 Lib/maze.o
                0x0080383f                mazeCnt
 .bss.mazePos   0x00803840        0x1 Lib/maze.o
                0x00803840                mazePos
 .bss.newHallState
                0x00803841        0x1 Lib/maze.o
                0x00803841                newHallState
 .bss.curHallState
                0x00803842        0x1 Lib/maze.o
                0x00803842                curHallState
 .bss.auBuffer.3952
                0x00803843        0x7 Lib/resources.o
 .bss.loudness.3949
                0x0080384a        0x1 Lib/resources.o
 .bss.duration.3950
                0x0080384b        0x1 Lib/resources.o
 .bss.start.3951
                0x0080384c        0x1 Lib/resources.o
 .bss.cooledDown.3938
                0x0080384d        0x1 Lib/resources.o
 .bss.simonProcessed
                0x0080384e        0x1 Lib/simon.o
                0x0080384e                simonProcessed
 .bss.simonTimer
                0x0080384f        0x1 Lib/simon.o
                0x0080384f                simonTimer
 .bss.simonGameState
                0x00803850        0x1 Lib/simon.o
                0x00803850                simonGameState
 .bss.simonInputPos
                0x00803851        0x1 Lib/simon.o
                0x00803851                simonInputPos
 .bss.simonState
                0x00803852       0x10 Lib/simon.o
                0x00803852                simonState
 .bss.serInput.4019
                0x00803862       0x41 Lib/text_adv.o
 .bss.actObj2.3990
                0x008038a3       0x2b Lib/text_adv.o
 .bss.actObj1.3989
                0x008038ce       0x2b Lib/text_adv.o
 .bss.number.3941
                0x008038f9        0x1 Lib/text_adv.o
 .bss.txPart.3937
                0x008038fa        0x1 Lib/text_adv.o
 .bss.specialPassed
                0x008038fb        0x1 Lib/text_adv.o
 .bss.specialInput
                0x008038fc       0x10 Lib/text_adv.o
 .bss.responseList
                0x0080390c        0x1 Lib/text_adv.o
 .bss.reactStr  0x0080390d       0xc0 Lib/text_adv.o
 .bss.route     0x008039cd       0x40 Lib/text_adv.o
 .bss.currObj   0x00803a0d       0x2b Lib/text_adv.o
 .bss.txTypeNow
                0x00803a38        0x1 Lib/text_adv.o
                0x00803a38                txTypeNow
 .bss.txAddrNow
                0x00803a39        0x1 Lib/text_adv.o
                0x00803a39                txAddrNow
 .bss.txStrLen  0x00803a3a        0x8 Lib/text_adv.o
                0x00803a3a                txStrLen
 .bss.txAddrList
                0x00803a42       0x10 Lib/text_adv.o
                0x00803a42                txAddrList
 *(COMMON)
 COMMON         0x00803a52       0x97 Lib/main_def.o
                0x00803a52                timeout_I2C
                0x00803a53                gameState
                0x00803a67                serRx
                0x00803aa8                auVolume
                0x00803aa9                adcBtns
                0x00803aab                serTxAddr
                0x00803aad                adcHall
                0x00803aaf                adcPhot
                0x00803ab1                detHdPh
                0x00803ab2                calTemp
                0x00803ab4                auIn
                0x00803abc                iLED
                0x00803ae4                auPlayDone
                0x00803ae5                calHall
                0x00803ae7                adcTemp
 COMMON         0x00803ae9        0x2 Lib/resources.o
                0x00803ae9                tmp16bit
 COMMON         0x00803aeb       0x21 Lib/text_adv.o
                0x00803aeb                txBuffer
                0x00803b0c                PROVIDE (__bss_end, .)
                0x000039f6                __data_load_start = LOADADDR (.data)
                0x00003a20                __data_load_end = (__data_load_start + SIZEOF (.data))

.noinit         0x00803b0c        0x0
                [!provide]                PROVIDE (__noinit_start, .)
 *(.noinit*)
                [!provide]                PROVIDE (__noinit_end, .)
                0x00803b0c                _end = .
                [!provide]                PROVIDE (__heap_start, .)

.eeprom         0x00810000        0x0
 *(.eeprom*)
                0x00810000                __eeprom_end = .

.fuse
 *(.fuse)
 *(.lfuse)
 *(.hfuse)
 *(.efuse)

.lock
 *(.lock*)

.signature
 *(.signature*)

.user_signatures
 *(.user_signatures*)

.stab
 *(.stab)

.stabstr
 *(.stabstr)

.stab.excl
 *(.stab.excl)

.stab.exclstr
 *(.stab.exclstr)

.stab.index
 *(.stab.index)

.stab.indexstr
 *(.stab.indexstr)

.comment        0x00000000       0x30
 *(.comment)
 .comment       0x00000000       0x30 Lib/friends.o
                                 0x31 (size before relaxing)
 .comment       0x00000030       0x31 Lib/I2C.o
 .comment       0x00000030       0x31 Lib/lanyard.o
 .comment       0x00000030       0x31 Lib/main_def.o
 .comment       0x00000030       0x31 Lib/maze.o
 .comment       0x00000030       0x31 Lib/resources.o
 .comment       0x00000030       0x31 Lib/simon.o
 .comment       0x00000030       0x31 Lib/text_adv.o
 .comment       0x00000030       0x31 main.o

.note.gnu.avr.deviceinfo
                0x00000000       0x40
 .note.gnu.avr.deviceinfo
                0x00000000       0x40 C:/Program Files (x86)/Atmel/Studio/7.0/Packs/atmel/ATtiny_DFP/1.3.229/gcc/dev/attiny1617/avrxmega3/crtattiny1617.o

.note.gnu.build-id
 *(.note.gnu.build-id)

.debug
 *(.debug)

.line
 *(.line)

.debug_srcinfo
 *(.debug_srcinfo)

.debug_sfnames
 *(.debug_sfnames)

.debug_aranges  0x00000000      0x2f8
 *(.debug_aranges)
 .debug_aranges
                0x00000000       0x28 Lib/friends.o
 .debug_aranges
                0x00000028       0x68 Lib/I2C.o
 .debug_aranges
                0x00000090       0x20 Lib/lanyard.o
 .debug_aranges
                0x000000b0       0x18 Lib/main_def.o
 .debug_aranges
                0x000000c8       0x20 Lib/maze.o
 .debug_aranges
                0x000000e8      0x110 Lib/resources.o
 .debug_aranges
                0x000001f8       0x30 Lib/simon.o
 .debug_aranges
                0x00000228       0xb0 Lib/text_adv.o
 .debug_aranges
                0x000002d8       0x20 main.o

.debug_pubnames
 *(.debug_pubnames)

.debug_info     0x00000000     0x67ee
 *(.debug_info .gnu.linkonce.wi.*)
 .debug_info    0x00000000     0x19ed C:/Program Files (x86)/Atmel/Studio/7.0/Packs/atmel/ATtiny_DFP/1.3.229/gcc/dev/attiny1617/avrxmega3/crtattiny1617.o
 .debug_info    0x000019ed      0x23c Lib/friends.o
 .debug_info    0x00001c29      0x6d5 Lib/I2C.o
 .debug_info    0x000022fe      0x24c Lib/lanyard.o
 .debug_info    0x0000254a      0x432 Lib/main_def.o
 .debug_info    0x0000297c      0x2d9 Lib/maze.o
 .debug_info    0x00002c55      0xe3f Lib/resources.o
 .debug_info    0x00003a94      0x3bb Lib/simon.o
 .debug_info    0x00003e4f     0x262b Lib/text_adv.o
 .debug_info    0x0000647a      0x374 main.o

.debug_abbrev   0x00000000     0x281b
 *(.debug_abbrev)
 .debug_abbrev  0x00000000     0x1888 C:/Program Files (x86)/Atmel/Studio/7.0/Packs/atmel/ATtiny_DFP/1.3.229/gcc/dev/attiny1617/avrxmega3/crtattiny1617.o
 .debug_abbrev  0x00001888      0x114 Lib/friends.o
 .debug_abbrev  0x0000199c      0x26f Lib/I2C.o
 .debug_abbrev  0x00001c0b      0x10e Lib/lanyard.o
 .debug_abbrev  0x00001d19       0x96 Lib/main_def.o
 .debug_abbrev  0x00001daf      0x11d Lib/maze.o
 .debug_abbrev  0x00001ecc      0x363 Lib/resources.o
 .debug_abbrev  0x0000222f      0x191 Lib/simon.o
 .debug_abbrev  0x000023c0      0x353 Lib/text_adv.o
 .debug_abbrev  0x00002713      0x108 main.o

.debug_line     0x00000000     0x3783
 *(.debug_line .debug_line.* .debug_line_end)
 .debug_line    0x00000000      0x151 C:/Program Files (x86)/Atmel/Studio/7.0/Packs/atmel/ATtiny_DFP/1.3.229/gcc/dev/attiny1617/avrxmega3/crtattiny1617.o
 .debug_line    0x00000151      0x2e2 Lib/friends.o
 .debug_line    0x00000433      0x598 Lib/I2C.o
 .debug_line    0x000009cb      0x26a Lib/lanyard.o
 .debug_line    0x00000c35      0x106 Lib/main_def.o
 .debug_line    0x00000d3b      0x2f9 Lib/maze.o
 .debug_line    0x00001034      0xcc7 Lib/resources.o
 .debug_line    0x00001cfb      0x2f8 Lib/simon.o
 .debug_line    0x00001ff3     0x152d Lib/text_adv.o
 .debug_line    0x00003520      0x263 main.o

.debug_frame    0x00000000      0x914
 *(.debug_frame)
 .debug_frame   0x00000000       0x5c Lib/friends.o
 .debug_frame   0x0000005c       0xf8 Lib/I2C.o
 .debug_frame   0x00000154       0x24 Lib/lanyard.o
 .debug_frame   0x00000178       0x30 Lib/maze.o
 .debug_frame   0x000001a8      0x3d4 Lib/resources.o
 .debug_frame   0x0000057c       0x5c Lib/simon.o
 .debug_frame   0x000005d8      0x318 Lib/text_adv.o
 .debug_frame   0x000008f0       0x24 main.o

.debug_str      0x00000000     0x1988
 *(.debug_str)
 .debug_str     0x00000000      0xacf C:/Program Files (x86)/Atmel/Studio/7.0/Packs/atmel/ATtiny_DFP/1.3.229/gcc/dev/attiny1617/avrxmega3/crtattiny1617.o
 .debug_str     0x00000acf      0x203 Lib/friends.o
                                0x237 (size before relaxing)
 .debug_str     0x00000cd2      0x326 Lib/I2C.o
                                0x4d2 (size before relaxing)
 .debug_str     0x00000ff8       0xb6 Lib/lanyard.o
                                0x261 (size before relaxing)
 .debug_str     0x000010ae       0xe1 Lib/main_def.o
                                0x2fe (size before relaxing)
 .debug_str     0x0000118f       0x6a Lib/maze.o
                                0x282 (size before relaxing)
 .debug_str     0x000011f9      0x380 Lib/resources.o
                                0x68b (size before relaxing)
 .debug_str     0x00001579       0x91 Lib/simon.o
                                0x2ab (size before relaxing)
 .debug_str     0x0000160a      0x36d Lib/text_adv.o
                                0x5f6 (size before relaxing)
 .debug_str     0x00001977       0x11 main.o
                                0x2b7 (size before relaxing)

.debug_loc      0x00000000     0x42c1
 *(.debug_loc)
 .debug_loc     0x00000000       0xca Lib/friends.o
 .debug_loc     0x000000ca      0x4ed Lib/I2C.o
 .debug_loc     0x000005b7       0x14 Lib/lanyard.o
 .debug_loc     0x000005cb       0x8f Lib/maze.o
 .debug_loc     0x0000065a      0xe2a Lib/resources.o
 .debug_loc     0x00001484      0x169 Lib/simon.o
 .debug_loc     0x000015ed     0x2cc0 Lib/text_adv.o
 .debug_loc     0x000042ad       0x14 main.o

.debug_macinfo
 *(.debug_macinfo)

.debug_weaknames
 *(.debug_weaknames)

.debug_funcnames
 *(.debug_funcnames)

.debug_typenames
 *(.debug_typenames)

.debug_varnames
 *(.debug_varnames)

.debug_pubtypes
 *(.debug_pubtypes)

.debug_ranges   0x00000000      0x368
 *(.debug_ranges)
 .debug_ranges  0x00000000       0x18 Lib/friends.o
 .debug_ranges  0x00000018       0x58 Lib/I2C.o
 .debug_ranges  0x00000070       0x10 Lib/lanyard.o
 .debug_ranges  0x00000080       0x10 Lib/maze.o
 .debug_ranges  0x00000090      0x118 Lib/resources.o
 .debug_ranges  0x000001a8       0x20 Lib/simon.o
 .debug_ranges  0x000001c8      0x190 Lib/text_adv.o
 .debug_ranges  0x00000358       0x10 main.o

.debug_macro
 *(.debug_macro)
OUTPUT(ISR_IO.elf elf32-avr)
LOAD linker stubs
