Archive member included to satisfy reference by file (symbol)

c:/program files (x86)/atmel/studio/7.0/toolchain/avr8/avr8-gnu-toolchain/bin/../lib/gcc/avr/5.4.0/avrxmega3\libgcc.a(_exit.o)
                              C:/Program Files (x86)/Atmel/Studio/7.0/Packs/atmel/ATtiny_DFP/1.3.229/gcc/dev/attiny1617/avrxmega3/crtattiny1617.o (exit)
c:/program files (x86)/atmel/studio/7.0/toolchain/avr8/avr8-gnu-toolchain/bin/../lib/gcc/avr/5.4.0/avrxmega3\libgcc.a(_copy_data.o)
                              Lib/friends.o (__do_copy_data)
c:/program files (x86)/atmel/studio/7.0/toolchain/avr8/avr8-gnu-toolchain/bin/../lib/gcc/avr/5.4.0/avrxmega3\libgcc.a(_clear_bss.o)
                              Lib/friends.o (__do_clear_bss)

Allocating common symbols
Common symbol       size              file

timeout_I2C         0x1               Lib/main_def.o
gameState           0x14              Lib/main_def.o
serRx               0x41              Lib/main_def.o
auVolume            0x1               Lib/main_def.o
adcBtns             0x2               Lib/main_def.o
serTxAddr           0x2               Lib/main_def.o
adcHall             0x2               Lib/main_def.o
adcPhot             0x2               Lib/main_def.o
txBuffer            0x21              Lib/text_adv.o
detHdPh             0x1               Lib/main_def.o
calTemp             0x2               Lib/main_def.o
auIn                0x8               Lib/main_def.o
iLED                0x28              Lib/main_def.o
auPlayDone          0x1               Lib/main_def.o
tmp16bit            0x2               Lib/resources.o
calHall             0x2               Lib/main_def.o
adcTemp             0x2               Lib/main_def.o

Discarded input sections

 .data          0x00000000        0x0 C:/Program Files (x86)/Atmel/Studio/7.0/Packs/atmel/ATtiny_DFP/1.3.229/gcc/dev/attiny1617/avrxmega3/crtattiny1617.o
 .bss           0x00000000        0x0 C:/Program Files (x86)/Atmel/Studio/7.0/Packs/atmel/ATtiny_DFP/1.3.229/gcc/dev/attiny1617/avrxmega3/crtattiny1617.o
 .text          0x00000000        0x0 Lib/friends.o
 .data          0x00000000        0x0 Lib/friends.o
 .bss           0x00000000        0x0 Lib/friends.o
 COMMON         0x00000000        0x0 Lib/friends.o
 .text          0x00000000        0x0 Lib/I2C.o
 .data          0x00000000        0x0 Lib/I2C.o
 .bss           0x00000000        0x0 Lib/I2C.o
 .text.I2C_rep_start
                0x00000000        0x6 Lib/I2C.o
 .text.I2C_write_bytes
                0x00000000       0x7e Lib/I2C.o
 .text          0x00000000        0x0 Lib/lanyard.o
 .data          0x00000000        0x0 Lib/lanyard.o
 .bss           0x00000000        0x0 Lib/lanyard.o
 .text          0x00000000        0x0 Lib/main_def.o
 .data          0x00000000        0x0 Lib/main_def.o
 .bss           0x00000000        0x0 Lib/main_def.o
 .text          0x00000000        0x0 Lib/maze.o
 .data          0x00000000        0x0 Lib/maze.o
 .bss           0x00000000        0x0 Lib/maze.o
 .text          0x00000000        0x0 Lib/resources.o
 .data          0x00000000        0x0 Lib/resources.o
 .bss           0x00000000        0x0 Lib/resources.o
 .text          0x00000000        0x0 Lib/simon.o
 .data          0x00000000        0x0 Lib/simon.o
 .bss           0x00000000        0x0 Lib/simon.o
 .bss.simonScore
                0x00000000        0x2 Lib/simon.o
 .text          0x00000000        0x0 Lib/text_adv.o
 .data          0x00000000        0x0 Lib/text_adv.o
 .bss           0x00000000        0x0 Lib/text_adv.o
 .text.SetResponse
                0x00000000       0x30 Lib/text_adv.o
 .bss.sendPrompt
                0x00000000        0x1 Lib/text_adv.o
 .text          0x00000000        0x0 main.o
 .data          0x00000000        0x0 main.o
 .bss           0x00000000        0x0 main.o
 .text          0x00000000        0x0 c:/program files (x86)/atmel/studio/7.0/toolchain/avr8/avr8-gnu-toolchain/bin/../lib/gcc/avr/5.4.0/avrxmega3\libgcc.a(_exit.o)
 .data          0x00000000        0x0 c:/program files (x86)/atmel/studio/7.0/toolchain/avr8/avr8-gnu-toolchain/bin/../lib/gcc/avr/5.4.0/avrxmega3\libgcc.a(_exit.o)
 .bss           0x00000000        0x0 c:/program files (x86)/atmel/studio/7.0/toolchain/avr8/avr8-gnu-toolchain/bin/../lib/gcc/avr/5.4.0/avrxmega3\libgcc.a(_exit.o)
 .text.libgcc.mul
                0x00000000        0x0 c:/program files (x86)/atmel/studio/7.0/toolchain/avr8/avr8-gnu-toolchain/bin/../lib/gcc/avr/5.4.0/avrxmega3\libgcc.a(_exit.o)
 .text.libgcc.div
                0x00000000        0x0 c:/program files (x86)/atmel/studio/7.0/toolchain/avr8/avr8-gnu-toolchain/bin/../lib/gcc/avr/5.4.0/avrxmega3\libgcc.a(_exit.o)
 .text.libgcc   0x00000000        0x0 c:/program files (x86)/atmel/studio/7.0/toolchain/avr8/avr8-gnu-toolchain/bin/../lib/gcc/avr/5.4.0/avrxmega3\libgcc.a(_exit.o)
 .text.libgcc.prologue
                0x00000000        0x0 c:/program files (x86)/atmel/studio/7.0/toolchain/avr8/avr8-gnu-toolchain/bin/../lib/gcc/avr/5.4.0/avrxmega3\libgcc.a(_exit.o)
 .text.libgcc.builtins
                0x00000000        0x0 c:/program files (x86)/atmel/studio/7.0/toolchain/avr8/avr8-gnu-toolchain/bin/../lib/gcc/avr/5.4.0/avrxmega3\libgcc.a(_exit.o)
 .text.libgcc.fmul
                0x00000000        0x0 c:/program files (x86)/atmel/studio/7.0/toolchain/avr8/avr8-gnu-toolchain/bin/../lib/gcc/avr/5.4.0/avrxmega3\libgcc.a(_exit.o)
 .text.libgcc.fixed
                0x00000000        0x0 c:/program files (x86)/atmel/studio/7.0/toolchain/avr8/avr8-gnu-toolchain/bin/../lib/gcc/avr/5.4.0/avrxmega3\libgcc.a(_exit.o)
 .text          0x00000000        0x0 c:/program files (x86)/atmel/studio/7.0/toolchain/avr8/avr8-gnu-toolchain/bin/../lib/gcc/avr/5.4.0/avrxmega3\libgcc.a(_copy_data.o)
 .data          0x00000000        0x0 c:/program files (x86)/atmel/studio/7.0/toolchain/avr8/avr8-gnu-toolchain/bin/../lib/gcc/avr/5.4.0/avrxmega3\libgcc.a(_copy_data.o)
 .bss           0x00000000        0x0 c:/program files (x86)/atmel/studio/7.0/toolchain/avr8/avr8-gnu-toolchain/bin/../lib/gcc/avr/5.4.0/avrxmega3\libgcc.a(_copy_data.o)
 .text.libgcc.mul
                0x00000000        0x0 c:/program files (x86)/atmel/studio/7.0/toolchain/avr8/avr8-gnu-toolchain/bin/../lib/gcc/avr/5.4.0/avrxmega3\libgcc.a(_copy_data.o)
 .text.libgcc.div
                0x00000000        0x0 c:/program files (x86)/atmel/studio/7.0/toolchain/avr8/avr8-gnu-toolchain/bin/../lib/gcc/avr/5.4.0/avrxmega3\libgcc.a(_copy_data.o)
 .text.libgcc   0x00000000        0x0 c:/program files (x86)/atmel/studio/7.0/toolchain/avr8/avr8-gnu-toolchain/bin/../lib/gcc/avr/5.4.0/avrxmega3\libgcc.a(_copy_data.o)
 .text.libgcc.prologue
                0x00000000        0x0 c:/program files (x86)/atmel/studio/7.0/toolchain/avr8/avr8-gnu-toolchain/bin/../lib/gcc/avr/5.4.0/avrxmega3\libgcc.a(_copy_data.o)
 .text.libgcc.builtins
                0x00000000        0x0 c:/program files (x86)/atmel/studio/7.0/toolchain/avr8/avr8-gnu-toolchain/bin/../lib/gcc/avr/5.4.0/avrxmega3\libgcc.a(_copy_data.o)
 .text.libgcc.fmul
                0x00000000        0x0 c:/program files (x86)/atmel/studio/7.0/toolchain/avr8/avr8-gnu-toolchain/bin/../lib/gcc/avr/5.4.0/avrxmega3\libgcc.a(_copy_data.o)
 .text.libgcc.fixed
                0x00000000        0x0 c:/program files (x86)/atmel/studio/7.0/toolchain/avr8/avr8-gnu-toolchain/bin/../lib/gcc/avr/5.4.0/avrxmega3\libgcc.a(_copy_data.o)
 .text          0x00000000        0x0 c:/program files (x86)/atmel/studio/7.0/toolchain/avr8/avr8-gnu-toolchain/bin/../lib/gcc/avr/5.4.0/avrxmega3\libgcc.a(_clear_bss.o)
 .data          0x00000000        0x0 c:/program files (x86)/atmel/studio/7.0/toolchain/avr8/avr8-gnu-toolchain/bin/../lib/gcc/avr/5.4.0/avrxmega3\libgcc.a(_clear_bss.o)
 .bss           0x00000000        0x0 c:/program files (x86)/atmel/studio/7.0/toolchain/avr8/avr8-gnu-toolchain/bin/../lib/gcc/avr/5.4.0/avrxmega3\libgcc.a(_clear_bss.o)
 .text.libgcc.mul
                0x00000000        0x0 c:/program files (x86)/atmel/studio/7.0/toolchain/avr8/avr8-gnu-toolchain/bin/../lib/gcc/avr/5.4.0/avrxmega3\libgcc.a(_clear_bss.o)
 .text.libgcc.div
                0x00000000        0x0 c:/program files (x86)/atmel/studio/7.0/toolchain/avr8/avr8-gnu-toolchain/bin/../lib/gcc/avr/5.4.0/avrxmega3\libgcc.a(_clear_bss.o)
 .text.libgcc   0x00000000        0x0 c:/program files (x86)/atmel/studio/7.0/toolchain/avr8/avr8-gnu-toolchain/bin/../lib/gcc/avr/5.4.0/avrxmega3\libgcc.a(_clear_bss.o)
 .text.libgcc.prologue
                0x00000000        0x0 c:/program files (x86)/atmel/studio/7.0/toolchain/avr8/avr8-gnu-toolchain/bin/../lib/gcc/avr/5.4.0/avrxmega3\libgcc.a(_clear_bss.o)
 .text.libgcc.builtins
                0x00000000        0x0 c:/program files (x86)/atmel/studio/7.0/toolchain/avr8/avr8-gnu-toolchain/bin/../lib/gcc/avr/5.4.0/avrxmega3\libgcc.a(_clear_bss.o)
 .text.libgcc.fmul
                0x00000000        0x0 c:/program files (x86)/atmel/studio/7.0/toolchain/avr8/avr8-gnu-toolchain/bin/../lib/gcc/avr/5.4.0/avrxmega3\libgcc.a(_clear_bss.o)
 .text.libgcc.fixed
                0x00000000        0x0 c:/program files (x86)/atmel/studio/7.0/toolchain/avr8/avr8-gnu-toolchain/bin/../lib/gcc/avr/5.4.0/avrxmega3\libgcc.a(_clear_bss.o)

Memory Configuration

Name             Origin             Length             Attributes
text             0x00000000         0x00100000         xr
data             0x00802000         0x0000ffa0         rw !x
eeprom           0x00810000         0x00010000         rw !x
fuse             0x00820000         0x00000009         rw !x
lock             0x00830000         0x00000400         rw !x
signature        0x00840000         0x00000400         rw !x
user_signatures  0x00850000         0x00000400         rw !x
*default*        0x00000000         0xffffffff

Linker script and memory map

Address of section .data set to 0x803800
                0x00008000                __RODATA_PM_OFFSET__ = 0x8000
LOAD C:/Program Files (x86)/Atmel/Studio/7.0/Packs/atmel/ATtiny_DFP/1.3.229/gcc/dev/attiny1617/avrxmega3/crtattiny1617.o
LOAD Lib/friends.o
LOAD Lib/I2C.o
LOAD Lib/lanyard.o
LOAD Lib/main_def.o
LOAD Lib/maze.o
LOAD Lib/resources.o
LOAD Lib/simon.o
LOAD Lib/text_adv.o
LOAD main.o
START GROUP
LOAD c:/program files (x86)/atmel/studio/7.0/toolchain/avr8/avr8-gnu-toolchain/bin/../lib/gcc/avr/5.4.0/../../../../avr/lib/avrxmega3\libm.a
END GROUP
START GROUP
LOAD c:/program files (x86)/atmel/studio/7.0/toolchain/avr8/avr8-gnu-toolchain/bin/../lib/gcc/avr/5.4.0/avrxmega3\libgcc.a
LOAD c:/program files (x86)/atmel/studio/7.0/toolchain/avr8/avr8-gnu-toolchain/bin/../lib/gcc/avr/5.4.0/../../../../avr/lib/avrxmega3\libm.a
LOAD c:/program files (x86)/atmel/studio/7.0/toolchain/avr8/avr8-gnu-toolchain/bin/../lib/gcc/avr/5.4.0/../../../../avr/lib/avrxmega3\libc.a
LOAD C:/Program Files (x86)/Atmel/Studio/7.0/Packs/atmel/ATtiny_DFP/1.3.229/gcc/dev/attiny1617/avrxmega3\libattiny1617.a
END GROUP
                0x00000000                __TEXT_REGION_ORIGIN__ = DEFINED (__TEXT_REGION_ORIGIN__)?__TEXT_REGION_ORIGIN__:0x0
                0x00802000                __DATA_REGION_ORIGIN__ = DEFINED (__DATA_REGION_ORIGIN__)?__DATA_REGION_ORIGIN__:0x802000
                0x00100000                __TEXT_REGION_LENGTH__ = DEFINED (__TEXT_REGION_LENGTH__)?__TEXT_REGION_LENGTH__:0x100000
                0x0000ffa0                __DATA_REGION_LENGTH__ = DEFINED (__DATA_REGION_LENGTH__)?__DATA_REGION_LENGTH__:0xffa0
                0x00010000                __EEPROM_REGION_LENGTH__ = DEFINED (__EEPROM_REGION_LENGTH__)?__EEPROM_REGION_LENGTH__:0x10000
                [0x00000009]                __FUSE_REGION_LENGTH__ = DEFINED (__FUSE_REGION_LENGTH__)?__FUSE_REGION_LENGTH__:0x400
                0x00000400                __LOCK_REGION_LENGTH__ = DEFINED (__LOCK_REGION_LENGTH__)?__LOCK_REGION_LENGTH__:0x400
                0x00000400                __SIGNATURE_REGION_LENGTH__ = DEFINED (__SIGNATURE_REGION_LENGTH__)?__SIGNATURE_REGION_LENGTH__:0x400
                0x00000400                __USER_SIGNATURE_REGION_LENGTH__ = DEFINED (__USER_SIGNATURE_REGION_LENGTH__)?__USER_SIGNATURE_REGION_LENGTH__:0x400
                0x00008000                __RODATA_PM_OFFSET__ = DEFINED (__RODATA_PM_OFFSET__)?__RODATA_PM_OFFSET__:0x8000

.hash
 *(.hash)

.dynsym
 *(.dynsym)

.dynstr
 *(.dynstr)

.gnu.version
 *(.gnu.version)

.gnu.version_d
 *(.gnu.version_d)

.gnu.version_r
 *(.gnu.version_r)

.rel.init
 *(.rel.init)

.rela.init
 *(.rela.init)

.rel.text
 *(.rel.text)
 *(.rel.text.*)
 *(.rel.gnu.linkonce.t*)

.rela.text
 *(.rela.text)
 *(.rela.text.*)
 *(.rela.gnu.linkonce.t*)

.rel.fini
 *(.rel.fini)

.rela.fini
 *(.rela.fini)

.rel.rodata
 *(.rel.rodata)
 *(.rel.rodata.*)
 *(.rel.gnu.linkonce.r*)

.rela.rodata
 *(.rela.rodata)
 *(.rela.rodata.*)
 *(.rela.gnu.linkonce.r*)

.rel.data
 *(.rel.data)
 *(.rel.data.*)
 *(.rel.gnu.linkonce.d*)

.rela.data
 *(.rela.data)
 *(.rela.data.*)
 *(.rela.gnu.linkonce.d*)

.rel.ctors
 *(.rel.ctors)

.rela.ctors
 *(.rela.ctors)

.rel.dtors
 *(.rel.dtors)

.rela.dtors
 *(.rela.dtors)

.rel.got
 *(.rel.got)

.rela.got
 *(.rela.got)

.rel.bss
 *(.rel.bss)

.rela.bss
 *(.rela.bss)

.rel.plt
 *(.rel.plt)

.rela.plt
 *(.rela.plt)

.text           0x00000000     0x3fbc
 *(.vectors)
 .vectors       0x00000000       0x7c C:/Program Files (x86)/Atmel/Studio/7.0/Packs/atmel/ATtiny_DFP/1.3.229/gcc/dev/attiny1617/avrxmega3/crtattiny1617.o
                0x00000000                __vector_default
                0x00000000                __vectors
 *(.vectors)
 *(.progmem.gcc*)
                0x0000007c                . = ALIGN (0x2)
                0x0000007c                __trampolines_start = .
 *(.trampolines)
 .trampolines   0x0000007c        0x0 linker stubs
 *(.trampolines*)
                0x0000007c                __trampolines_end = .
 *libprintf_flt.a:*(.progmem.data)
 *libc.a:*(.progmem.data)
 *(.progmem*)
                0x0000007c                . = ALIGN (0x2)
 *(.jumptables)
 *(.jumptables*)
 *(.lowtext)
 *(.lowtext*)
                0x0000007c                __ctors_start = .
 *(.ctors)
                0x0000007c                __ctors_end = .
                0x0000007c                __dtors_start = .
 *(.dtors)
                0x0000007c                __dtors_end = .
 SORT(*)(.ctors)
 SORT(*)(.dtors)
 *(.init0)
 .init0         0x0000007c        0x0 C:/Program Files (x86)/Atmel/Studio/7.0/Packs/atmel/ATtiny_DFP/1.3.229/gcc/dev/attiny1617/avrxmega3/crtattiny1617.o
                0x0000007c                __init
 *(.init0)
 *(.init1)
 *(.init1)
 *(.init2)
 .init2         0x0000007c        0xc C:/Program Files (x86)/Atmel/Studio/7.0/Packs/atmel/ATtiny_DFP/1.3.229/gcc/dev/attiny1617/avrxmega3/crtattiny1617.o
 *(.init2)
 *(.init3)
 *(.init3)
 *(.init4)
 .init4         0x00000088       0x16 c:/program files (x86)/atmel/studio/7.0/toolchain/avr8/avr8-gnu-toolchain/bin/../lib/gcc/avr/5.4.0/avrxmega3\libgcc.a(_copy_data.o)
                0x00000088                __do_copy_data
 .init4         0x0000009e       0x10 c:/program files (x86)/atmel/studio/7.0/toolchain/avr8/avr8-gnu-toolchain/bin/../lib/gcc/avr/5.4.0/avrxmega3\libgcc.a(_clear_bss.o)
                0x0000009e                __do_clear_bss
 *(.init4)
 *(.init5)
 *(.init5)
 *(.init6)
 *(.init6)
 *(.init7)
 *(.init7)
 *(.init8)
 *(.init8)
 *(.init9)
 .init9         0x000000ae        0x8 C:/Program Files (x86)/Atmel/Studio/7.0/Packs/atmel/ATtiny_DFP/1.3.229/gcc/dev/attiny1617/avrxmega3/crtattiny1617.o
 *(.init9)
 *(.text)
 .text          0x000000b6        0x2 C:/Program Files (x86)/Atmel/Studio/7.0/Packs/atmel/ATtiny_DFP/1.3.229/gcc/dev/attiny1617/avrxmega3/crtattiny1617.o
                0x000000b6                __vector_1
                0x000000b6                __vector_24
                0x000000b6                __vector_12
                0x000000b6                __bad_interrupt
                0x000000b6                __vector_3
                0x000000b6                __vector_23
                0x000000b6                __vector_30
                0x000000b6                __vector_25
                0x000000b6                __vector_11
                0x000000b6                __vector_17
                0x000000b6                __vector_19
                0x000000b6                __vector_5
                0x000000b6                __vector_4
                0x000000b6                __vector_9
                0x000000b6                __vector_2
                0x000000b6                __vector_21
                0x000000b6                __vector_15
                0x000000b6                __vector_29
                0x000000b6                __vector_26
                0x000000b6                __vector_10
                0x000000b6                __vector_16
                0x000000b6                __vector_18
                0x000000b8                . = ALIGN (0x2)
 *(.text.*)
 .text.chkVolt250
                0x000000b8       0x3c Lib/friends.o
                0x000000b8                chkVolt250
 .text.MakeFriends
                0x000000f4      0x280 Lib/friends.o
                0x000000f4                MakeFriends
 .text.I2C_init
                0x00000374       0x3c Lib/I2C.o
                0x00000374                I2C_init
 .text.I2C_recover
                0x000003b0       0x7c Lib/I2C.o
                0x000003b0                I2C_recover
 .text.I2C_start
                0x0000042c       0x22 Lib/I2C.o
                0x0000042c                I2C_start
 .text.I2C_wait_ACK
                0x0000044e       0x4e Lib/I2C.o
                0x0000044e                I2C_wait_ACK
 .text.I2C_read
                0x0000049c       0x82 Lib/I2C.o
                0x0000049c                I2C_read
 .text.I2C_write
                0x0000051e       0x46 Lib/I2C.o
                0x0000051e                I2C_write
 .text.I2C_stop
                0x00000564        0xc Lib/I2C.o
                0x00000564                I2C_stop
 .text.I2C_read_bytes
                0x00000570       0x8a Lib/I2C.o
                0x00000570                I2C_read_bytes
 .text.initLanyard
                0x000005fa       0x18 Lib/lanyard.o
                0x000005fa                initLanyard
 .text.LanyardCode
                0x00000612      0x162 Lib/lanyard.o
                0x00000612                LanyardCode
 .text.initMaze
                0x00000774       0x20 Lib/maze.o
                0x00000774                initMaze
 .text.showFieldStrength
                0x00000794       0x6e Lib/maze.o
                0x00000794                showFieldStrength
 .text.MagnetMaze
                0x00000802      0x1fa Lib/maze.o
                0x00000802                MagnetMaze
 .text.Setup    0x000009fc      0x224 Lib/resources.o
                0x000009fc                Setup
 .text.__vector_8
                0x00000c20       0xa2 Lib/resources.o
                0x00000c20                __vector_8
 .text.__vector_13
                0x00000cc2       0x66 Lib/resources.o
                0x00000cc2                __vector_13
 .text.__vector_14
                0x00000d28       0xa6 Lib/resources.o
                0x00000d28                __vector_14
 .text.__vector_27
                0x00000dce       0xb6 Lib/resources.o
                0x00000dce                __vector_27
 .text.__vector_28
                0x00000e84       0x38 Lib/resources.o
                0x00000e84                __vector_28
 .text.__vector_20
                0x00000ebc       0x6e Lib/resources.o
                0x00000ebc                __vector_20
 .text.__vector_22
                0x00000f2a       0x90 Lib/resources.o
                0x00000f2a                __vector_22
 .text.__vector_6
                0x00000fba       0xae Lib/resources.o
                0x00000fba                __vector_6
 .text.__vector_7
                0x00001068       0x22 Lib/resources.o
                0x00001068                __vector_7
 .text.EERead   0x0000108a       0x20 Lib/resources.o
                0x0000108a                EERead
 .text.EEWrite  0x000010aa       0x50 Lib/resources.o
                0x000010aa                EEWrite
 .text.DecryptData
                0x000010fa       0x34 Lib/resources.o
                0x000010fa                DecryptData
 .text.ExtEERead
                0x0000112e       0x64 Lib/resources.o
                0x0000112e                ExtEERead
 .text.SerSend  0x00001192       0x22 Lib/resources.o
                0x00001192                SerSend
 .text.SerSpeed
                0x000011b4       0x22 Lib/resources.o
                0x000011b4                SerSpeed
 .text.SelectTSens
                0x000011d6       0x1e Lib/resources.o
                0x000011d6                SelectTSens
 .text.SelectAuIn
                0x000011f4       0x1e Lib/resources.o
                0x000011f4                SelectAuIn
 .text.CheckButtons
                0x00001212       0x5c Lib/resources.o
                0x00001212                CheckButtons
 .text.lfsr     0x0000126e       0x3e Lib/resources.o
                0x0000126e                lfsr
 .text.floatSpeed
                0x000012ac       0x64 Lib/resources.o
                0x000012ac                floatSpeed
 .text.floatAround
                0x00001310       0x64 Lib/resources.o
                0x00001310                floatAround
 .text.SaveGameState
                0x00001374       0xe6 Lib/resources.o
                0x00001374                SaveGameState
 .text.ReadStatusBit
                0x0000145a       0x28 Lib/resources.o
                0x0000145a                ReadStatusBit
 .text.WriteStatusBit
                0x00001482       0x34 Lib/resources.o
                0x00001482                WriteStatusBit
 .text.UpdateState
                0x000014b6       0x14 Lib/resources.o
                0x000014b6                UpdateState
 .text.CheckState
                0x000014ca       0x20 Lib/resources.o
                0x000014ca                CheckState
 .text.getID    0x000014ea       0x1c Lib/resources.o
                0x000014ea                getID
 .text.Reset    0x00001506       0x52 Lib/resources.o
                0x00001506                Reset
 .text.LoadGameState
                0x00001558       0x5a Lib/resources.o
                0x00001558                LoadGameState
 .text.HotSummer
                0x000015b2       0xca Lib/resources.o
                0x000015b2                HotSummer
 .text.WingBar  0x0000167c       0x44 Lib/resources.o
                0x0000167c                WingBar
 .text.SetBothEyes
                0x000016c0       0x38 Lib/resources.o
                0x000016c0                SetBothEyes
 .text.GenerateBlinks
                0x000016f8      0x172 Lib/resources.o
                0x000016f8                GenerateBlinks
 .text.GenerateAudio
                0x0000186a      0x26e Lib/resources.o
                0x0000186a                GenerateAudio
 .text.getClock
                0x00001ad8       0x1e Lib/resources.o
                0x00001ad8                getClock
 .text.idleTimeout
                0x00001af6       0x30 Lib/resources.o
                0x00001af6                idleTimeout
 .text.SelfTest
                0x00001b26      0x1a6 Lib/resources.o
                0x00001b26                SelfTest
 .text.simonLed
                0x00001ccc       0xfc Lib/simon.o
                0x00001ccc                simonLed
 .text.BastetDictates
                0x00001dc8      0x30e Lib/simon.o
                0x00001dc8                BastetDictates
 .text.Cheat    0x000020d6       0x7c Lib/text_adv.o
                0x000020d6                Cheat
 .text.UnflipData
                0x00002152       0x1a Lib/text_adv.o
                0x00002152                UnflipData
 .text.ClearTxAfter
                0x0000216c       0x14 Lib/text_adv.o
                0x0000216c                ClearTxAfter
 .text.StartsWith
                0x00002180       0x34 Lib/text_adv.o
                0x00002180                StartsWith
 .text.PrepareSending
                0x000021b4       0x7a Lib/text_adv.o
                0x000021b4                PrepareSending
 .text.SetStandardResponse
                0x0000222e       0xf8 Lib/text_adv.o
                0x0000222e                SetStandardResponse
 .text.PopulateObject
                0x00002326       0xf2 Lib/text_adv.o
                0x00002326                PopulateObject
 .text.CheckLetter
                0x00002418       0xac Lib/text_adv.o
                0x00002418                CheckLetter
 .text.FindChild
                0x000024c4       0xbc Lib/text_adv.o
                0x000024c4                FindChild
 .text.InpOkChk
                0x00002580       0x1c Lib/text_adv.o
                0x00002580                InpOkChk
 .text.CleanInput
                0x0000259c       0x46 Lib/text_adv.o
                0x0000259c                CleanInput
 .text.CheckSend
                0x000025e2       0xde Lib/text_adv.o
                0x000025e2                CheckSend
 .text.CheckResponse
                0x000026c0       0x8e Lib/text_adv.o
                0x000026c0                CheckResponse
 .text.CheckInput
                0x0000274e      0x542 Lib/text_adv.o
                0x0000274e                CheckInput
 .text.ProcessInput
                0x00002c90     0x119e Lib/text_adv.o
                0x00002c90                ProcessInput
 .text.TextAdventure
                0x00003e2e       0x92 Lib/text_adv.o
                0x00003e2e                TextAdventure
 .text.startup.main
                0x00003ec0       0xf8 main.o
                0x00003ec0                main
                0x00003fb8                . = ALIGN (0x2)
 *(.fini9)
 .fini9         0x00003fb8        0x0 c:/program files (x86)/atmel/studio/7.0/toolchain/avr8/avr8-gnu-toolchain/bin/../lib/gcc/avr/5.4.0/avrxmega3\libgcc.a(_exit.o)
                0x00003fb8                _exit
                0x00003fb8                exit
 *(.fini9)
 *(.fini8)
 *(.fini8)
 *(.fini7)
 *(.fini7)
 *(.fini6)
 *(.fini6)
 *(.fini5)
 *(.fini5)
 *(.fini4)
 *(.fini4)
 *(.fini3)
 *(.fini3)
 *(.fini2)
 *(.fini2)
 *(.fini1)
 *(.fini1)
 *(.fini0)
 .fini0         0x00003fb8        0x4 c:/program files (x86)/atmel/studio/7.0/toolchain/avr8/avr8-gnu-toolchain/bin/../lib/gcc/avr/5.4.0/avrxmega3\libgcc.a(_exit.o)
 *(.fini0)
                0x00003fbc                _etext = .

.rodata         0x0000bfbc       0xfa load address 0x00003fbc
 *(.rodata)
 .rodata        0x0000bfbc       0x10 Lib/text_adv.o
 *(.rodata*)
 .rodata.lanyardCode
                0x0000bfcc       0x18 Lib/lanyard.o
                0x0000bfcc                lanyardCode
 .rodata.CAT    0x0000bfe4        0x1 Lib/main_def.o
                0x0000bfe4                CAT
 .rodata.BADGER
                0x0000bfe5        0x1 Lib/main_def.o
                0x0000bfe5                BADGER
 .rodata.SCARAB
                0x0000bfe6        0x2 Lib/main_def.o
                0x0000bfe6                SCARAB
 .rodata.WING   0x0000bfe8        0xa Lib/main_def.o
                0x0000bfe8                WING
 .rodata.EYE    0x0000bff2        0x4 Lib/main_def.o
                0x0000bff2                EYE
 .rodata.HCKR   0x0000bff6        0xc Lib/main_def.o
                0x0000bff6                HCKR
 .rodata.QSINE  0x0000c002       0x20 Lib/main_def.o
                0x0000c002                QSINE
 .rodata.xor_key
                0x0000c022       0x10 Lib/main_def.o
                0x0000c022                xor_key
 .rodata.mazeCode
                0x0000c032       0x12 Lib/maze.o
                0x0000c032                mazeCode
 .rodata.str1.1
                0x0000c044       0x72 Lib/text_adv.o
 *(.gnu.linkonce.r*)

.data           0x00803800       0x30 load address 0x000040b6
                0x00803800                PROVIDE (__data_start, .)
 *(.data)
 *(.data*)
 .data.setDAC.3790
                0x00803800        0x2 Lib/friends.o
 .data.lanyardState
                0x00803802        0x1 Lib/lanyard.o
                0x00803802                lanyardState
 .data.auRepAddr
                0x00803803        0x2 Lib/main_def.o
                0x00803803                auRepAddr
 .data.auSmpAddr
                0x00803805        0x2 Lib/main_def.o
                0x00803805                auSmpAddr
 .data.lastButtonState
                0x00803807        0x1 Lib/main_def.o
                0x00803807                lastButtonState
 .data.buttonState
                0x00803808        0x1 Lib/main_def.o
                0x00803808                buttonState
 .data.serTxDone
                0x00803809        0x1 Lib/main_def.o
                0x00803809                serTxDone
 .data.dimValueSum
                0x0080380a        0x2 Lib/main_def.o
                0x0080380a                dimValueSum
 .data.dimValue
                0x0080380c        0x1 Lib/main_def.o
                0x0080380c                dimValue
 .data.mazeState
                0x0080380d        0x1 Lib/maze.o
                0x0080380d                mazeState
 .data.auBuffer.4014
                0x0080380e        0x3 Lib/resources.o
 .data.auBuffer.4005
                0x00803811       0x11 Lib/resources.o
 .data.state.3911
                0x00803822        0x2 Lib/resources.o
 .data.previousValue.3901
                0x00803824        0x1 Lib/resources.o
 .data.mask     0x00803825        0x8 Lib/resources.o
                0x00803825                mask
 .data.simonNextGameState
                0x0080382d        0x1 Lib/simon.o
                0x0080382d                simonNextGameState
 .data.currDepth
                0x0080382e        0x1 Lib/text_adv.o
 *(.gnu.linkonce.d*)
                0x00803830                . = ALIGN (0x2)
 *fill*         0x0080382f        0x1 
                0x00803830                _edata = .
                0x00803830                PROVIDE (__data_end, .)

.bss            0x00803830      0x2ec
                0x00803830                PROVIDE (__bss_start, .)
 *(.bss)
 *(.bss*)
 .bss.candidate.3793
                0x00803830        0x1 Lib/friends.o
 .bss.jackIn.3792
                0x00803831        0x1 Lib/friends.o
 .bss.chkTmr.3791
                0x00803832        0x1 Lib/friends.o
 .bss.progress.3789
                0x00803833        0x1 Lib/friends.o
 .bss.avgVolt.3782
                0x00803834        0x1 Lib/friends.o
 .bss.lanyardLastActive
                0x00803835        0x2 Lib/lanyard.o
                0x00803835                lanyardLastActive
 .bss.lanyardCnt
                0x00803837        0x1 Lib/lanyard.o
                0x00803837                lanyardCnt
 .bss.lanyardPos
                0x00803838        0x1 Lib/lanyard.o
                0x00803838                lanyardPos
 .bss.adc0Chg   0x00803839        0x1 Lib/main_def.o
                0x00803839                adc0Chg
 .bss.zero      0x0080383a        0x1 Lib/main_def.o
                0x0080383a                zero
 .bss.auStart   0x0080383b        0x1 Lib/main_def.o
                0x0080383b                auStart
 .bss.effect    0x0080383c        0x2 Lib/main_def.o
                0x0080383c                effect
 .bss.gameNow   0x0080383e        0x1 Lib/main_def.o
                0x0080383e                gameNow
 .bss.whoami    0x0080383f        0x1 Lib/main_def.o
                0x0080383f                whoami
 .bss.inventory
                0x00803840        0x4 Lib/main_def.o
                0x00803840                inventory
 .bss.buttonMark
                0x00803844        0x1 Lib/main_def.o
                0x00803844                buttonMark
 .bss.minuteMark
                0x00803845        0x1 Lib/main_def.o
                0x00803845                minuteMark
 .bss.serRxDone
                0x00803846        0x1 Lib/main_def.o
                0x00803846                serRxDone
 .bss.mazeLastActive
                0x00803847        0x2 Lib/maze.o
                0x00803847                mazeLastActive
 .bss.inverted  0x00803849        0x1 Lib/maze.o
                0x00803849                inverted
 .bss.mazeCnt   0x0080384a        0x1 Lib/maze.o
                0x0080384a                mazeCnt
 .bss.mazeHckrPos
                0x0080384b        0x1 Lib/maze.o
                0x0080384b                mazeHckrPos
 .bss.mazePos   0x0080384c        0x1 Lib/maze.o
                0x0080384c                mazePos
 .bss.newHallState
                0x0080384d        0x1 Lib/maze.o
                0x0080384d                newHallState
 .bss.curHallState
                0x0080384e        0x1 Lib/maze.o
                0x0080384e                curHallState
 .bss.duration.4015
                0x0080384f        0x1 Lib/resources.o
 .bss.start.4016
                0x00803850        0x1 Lib/resources.o
 .bss.auBuffer.4009
                0x00803851        0x7 Lib/resources.o
 .bss.loudness.4006
                0x00803858        0x1 Lib/resources.o
 .bss.duration.4007
                0x00803859        0x1 Lib/resources.o
 .bss.start.4008
                0x0080385a        0x1 Lib/resources.o
 .bss.cooledDown.3970
                0x0080385b        0x1 Lib/resources.o
 .bss.LedCount  0x0080385c        0x1 Lib/resources.o
                0x0080385c                LedCount
 .bss.HeartCount
                0x0080385d        0x1 Lib/resources.o
                0x0080385d                HeartCount
 .bss.simonGameState
                0x0080385e        0x1 Lib/simon.o
                0x0080385e                simonGameState
 .bss.simonCounter
                0x0080385f        0x1 Lib/simon.o
                0x0080385f                simonCounter
 .bss.simonWait
                0x00803860        0x1 Lib/simon.o
                0x00803860                simonWait
 .bss.simonTimer
                0x00803861        0x1 Lib/simon.o
                0x00803861                simonTimer
 .bss.simonInputPos
                0x00803862        0x1 Lib/simon.o
                0x00803862                simonInputPos
 .bss.simonPos  0x00803863        0x1 Lib/simon.o
                0x00803863                simonPos
 .bss.simonState
                0x00803864        0xc Lib/simon.o
                0x00803864                simonState
 .bss.serInput.4011
                0x00803870       0x41 Lib/text_adv.o
 .bss.actObj2.3982
                0x008038b1       0x2b Lib/text_adv.o
 .bss.actObj1.3981
                0x008038dc       0x2b Lib/text_adv.o
 .bss.number.3941
                0x00803907        0x1 Lib/text_adv.o
 .bss.txPart.3937
                0x00803908        0x1 Lib/text_adv.o
 .bss.PunishmentTime
                0x00803909        0x2 Lib/text_adv.o
 .bss.specialPassed
                0x0080390b        0x1 Lib/text_adv.o
 .bss.specialInput
                0x0080390c       0x10 Lib/text_adv.o
 .bss.responseList
                0x0080391c        0x1 Lib/text_adv.o
 .bss.reactStr  0x0080391d       0xc0 Lib/text_adv.o
 .bss.route     0x008039dd       0x40 Lib/text_adv.o
 .bss.currObj   0x00803a1d       0x2b Lib/text_adv.o
 .bss.txTypeNow
                0x00803a48        0x1 Lib/text_adv.o
                0x00803a48                txTypeNow
 .bss.txAddrNow
                0x00803a49        0x1 Lib/text_adv.o
                0x00803a49                txAddrNow
 .bss.txStrLen  0x00803a4a        0x8 Lib/text_adv.o
                0x00803a4a                txStrLen
 .bss.txAddrList
                0x00803a52       0x10 Lib/text_adv.o
                0x00803a52                txAddrList
 *(COMMON)
 COMMON         0x00803a62       0x97 Lib/main_def.o
                0x00803a62                timeout_I2C
                0x00803a63                gameState
                0x00803a77                serRx
                0x00803ab8                auVolume
                0x00803ab9                adcBtns
                0x00803abb                serTxAddr
                0x00803abd                adcHall
                0x00803abf                adcPhot
                0x00803ac1                detHdPh
                0x00803ac2                calTemp
                0x00803ac4                auIn
                0x00803acc                iLED
                0x00803af4                auPlayDone
                0x00803af5                calHall
                0x00803af7                adcTemp
 COMMON         0x00803af9        0x2 Lib/resources.o
                0x00803af9                tmp16bit
 COMMON         0x00803afb       0x21 Lib/text_adv.o
                0x00803afb                txBuffer
                0x00803b1c                PROVIDE (__bss_end, .)
                0x000040b6                __data_load_start = LOADADDR (.data)
                0x000040e6                __data_load_end = (__data_load_start + SIZEOF (.data))

.noinit         0x00803b1c        0x0
                [!provide]                PROVIDE (__noinit_start, .)
 *(.noinit*)
                [!provide]                PROVIDE (__noinit_end, .)
                0x00803b1c                _end = .
                [!provide]                PROVIDE (__heap_start, .)

.eeprom         0x00810000        0x0
 *(.eeprom*)
                0x00810000                __eeprom_end = .

.fuse
 *(.fuse)
 *(.lfuse)
 *(.hfuse)
 *(.efuse)

.lock
 *(.lock*)

.signature
 *(.signature*)

.user_signatures
 *(.user_signatures*)

.stab
 *(.stab)

.stabstr
 *(.stabstr)

.stab.excl
 *(.stab.excl)

.stab.exclstr
 *(.stab.exclstr)

.stab.index
 *(.stab.index)

.stab.indexstr
 *(.stab.indexstr)

.comment        0x00000000       0x30
 *(.comment)
 .comment       0x00000000       0x30 Lib/friends.o
                                 0x31 (size before relaxing)
 .comment       0x00000030       0x31 Lib/I2C.o
 .comment       0x00000030       0x31 Lib/lanyard.o
 .comment       0x00000030       0x31 Lib/main_def.o
 .comment       0x00000030       0x31 Lib/maze.o
 .comment       0x00000030       0x31 Lib/resources.o
 .comment       0x00000030       0x31 Lib/simon.o
 .comment       0x00000030       0x31 Lib/text_adv.o
 .comment       0x00000030       0x31 main.o

.note.gnu.avr.deviceinfo
                0x00000000       0x40
 .note.gnu.avr.deviceinfo
                0x00000000       0x40 C:/Program Files (x86)/Atmel/Studio/7.0/Packs/atmel/ATtiny_DFP/1.3.229/gcc/dev/attiny1617/avrxmega3/crtattiny1617.o

.note.gnu.build-id
 *(.note.gnu.build-id)

.debug
 *(.debug)

.line
 *(.line)

.debug_srcinfo
 *(.debug_srcinfo)

.debug_sfnames
 *(.debug_sfnames)

.debug_aranges  0x00000000      0x330
 *(.debug_aranges)
 .debug_aranges
                0x00000000       0x28 Lib/friends.o
 .debug_aranges
                0x00000028       0x68 Lib/I2C.o
 .debug_aranges
                0x00000090       0x28 Lib/lanyard.o
 .debug_aranges
                0x000000b8       0x18 Lib/main_def.o
 .debug_aranges
                0x000000d0       0x30 Lib/maze.o
 .debug_aranges
                0x00000100      0x148 Lib/resources.o
 .debug_aranges
                0x00000248       0x28 Lib/simon.o
 .debug_aranges
                0x00000270       0xa0 Lib/text_adv.o
 .debug_aranges
                0x00000310       0x20 main.o

.debug_pubnames
 *(.debug_pubnames)

.debug_info     0x00000000     0x6f29
 *(.debug_info .gnu.linkonce.wi.*)
 .debug_info    0x00000000     0x19ed C:/Program Files (x86)/Atmel/Studio/7.0/Packs/atmel/ATtiny_DFP/1.3.229/gcc/dev/attiny1617/avrxmega3/crtattiny1617.o
 .debug_info    0x000019ed      0x350 Lib/friends.o
 .debug_info    0x00001d3d      0x6f7 Lib/I2C.o
 .debug_info    0x00002434      0x2d3 Lib/lanyard.o
 .debug_info    0x00002707      0x483 Lib/main_def.o
 .debug_info    0x00002b8a      0x3e4 Lib/maze.o
 .debug_info    0x00002f6e     0x132c Lib/resources.o
 .debug_info    0x0000429a      0x405 Lib/simon.o
 .debug_info    0x0000469f     0x25d2 Lib/text_adv.o
 .debug_info    0x00006c71      0x2b8 main.o

.debug_abbrev   0x00000000     0x28ea
 *(.debug_abbrev)
 .debug_abbrev  0x00000000     0x1888 C:/Program Files (x86)/Atmel/Studio/7.0/Packs/atmel/ATtiny_DFP/1.3.229/gcc/dev/attiny1617/avrxmega3/crtattiny1617.o
 .debug_abbrev  0x00001888      0x145 Lib/friends.o
 .debug_abbrev  0x000019cd      0x26f Lib/I2C.o
 .debug_abbrev  0x00001c3c      0x10a Lib/lanyard.o
 .debug_abbrev  0x00001d46       0x96 Lib/main_def.o
 .debug_abbrev  0x00001ddc      0x193 Lib/maze.o
 .debug_abbrev  0x00001f6f      0x3c6 Lib/resources.o
 .debug_abbrev  0x00002335      0x178 Lib/simon.o
 .debug_abbrev  0x000024ad      0x36d Lib/text_adv.o
 .debug_abbrev  0x0000281a       0xd0 main.o

.debug_line     0x00000000     0x3e12
 *(.debug_line .debug_line.* .debug_line_end)
 .debug_line    0x00000000      0x151 C:/Program Files (x86)/Atmel/Studio/7.0/Packs/atmel/ATtiny_DFP/1.3.229/gcc/dev/attiny1617/avrxmega3/crtattiny1617.o
 .debug_line    0x00000151      0x3e0 Lib/friends.o
 .debug_line    0x00000531      0x598 Lib/I2C.o
 .debug_line    0x00000ac9      0x26e Lib/lanyard.o
 .debug_line    0x00000d37      0x106 Lib/main_def.o
 .debug_line    0x00000e3d      0x350 Lib/maze.o
 .debug_line    0x0000118d     0x108a Lib/resources.o
 .debug_line    0x00002217      0x491 Lib/simon.o
 .debug_line    0x000026a8     0x1559 Lib/text_adv.o
 .debug_line    0x00003c01      0x211 main.o

.debug_frame    0x00000000      0x9c0
 *(.debug_frame)
 .debug_frame   0x00000000       0x54 Lib/friends.o
 .debug_frame   0x00000054       0xf8 Lib/I2C.o
 .debug_frame   0x0000014c       0x3c Lib/lanyard.o
 .debug_frame   0x00000188       0x50 Lib/maze.o
 .debug_frame   0x000001d8      0x4ac Lib/resources.o
 .debug_frame   0x00000684       0x4c Lib/simon.o
 .debug_frame   0x000006d0      0x2cc Lib/text_adv.o
 .debug_frame   0x0000099c       0x24 main.o

.debug_str      0x00000000     0x1a87
 *(.debug_str)
 .debug_str     0x00000000      0xacf C:/Program Files (x86)/Atmel/Studio/7.0/Packs/atmel/ATtiny_DFP/1.3.229/gcc/dev/attiny1617/avrxmega3/crtattiny1617.o
 .debug_str     0x00000acf      0x244 Lib/friends.o
                                0x278 (size before relaxing)
 .debug_str     0x00000d13      0x326 Lib/I2C.o
                                0x4e7 (size before relaxing)
 .debug_str     0x00001039       0xd3 Lib/lanyard.o
                                0x2aa (size before relaxing)
 .debug_str     0x0000110c       0xd9 Lib/main_def.o
                                0x322 (size before relaxing)
 .debug_str     0x000011e5       0xa8 Lib/maze.o
                                0x2e1 (size before relaxing)
 .debug_str     0x0000128d      0x3e3 Lib/resources.o
                                0x786 (size before relaxing)
 .debug_str     0x00001670       0x9b Lib/simon.o
                                0x2dd (size before relaxing)
 .debug_str     0x0000170b      0x36b Lib/text_adv.o
                                0x62b (size before relaxing)
 .debug_str     0x00001a76       0x11 main.o
                                0x2cb (size before relaxing)

.debug_loc      0x00000000     0x45c3
 *(.debug_loc)
 .debug_loc     0x00000000      0x157 Lib/friends.o
 .debug_loc     0x00000157      0x4ed Lib/I2C.o
 .debug_loc     0x00000644       0x22 Lib/lanyard.o
 .debug_loc     0x00000666       0xfb Lib/maze.o
 .debug_loc     0x00000761     0x11c9 Lib/resources.o
 .debug_loc     0x0000192a      0x18e Lib/simon.o
 .debug_loc     0x00001ab8     0x2b0b Lib/text_adv.o

.debug_macinfo
 *(.debug_macinfo)

.debug_weaknames
 *(.debug_weaknames)

.debug_funcnames
 *(.debug_funcnames)

.debug_typenames
 *(.debug_typenames)

.debug_varnames
 *(.debug_varnames)

.debug_pubtypes
 *(.debug_pubtypes)

.debug_ranges   0x00000000      0x3b8
 *(.debug_ranges)
 .debug_ranges  0x00000000       0x30 Lib/friends.o
 .debug_ranges  0x00000030       0x58 Lib/I2C.o
 .debug_ranges  0x00000088       0x18 Lib/lanyard.o
 .debug_ranges  0x000000a0       0x20 Lib/maze.o
 .debug_ranges  0x000000c0      0x150 Lib/resources.o
 .debug_ranges  0x00000210       0x18 Lib/simon.o
 .debug_ranges  0x00000228      0x180 Lib/text_adv.o
 .debug_ranges  0x000003a8       0x10 main.o

.debug_macro
 *(.debug_macro)
OUTPUT(ISR_IO.elf elf32-avr)
LOAD linker stubs
