Archive member included to satisfy reference by file (symbol)

c:/program files (x86)/atmel/studio/7.0/toolchain/avr8/avr8-gnu-toolchain/bin/../lib/gcc/avr/5.4.0/avrxmega3\libgcc.a(_udivmodqi4.o)
                              Lib/resources.o (__udivmodqi4)
c:/program files (x86)/atmel/studio/7.0/toolchain/avr8/avr8-gnu-toolchain/bin/../lib/gcc/avr/5.4.0/avrxmega3\libgcc.a(_udivmodhi4.o)
                              Lib/resources.o (__udivmodhi4)
c:/program files (x86)/atmel/studio/7.0/toolchain/avr8/avr8-gnu-toolchain/bin/../lib/gcc/avr/5.4.0/avrxmega3\libgcc.a(_divmodhi4.o)
                              Lib/simon.o (__divmodhi4)
c:/program files (x86)/atmel/studio/7.0/toolchain/avr8/avr8-gnu-toolchain/bin/../lib/gcc/avr/5.4.0/avrxmega3\libgcc.a(_udivmodsi4.o)
                              Lib/text_adv.o (__udivmodsi4)
c:/program files (x86)/atmel/studio/7.0/toolchain/avr8/avr8-gnu-toolchain/bin/../lib/gcc/avr/5.4.0/avrxmega3\libgcc.a(_exit.o)
                              C:/Program Files (x86)/Atmel/Studio/7.0/Packs/atmel/ATtiny_DFP/1.3.229/gcc/dev/attiny1617/avrxmega3/crtattiny1617.o (exit)
c:/program files (x86)/atmel/studio/7.0/toolchain/avr8/avr8-gnu-toolchain/bin/../lib/gcc/avr/5.4.0/avrxmega3\libgcc.a(_copy_data.o)
                              Lib/friends.o (__do_copy_data)
c:/program files (x86)/atmel/studio/7.0/toolchain/avr8/avr8-gnu-toolchain/bin/../lib/gcc/avr/5.4.0/avrxmega3\libgcc.a(_clear_bss.o)
                              Lib/friends.o (__do_clear_bss)

Allocating common symbols
Common symbol       size              file

timeout_I2C         0x1               Lib/main_def.o
gameState           0x14              Lib/main_def.o
serRx               0x41              Lib/main_def.o
auVolume            0x1               Lib/main_def.o
adcBtns             0x2               Lib/main_def.o
serTxAddr           0x2               Lib/main_def.o
adcHall             0x2               Lib/main_def.o
adcPhot             0x2               Lib/main_def.o
txBuffer            0x21              Lib/text_adv.o
detHdPh             0x1               Lib/main_def.o
calTemp             0x2               Lib/main_def.o
auIn                0x8               Lib/main_def.o
iLED                0x28              Lib/main_def.o
auPlayDone          0x1               Lib/main_def.o
tmp16bit            0x2               Lib/resources.o
calHall             0x2               Lib/main_def.o
adcTemp             0x2               Lib/main_def.o

Discarded input sections

 .data          0x00000000        0x0 C:/Program Files (x86)/Atmel/Studio/7.0/Packs/atmel/ATtiny_DFP/1.3.229/gcc/dev/attiny1617/avrxmega3/crtattiny1617.o
 .bss           0x00000000        0x0 C:/Program Files (x86)/Atmel/Studio/7.0/Packs/atmel/ATtiny_DFP/1.3.229/gcc/dev/attiny1617/avrxmega3/crtattiny1617.o
 .text          0x00000000        0x0 Lib/friends.o
 .data          0x00000000        0x0 Lib/friends.o
 .bss           0x00000000        0x0 Lib/friends.o
 COMMON         0x00000000        0x0 Lib/friends.o
 .text          0x00000000        0x0 Lib/I2C.o
 .data          0x00000000        0x0 Lib/I2C.o
 .bss           0x00000000        0x0 Lib/I2C.o
 .text.I2C_rep_start
                0x00000000        0x6 Lib/I2C.o
 .text.I2C_write_bytes
                0x00000000       0x7e Lib/I2C.o
 .text          0x00000000        0x0 Lib/lanyard.o
 .data          0x00000000        0x0 Lib/lanyard.o
 .bss           0x00000000        0x0 Lib/lanyard.o
 .text          0x00000000        0x0 Lib/main_def.o
 .data          0x00000000        0x0 Lib/main_def.o
 .bss           0x00000000        0x0 Lib/main_def.o
 .text          0x00000000        0x0 Lib/maze.o
 .data          0x00000000        0x0 Lib/maze.o
 .bss           0x00000000        0x0 Lib/maze.o
 .text          0x00000000        0x0 Lib/resources.o
 .data          0x00000000        0x0 Lib/resources.o
 .bss           0x00000000        0x0 Lib/resources.o
 .text          0x00000000        0x0 Lib/simon.o
 .data          0x00000000        0x0 Lib/simon.o
 .bss           0x00000000        0x0 Lib/simon.o
 .text.simonTone
                0x00000000        0x2 Lib/simon.o
 .bss.simonScore
                0x00000000        0x2 Lib/simon.o
 .text          0x00000000        0x0 Lib/text_adv.o
 .data          0x00000000        0x0 Lib/text_adv.o
 .bss           0x00000000        0x0 Lib/text_adv.o
 .text.SetResponse
                0x00000000       0x30 Lib/text_adv.o
 .bss.sendPrompt
                0x00000000        0x1 Lib/text_adv.o
 .text          0x00000000        0x0 main.o
 .data          0x00000000        0x0 main.o
 .bss           0x00000000        0x0 main.o
 .text          0x00000000        0x0 c:/program files (x86)/atmel/studio/7.0/toolchain/avr8/avr8-gnu-toolchain/bin/../lib/gcc/avr/5.4.0/avrxmega3\libgcc.a(_udivmodqi4.o)
 .data          0x00000000        0x0 c:/program files (x86)/atmel/studio/7.0/toolchain/avr8/avr8-gnu-toolchain/bin/../lib/gcc/avr/5.4.0/avrxmega3\libgcc.a(_udivmodqi4.o)
 .bss           0x00000000        0x0 c:/program files (x86)/atmel/studio/7.0/toolchain/avr8/avr8-gnu-toolchain/bin/../lib/gcc/avr/5.4.0/avrxmega3\libgcc.a(_udivmodqi4.o)
 .text.libgcc.mul
                0x00000000        0x0 c:/program files (x86)/atmel/studio/7.0/toolchain/avr8/avr8-gnu-toolchain/bin/../lib/gcc/avr/5.4.0/avrxmega3\libgcc.a(_udivmodqi4.o)
 .text.libgcc   0x00000000        0x0 c:/program files (x86)/atmel/studio/7.0/toolchain/avr8/avr8-gnu-toolchain/bin/../lib/gcc/avr/5.4.0/avrxmega3\libgcc.a(_udivmodqi4.o)
 .text.libgcc.prologue
                0x00000000        0x0 c:/program files (x86)/atmel/studio/7.0/toolchain/avr8/avr8-gnu-toolchain/bin/../lib/gcc/avr/5.4.0/avrxmega3\libgcc.a(_udivmodqi4.o)
 .text.libgcc.builtins
                0x00000000        0x0 c:/program files (x86)/atmel/studio/7.0/toolchain/avr8/avr8-gnu-toolchain/bin/../lib/gcc/avr/5.4.0/avrxmega3\libgcc.a(_udivmodqi4.o)
 .text.libgcc.fmul
                0x00000000        0x0 c:/program files (x86)/atmel/studio/7.0/toolchain/avr8/avr8-gnu-toolchain/bin/../lib/gcc/avr/5.4.0/avrxmega3\libgcc.a(_udivmodqi4.o)
 .text.libgcc.fixed
                0x00000000        0x0 c:/program files (x86)/atmel/studio/7.0/toolchain/avr8/avr8-gnu-toolchain/bin/../lib/gcc/avr/5.4.0/avrxmega3\libgcc.a(_udivmodqi4.o)
 .text          0x00000000        0x0 c:/program files (x86)/atmel/studio/7.0/toolchain/avr8/avr8-gnu-toolchain/bin/../lib/gcc/avr/5.4.0/avrxmega3\libgcc.a(_udivmodhi4.o)
 .data          0x00000000        0x0 c:/program files (x86)/atmel/studio/7.0/toolchain/avr8/avr8-gnu-toolchain/bin/../lib/gcc/avr/5.4.0/avrxmega3\libgcc.a(_udivmodhi4.o)
 .bss           0x00000000        0x0 c:/program files (x86)/atmel/studio/7.0/toolchain/avr8/avr8-gnu-toolchain/bin/../lib/gcc/avr/5.4.0/avrxmega3\libgcc.a(_udivmodhi4.o)
 .text.libgcc.mul
                0x00000000        0x0 c:/program files (x86)/atmel/studio/7.0/toolchain/avr8/avr8-gnu-toolchain/bin/../lib/gcc/avr/5.4.0/avrxmega3\libgcc.a(_udivmodhi4.o)
 .text.libgcc   0x00000000        0x0 c:/program files (x86)/atmel/studio/7.0/toolchain/avr8/avr8-gnu-toolchain/bin/../lib/gcc/avr/5.4.0/avrxmega3\libgcc.a(_udivmodhi4.o)
 .text.libgcc.prologue
                0x00000000        0x0 c:/program files (x86)/atmel/studio/7.0/toolchain/avr8/avr8-gnu-toolchain/bin/../lib/gcc/avr/5.4.0/avrxmega3\libgcc.a(_udivmodhi4.o)
 .text.libgcc.builtins
                0x00000000        0x0 c:/program files (x86)/atmel/studio/7.0/toolchain/avr8/avr8-gnu-toolchain/bin/../lib/gcc/avr/5.4.0/avrxmega3\libgcc.a(_udivmodhi4.o)
 .text.libgcc.fmul
                0x00000000        0x0 c:/program files (x86)/atmel/studio/7.0/toolchain/avr8/avr8-gnu-toolchain/bin/../lib/gcc/avr/5.4.0/avrxmega3\libgcc.a(_udivmodhi4.o)
 .text.libgcc.fixed
                0x00000000        0x0 c:/program files (x86)/atmel/studio/7.0/toolchain/avr8/avr8-gnu-toolchain/bin/../lib/gcc/avr/5.4.0/avrxmega3\libgcc.a(_udivmodhi4.o)
 .text          0x00000000        0x0 c:/program files (x86)/atmel/studio/7.0/toolchain/avr8/avr8-gnu-toolchain/bin/../lib/gcc/avr/5.4.0/avrxmega3\libgcc.a(_divmodhi4.o)
 .data          0x00000000        0x0 c:/program files (x86)/atmel/studio/7.0/toolchain/avr8/avr8-gnu-toolchain/bin/../lib/gcc/avr/5.4.0/avrxmega3\libgcc.a(_divmodhi4.o)
 .bss           0x00000000        0x0 c:/program files (x86)/atmel/studio/7.0/toolchain/avr8/avr8-gnu-toolchain/bin/../lib/gcc/avr/5.4.0/avrxmega3\libgcc.a(_divmodhi4.o)
 .text.libgcc.mul
                0x00000000        0x0 c:/program files (x86)/atmel/studio/7.0/toolchain/avr8/avr8-gnu-toolchain/bin/../lib/gcc/avr/5.4.0/avrxmega3\libgcc.a(_divmodhi4.o)
 .text.libgcc   0x00000000        0x0 c:/program files (x86)/atmel/studio/7.0/toolchain/avr8/avr8-gnu-toolchain/bin/../lib/gcc/avr/5.4.0/avrxmega3\libgcc.a(_divmodhi4.o)
 .text.libgcc.prologue
                0x00000000        0x0 c:/program files (x86)/atmel/studio/7.0/toolchain/avr8/avr8-gnu-toolchain/bin/../lib/gcc/avr/5.4.0/avrxmega3\libgcc.a(_divmodhi4.o)
 .text.libgcc.builtins
                0x00000000        0x0 c:/program files (x86)/atmel/studio/7.0/toolchain/avr8/avr8-gnu-toolchain/bin/../lib/gcc/avr/5.4.0/avrxmega3\libgcc.a(_divmodhi4.o)
 .text.libgcc.fmul
                0x00000000        0x0 c:/program files (x86)/atmel/studio/7.0/toolchain/avr8/avr8-gnu-toolchain/bin/../lib/gcc/avr/5.4.0/avrxmega3\libgcc.a(_divmodhi4.o)
 .text.libgcc.fixed
                0x00000000        0x0 c:/program files (x86)/atmel/studio/7.0/toolchain/avr8/avr8-gnu-toolchain/bin/../lib/gcc/avr/5.4.0/avrxmega3\libgcc.a(_divmodhi4.o)
 .text          0x00000000        0x0 c:/program files (x86)/atmel/studio/7.0/toolchain/avr8/avr8-gnu-toolchain/bin/../lib/gcc/avr/5.4.0/avrxmega3\libgcc.a(_udivmodsi4.o)
 .data          0x00000000        0x0 c:/program files (x86)/atmel/studio/7.0/toolchain/avr8/avr8-gnu-toolchain/bin/../lib/gcc/avr/5.4.0/avrxmega3\libgcc.a(_udivmodsi4.o)
 .bss           0x00000000        0x0 c:/program files (x86)/atmel/studio/7.0/toolchain/avr8/avr8-gnu-toolchain/bin/../lib/gcc/avr/5.4.0/avrxmega3\libgcc.a(_udivmodsi4.o)
 .text.libgcc.mul
                0x00000000        0x0 c:/program files (x86)/atmel/studio/7.0/toolchain/avr8/avr8-gnu-toolchain/bin/../lib/gcc/avr/5.4.0/avrxmega3\libgcc.a(_udivmodsi4.o)
 .text.libgcc   0x00000000        0x0 c:/program files (x86)/atmel/studio/7.0/toolchain/avr8/avr8-gnu-toolchain/bin/../lib/gcc/avr/5.4.0/avrxmega3\libgcc.a(_udivmodsi4.o)
 .text.libgcc.prologue
                0x00000000        0x0 c:/program files (x86)/atmel/studio/7.0/toolchain/avr8/avr8-gnu-toolchain/bin/../lib/gcc/avr/5.4.0/avrxmega3\libgcc.a(_udivmodsi4.o)
 .text.libgcc.builtins
                0x00000000        0x0 c:/program files (x86)/atmel/studio/7.0/toolchain/avr8/avr8-gnu-toolchain/bin/../lib/gcc/avr/5.4.0/avrxmega3\libgcc.a(_udivmodsi4.o)
 .text.libgcc.fmul
                0x00000000        0x0 c:/program files (x86)/atmel/studio/7.0/toolchain/avr8/avr8-gnu-toolchain/bin/../lib/gcc/avr/5.4.0/avrxmega3\libgcc.a(_udivmodsi4.o)
 .text.libgcc.fixed
                0x00000000        0x0 c:/program files (x86)/atmel/studio/7.0/toolchain/avr8/avr8-gnu-toolchain/bin/../lib/gcc/avr/5.4.0/avrxmega3\libgcc.a(_udivmodsi4.o)
 .text          0x00000000        0x0 c:/program files (x86)/atmel/studio/7.0/toolchain/avr8/avr8-gnu-toolchain/bin/../lib/gcc/avr/5.4.0/avrxmega3\libgcc.a(_exit.o)
 .data          0x00000000        0x0 c:/program files (x86)/atmel/studio/7.0/toolchain/avr8/avr8-gnu-toolchain/bin/../lib/gcc/avr/5.4.0/avrxmega3\libgcc.a(_exit.o)
 .bss           0x00000000        0x0 c:/program files (x86)/atmel/studio/7.0/toolchain/avr8/avr8-gnu-toolchain/bin/../lib/gcc/avr/5.4.0/avrxmega3\libgcc.a(_exit.o)
 .text.libgcc.mul
                0x00000000        0x0 c:/program files (x86)/atmel/studio/7.0/toolchain/avr8/avr8-gnu-toolchain/bin/../lib/gcc/avr/5.4.0/avrxmega3\libgcc.a(_exit.o)
 .text.libgcc.div
                0x00000000        0x0 c:/program files (x86)/atmel/studio/7.0/toolchain/avr8/avr8-gnu-toolchain/bin/../lib/gcc/avr/5.4.0/avrxmega3\libgcc.a(_exit.o)
 .text.libgcc   0x00000000        0x0 c:/program files (x86)/atmel/studio/7.0/toolchain/avr8/avr8-gnu-toolchain/bin/../lib/gcc/avr/5.4.0/avrxmega3\libgcc.a(_exit.o)
 .text.libgcc.prologue
                0x00000000        0x0 c:/program files (x86)/atmel/studio/7.0/toolchain/avr8/avr8-gnu-toolchain/bin/../lib/gcc/avr/5.4.0/avrxmega3\libgcc.a(_exit.o)
 .text.libgcc.builtins
                0x00000000        0x0 c:/program files (x86)/atmel/studio/7.0/toolchain/avr8/avr8-gnu-toolchain/bin/../lib/gcc/avr/5.4.0/avrxmega3\libgcc.a(_exit.o)
 .text.libgcc.fmul
                0x00000000        0x0 c:/program files (x86)/atmel/studio/7.0/toolchain/avr8/avr8-gnu-toolchain/bin/../lib/gcc/avr/5.4.0/avrxmega3\libgcc.a(_exit.o)
 .text.libgcc.fixed
                0x00000000        0x0 c:/program files (x86)/atmel/studio/7.0/toolchain/avr8/avr8-gnu-toolchain/bin/../lib/gcc/avr/5.4.0/avrxmega3\libgcc.a(_exit.o)
 .text          0x00000000        0x0 c:/program files (x86)/atmel/studio/7.0/toolchain/avr8/avr8-gnu-toolchain/bin/../lib/gcc/avr/5.4.0/avrxmega3\libgcc.a(_copy_data.o)
 .data          0x00000000        0x0 c:/program files (x86)/atmel/studio/7.0/toolchain/avr8/avr8-gnu-toolchain/bin/../lib/gcc/avr/5.4.0/avrxmega3\libgcc.a(_copy_data.o)
 .bss           0x00000000        0x0 c:/program files (x86)/atmel/studio/7.0/toolchain/avr8/avr8-gnu-toolchain/bin/../lib/gcc/avr/5.4.0/avrxmega3\libgcc.a(_copy_data.o)
 .text.libgcc.mul
                0x00000000        0x0 c:/program files (x86)/atmel/studio/7.0/toolchain/avr8/avr8-gnu-toolchain/bin/../lib/gcc/avr/5.4.0/avrxmega3\libgcc.a(_copy_data.o)
 .text.libgcc.div
                0x00000000        0x0 c:/program files (x86)/atmel/studio/7.0/toolchain/avr8/avr8-gnu-toolchain/bin/../lib/gcc/avr/5.4.0/avrxmega3\libgcc.a(_copy_data.o)
 .text.libgcc   0x00000000        0x0 c:/program files (x86)/atmel/studio/7.0/toolchain/avr8/avr8-gnu-toolchain/bin/../lib/gcc/avr/5.4.0/avrxmega3\libgcc.a(_copy_data.o)
 .text.libgcc.prologue
                0x00000000        0x0 c:/program files (x86)/atmel/studio/7.0/toolchain/avr8/avr8-gnu-toolchain/bin/../lib/gcc/avr/5.4.0/avrxmega3\libgcc.a(_copy_data.o)
 .text.libgcc.builtins
                0x00000000        0x0 c:/program files (x86)/atmel/studio/7.0/toolchain/avr8/avr8-gnu-toolchain/bin/../lib/gcc/avr/5.4.0/avrxmega3\libgcc.a(_copy_data.o)
 .text.libgcc.fmul
                0x00000000        0x0 c:/program files (x86)/atmel/studio/7.0/toolchain/avr8/avr8-gnu-toolchain/bin/../lib/gcc/avr/5.4.0/avrxmega3\libgcc.a(_copy_data.o)
 .text.libgcc.fixed
                0x00000000        0x0 c:/program files (x86)/atmel/studio/7.0/toolchain/avr8/avr8-gnu-toolchain/bin/../lib/gcc/avr/5.4.0/avrxmega3\libgcc.a(_copy_data.o)
 .text          0x00000000        0x0 c:/program files (x86)/atmel/studio/7.0/toolchain/avr8/avr8-gnu-toolchain/bin/../lib/gcc/avr/5.4.0/avrxmega3\libgcc.a(_clear_bss.o)
 .data          0x00000000        0x0 c:/program files (x86)/atmel/studio/7.0/toolchain/avr8/avr8-gnu-toolchain/bin/../lib/gcc/avr/5.4.0/avrxmega3\libgcc.a(_clear_bss.o)
 .bss           0x00000000        0x0 c:/program files (x86)/atmel/studio/7.0/toolchain/avr8/avr8-gnu-toolchain/bin/../lib/gcc/avr/5.4.0/avrxmega3\libgcc.a(_clear_bss.o)
 .text.libgcc.mul
                0x00000000        0x0 c:/program files (x86)/atmel/studio/7.0/toolchain/avr8/avr8-gnu-toolchain/bin/../lib/gcc/avr/5.4.0/avrxmega3\libgcc.a(_clear_bss.o)
 .text.libgcc.div
                0x00000000        0x0 c:/program files (x86)/atmel/studio/7.0/toolchain/avr8/avr8-gnu-toolchain/bin/../lib/gcc/avr/5.4.0/avrxmega3\libgcc.a(_clear_bss.o)
 .text.libgcc   0x00000000        0x0 c:/program files (x86)/atmel/studio/7.0/toolchain/avr8/avr8-gnu-toolchain/bin/../lib/gcc/avr/5.4.0/avrxmega3\libgcc.a(_clear_bss.o)
 .text.libgcc.prologue
                0x00000000        0x0 c:/program files (x86)/atmel/studio/7.0/toolchain/avr8/avr8-gnu-toolchain/bin/../lib/gcc/avr/5.4.0/avrxmega3\libgcc.a(_clear_bss.o)
 .text.libgcc.builtins
                0x00000000        0x0 c:/program files (x86)/atmel/studio/7.0/toolchain/avr8/avr8-gnu-toolchain/bin/../lib/gcc/avr/5.4.0/avrxmega3\libgcc.a(_clear_bss.o)
 .text.libgcc.fmul
                0x00000000        0x0 c:/program files (x86)/atmel/studio/7.0/toolchain/avr8/avr8-gnu-toolchain/bin/../lib/gcc/avr/5.4.0/avrxmega3\libgcc.a(_clear_bss.o)
 .text.libgcc.fixed
                0x00000000        0x0 c:/program files (x86)/atmel/studio/7.0/toolchain/avr8/avr8-gnu-toolchain/bin/../lib/gcc/avr/5.4.0/avrxmega3\libgcc.a(_clear_bss.o)

Memory Configuration

Name             Origin             Length             Attributes
text             0x00000000         0x00100000         xr
data             0x00802000         0x0000ffa0         rw !x
eeprom           0x00810000         0x00010000         rw !x
fuse             0x00820000         0x00000009         rw !x
lock             0x00830000         0x00000400         rw !x
signature        0x00840000         0x00000400         rw !x
user_signatures  0x00850000         0x00000400         rw !x
*default*        0x00000000         0xffffffff

Linker script and memory map

Address of section .data set to 0x803800
                0x00008000                __RODATA_PM_OFFSET__ = 0x8000
LOAD C:/Program Files (x86)/Atmel/Studio/7.0/Packs/atmel/ATtiny_DFP/1.3.229/gcc/dev/attiny1617/avrxmega3/crtattiny1617.o
LOAD Lib/friends.o
LOAD Lib/I2C.o
LOAD Lib/lanyard.o
LOAD Lib/main_def.o
LOAD Lib/maze.o
LOAD Lib/resources.o
LOAD Lib/simon.o
LOAD Lib/text_adv.o
LOAD main.o
START GROUP
LOAD c:/program files (x86)/atmel/studio/7.0/toolchain/avr8/avr8-gnu-toolchain/bin/../lib/gcc/avr/5.4.0/../../../../avr/lib/avrxmega3\libm.a
END GROUP
START GROUP
LOAD c:/program files (x86)/atmel/studio/7.0/toolchain/avr8/avr8-gnu-toolchain/bin/../lib/gcc/avr/5.4.0/avrxmega3\libgcc.a
LOAD c:/program files (x86)/atmel/studio/7.0/toolchain/avr8/avr8-gnu-toolchain/bin/../lib/gcc/avr/5.4.0/../../../../avr/lib/avrxmega3\libm.a
LOAD c:/program files (x86)/atmel/studio/7.0/toolchain/avr8/avr8-gnu-toolchain/bin/../lib/gcc/avr/5.4.0/../../../../avr/lib/avrxmega3\libc.a
LOAD C:/Program Files (x86)/Atmel/Studio/7.0/Packs/atmel/ATtiny_DFP/1.3.229/gcc/dev/attiny1617/avrxmega3\libattiny1617.a
END GROUP
                0x00000000                __TEXT_REGION_ORIGIN__ = DEFINED (__TEXT_REGION_ORIGIN__)?__TEXT_REGION_ORIGIN__:0x0
                0x00802000                __DATA_REGION_ORIGIN__ = DEFINED (__DATA_REGION_ORIGIN__)?__DATA_REGION_ORIGIN__:0x802000
                0x00100000                __TEXT_REGION_LENGTH__ = DEFINED (__TEXT_REGION_LENGTH__)?__TEXT_REGION_LENGTH__:0x100000
                0x0000ffa0                __DATA_REGION_LENGTH__ = DEFINED (__DATA_REGION_LENGTH__)?__DATA_REGION_LENGTH__:0xffa0
                0x00010000                __EEPROM_REGION_LENGTH__ = DEFINED (__EEPROM_REGION_LENGTH__)?__EEPROM_REGION_LENGTH__:0x10000
                [0x00000009]                __FUSE_REGION_LENGTH__ = DEFINED (__FUSE_REGION_LENGTH__)?__FUSE_REGION_LENGTH__:0x400
                0x00000400                __LOCK_REGION_LENGTH__ = DEFINED (__LOCK_REGION_LENGTH__)?__LOCK_REGION_LENGTH__:0x400
                0x00000400                __SIGNATURE_REGION_LENGTH__ = DEFINED (__SIGNATURE_REGION_LENGTH__)?__SIGNATURE_REGION_LENGTH__:0x400
                0x00000400                __USER_SIGNATURE_REGION_LENGTH__ = DEFINED (__USER_SIGNATURE_REGION_LENGTH__)?__USER_SIGNATURE_REGION_LENGTH__:0x400
                0x00008000                __RODATA_PM_OFFSET__ = DEFINED (__RODATA_PM_OFFSET__)?__RODATA_PM_OFFSET__:0x8000

.hash
 *(.hash)

.dynsym
 *(.dynsym)

.dynstr
 *(.dynstr)

.gnu.version
 *(.gnu.version)

.gnu.version_d
 *(.gnu.version_d)

.gnu.version_r
 *(.gnu.version_r)

.rel.init
 *(.rel.init)

.rela.init
 *(.rela.init)

.rel.text
 *(.rel.text)
 *(.rel.text.*)
 *(.rel.gnu.linkonce.t*)

.rela.text
 *(.rela.text)
 *(.rela.text.*)
 *(.rela.gnu.linkonce.t*)

.rel.fini
 *(.rel.fini)

.rela.fini
 *(.rela.fini)

.rel.rodata
 *(.rel.rodata)
 *(.rel.rodata.*)
 *(.rel.gnu.linkonce.r*)

.rela.rodata
 *(.rela.rodata)
 *(.rela.rodata.*)
 *(.rela.gnu.linkonce.r*)

.rel.data
 *(.rel.data)
 *(.rel.data.*)
 *(.rel.gnu.linkonce.d*)

.rela.data
 *(.rela.data)
 *(.rela.data.*)
 *(.rela.gnu.linkonce.d*)

.rel.ctors
 *(.rel.ctors)

.rela.ctors
 *(.rela.ctors)

.rel.dtors
 *(.rel.dtors)

.rela.dtors
 *(.rela.dtors)

.rel.got
 *(.rel.got)

.rela.got
 *(.rela.got)

.rel.bss
 *(.rel.bss)

.rela.bss
 *(.rela.bss)

.rel.plt
 *(.rel.plt)

.rela.plt
 *(.rela.plt)

.text           0x00000000     0x3d90
 *(.vectors)
 .vectors       0x00000000       0x7c C:/Program Files (x86)/Atmel/Studio/7.0/Packs/atmel/ATtiny_DFP/1.3.229/gcc/dev/attiny1617/avrxmega3/crtattiny1617.o
                0x00000000                __vector_default
                0x00000000                __vectors
 *(.vectors)
 *(.progmem.gcc*)
                0x0000007c                . = ALIGN (0x2)
                0x0000007c                __trampolines_start = .
 *(.trampolines)
 .trampolines   0x0000007c        0x0 linker stubs
 *(.trampolines*)
                0x0000007c                __trampolines_end = .
 *libprintf_flt.a:*(.progmem.data)
 *libc.a:*(.progmem.data)
 *(.progmem*)
                0x0000007c                . = ALIGN (0x2)
 *(.jumptables)
 *(.jumptables*)
 *(.lowtext)
 *(.lowtext*)
                0x0000007c                __ctors_start = .
 *(.ctors)
                0x0000007c                __ctors_end = .
                0x0000007c                __dtors_start = .
 *(.dtors)
                0x0000007c                __dtors_end = .
 SORT(*)(.ctors)
 SORT(*)(.dtors)
 *(.init0)
 .init0         0x0000007c        0x0 C:/Program Files (x86)/Atmel/Studio/7.0/Packs/atmel/ATtiny_DFP/1.3.229/gcc/dev/attiny1617/avrxmega3/crtattiny1617.o
                0x0000007c                __init
 *(.init0)
 *(.init1)
 *(.init1)
 *(.init2)
 .init2         0x0000007c        0xc C:/Program Files (x86)/Atmel/Studio/7.0/Packs/atmel/ATtiny_DFP/1.3.229/gcc/dev/attiny1617/avrxmega3/crtattiny1617.o
 *(.init2)
 *(.init3)
 *(.init3)
 *(.init4)
 .init4         0x00000088       0x16 c:/program files (x86)/atmel/studio/7.0/toolchain/avr8/avr8-gnu-toolchain/bin/../lib/gcc/avr/5.4.0/avrxmega3\libgcc.a(_copy_data.o)
                0x00000088                __do_copy_data
 .init4         0x0000009e       0x10 c:/program files (x86)/atmel/studio/7.0/toolchain/avr8/avr8-gnu-toolchain/bin/../lib/gcc/avr/5.4.0/avrxmega3\libgcc.a(_clear_bss.o)
                0x0000009e                __do_clear_bss
 *(.init4)
 *(.init5)
 *(.init5)
 *(.init6)
 *(.init6)
 *(.init7)
 *(.init7)
 *(.init8)
 *(.init8)
 *(.init9)
 .init9         0x000000ae        0x8 C:/Program Files (x86)/Atmel/Studio/7.0/Packs/atmel/ATtiny_DFP/1.3.229/gcc/dev/attiny1617/avrxmega3/crtattiny1617.o
 *(.init9)
 *(.text)
 .text          0x000000b6        0x2 C:/Program Files (x86)/Atmel/Studio/7.0/Packs/atmel/ATtiny_DFP/1.3.229/gcc/dev/attiny1617/avrxmega3/crtattiny1617.o
                0x000000b6                __vector_1
                0x000000b6                __vector_24
                0x000000b6                __vector_12
                0x000000b6                __bad_interrupt
                0x000000b6                __vector_3
                0x000000b6                __vector_23
                0x000000b6                __vector_30
                0x000000b6                __vector_25
                0x000000b6                __vector_11
                0x000000b6                __vector_17
                0x000000b6                __vector_19
                0x000000b6                __vector_5
                0x000000b6                __vector_4
                0x000000b6                __vector_9
                0x000000b6                __vector_2
                0x000000b6                __vector_21
                0x000000b6                __vector_15
                0x000000b6                __vector_29
                0x000000b6                __vector_26
                0x000000b6                __vector_10
                0x000000b6                __vector_16
                0x000000b6                __vector_18
                0x000000b8                . = ALIGN (0x2)
 *(.text.*)
 .text.chkVolt250
                0x000000b8       0x3c Lib/friends.o
                0x000000b8                chkVolt250
 .text.MakeFriends
                0x000000f4      0x280 Lib/friends.o
                0x000000f4                MakeFriends
 .text.I2C_init
                0x00000374       0x3c Lib/I2C.o
                0x00000374                I2C_init
 .text.I2C_recover
                0x000003b0       0x7c Lib/I2C.o
                0x000003b0                I2C_recover
 .text.I2C_start
                0x0000042c       0x22 Lib/I2C.o
                0x0000042c                I2C_start
 .text.I2C_wait_ACK
                0x0000044e       0x4e Lib/I2C.o
                0x0000044e                I2C_wait_ACK
 .text.I2C_read
                0x0000049c       0x82 Lib/I2C.o
                0x0000049c                I2C_read
 .text.I2C_write
                0x0000051e       0x46 Lib/I2C.o
                0x0000051e                I2C_write
 .text.I2C_stop
                0x00000564        0xc Lib/I2C.o
                0x00000564                I2C_stop
 .text.I2C_read_bytes
                0x00000570       0x8a Lib/I2C.o
                0x00000570                I2C_read_bytes
 .text.initLanyard
                0x000005fa       0x68 Lib/lanyard.o
                0x000005fa                initLanyard
 .text.LanyardCode
                0x00000662      0x1aa Lib/lanyard.o
                0x00000662                LanyardCode
 .text.initMaze
                0x0000080c       0x66 Lib/maze.o
                0x0000080c                initMaze
 .text.showFieldStrength
                0x00000872       0x6e Lib/maze.o
                0x00000872                showFieldStrength
 .text.MagnetMaze
                0x000008e0      0x218 Lib/maze.o
                0x000008e0                MagnetMaze
 .text.Setup    0x00000af8      0x1fe Lib/resources.o
                0x00000af8                Setup
 .text.__vector_8
                0x00000cf6       0xa2 Lib/resources.o
                0x00000cf6                __vector_8
 .text.__vector_13
                0x00000d98       0x66 Lib/resources.o
                0x00000d98                __vector_13
 .text.__vector_14
                0x00000dfe       0xa6 Lib/resources.o
                0x00000dfe                __vector_14
 .text.__vector_27
                0x00000ea4       0xb6 Lib/resources.o
                0x00000ea4                __vector_27
 .text.__vector_28
                0x00000f5a       0x38 Lib/resources.o
                0x00000f5a                __vector_28
 .text.__vector_20
                0x00000f92       0x6e Lib/resources.o
                0x00000f92                __vector_20
 .text.__vector_22
                0x00001000       0x90 Lib/resources.o
                0x00001000                __vector_22
 .text.__vector_6
                0x00001090       0x94 Lib/resources.o
                0x00001090                __vector_6
 .text.__vector_7
                0x00001124       0x22 Lib/resources.o
                0x00001124                __vector_7
 .text.EERead   0x00001146       0x20 Lib/resources.o
                0x00001146                EERead
 .text.EEWrite  0x00001166       0x50 Lib/resources.o
                0x00001166                EEWrite
 .text.SerSend  0x000011b6       0x22 Lib/resources.o
                0x000011b6                SerSend
 .text.SerSpeed
                0x000011d8       0x22 Lib/resources.o
                0x000011d8                SerSpeed
 .text.SelectTSens
                0x000011fa       0x1e Lib/resources.o
                0x000011fa                SelectTSens
 .text.SelectAuIn
                0x00001218       0x1e Lib/resources.o
                0x00001218                SelectAuIn
 .text.CheckButtons
                0x00001236       0xb8 Lib/resources.o
                0x00001236                CheckButtons
 .text.lfsr     0x000012ee       0x3e Lib/resources.o
                0x000012ee                lfsr
 .text.floatSpeed
                0x0000132c       0x64 Lib/resources.o
                0x0000132c                floatSpeed
 .text.floatAround
                0x00001390       0x64 Lib/resources.o
                0x00001390                floatAround
 .text.SaveGameState
                0x000013f4       0xe6 Lib/resources.o
                0x000013f4                SaveGameState
 .text.ReadStatusBit
                0x000014da       0x28 Lib/resources.o
                0x000014da                ReadStatusBit
 .text.WriteStatusBit
                0x00001502       0x34 Lib/resources.o
                0x00001502                WriteStatusBit
 .text.UpdateState
                0x00001536       0x14 Lib/resources.o
                0x00001536                UpdateState
 .text.CheckState
                0x0000154a       0x20 Lib/resources.o
                0x0000154a                CheckState
 .text.getID    0x0000156a       0x1c Lib/resources.o
                0x0000156a                getID
 .text.Reset    0x00001586       0x52 Lib/resources.o
                0x00001586                Reset
 .text.LoadGameState
                0x000015d8       0x5a Lib/resources.o
                0x000015d8                LoadGameState
 .text.HotSummer
                0x00001632       0xca Lib/resources.o
                0x00001632                HotSummer
 .text.WingBar  0x000016fc       0x44 Lib/resources.o
                0x000016fc                WingBar
 .text.GenerateBlinks
                0x00001740       0xde Lib/resources.o
                0x00001740                GenerateBlinks
 .text.GenerateAudio
                0x0000181e      0x28a Lib/resources.o
                0x0000181e                GenerateAudio
 .text.getClock
                0x00001aa8       0x1e Lib/resources.o
                0x00001aa8                getClock
 .text.idleTimeout
                0x00001ac6       0x30 Lib/resources.o
                0x00001ac6                idleTimeout
 .text.simonLed
                0x00001af6       0xc0 Lib/simon.o
                0x00001af6                simonLed
 .text.BastetDictates
                0x00001bb6      0x184 Lib/simon.o
                0x00001bb6                BastetDictates
 .text.Cheat    0x00001d3a       0x78 Lib/text_adv.o
                0x00001d3a                Cheat
 .text.DecryptData
                0x00001db2       0x34 Lib/text_adv.o
                0x00001db2                DecryptData
 .text.UnflipData
                0x00001de6       0x1a Lib/text_adv.o
                0x00001de6                UnflipData
 .text.ExtEERead
                0x00001e00       0x66 Lib/text_adv.o
                0x00001e00                ExtEERead
 .text.ClearTxAfter
                0x00001e66       0x14 Lib/text_adv.o
                0x00001e66                ClearTxAfter
 .text.StartsWith
                0x00001e7a       0x34 Lib/text_adv.o
                0x00001e7a                StartsWith
 .text.PrepareSending
                0x00001eae       0x70 Lib/text_adv.o
                0x00001eae                PrepareSending
 .text.SetStandardResponse
                0x00001f1e       0xf8 Lib/text_adv.o
                0x00001f1e                SetStandardResponse
 .text.PopulateObject
                0x00002016       0xee Lib/text_adv.o
                0x00002016                PopulateObject
 .text.CheckLetter
                0x00002104       0xa8 Lib/text_adv.o
                0x00002104                CheckLetter
 .text.FindChild
                0x000021ac       0xb4 Lib/text_adv.o
                0x000021ac                FindChild
 .text.InpOkChk
                0x00002260       0x1c Lib/text_adv.o
                0x00002260                InpOkChk
 .text.CleanInput
                0x0000227c       0x46 Lib/text_adv.o
                0x0000227c                CleanInput
 .text.CheckSend
                0x000022c2       0xdc Lib/text_adv.o
                0x000022c2                CheckSend
 .text.CheckResponse
                0x0000239e       0x8e Lib/text_adv.o
                0x0000239e                CheckResponse
 .text.CheckInput
                0x0000242c      0x546 Lib/text_adv.o
                0x0000242c                CheckInput
 .text.ProcessInput
                0x00002972     0x117a Lib/text_adv.o
                0x00002972                ProcessInput
 .text.TextAdventure
                0x00003aec       0x92 Lib/text_adv.o
                0x00003aec                TextAdventure
 .text.startup.main
                0x00003b7e      0x164 main.o
                0x00003b7e                main
 .text.libgcc.div
                0x00003ce2       0x18 c:/program files (x86)/atmel/studio/7.0/toolchain/avr8/avr8-gnu-toolchain/bin/../lib/gcc/avr/5.4.0/avrxmega3\libgcc.a(_udivmodqi4.o)
                0x00003ce2                __udivmodqi4
 .text.libgcc.div
                0x00003cfa       0x28 c:/program files (x86)/atmel/studio/7.0/toolchain/avr8/avr8-gnu-toolchain/bin/../lib/gcc/avr/5.4.0/avrxmega3\libgcc.a(_udivmodhi4.o)
                0x00003cfa                __udivmodhi4
 .text.libgcc.div
                0x00003d22       0x26 c:/program files (x86)/atmel/studio/7.0/toolchain/avr8/avr8-gnu-toolchain/bin/../lib/gcc/avr/5.4.0/avrxmega3\libgcc.a(_divmodhi4.o)
                0x00003d22                _div
                0x00003d22                __divmodhi4
 .text.libgcc.div
                0x00003d48       0x44 c:/program files (x86)/atmel/studio/7.0/toolchain/avr8/avr8-gnu-toolchain/bin/../lib/gcc/avr/5.4.0/avrxmega3\libgcc.a(_udivmodsi4.o)
                0x00003d48                __udivmodsi4
                0x00003d8c                . = ALIGN (0x2)
 *(.fini9)
 .fini9         0x00003d8c        0x0 c:/program files (x86)/atmel/studio/7.0/toolchain/avr8/avr8-gnu-toolchain/bin/../lib/gcc/avr/5.4.0/avrxmega3\libgcc.a(_exit.o)
                0x00003d8c                _exit
                0x00003d8c                exit
 *(.fini9)
 *(.fini8)
 *(.fini8)
 *(.fini7)
 *(.fini7)
 *(.fini6)
 *(.fini6)
 *(.fini5)
 *(.fini5)
 *(.fini4)
 *(.fini4)
 *(.fini3)
 *(.fini3)
 *(.fini2)
 *(.fini2)
 *(.fini1)
 *(.fini1)
 *(.fini0)
 .fini0         0x00003d8c        0x4 c:/program files (x86)/atmel/studio/7.0/toolchain/avr8/avr8-gnu-toolchain/bin/../lib/gcc/avr/5.4.0/avrxmega3\libgcc.a(_exit.o)
 *(.fini0)
                0x00003d90                _etext = .

.rodata         0x0000bd90      0x102 load address 0x00003d90
 *(.rodata)
 .rodata        0x0000bd90       0x10 Lib/text_adv.o
 *(.rodata*)
 .rodata.lanyardCode
                0x0000bda0       0x18 Lib/lanyard.o
                0x0000bda0                lanyardCode
 .rodata.CAT    0x0000bdb8        0x1 Lib/main_def.o
                0x0000bdb8                CAT
 .rodata.BADGER
                0x0000bdb9        0x1 Lib/main_def.o
                0x0000bdb9                BADGER
 .rodata.SCARAB
                0x0000bdba        0x2 Lib/main_def.o
                0x0000bdba                SCARAB
 .rodata.WING   0x0000bdbc        0xa Lib/main_def.o
                0x0000bdbc                WING
 .rodata.EYE    0x0000bdc6        0x4 Lib/main_def.o
                0x0000bdc6                EYE
 .rodata.HCKR   0x0000bdca        0xc Lib/main_def.o
                0x0000bdca                HCKR
 .rodata.QSINE  0x0000bdd6       0x20 Lib/main_def.o
                0x0000bdd6                QSINE
 .rodata.mazeCode
                0x0000bdf6       0x12 Lib/maze.o
                0x0000bdf6                mazeCode
 .rodata.CSWTCH.30
                0x0000be08        0x8 Lib/simon.o
 .rodata.str1.1
                0x0000be10       0x72 Lib/text_adv.o
 .rodata.xor_key
                0x0000be82       0x10 Lib/text_adv.o
                0x0000be82                xor_key
 *(.gnu.linkonce.r*)

.data           0x00803800       0x2e load address 0x00003e92
                0x00803800                PROVIDE (__data_start, .)
 *(.data)
 *(.data*)
 .data.setDAC.3781
                0x00803800        0x2 Lib/friends.o
 .data.digit    0x00803802        0x1 Lib/lanyard.o
                0x00803802                digit
 .data.lastButtonState
                0x00803803        0x1 Lib/lanyard.o
                0x00803803                lastButtonState
 .data.lanyardState
                0x00803804        0x1 Lib/lanyard.o
                0x00803804                lanyardState
 .data.auRepAddr
                0x00803805        0x2 Lib/main_def.o
                0x00803805                auRepAddr
 .data.auSmpAddr
                0x00803807        0x2 Lib/main_def.o
                0x00803807                auSmpAddr
 .data.buttonState
                0x00803809        0x1 Lib/main_def.o
                0x00803809                buttonState
 .data.serTxDone
                0x0080380a        0x1 Lib/main_def.o
                0x0080380a                serTxDone
 .data.dimValue
                0x0080380b        0x1 Lib/main_def.o
                0x0080380b                dimValue
 .data.mazeState
                0x0080380c        0x1 Lib/maze.o
                0x0080380c                mazeState
 .data.auBuffer.3974
                0x0080380d        0x3 Lib/resources.o
 .data.auBuffer.3965
                0x00803810       0x11 Lib/resources.o
 .data.state.3889
                0x00803821        0x2 Lib/resources.o
 .data.mask     0x00803823        0x8 Lib/resources.o
                0x00803823                mask
 .data.simonPos
                0x0080382b        0x1 Lib/simon.o
                0x0080382b                simonPos
 .data.currDepth
                0x0080382c        0x1 Lib/text_adv.o
 *(.gnu.linkonce.d*)
                0x0080382e                . = ALIGN (0x2)
 *fill*         0x0080382d        0x1 
                0x0080382e                _edata = .
                0x0080382e                PROVIDE (__data_end, .)

.bss            0x0080382e      0x2ec
                0x0080382e                PROVIDE (__bss_start, .)
 *(.bss)
 *(.bss*)
 .bss.candidate.3784
                0x0080382e        0x1 Lib/friends.o
 .bss.jackIn.3783
                0x0080382f        0x1 Lib/friends.o
 .bss.chkTmr.3782
                0x00803830        0x1 Lib/friends.o
 .bss.progress.3780
                0x00803831        0x1 Lib/friends.o
 .bss.avgVolt.3773
                0x00803832        0x1 Lib/friends.o
 .bss.lanyardLastActive
                0x00803833        0x2 Lib/lanyard.o
                0x00803833                lanyardLastActive
 .bss.lanyardCnt
                0x00803835        0x1 Lib/lanyard.o
                0x00803835                lanyardCnt
 .bss.lanyardPos
                0x00803836        0x1 Lib/lanyard.o
                0x00803836                lanyardPos
 .bss.adc0Chg   0x00803837        0x1 Lib/main_def.o
                0x00803837                adc0Chg
 .bss.zero      0x00803838        0x1 Lib/main_def.o
                0x00803838                zero
 .bss.auStart   0x00803839        0x1 Lib/main_def.o
                0x00803839                auStart
 .bss.effect    0x0080383a        0x2 Lib/main_def.o
                0x0080383a                effect
 .bss.gameNow   0x0080383c        0x1 Lib/main_def.o
                0x0080383c                gameNow
 .bss.whoami    0x0080383d        0x1 Lib/main_def.o
                0x0080383d                whoami
 .bss.inventory
                0x0080383e        0x4 Lib/main_def.o
                0x0080383e                inventory
 .bss.buttonMark
                0x00803842        0x1 Lib/main_def.o
                0x00803842                buttonMark
 .bss.minuteMark
                0x00803843        0x1 Lib/main_def.o
                0x00803843                minuteMark
 .bss.serRxDone
                0x00803844        0x1 Lib/main_def.o
                0x00803844                serRxDone
 .bss.mazeLastActive
                0x00803845        0x2 Lib/maze.o
                0x00803845                mazeLastActive
 .bss.inverted  0x00803847        0x1 Lib/maze.o
                0x00803847                inverted
 .bss.mazeCnt   0x00803848        0x1 Lib/maze.o
                0x00803848                mazeCnt
 .bss.mazePos   0x00803849        0x1 Lib/maze.o
                0x00803849                mazePos
 .bss.newHallState
                0x0080384a        0x1 Lib/maze.o
                0x0080384a                newHallState
 .bss.curHallState
                0x0080384b        0x1 Lib/maze.o
                0x0080384b                curHallState
 .bss.duration.3975
                0x0080384c        0x1 Lib/resources.o
 .bss.start.3976
                0x0080384d        0x1 Lib/resources.o
 .bss.auBuffer.3969
                0x0080384e        0x7 Lib/resources.o
 .bss.loudness.3966
                0x00803855        0x1 Lib/resources.o
 .bss.duration.3967
                0x00803856        0x1 Lib/resources.o
 .bss.start.3968
                0x00803857        0x1 Lib/resources.o
 .bss.cooledDown.3948
                0x00803858        0x1 Lib/resources.o
 .bss.heart     0x00803859        0x1 Lib/resources.o
                0x00803859                heart
 .bss.simonProcessed
                0x0080385a        0x1 Lib/simon.o
                0x0080385a                simonProcessed
 .bss.simonTimer
                0x0080385b        0x1 Lib/simon.o
                0x0080385b                simonTimer
 .bss.simonGameState
                0x0080385c        0x1 Lib/simon.o
                0x0080385c                simonGameState
 .bss.simonInputPos
                0x0080385d        0x1 Lib/simon.o
                0x0080385d                simonInputPos
 .bss.simonState
                0x0080385e       0x10 Lib/simon.o
                0x0080385e                simonState
 .bss.serInput.4029
                0x0080386e       0x41 Lib/text_adv.o
 .bss.actObj2.4000
                0x008038af       0x2b Lib/text_adv.o
 .bss.actObj1.3999
                0x008038da       0x2b Lib/text_adv.o
 .bss.number.3951
                0x00803905        0x1 Lib/text_adv.o
 .bss.txPart.3947
                0x00803906        0x1 Lib/text_adv.o
 .bss.PunishmentTime
                0x00803907        0x2 Lib/text_adv.o
 .bss.specialPassed
                0x00803909        0x1 Lib/text_adv.o
 .bss.specialInput
                0x0080390a       0x10 Lib/text_adv.o
 .bss.responseList
                0x0080391a        0x1 Lib/text_adv.o
 .bss.reactStr  0x0080391b       0xc0 Lib/text_adv.o
 .bss.route     0x008039db       0x40 Lib/text_adv.o
 .bss.currObj   0x00803a1b       0x2b Lib/text_adv.o
 .bss.txTypeNow
                0x00803a46        0x1 Lib/text_adv.o
                0x00803a46                txTypeNow
 .bss.txAddrNow
                0x00803a47        0x1 Lib/text_adv.o
                0x00803a47                txAddrNow
 .bss.txStrLen  0x00803a48        0x8 Lib/text_adv.o
                0x00803a48                txStrLen
 .bss.txAddrList
                0x00803a50       0x10 Lib/text_adv.o
                0x00803a50                txAddrList
 *(COMMON)
 COMMON         0x00803a60       0x97 Lib/main_def.o
                0x00803a60                timeout_I2C
                0x00803a61                gameState
                0x00803a75                serRx
                0x00803ab6                auVolume
                0x00803ab7                adcBtns
                0x00803ab9                serTxAddr
                0x00803abb                adcHall
                0x00803abd                adcPhot
                0x00803abf                detHdPh
                0x00803ac0                calTemp
                0x00803ac2                auIn
                0x00803aca                iLED
                0x00803af2                auPlayDone
                0x00803af3                calHall
                0x00803af5                adcTemp
 COMMON         0x00803af7        0x2 Lib/resources.o
                0x00803af7                tmp16bit
 COMMON         0x00803af9       0x21 Lib/text_adv.o
                0x00803af9                txBuffer
                0x00803b1a                PROVIDE (__bss_end, .)
                0x00003e92                __data_load_start = LOADADDR (.data)
                0x00003ec0                __data_load_end = (__data_load_start + SIZEOF (.data))

.noinit         0x00803b1a        0x0
                [!provide]                PROVIDE (__noinit_start, .)
 *(.noinit*)
                [!provide]                PROVIDE (__noinit_end, .)
                0x00803b1a                _end = .
                [!provide]                PROVIDE (__heap_start, .)

.eeprom         0x00810000        0x0
 *(.eeprom*)
                0x00810000                __eeprom_end = .

.fuse
 *(.fuse)
 *(.lfuse)
 *(.hfuse)
 *(.efuse)

.lock
 *(.lock*)

.signature
 *(.signature*)

.user_signatures
 *(.user_signatures*)

.stab
 *(.stab)

.stabstr
 *(.stabstr)

.stab.excl
 *(.stab.excl)

.stab.exclstr
 *(.stab.exclstr)

.stab.index
 *(.stab.index)

.stab.indexstr
 *(.stab.indexstr)

.comment        0x00000000       0x30
 *(.comment)
 .comment       0x00000000       0x30 Lib/friends.o
                                 0x31 (size before relaxing)
 .comment       0x00000030       0x31 Lib/I2C.o
 .comment       0x00000030       0x31 Lib/lanyard.o
 .comment       0x00000030       0x31 Lib/main_def.o
 .comment       0x00000030       0x31 Lib/maze.o
 .comment       0x00000030       0x31 Lib/resources.o
 .comment       0x00000030       0x31 Lib/simon.o
 .comment       0x00000030       0x31 Lib/text_adv.o
 .comment       0x00000030       0x31 main.o

.note.gnu.avr.deviceinfo
                0x00000000       0x40
 .note.gnu.avr.deviceinfo
                0x00000000       0x40 C:/Program Files (x86)/Atmel/Studio/7.0/Packs/atmel/ATtiny_DFP/1.3.229/gcc/dev/attiny1617/avrxmega3/crtattiny1617.o

.note.gnu.build-id
 *(.note.gnu.build-id)

.debug
 *(.debug)

.line
 *(.line)

.debug_srcinfo
 *(.debug_srcinfo)

.debug_sfnames
 *(.debug_sfnames)

.debug_aranges  0x00000000      0x328
 *(.debug_aranges)
 .debug_aranges
                0x00000000       0x28 Lib/friends.o
 .debug_aranges
                0x00000028       0x68 Lib/I2C.o
 .debug_aranges
                0x00000090       0x28 Lib/lanyard.o
 .debug_aranges
                0x000000b8       0x18 Lib/main_def.o
 .debug_aranges
                0x000000d0       0x30 Lib/maze.o
 .debug_aranges
                0x00000100      0x128 Lib/resources.o
 .debug_aranges
                0x00000228       0x30 Lib/simon.o
 .debug_aranges
                0x00000258       0xb0 Lib/text_adv.o
 .debug_aranges
                0x00000308       0x20 main.o

.debug_pubnames
 *(.debug_pubnames)

.debug_info     0x00000000     0x6cfd
 *(.debug_info .gnu.linkonce.wi.*)
 .debug_info    0x00000000     0x19ed C:/Program Files (x86)/Atmel/Studio/7.0/Packs/atmel/ATtiny_DFP/1.3.229/gcc/dev/attiny1617/avrxmega3/crtattiny1617.o
 .debug_info    0x000019ed      0x32e Lib/friends.o
 .debug_info    0x00001d1b      0x6d5 Lib/I2C.o
 .debug_info    0x000023f0      0x2d0 Lib/lanyard.o
 .debug_info    0x000026c0      0x432 Lib/main_def.o
 .debug_info    0x00002af2      0x3c6 Lib/maze.o
 .debug_info    0x00002eb8     0x1018 Lib/resources.o
 .debug_info    0x00003ed0      0x3bb Lib/simon.o
 .debug_info    0x0000428b     0x26b9 Lib/text_adv.o
 .debug_info    0x00006944      0x3b9 main.o

.debug_abbrev   0x00000000     0x291e
 *(.debug_abbrev)
 .debug_abbrev  0x00000000     0x1888 C:/Program Files (x86)/Atmel/Studio/7.0/Packs/atmel/ATtiny_DFP/1.3.229/gcc/dev/attiny1617/avrxmega3/crtattiny1617.o
 .debug_abbrev  0x00001888      0x145 Lib/friends.o
 .debug_abbrev  0x000019cd      0x26f Lib/I2C.o
 .debug_abbrev  0x00001c3c      0x124 Lib/lanyard.o
 .debug_abbrev  0x00001d60       0x96 Lib/main_def.o
 .debug_abbrev  0x00001df6      0x1a4 Lib/maze.o
 .debug_abbrev  0x00001f9a      0x398 Lib/resources.o
 .debug_abbrev  0x00002332      0x191 Lib/simon.o
 .debug_abbrev  0x000024c3      0x353 Lib/text_adv.o
 .debug_abbrev  0x00002816      0x108 main.o

.debug_line     0x00000000     0x3b72
 *(.debug_line .debug_line.* .debug_line_end)
 .debug_line    0x00000000      0x151 C:/Program Files (x86)/Atmel/Studio/7.0/Packs/atmel/ATtiny_DFP/1.3.229/gcc/dev/attiny1617/avrxmega3/crtattiny1617.o
 .debug_line    0x00000151      0x3e0 Lib/friends.o
 .debug_line    0x00000531      0x598 Lib/I2C.o
 .debug_line    0x00000ac9      0x2ca Lib/lanyard.o
 .debug_line    0x00000d93      0x106 Lib/main_def.o
 .debug_line    0x00000e99      0x377 Lib/maze.o
 .debug_line    0x00001210      0xe7a Lib/resources.o
 .debug_line    0x0000208a      0x2f8 Lib/simon.o
 .debug_line    0x00002382     0x1575 Lib/text_adv.o
 .debug_line    0x000038f7      0x27b main.o

.debug_frame    0x00000000      0x98c
 *(.debug_frame)
 .debug_frame   0x00000000       0x54 Lib/friends.o
 .debug_frame   0x00000054       0xf8 Lib/I2C.o
 .debug_frame   0x0000014c       0x3c Lib/lanyard.o
 .debug_frame   0x00000188       0x50 Lib/maze.o
 .debug_frame   0x000001d8      0x41c Lib/resources.o
 .debug_frame   0x000005f4       0x5c Lib/simon.o
 .debug_frame   0x00000650      0x318 Lib/text_adv.o
 .debug_frame   0x00000968       0x24 main.o

.debug_str      0x00000000     0x1a3c
 *(.debug_str)
 .debug_str     0x00000000      0xacf C:/Program Files (x86)/Atmel/Studio/7.0/Packs/atmel/ATtiny_DFP/1.3.229/gcc/dev/attiny1617/avrxmega3/crtattiny1617.o
 .debug_str     0x00000acf      0x22f Lib/friends.o
                                0x263 (size before relaxing)
 .debug_str     0x00000cfe      0x326 Lib/I2C.o
                                0x4d2 (size before relaxing)
 .debug_str     0x00001024       0xdb Lib/lanyard.o
                                0x29d (size before relaxing)
 .debug_str     0x000010ff       0xd8 Lib/main_def.o
                                0x2fe (size before relaxing)
 .debug_str     0x000011d7       0x9c Lib/maze.o
                                0x2c2 (size before relaxing)
 .debug_str     0x00001273      0x396 Lib/resources.o
                                0x6dd (size before relaxing)
 .debug_str     0x00001609       0x91 Lib/simon.o
                                0x2ab (size before relaxing)
 .debug_str     0x0000169a      0x391 Lib/text_adv.o
                                0x64f (size before relaxing)
 .debug_str     0x00001a2b       0x11 main.o
                                0x2d3 (size before relaxing)

.debug_loc      0x00000000     0x4563
 *(.debug_loc)
 .debug_loc     0x00000000      0x157 Lib/friends.o
 .debug_loc     0x00000157      0x4ed Lib/I2C.o
 .debug_loc     0x00000644       0x36 Lib/lanyard.o
 .debug_loc     0x0000067a      0x10f Lib/maze.o
 .debug_loc     0x00000789      0xf69 Lib/resources.o
 .debug_loc     0x000016f2      0x169 Lib/simon.o
 .debug_loc     0x0000185b     0x2cf4 Lib/text_adv.o
 .debug_loc     0x0000454f       0x14 main.o

.debug_macinfo
 *(.debug_macinfo)

.debug_weaknames
 *(.debug_weaknames)

.debug_funcnames
 *(.debug_funcnames)

.debug_typenames
 *(.debug_typenames)

.debug_varnames
 *(.debug_varnames)

.debug_pubtypes
 *(.debug_pubtypes)

.debug_ranges   0x00000000      0x3b0
 *(.debug_ranges)
 .debug_ranges  0x00000000       0x30 Lib/friends.o
 .debug_ranges  0x00000030       0x58 Lib/I2C.o
 .debug_ranges  0x00000088       0x18 Lib/lanyard.o
 .debug_ranges  0x000000a0       0x20 Lib/maze.o
 .debug_ranges  0x000000c0      0x130 Lib/resources.o
 .debug_ranges  0x000001f0       0x20 Lib/simon.o
 .debug_ranges  0x00000210      0x190 Lib/text_adv.o
 .debug_ranges  0x000003a0       0x10 main.o

.debug_macro
 *(.debug_macro)
OUTPUT(ISR_IO.elf elf32-avr)
LOAD linker stubs
