Archive member included to satisfy reference by file (symbol)

c:/program files (x86)/atmel/studio/7.0/toolchain/avr8/avr8-gnu-toolchain/bin/../lib/gcc/avr/5.4.0/avrxmega3\libgcc.a(_udivmodqi4.o)
                              Lib/friends.o (__udivmodqi4)
c:/program files (x86)/atmel/studio/7.0/toolchain/avr8/avr8-gnu-toolchain/bin/../lib/gcc/avr/5.4.0/avrxmega3\libgcc.a(_udivmodhi4.o)
                              Lib/resources.o (__udivmodhi4)
c:/program files (x86)/atmel/studio/7.0/toolchain/avr8/avr8-gnu-toolchain/bin/../lib/gcc/avr/5.4.0/avrxmega3\libgcc.a(_divmodhi4.o)
                              Lib/simon.o (__divmodhi4)
c:/program files (x86)/atmel/studio/7.0/toolchain/avr8/avr8-gnu-toolchain/bin/../lib/gcc/avr/5.4.0/avrxmega3\libgcc.a(_udivmodsi4.o)
                              Lib/text_adv.o (__udivmodsi4)
c:/program files (x86)/atmel/studio/7.0/toolchain/avr8/avr8-gnu-toolchain/bin/../lib/gcc/avr/5.4.0/avrxmega3\libgcc.a(_exit.o)
                              C:/Program Files (x86)/Atmel/Studio/7.0/Packs/atmel/ATtiny_DFP/1.3.229/gcc/dev/attiny1617/avrxmega3/crtattiny1617.o (exit)
c:/program files (x86)/atmel/studio/7.0/toolchain/avr8/avr8-gnu-toolchain/bin/../lib/gcc/avr/5.4.0/avrxmega3\libgcc.a(_copy_data.o)
                              Lib/friends.o (__do_copy_data)
c:/program files (x86)/atmel/studio/7.0/toolchain/avr8/avr8-gnu-toolchain/bin/../lib/gcc/avr/5.4.0/avrxmega3\libgcc.a(_clear_bss.o)
                              Lib/friends.o (__do_clear_bss)

Allocating common symbols
Common symbol       size              file

timeout_I2C         0x1               Lib/main_def.o
gameState           0x14              Lib/main_def.o
serRx               0x41              Lib/main_def.o
auVolume            0x1               Lib/main_def.o
adcBtns             0x2               Lib/main_def.o
serTxAddr           0x2               Lib/main_def.o
adcHall             0x2               Lib/main_def.o
adcPhot             0x2               Lib/main_def.o
txBuffer            0x21              Lib/text_adv.o
detHdPh             0x1               Lib/main_def.o
calTemp             0x2               Lib/main_def.o
auIn                0x8               Lib/main_def.o
iLED                0x28              Lib/main_def.o
auPlayDone          0x1               Lib/main_def.o
tmp16bit            0x2               Lib/resources.o
calHall             0x2               Lib/main_def.o
adcTemp             0x2               Lib/main_def.o

Discarded input sections

 .data          0x00000000        0x0 C:/Program Files (x86)/Atmel/Studio/7.0/Packs/atmel/ATtiny_DFP/1.3.229/gcc/dev/attiny1617/avrxmega3/crtattiny1617.o
 .bss           0x00000000        0x0 C:/Program Files (x86)/Atmel/Studio/7.0/Packs/atmel/ATtiny_DFP/1.3.229/gcc/dev/attiny1617/avrxmega3/crtattiny1617.o
 .text          0x00000000        0x0 Lib/friends.o
 .data          0x00000000        0x0 Lib/friends.o
 .bss           0x00000000        0x0 Lib/friends.o
 COMMON         0x00000000        0x0 Lib/friends.o
 .text          0x00000000        0x0 Lib/I2C.o
 .data          0x00000000        0x0 Lib/I2C.o
 .bss           0x00000000        0x0 Lib/I2C.o
 .text.I2C_rep_start
                0x00000000        0x6 Lib/I2C.o
 .text.I2C_write_bytes
                0x00000000       0x7e Lib/I2C.o
 .text          0x00000000        0x0 Lib/lanyard.o
 .data          0x00000000        0x0 Lib/lanyard.o
 .bss           0x00000000        0x0 Lib/lanyard.o
 .text          0x00000000        0x0 Lib/main_def.o
 .data          0x00000000        0x0 Lib/main_def.o
 .bss           0x00000000        0x0 Lib/main_def.o
 .text          0x00000000        0x0 Lib/maze.o
 .data          0x00000000        0x0 Lib/maze.o
 .bss           0x00000000        0x0 Lib/maze.o
 .text          0x00000000        0x0 Lib/resources.o
 .data          0x00000000        0x0 Lib/resources.o
 .bss           0x00000000        0x0 Lib/resources.o
 .text          0x00000000        0x0 Lib/simon.o
 .data          0x00000000        0x0 Lib/simon.o
 .bss           0x00000000        0x0 Lib/simon.o
 .text.simonTone
                0x00000000        0x2 Lib/simon.o
 .bss.simonScore
                0x00000000        0x2 Lib/simon.o
 .text          0x00000000        0x0 Lib/text_adv.o
 .data          0x00000000        0x0 Lib/text_adv.o
 .bss           0x00000000        0x0 Lib/text_adv.o
 .text.SetResponse
                0x00000000       0x30 Lib/text_adv.o
 .bss.sendPrompt
                0x00000000        0x1 Lib/text_adv.o
 .text          0x00000000        0x0 main.o
 .data          0x00000000        0x0 main.o
 .bss           0x00000000        0x0 main.o
 .text          0x00000000        0x0 c:/program files (x86)/atmel/studio/7.0/toolchain/avr8/avr8-gnu-toolchain/bin/../lib/gcc/avr/5.4.0/avrxmega3\libgcc.a(_udivmodqi4.o)
 .data          0x00000000        0x0 c:/program files (x86)/atmel/studio/7.0/toolchain/avr8/avr8-gnu-toolchain/bin/../lib/gcc/avr/5.4.0/avrxmega3\libgcc.a(_udivmodqi4.o)
 .bss           0x00000000        0x0 c:/program files (x86)/atmel/studio/7.0/toolchain/avr8/avr8-gnu-toolchain/bin/../lib/gcc/avr/5.4.0/avrxmega3\libgcc.a(_udivmodqi4.o)
 .text.libgcc.mul
                0x00000000        0x0 c:/program files (x86)/atmel/studio/7.0/toolchain/avr8/avr8-gnu-toolchain/bin/../lib/gcc/avr/5.4.0/avrxmega3\libgcc.a(_udivmodqi4.o)
 .text.libgcc   0x00000000        0x0 c:/program files (x86)/atmel/studio/7.0/toolchain/avr8/avr8-gnu-toolchain/bin/../lib/gcc/avr/5.4.0/avrxmega3\libgcc.a(_udivmodqi4.o)
 .text.libgcc.prologue
                0x00000000        0x0 c:/program files (x86)/atmel/studio/7.0/toolchain/avr8/avr8-gnu-toolchain/bin/../lib/gcc/avr/5.4.0/avrxmega3\libgcc.a(_udivmodqi4.o)
 .text.libgcc.builtins
                0x00000000        0x0 c:/program files (x86)/atmel/studio/7.0/toolchain/avr8/avr8-gnu-toolchain/bin/../lib/gcc/avr/5.4.0/avrxmega3\libgcc.a(_udivmodqi4.o)
 .text.libgcc.fmul
                0x00000000        0x0 c:/program files (x86)/atmel/studio/7.0/toolchain/avr8/avr8-gnu-toolchain/bin/../lib/gcc/avr/5.4.0/avrxmega3\libgcc.a(_udivmodqi4.o)
 .text.libgcc.fixed
                0x00000000        0x0 c:/program files (x86)/atmel/studio/7.0/toolchain/avr8/avr8-gnu-toolchain/bin/../lib/gcc/avr/5.4.0/avrxmega3\libgcc.a(_udivmodqi4.o)
 .text          0x00000000        0x0 c:/program files (x86)/atmel/studio/7.0/toolchain/avr8/avr8-gnu-toolchain/bin/../lib/gcc/avr/5.4.0/avrxmega3\libgcc.a(_udivmodhi4.o)
 .data          0x00000000        0x0 c:/program files (x86)/atmel/studio/7.0/toolchain/avr8/avr8-gnu-toolchain/bin/../lib/gcc/avr/5.4.0/avrxmega3\libgcc.a(_udivmodhi4.o)
 .bss           0x00000000        0x0 c:/program files (x86)/atmel/studio/7.0/toolchain/avr8/avr8-gnu-toolchain/bin/../lib/gcc/avr/5.4.0/avrxmega3\libgcc.a(_udivmodhi4.o)
 .text.libgcc.mul
                0x00000000        0x0 c:/program files (x86)/atmel/studio/7.0/toolchain/avr8/avr8-gnu-toolchain/bin/../lib/gcc/avr/5.4.0/avrxmega3\libgcc.a(_udivmodhi4.o)
 .text.libgcc   0x00000000        0x0 c:/program files (x86)/atmel/studio/7.0/toolchain/avr8/avr8-gnu-toolchain/bin/../lib/gcc/avr/5.4.0/avrxmega3\libgcc.a(_udivmodhi4.o)
 .text.libgcc.prologue
                0x00000000        0x0 c:/program files (x86)/atmel/studio/7.0/toolchain/avr8/avr8-gnu-toolchain/bin/../lib/gcc/avr/5.4.0/avrxmega3\libgcc.a(_udivmodhi4.o)
 .text.libgcc.builtins
                0x00000000        0x0 c:/program files (x86)/atmel/studio/7.0/toolchain/avr8/avr8-gnu-toolchain/bin/../lib/gcc/avr/5.4.0/avrxmega3\libgcc.a(_udivmodhi4.o)
 .text.libgcc.fmul
                0x00000000        0x0 c:/program files (x86)/atmel/studio/7.0/toolchain/avr8/avr8-gnu-toolchain/bin/../lib/gcc/avr/5.4.0/avrxmega3\libgcc.a(_udivmodhi4.o)
 .text.libgcc.fixed
                0x00000000        0x0 c:/program files (x86)/atmel/studio/7.0/toolchain/avr8/avr8-gnu-toolchain/bin/../lib/gcc/avr/5.4.0/avrxmega3\libgcc.a(_udivmodhi4.o)
 .text          0x00000000        0x0 c:/program files (x86)/atmel/studio/7.0/toolchain/avr8/avr8-gnu-toolchain/bin/../lib/gcc/avr/5.4.0/avrxmega3\libgcc.a(_divmodhi4.o)
 .data          0x00000000        0x0 c:/program files (x86)/atmel/studio/7.0/toolchain/avr8/avr8-gnu-toolchain/bin/../lib/gcc/avr/5.4.0/avrxmega3\libgcc.a(_divmodhi4.o)
 .bss           0x00000000        0x0 c:/program files (x86)/atmel/studio/7.0/toolchain/avr8/avr8-gnu-toolchain/bin/../lib/gcc/avr/5.4.0/avrxmega3\libgcc.a(_divmodhi4.o)
 .text.libgcc.mul
                0x00000000        0x0 c:/program files (x86)/atmel/studio/7.0/toolchain/avr8/avr8-gnu-toolchain/bin/../lib/gcc/avr/5.4.0/avrxmega3\libgcc.a(_divmodhi4.o)
 .text.libgcc   0x00000000        0x0 c:/program files (x86)/atmel/studio/7.0/toolchain/avr8/avr8-gnu-toolchain/bin/../lib/gcc/avr/5.4.0/avrxmega3\libgcc.a(_divmodhi4.o)
 .text.libgcc.prologue
                0x00000000        0x0 c:/program files (x86)/atmel/studio/7.0/toolchain/avr8/avr8-gnu-toolchain/bin/../lib/gcc/avr/5.4.0/avrxmega3\libgcc.a(_divmodhi4.o)
 .text.libgcc.builtins
                0x00000000        0x0 c:/program files (x86)/atmel/studio/7.0/toolchain/avr8/avr8-gnu-toolchain/bin/../lib/gcc/avr/5.4.0/avrxmega3\libgcc.a(_divmodhi4.o)
 .text.libgcc.fmul
                0x00000000        0x0 c:/program files (x86)/atmel/studio/7.0/toolchain/avr8/avr8-gnu-toolchain/bin/../lib/gcc/avr/5.4.0/avrxmega3\libgcc.a(_divmodhi4.o)
 .text.libgcc.fixed
                0x00000000        0x0 c:/program files (x86)/atmel/studio/7.0/toolchain/avr8/avr8-gnu-toolchain/bin/../lib/gcc/avr/5.4.0/avrxmega3\libgcc.a(_divmodhi4.o)
 .text          0x00000000        0x0 c:/program files (x86)/atmel/studio/7.0/toolchain/avr8/avr8-gnu-toolchain/bin/../lib/gcc/avr/5.4.0/avrxmega3\libgcc.a(_udivmodsi4.o)
 .data          0x00000000        0x0 c:/program files (x86)/atmel/studio/7.0/toolchain/avr8/avr8-gnu-toolchain/bin/../lib/gcc/avr/5.4.0/avrxmega3\libgcc.a(_udivmodsi4.o)
 .bss           0x00000000        0x0 c:/program files (x86)/atmel/studio/7.0/toolchain/avr8/avr8-gnu-toolchain/bin/../lib/gcc/avr/5.4.0/avrxmega3\libgcc.a(_udivmodsi4.o)
 .text.libgcc.mul
                0x00000000        0x0 c:/program files (x86)/atmel/studio/7.0/toolchain/avr8/avr8-gnu-toolchain/bin/../lib/gcc/avr/5.4.0/avrxmega3\libgcc.a(_udivmodsi4.o)
 .text.libgcc   0x00000000        0x0 c:/program files (x86)/atmel/studio/7.0/toolchain/avr8/avr8-gnu-toolchain/bin/../lib/gcc/avr/5.4.0/avrxmega3\libgcc.a(_udivmodsi4.o)
 .text.libgcc.prologue
                0x00000000        0x0 c:/program files (x86)/atmel/studio/7.0/toolchain/avr8/avr8-gnu-toolchain/bin/../lib/gcc/avr/5.4.0/avrxmega3\libgcc.a(_udivmodsi4.o)
 .text.libgcc.builtins
                0x00000000        0x0 c:/program files (x86)/atmel/studio/7.0/toolchain/avr8/avr8-gnu-toolchain/bin/../lib/gcc/avr/5.4.0/avrxmega3\libgcc.a(_udivmodsi4.o)
 .text.libgcc.fmul
                0x00000000        0x0 c:/program files (x86)/atmel/studio/7.0/toolchain/avr8/avr8-gnu-toolchain/bin/../lib/gcc/avr/5.4.0/avrxmega3\libgcc.a(_udivmodsi4.o)
 .text.libgcc.fixed
                0x00000000        0x0 c:/program files (x86)/atmel/studio/7.0/toolchain/avr8/avr8-gnu-toolchain/bin/../lib/gcc/avr/5.4.0/avrxmega3\libgcc.a(_udivmodsi4.o)
 .text          0x00000000        0x0 c:/program files (x86)/atmel/studio/7.0/toolchain/avr8/avr8-gnu-toolchain/bin/../lib/gcc/avr/5.4.0/avrxmega3\libgcc.a(_exit.o)
 .data          0x00000000        0x0 c:/program files (x86)/atmel/studio/7.0/toolchain/avr8/avr8-gnu-toolchain/bin/../lib/gcc/avr/5.4.0/avrxmega3\libgcc.a(_exit.o)
 .bss           0x00000000        0x0 c:/program files (x86)/atmel/studio/7.0/toolchain/avr8/avr8-gnu-toolchain/bin/../lib/gcc/avr/5.4.0/avrxmega3\libgcc.a(_exit.o)
 .text.libgcc.mul
                0x00000000        0x0 c:/program files (x86)/atmel/studio/7.0/toolchain/avr8/avr8-gnu-toolchain/bin/../lib/gcc/avr/5.4.0/avrxmega3\libgcc.a(_exit.o)
 .text.libgcc.div
                0x00000000        0x0 c:/program files (x86)/atmel/studio/7.0/toolchain/avr8/avr8-gnu-toolchain/bin/../lib/gcc/avr/5.4.0/avrxmega3\libgcc.a(_exit.o)
 .text.libgcc   0x00000000        0x0 c:/program files (x86)/atmel/studio/7.0/toolchain/avr8/avr8-gnu-toolchain/bin/../lib/gcc/avr/5.4.0/avrxmega3\libgcc.a(_exit.o)
 .text.libgcc.prologue
                0x00000000        0x0 c:/program files (x86)/atmel/studio/7.0/toolchain/avr8/avr8-gnu-toolchain/bin/../lib/gcc/avr/5.4.0/avrxmega3\libgcc.a(_exit.o)
 .text.libgcc.builtins
                0x00000000        0x0 c:/program files (x86)/atmel/studio/7.0/toolchain/avr8/avr8-gnu-toolchain/bin/../lib/gcc/avr/5.4.0/avrxmega3\libgcc.a(_exit.o)
 .text.libgcc.fmul
                0x00000000        0x0 c:/program files (x86)/atmel/studio/7.0/toolchain/avr8/avr8-gnu-toolchain/bin/../lib/gcc/avr/5.4.0/avrxmega3\libgcc.a(_exit.o)
 .text.libgcc.fixed
                0x00000000        0x0 c:/program files (x86)/atmel/studio/7.0/toolchain/avr8/avr8-gnu-toolchain/bin/../lib/gcc/avr/5.4.0/avrxmega3\libgcc.a(_exit.o)
 .text          0x00000000        0x0 c:/program files (x86)/atmel/studio/7.0/toolchain/avr8/avr8-gnu-toolchain/bin/../lib/gcc/avr/5.4.0/avrxmega3\libgcc.a(_copy_data.o)
 .data          0x00000000        0x0 c:/program files (x86)/atmel/studio/7.0/toolchain/avr8/avr8-gnu-toolchain/bin/../lib/gcc/avr/5.4.0/avrxmega3\libgcc.a(_copy_data.o)
 .bss           0x00000000        0x0 c:/program files (x86)/atmel/studio/7.0/toolchain/avr8/avr8-gnu-toolchain/bin/../lib/gcc/avr/5.4.0/avrxmega3\libgcc.a(_copy_data.o)
 .text.libgcc.mul
                0x00000000        0x0 c:/program files (x86)/atmel/studio/7.0/toolchain/avr8/avr8-gnu-toolchain/bin/../lib/gcc/avr/5.4.0/avrxmega3\libgcc.a(_copy_data.o)
 .text.libgcc.div
                0x00000000        0x0 c:/program files (x86)/atmel/studio/7.0/toolchain/avr8/avr8-gnu-toolchain/bin/../lib/gcc/avr/5.4.0/avrxmega3\libgcc.a(_copy_data.o)
 .text.libgcc   0x00000000        0x0 c:/program files (x86)/atmel/studio/7.0/toolchain/avr8/avr8-gnu-toolchain/bin/../lib/gcc/avr/5.4.0/avrxmega3\libgcc.a(_copy_data.o)
 .text.libgcc.prologue
                0x00000000        0x0 c:/program files (x86)/atmel/studio/7.0/toolchain/avr8/avr8-gnu-toolchain/bin/../lib/gcc/avr/5.4.0/avrxmega3\libgcc.a(_copy_data.o)
 .text.libgcc.builtins
                0x00000000        0x0 c:/program files (x86)/atmel/studio/7.0/toolchain/avr8/avr8-gnu-toolchain/bin/../lib/gcc/avr/5.4.0/avrxmega3\libgcc.a(_copy_data.o)
 .text.libgcc.fmul
                0x00000000        0x0 c:/program files (x86)/atmel/studio/7.0/toolchain/avr8/avr8-gnu-toolchain/bin/../lib/gcc/avr/5.4.0/avrxmega3\libgcc.a(_copy_data.o)
 .text.libgcc.fixed
                0x00000000        0x0 c:/program files (x86)/atmel/studio/7.0/toolchain/avr8/avr8-gnu-toolchain/bin/../lib/gcc/avr/5.4.0/avrxmega3\libgcc.a(_copy_data.o)
 .text          0x00000000        0x0 c:/program files (x86)/atmel/studio/7.0/toolchain/avr8/avr8-gnu-toolchain/bin/../lib/gcc/avr/5.4.0/avrxmega3\libgcc.a(_clear_bss.o)
 .data          0x00000000        0x0 c:/program files (x86)/atmel/studio/7.0/toolchain/avr8/avr8-gnu-toolchain/bin/../lib/gcc/avr/5.4.0/avrxmega3\libgcc.a(_clear_bss.o)
 .bss           0x00000000        0x0 c:/program files (x86)/atmel/studio/7.0/toolchain/avr8/avr8-gnu-toolchain/bin/../lib/gcc/avr/5.4.0/avrxmega3\libgcc.a(_clear_bss.o)
 .text.libgcc.mul
                0x00000000        0x0 c:/program files (x86)/atmel/studio/7.0/toolchain/avr8/avr8-gnu-toolchain/bin/../lib/gcc/avr/5.4.0/avrxmega3\libgcc.a(_clear_bss.o)
 .text.libgcc.div
                0x00000000        0x0 c:/program files (x86)/atmel/studio/7.0/toolchain/avr8/avr8-gnu-toolchain/bin/../lib/gcc/avr/5.4.0/avrxmega3\libgcc.a(_clear_bss.o)
 .text.libgcc   0x00000000        0x0 c:/program files (x86)/atmel/studio/7.0/toolchain/avr8/avr8-gnu-toolchain/bin/../lib/gcc/avr/5.4.0/avrxmega3\libgcc.a(_clear_bss.o)
 .text.libgcc.prologue
                0x00000000        0x0 c:/program files (x86)/atmel/studio/7.0/toolchain/avr8/avr8-gnu-toolchain/bin/../lib/gcc/avr/5.4.0/avrxmega3\libgcc.a(_clear_bss.o)
 .text.libgcc.builtins
                0x00000000        0x0 c:/program files (x86)/atmel/studio/7.0/toolchain/avr8/avr8-gnu-toolchain/bin/../lib/gcc/avr/5.4.0/avrxmega3\libgcc.a(_clear_bss.o)
 .text.libgcc.fmul
                0x00000000        0x0 c:/program files (x86)/atmel/studio/7.0/toolchain/avr8/avr8-gnu-toolchain/bin/../lib/gcc/avr/5.4.0/avrxmega3\libgcc.a(_clear_bss.o)
 .text.libgcc.fixed
                0x00000000        0x0 c:/program files (x86)/atmel/studio/7.0/toolchain/avr8/avr8-gnu-toolchain/bin/../lib/gcc/avr/5.4.0/avrxmega3\libgcc.a(_clear_bss.o)

Memory Configuration

Name             Origin             Length             Attributes
text             0x00000000         0x00100000         xr
data             0x00802000         0x0000ffa0         rw !x
eeprom           0x00810000         0x00010000         rw !x
fuse             0x00820000         0x00000009         rw !x
lock             0x00830000         0x00000400         rw !x
signature        0x00840000         0x00000400         rw !x
user_signatures  0x00850000         0x00000400         rw !x
*default*        0x00000000         0xffffffff

Linker script and memory map

Address of section .data set to 0x803800
                0x00008000                __RODATA_PM_OFFSET__ = 0x8000
LOAD C:/Program Files (x86)/Atmel/Studio/7.0/Packs/atmel/ATtiny_DFP/1.3.229/gcc/dev/attiny1617/avrxmega3/crtattiny1617.o
LOAD Lib/friends.o
LOAD Lib/I2C.o
LOAD Lib/lanyard.o
LOAD Lib/main_def.o
LOAD Lib/maze.o
LOAD Lib/resources.o
LOAD Lib/simon.o
LOAD Lib/text_adv.o
LOAD main.o
START GROUP
LOAD c:/program files (x86)/atmel/studio/7.0/toolchain/avr8/avr8-gnu-toolchain/bin/../lib/gcc/avr/5.4.0/../../../../avr/lib/avrxmega3\libm.a
END GROUP
START GROUP
LOAD c:/program files (x86)/atmel/studio/7.0/toolchain/avr8/avr8-gnu-toolchain/bin/../lib/gcc/avr/5.4.0/avrxmega3\libgcc.a
LOAD c:/program files (x86)/atmel/studio/7.0/toolchain/avr8/avr8-gnu-toolchain/bin/../lib/gcc/avr/5.4.0/../../../../avr/lib/avrxmega3\libm.a
LOAD c:/program files (x86)/atmel/studio/7.0/toolchain/avr8/avr8-gnu-toolchain/bin/../lib/gcc/avr/5.4.0/../../../../avr/lib/avrxmega3\libc.a
LOAD C:/Program Files (x86)/Atmel/Studio/7.0/Packs/atmel/ATtiny_DFP/1.3.229/gcc/dev/attiny1617/avrxmega3\libattiny1617.a
END GROUP
                0x00000000                __TEXT_REGION_ORIGIN__ = DEFINED (__TEXT_REGION_ORIGIN__)?__TEXT_REGION_ORIGIN__:0x0
                0x00802000                __DATA_REGION_ORIGIN__ = DEFINED (__DATA_REGION_ORIGIN__)?__DATA_REGION_ORIGIN__:0x802000
                0x00100000                __TEXT_REGION_LENGTH__ = DEFINED (__TEXT_REGION_LENGTH__)?__TEXT_REGION_LENGTH__:0x100000
                0x0000ffa0                __DATA_REGION_LENGTH__ = DEFINED (__DATA_REGION_LENGTH__)?__DATA_REGION_LENGTH__:0xffa0
                0x00010000                __EEPROM_REGION_LENGTH__ = DEFINED (__EEPROM_REGION_LENGTH__)?__EEPROM_REGION_LENGTH__:0x10000
                [0x00000009]                __FUSE_REGION_LENGTH__ = DEFINED (__FUSE_REGION_LENGTH__)?__FUSE_REGION_LENGTH__:0x400
                0x00000400                __LOCK_REGION_LENGTH__ = DEFINED (__LOCK_REGION_LENGTH__)?__LOCK_REGION_LENGTH__:0x400
                0x00000400                __SIGNATURE_REGION_LENGTH__ = DEFINED (__SIGNATURE_REGION_LENGTH__)?__SIGNATURE_REGION_LENGTH__:0x400
                0x00000400                __USER_SIGNATURE_REGION_LENGTH__ = DEFINED (__USER_SIGNATURE_REGION_LENGTH__)?__USER_SIGNATURE_REGION_LENGTH__:0x400
                0x00008000                __RODATA_PM_OFFSET__ = DEFINED (__RODATA_PM_OFFSET__)?__RODATA_PM_OFFSET__:0x8000

.hash
 *(.hash)

.dynsym
 *(.dynsym)

.dynstr
 *(.dynstr)

.gnu.version
 *(.gnu.version)

.gnu.version_d
 *(.gnu.version_d)

.gnu.version_r
 *(.gnu.version_r)

.rel.init
 *(.rel.init)

.rela.init
 *(.rela.init)

.rel.text
 *(.rel.text)
 *(.rel.text.*)
 *(.rel.gnu.linkonce.t*)

.rela.text
 *(.rela.text)
 *(.rela.text.*)
 *(.rela.gnu.linkonce.t*)

.rel.fini
 *(.rel.fini)

.rela.fini
 *(.rela.fini)

.rel.rodata
 *(.rel.rodata)
 *(.rel.rodata.*)
 *(.rel.gnu.linkonce.r*)

.rela.rodata
 *(.rela.rodata)
 *(.rela.rodata.*)
 *(.rela.gnu.linkonce.r*)

.rel.data
 *(.rel.data)
 *(.rel.data.*)
 *(.rel.gnu.linkonce.d*)

.rela.data
 *(.rela.data)
 *(.rela.data.*)
 *(.rela.gnu.linkonce.d*)

.rel.ctors
 *(.rel.ctors)

.rela.ctors
 *(.rela.ctors)

.rel.dtors
 *(.rel.dtors)

.rela.dtors
 *(.rela.dtors)

.rel.got
 *(.rel.got)

.rela.got
 *(.rela.got)

.rel.bss
 *(.rel.bss)

.rela.bss
 *(.rela.bss)

.rel.plt
 *(.rel.plt)

.rela.plt
 *(.rela.plt)

.text           0x00000000     0x3c9e
 *(.vectors)
 .vectors       0x00000000       0x7c C:/Program Files (x86)/Atmel/Studio/7.0/Packs/atmel/ATtiny_DFP/1.3.229/gcc/dev/attiny1617/avrxmega3/crtattiny1617.o
                0x00000000                __vector_default
                0x00000000                __vectors
 *(.vectors)
 *(.progmem.gcc*)
                0x0000007c                . = ALIGN (0x2)
                0x0000007c                __trampolines_start = .
 *(.trampolines)
 .trampolines   0x0000007c        0x0 linker stubs
 *(.trampolines*)
                0x0000007c                __trampolines_end = .
 *libprintf_flt.a:*(.progmem.data)
 *libc.a:*(.progmem.data)
 *(.progmem*)
                0x0000007c                . = ALIGN (0x2)
 *(.jumptables)
 *(.jumptables*)
 *(.lowtext)
 *(.lowtext*)
                0x0000007c                __ctors_start = .
 *(.ctors)
                0x0000007c                __ctors_end = .
                0x0000007c                __dtors_start = .
 *(.dtors)
                0x0000007c                __dtors_end = .
 SORT(*)(.ctors)
 SORT(*)(.dtors)
 *(.init0)
 .init0         0x0000007c        0x0 C:/Program Files (x86)/Atmel/Studio/7.0/Packs/atmel/ATtiny_DFP/1.3.229/gcc/dev/attiny1617/avrxmega3/crtattiny1617.o
                0x0000007c                __init
 *(.init0)
 *(.init1)
 *(.init1)
 *(.init2)
 .init2         0x0000007c        0xc C:/Program Files (x86)/Atmel/Studio/7.0/Packs/atmel/ATtiny_DFP/1.3.229/gcc/dev/attiny1617/avrxmega3/crtattiny1617.o
 *(.init2)
 *(.init3)
 *(.init3)
 *(.init4)
 .init4         0x00000088       0x16 c:/program files (x86)/atmel/studio/7.0/toolchain/avr8/avr8-gnu-toolchain/bin/../lib/gcc/avr/5.4.0/avrxmega3\libgcc.a(_copy_data.o)
                0x00000088                __do_copy_data
 .init4         0x0000009e       0x10 c:/program files (x86)/atmel/studio/7.0/toolchain/avr8/avr8-gnu-toolchain/bin/../lib/gcc/avr/5.4.0/avrxmega3\libgcc.a(_clear_bss.o)
                0x0000009e                __do_clear_bss
 *(.init4)
 *(.init5)
 *(.init5)
 *(.init6)
 *(.init6)
 *(.init7)
 *(.init7)
 *(.init8)
 *(.init8)
 *(.init9)
 .init9         0x000000ae        0x8 C:/Program Files (x86)/Atmel/Studio/7.0/Packs/atmel/ATtiny_DFP/1.3.229/gcc/dev/attiny1617/avrxmega3/crtattiny1617.o
 *(.init9)
 *(.text)
 .text          0x000000b6        0x2 C:/Program Files (x86)/Atmel/Studio/7.0/Packs/atmel/ATtiny_DFP/1.3.229/gcc/dev/attiny1617/avrxmega3/crtattiny1617.o
                0x000000b6                __vector_1
                0x000000b6                __vector_24
                0x000000b6                __vector_12
                0x000000b6                __bad_interrupt
                0x000000b6                __vector_3
                0x000000b6                __vector_23
                0x000000b6                __vector_30
                0x000000b6                __vector_25
                0x000000b6                __vector_11
                0x000000b6                __vector_17
                0x000000b6                __vector_19
                0x000000b6                __vector_5
                0x000000b6                __vector_4
                0x000000b6                __vector_9
                0x000000b6                __vector_2
                0x000000b6                __vector_21
                0x000000b6                __vector_15
                0x000000b6                __vector_29
                0x000000b6                __vector_26
                0x000000b6                __vector_10
                0x000000b6                __vector_16
                0x000000b6                __vector_18
                0x000000b8                . = ALIGN (0x2)
 *(.text.*)
 .text.chkVolt250
                0x000000b8       0x40 Lib/friends.o
                0x000000b8                chkVolt250
 .text.MakeFriends
                0x000000f8      0x280 Lib/friends.o
                0x000000f8                MakeFriends
 .text.I2C_init
                0x00000378       0x3c Lib/I2C.o
                0x00000378                I2C_init
 .text.I2C_recover
                0x000003b4       0x7c Lib/I2C.o
                0x000003b4                I2C_recover
 .text.I2C_start
                0x00000430       0x22 Lib/I2C.o
                0x00000430                I2C_start
 .text.I2C_wait_ACK
                0x00000452       0x4e Lib/I2C.o
                0x00000452                I2C_wait_ACK
 .text.I2C_read
                0x000004a0       0x82 Lib/I2C.o
                0x000004a0                I2C_read
 .text.I2C_write
                0x00000522       0x46 Lib/I2C.o
                0x00000522                I2C_write
 .text.I2C_stop
                0x00000568        0xc Lib/I2C.o
                0x00000568                I2C_stop
 .text.I2C_read_bytes
                0x00000574       0x8a Lib/I2C.o
                0x00000574                I2C_read_bytes
 .text.initLanyard
                0x000005fe       0x68 Lib/lanyard.o
                0x000005fe                initLanyard
 .text.LanyardCode
                0x00000666      0x1aa Lib/lanyard.o
                0x00000666                LanyardCode
 .text.initMaze
                0x00000810       0x66 Lib/maze.o
                0x00000810                initMaze
 .text.showFieldStrength
                0x00000876       0xb0 Lib/maze.o
                0x00000876                showFieldStrength
 .text.MagnetMaze
                0x00000926      0x206 Lib/maze.o
                0x00000926                MagnetMaze
 .text.Setup    0x00000b2c      0x1fe Lib/resources.o
                0x00000b2c                Setup
 .text.__vector_8
                0x00000d2a       0xa2 Lib/resources.o
                0x00000d2a                __vector_8
 .text.__vector_13
                0x00000dcc       0x66 Lib/resources.o
                0x00000dcc                __vector_13
 .text.__vector_14
                0x00000e32       0xa6 Lib/resources.o
                0x00000e32                __vector_14
 .text.__vector_27
                0x00000ed8       0xb6 Lib/resources.o
                0x00000ed8                __vector_27
 .text.__vector_28
                0x00000f8e       0x38 Lib/resources.o
                0x00000f8e                __vector_28
 .text.__vector_20
                0x00000fc6       0x6e Lib/resources.o
                0x00000fc6                __vector_20
 .text.__vector_22
                0x00001034       0x90 Lib/resources.o
                0x00001034                __vector_22
 .text.__vector_6
                0x000010c4       0x94 Lib/resources.o
                0x000010c4                __vector_6
 .text.__vector_7
                0x00001158       0x22 Lib/resources.o
                0x00001158                __vector_7
 .text.EERead   0x0000117a       0x20 Lib/resources.o
                0x0000117a                EERead
 .text.EEWrite  0x0000119a       0x50 Lib/resources.o
                0x0000119a                EEWrite
 .text.SerSend  0x000011ea       0x22 Lib/resources.o
                0x000011ea                SerSend
 .text.SerSpeed
                0x0000120c       0x22 Lib/resources.o
                0x0000120c                SerSpeed
 .text.SelectTSens
                0x0000122e       0x1e Lib/resources.o
                0x0000122e                SelectTSens
 .text.SelectAuIn
                0x0000124c       0x1e Lib/resources.o
                0x0000124c                SelectAuIn
 .text.CheckButtons
                0x0000126a       0xb8 Lib/resources.o
                0x0000126a                CheckButtons
 .text.lfsr     0x00001322       0x3e Lib/resources.o
                0x00001322                lfsr
 .text.floatSpeed
                0x00001360       0x64 Lib/resources.o
                0x00001360                floatSpeed
 .text.floatAround
                0x000013c4       0x64 Lib/resources.o
                0x000013c4                floatAround
 .text.SaveGameState
                0x00001428       0xe6 Lib/resources.o
                0x00001428                SaveGameState
 .text.ReadStatusBit
                0x0000150e       0x28 Lib/resources.o
                0x0000150e                ReadStatusBit
 .text.WriteStatusBit
                0x00001536       0x34 Lib/resources.o
                0x00001536                WriteStatusBit
 .text.UpdateState
                0x0000156a       0x14 Lib/resources.o
                0x0000156a                UpdateState
 .text.CheckState
                0x0000157e       0x20 Lib/resources.o
                0x0000157e                CheckState
 .text.getID    0x0000159e       0x1c Lib/resources.o
                0x0000159e                getID
 .text.Reset    0x000015ba       0x52 Lib/resources.o
                0x000015ba                Reset
 .text.LoadGameState
                0x0000160c       0x5a Lib/resources.o
                0x0000160c                LoadGameState
 .text.HotSummer
                0x00001666       0xca Lib/resources.o
                0x00001666                HotSummer
 .text.GenerateBlinks
                0x00001730       0x8e Lib/resources.o
                0x00001730                GenerateBlinks
 .text.GenerateAudio
                0x000017be      0x1c0 Lib/resources.o
                0x000017be                GenerateAudio
 .text.getClock
                0x0000197e       0x1e Lib/resources.o
                0x0000197e                getClock
 .text.idleTimeout
                0x0000199c       0x30 Lib/resources.o
                0x0000199c                idleTimeout
 .text.simonLed
                0x000019cc       0xc0 Lib/simon.o
                0x000019cc                simonLed
 .text.BastetDictates
                0x00001a8c      0x184 Lib/simon.o
                0x00001a8c                BastetDictates
 .text.Cheat    0x00001c10       0x78 Lib/text_adv.o
                0x00001c10                Cheat
 .text.DecryptData
                0x00001c88       0x34 Lib/text_adv.o
                0x00001c88                DecryptData
 .text.UnflipData
                0x00001cbc       0x1a Lib/text_adv.o
                0x00001cbc                UnflipData
 .text.ExtEERead
                0x00001cd6       0x66 Lib/text_adv.o
                0x00001cd6                ExtEERead
 .text.ClearTxAfter
                0x00001d3c       0x14 Lib/text_adv.o
                0x00001d3c                ClearTxAfter
 .text.StartsWith
                0x00001d50       0x34 Lib/text_adv.o
                0x00001d50                StartsWith
 .text.PrepareSending
                0x00001d84       0x70 Lib/text_adv.o
                0x00001d84                PrepareSending
 .text.SetStandardResponse
                0x00001df4       0xf8 Lib/text_adv.o
                0x00001df4                SetStandardResponse
 .text.PopulateObject
                0x00001eec       0xee Lib/text_adv.o
                0x00001eec                PopulateObject
 .text.CheckLetter
                0x00001fda       0xa8 Lib/text_adv.o
                0x00001fda                CheckLetter
 .text.FindChild
                0x00002082       0xb4 Lib/text_adv.o
                0x00002082                FindChild
 .text.InpOkChk
                0x00002136       0x1c Lib/text_adv.o
                0x00002136                InpOkChk
 .text.CleanInput
                0x00002152       0x46 Lib/text_adv.o
                0x00002152                CleanInput
 .text.CheckSend
                0x00002198       0xdc Lib/text_adv.o
                0x00002198                CheckSend
 .text.CheckResponse
                0x00002274       0x8e Lib/text_adv.o
                0x00002274                CheckResponse
 .text.CheckInput
                0x00002302      0x544 Lib/text_adv.o
                0x00002302                CheckInput
 .text.ProcessInput
                0x00002846     0x117a Lib/text_adv.o
                0x00002846                ProcessInput
 .text.TextAdventure
                0x000039c0       0xd8 Lib/text_adv.o
                0x000039c0                TextAdventure
 .text.startup.main
                0x00003a98      0x158 main.o
                0x00003a98                main
 .text.libgcc.div
                0x00003bf0       0x18 c:/program files (x86)/atmel/studio/7.0/toolchain/avr8/avr8-gnu-toolchain/bin/../lib/gcc/avr/5.4.0/avrxmega3\libgcc.a(_udivmodqi4.o)
                0x00003bf0                __udivmodqi4
 .text.libgcc.div
                0x00003c08       0x28 c:/program files (x86)/atmel/studio/7.0/toolchain/avr8/avr8-gnu-toolchain/bin/../lib/gcc/avr/5.4.0/avrxmega3\libgcc.a(_udivmodhi4.o)
                0x00003c08                __udivmodhi4
 .text.libgcc.div
                0x00003c30       0x26 c:/program files (x86)/atmel/studio/7.0/toolchain/avr8/avr8-gnu-toolchain/bin/../lib/gcc/avr/5.4.0/avrxmega3\libgcc.a(_divmodhi4.o)
                0x00003c30                _div
                0x00003c30                __divmodhi4
 .text.libgcc.div
                0x00003c56       0x44 c:/program files (x86)/atmel/studio/7.0/toolchain/avr8/avr8-gnu-toolchain/bin/../lib/gcc/avr/5.4.0/avrxmega3\libgcc.a(_udivmodsi4.o)
                0x00003c56                __udivmodsi4
                0x00003c9a                . = ALIGN (0x2)
 *(.fini9)
 .fini9         0x00003c9a        0x0 c:/program files (x86)/atmel/studio/7.0/toolchain/avr8/avr8-gnu-toolchain/bin/../lib/gcc/avr/5.4.0/avrxmega3\libgcc.a(_exit.o)
                0x00003c9a                _exit
                0x00003c9a                exit
 *(.fini9)
 *(.fini8)
 *(.fini8)
 *(.fini7)
 *(.fini7)
 *(.fini6)
 *(.fini6)
 *(.fini5)
 *(.fini5)
 *(.fini4)
 *(.fini4)
 *(.fini3)
 *(.fini3)
 *(.fini2)
 *(.fini2)
 *(.fini1)
 *(.fini1)
 *(.fini0)
 .fini0         0x00003c9a        0x4 c:/program files (x86)/atmel/studio/7.0/toolchain/avr8/avr8-gnu-toolchain/bin/../lib/gcc/avr/5.4.0/avrxmega3\libgcc.a(_exit.o)
 *(.fini0)
                0x00003c9e                _etext = .

.rodata         0x0000bc9e      0x102 load address 0x00003c9e
 *(.rodata)
 .rodata        0x0000bc9e       0x10 Lib/text_adv.o
 *(.rodata*)
 .rodata.lanyardCode
                0x0000bcae       0x18 Lib/lanyard.o
                0x0000bcae                lanyardCode
 .rodata.CAT    0x0000bcc6        0x1 Lib/main_def.o
                0x0000bcc6                CAT
 .rodata.BADGER
                0x0000bcc7        0x1 Lib/main_def.o
                0x0000bcc7                BADGER
 .rodata.SCARAB
                0x0000bcc8        0x2 Lib/main_def.o
                0x0000bcc8                SCARAB
 .rodata.WING   0x0000bcca        0xa Lib/main_def.o
                0x0000bcca                WING
 .rodata.EYE    0x0000bcd4        0x4 Lib/main_def.o
                0x0000bcd4                EYE
 .rodata.HCKR   0x0000bcd8        0xc Lib/main_def.o
                0x0000bcd8                HCKR
 .rodata.QSINE  0x0000bce4       0x20 Lib/main_def.o
                0x0000bce4                QSINE
 .rodata.mazeCode
                0x0000bd04       0x12 Lib/maze.o
                0x0000bd04                mazeCode
 .rodata.CSWTCH.30
                0x0000bd16        0x8 Lib/simon.o
 .rodata.str1.1
                0x0000bd1e       0x72 Lib/text_adv.o
 .rodata.xor_key
                0x0000bd90       0x10 Lib/text_adv.o
                0x0000bd90                xor_key
 *(.gnu.linkonce.r*)

.data           0x00803800       0x2a load address 0x00003da0
                0x00803800                PROVIDE (__data_start, .)
 *(.data)
 *(.data*)
 .data.setDAC.3776
                0x00803800        0x2 Lib/friends.o
 .data.digit    0x00803802        0x1 Lib/lanyard.o
                0x00803802                digit
 .data.lastButtonState
                0x00803803        0x1 Lib/lanyard.o
                0x00803803                lastButtonState
 .data.lanyardState
                0x00803804        0x1 Lib/lanyard.o
                0x00803804                lanyardState
 .data.auRepAddr
                0x00803805        0x2 Lib/main_def.o
                0x00803805                auRepAddr
 .data.auSmpAddr
                0x00803807        0x2 Lib/main_def.o
                0x00803807                auSmpAddr
 .data.buttonState
                0x00803809        0x1 Lib/main_def.o
                0x00803809                buttonState
 .data.serTxDone
                0x0080380a        0x1 Lib/main_def.o
                0x0080380a                serTxDone
 .data.dimValue
                0x0080380b        0x1 Lib/main_def.o
                0x0080380b                dimValue
 .data.mazeState
                0x0080380c        0x1 Lib/maze.o
                0x0080380c                mazeState
 .data.auBuffer.3952
                0x0080380d       0x11 Lib/resources.o
 .data.state.3884
                0x0080381e        0x2 Lib/resources.o
 .data.mask     0x00803820        0x8 Lib/resources.o
                0x00803820                mask
 .data.simonPos
                0x00803828        0x1 Lib/simon.o
                0x00803828                simonPos
 .data.currDepth
                0x00803829        0x1 Lib/text_adv.o
 *(.gnu.linkonce.d*)
                0x0080382a                . = ALIGN (0x2)
                0x0080382a                _edata = .
                0x0080382a                PROVIDE (__data_end, .)

.bss            0x0080382a      0x2ea
                0x0080382a                PROVIDE (__bss_start, .)
 *(.bss)
 *(.bss*)
 .bss.candidate.3779
                0x0080382a        0x1 Lib/friends.o
 .bss.jackIn.3778
                0x0080382b        0x1 Lib/friends.o
 .bss.chkTmr.3777
                0x0080382c        0x1 Lib/friends.o
 .bss.progress.3775
                0x0080382d        0x1 Lib/friends.o
 .bss.avgVolt.3768
                0x0080382e        0x1 Lib/friends.o
 .bss.lanyardLastActive
                0x0080382f        0x2 Lib/lanyard.o
                0x0080382f                lanyardLastActive
 .bss.lanyardCnt
                0x00803831        0x1 Lib/lanyard.o
                0x00803831                lanyardCnt
 .bss.lanyardPos
                0x00803832        0x1 Lib/lanyard.o
                0x00803832                lanyardPos
 .bss.adc0Chg   0x00803833        0x1 Lib/main_def.o
                0x00803833                adc0Chg
 .bss.zero      0x00803834        0x1 Lib/main_def.o
                0x00803834                zero
 .bss.auStart   0x00803835        0x1 Lib/main_def.o
                0x00803835                auStart
 .bss.effect    0x00803836        0x2 Lib/main_def.o
                0x00803836                effect
 .bss.gameNow   0x00803838        0x1 Lib/main_def.o
                0x00803838                gameNow
 .bss.whoami    0x00803839        0x1 Lib/main_def.o
                0x00803839                whoami
 .bss.inventory
                0x0080383a        0x4 Lib/main_def.o
                0x0080383a                inventory
 .bss.buttonMark
                0x0080383e        0x1 Lib/main_def.o
                0x0080383e                buttonMark
 .bss.minuteMark
                0x0080383f        0x1 Lib/main_def.o
                0x0080383f                minuteMark
 .bss.serRxDone
                0x00803840        0x1 Lib/main_def.o
                0x00803840                serRxDone
 .bss.mazeLastActive
                0x00803841        0x2 Lib/maze.o
                0x00803841                mazeLastActive
 .bss.inverted  0x00803843        0x1 Lib/maze.o
                0x00803843                inverted
 .bss.mazeCnt   0x00803844        0x1 Lib/maze.o
                0x00803844                mazeCnt
 .bss.mazePos   0x00803845        0x1 Lib/maze.o
                0x00803845                mazePos
 .bss.newHallState
                0x00803846        0x1 Lib/maze.o
                0x00803846                newHallState
 .bss.curHallState
                0x00803847        0x1 Lib/maze.o
                0x00803847                curHallState
 .bss.auBuffer.3956
                0x00803848        0x7 Lib/resources.o
 .bss.loudness.3953
                0x0080384f        0x1 Lib/resources.o
 .bss.duration.3954
                0x00803850        0x1 Lib/resources.o
 .bss.start.3955
                0x00803851        0x1 Lib/resources.o
 .bss.cooledDown.3943
                0x00803852        0x1 Lib/resources.o
 .bss.heart     0x00803853        0x1 Lib/resources.o
                0x00803853                heart
 .bss.simonProcessed
                0x00803854        0x1 Lib/simon.o
                0x00803854                simonProcessed
 .bss.simonTimer
                0x00803855        0x1 Lib/simon.o
                0x00803855                simonTimer
 .bss.simonGameState
                0x00803856        0x1 Lib/simon.o
                0x00803856                simonGameState
 .bss.simonInputPos
                0x00803857        0x1 Lib/simon.o
                0x00803857                simonInputPos
 .bss.simonState
                0x00803858       0x10 Lib/simon.o
                0x00803858                simonState
 .bss.serInput.4024
                0x00803868       0x41 Lib/text_adv.o
 .bss.actObj2.3995
                0x008038a9       0x2b Lib/text_adv.o
 .bss.actObj1.3994
                0x008038d4       0x2b Lib/text_adv.o
 .bss.number.3946
                0x008038ff        0x1 Lib/text_adv.o
 .bss.txPart.3942
                0x00803900        0x1 Lib/text_adv.o
 .bss.PunishmentTime
                0x00803901        0x2 Lib/text_adv.o
 .bss.specialPassed
                0x00803903        0x1 Lib/text_adv.o
 .bss.specialInput
                0x00803904       0x10 Lib/text_adv.o
 .bss.responseList
                0x00803914        0x1 Lib/text_adv.o
 .bss.reactStr  0x00803915       0xc0 Lib/text_adv.o
 .bss.route     0x008039d5       0x40 Lib/text_adv.o
 .bss.currObj   0x00803a15       0x2b Lib/text_adv.o
 .bss.txTypeNow
                0x00803a40        0x1 Lib/text_adv.o
                0x00803a40                txTypeNow
 .bss.txAddrNow
                0x00803a41        0x1 Lib/text_adv.o
                0x00803a41                txAddrNow
 .bss.txStrLen  0x00803a42        0x8 Lib/text_adv.o
                0x00803a42                txStrLen
 .bss.txAddrList
                0x00803a4a       0x10 Lib/text_adv.o
                0x00803a4a                txAddrList
 *(COMMON)
 COMMON         0x00803a5a       0x97 Lib/main_def.o
                0x00803a5a                timeout_I2C
                0x00803a5b                gameState
                0x00803a6f                serRx
                0x00803ab0                auVolume
                0x00803ab1                adcBtns
                0x00803ab3                serTxAddr
                0x00803ab5                adcHall
                0x00803ab7                adcPhot
                0x00803ab9                detHdPh
                0x00803aba                calTemp
                0x00803abc                auIn
                0x00803ac4                iLED
                0x00803aec                auPlayDone
                0x00803aed                calHall
                0x00803aef                adcTemp
 COMMON         0x00803af1        0x2 Lib/resources.o
                0x00803af1                tmp16bit
 COMMON         0x00803af3       0x21 Lib/text_adv.o
                0x00803af3                txBuffer
                0x00803b14                PROVIDE (__bss_end, .)
                0x00003da0                __data_load_start = LOADADDR (.data)
                0x00003dca                __data_load_end = (__data_load_start + SIZEOF (.data))

.noinit         0x00803b14        0x0
                [!provide]                PROVIDE (__noinit_start, .)
 *(.noinit*)
                [!provide]                PROVIDE (__noinit_end, .)
                0x00803b14                _end = .
                [!provide]                PROVIDE (__heap_start, .)

.eeprom         0x00810000        0x0
 *(.eeprom*)
                0x00810000                __eeprom_end = .

.fuse
 *(.fuse)
 *(.lfuse)
 *(.hfuse)
 *(.efuse)

.lock
 *(.lock*)

.signature
 *(.signature*)

.user_signatures
 *(.user_signatures*)

.stab
 *(.stab)

.stabstr
 *(.stabstr)

.stab.excl
 *(.stab.excl)

.stab.exclstr
 *(.stab.exclstr)

.stab.index
 *(.stab.index)

.stab.indexstr
 *(.stab.indexstr)

.comment        0x00000000       0x30
 *(.comment)
 .comment       0x00000000       0x30 Lib/friends.o
                                 0x31 (size before relaxing)
 .comment       0x00000030       0x31 Lib/I2C.o
 .comment       0x00000030       0x31 Lib/lanyard.o
 .comment       0x00000030       0x31 Lib/main_def.o
 .comment       0x00000030       0x31 Lib/maze.o
 .comment       0x00000030       0x31 Lib/resources.o
 .comment       0x00000030       0x31 Lib/simon.o
 .comment       0x00000030       0x31 Lib/text_adv.o
 .comment       0x00000030       0x31 main.o

.note.gnu.avr.deviceinfo
                0x00000000       0x40
 .note.gnu.avr.deviceinfo
                0x00000000       0x40 C:/Program Files (x86)/Atmel/Studio/7.0/Packs/atmel/ATtiny_DFP/1.3.229/gcc/dev/attiny1617/avrxmega3/crtattiny1617.o

.note.gnu.build-id
 *(.note.gnu.build-id)

.debug
 *(.debug)

.line
 *(.line)

.debug_srcinfo
 *(.debug_srcinfo)

.debug_sfnames
 *(.debug_sfnames)

.debug_aranges  0x00000000      0x320
 *(.debug_aranges)
 .debug_aranges
                0x00000000       0x28 Lib/friends.o
 .debug_aranges
                0x00000028       0x68 Lib/I2C.o
 .debug_aranges
                0x00000090       0x28 Lib/lanyard.o
 .debug_aranges
                0x000000b8       0x18 Lib/main_def.o
 .debug_aranges
                0x000000d0       0x30 Lib/maze.o
 .debug_aranges
                0x00000100      0x120 Lib/resources.o
 .debug_aranges
                0x00000220       0x30 Lib/simon.o
 .debug_aranges
                0x00000250       0xb0 Lib/text_adv.o
 .debug_aranges
                0x00000300       0x20 main.o

.debug_pubnames
 *(.debug_pubnames)

.debug_info     0x00000000     0x6c27
 *(.debug_info .gnu.linkonce.wi.*)
 .debug_info    0x00000000     0x19ed C:/Program Files (x86)/Atmel/Studio/7.0/Packs/atmel/ATtiny_DFP/1.3.229/gcc/dev/attiny1617/avrxmega3/crtattiny1617.o
 .debug_info    0x000019ed      0x332 Lib/friends.o
 .debug_info    0x00001d1f      0x6d5 Lib/I2C.o
 .debug_info    0x000023f4      0x2d0 Lib/lanyard.o
 .debug_info    0x000026c4      0x432 Lib/main_def.o
 .debug_info    0x00002af6      0x38d Lib/maze.o
 .debug_info    0x00002e83      0xf38 Lib/resources.o
 .debug_info    0x00003dbb      0x3bb Lib/simon.o
 .debug_info    0x00004176     0x2705 Lib/text_adv.o
 .debug_info    0x0000687b      0x3ac main.o

.debug_abbrev   0x00000000     0x28e4
 *(.debug_abbrev)
 .debug_abbrev  0x00000000     0x1888 C:/Program Files (x86)/Atmel/Studio/7.0/Packs/atmel/ATtiny_DFP/1.3.229/gcc/dev/attiny1617/avrxmega3/crtattiny1617.o
 .debug_abbrev  0x00001888      0x147 Lib/friends.o
 .debug_abbrev  0x000019cf      0x26f Lib/I2C.o
 .debug_abbrev  0x00001c3e      0x124 Lib/lanyard.o
 .debug_abbrev  0x00001d62       0x96 Lib/main_def.o
 .debug_abbrev  0x00001df8      0x15c Lib/maze.o
 .debug_abbrev  0x00001f54      0x397 Lib/resources.o
 .debug_abbrev  0x000022eb      0x191 Lib/simon.o
 .debug_abbrev  0x0000247c      0x360 Lib/text_adv.o
 .debug_abbrev  0x000027dc      0x108 main.o

.debug_line     0x00000000     0x3ac6
 *(.debug_line .debug_line.* .debug_line_end)
 .debug_line    0x00000000      0x151 C:/Program Files (x86)/Atmel/Studio/7.0/Packs/atmel/ATtiny_DFP/1.3.229/gcc/dev/attiny1617/avrxmega3/crtattiny1617.o
 .debug_line    0x00000151      0x3e8 Lib/friends.o
 .debug_line    0x00000539      0x598 Lib/I2C.o
 .debug_line    0x00000ad1      0x2ca Lib/lanyard.o
 .debug_line    0x00000d9b      0x106 Lib/main_def.o
 .debug_line    0x00000ea1      0x3ac Lib/maze.o
 .debug_line    0x0000124d      0xd5d Lib/resources.o
 .debug_line    0x00001faa      0x2f8 Lib/simon.o
 .debug_line    0x000022a2     0x15af Lib/text_adv.o
 .debug_line    0x00003851      0x275 main.o

.debug_frame    0x00000000      0x97c
 *(.debug_frame)
 .debug_frame   0x00000000       0x54 Lib/friends.o
 .debug_frame   0x00000054       0xf8 Lib/I2C.o
 .debug_frame   0x0000014c       0x3c Lib/lanyard.o
 .debug_frame   0x00000188       0x50 Lib/maze.o
 .debug_frame   0x000001d8      0x40c Lib/resources.o
 .debug_frame   0x000005e4       0x5c Lib/simon.o
 .debug_frame   0x00000640      0x318 Lib/text_adv.o
 .debug_frame   0x00000958       0x24 main.o

.debug_str      0x00000000     0x1a3a
 *(.debug_str)
 .debug_str     0x00000000      0xacf C:/Program Files (x86)/Atmel/Studio/7.0/Packs/atmel/ATtiny_DFP/1.3.229/gcc/dev/attiny1617/avrxmega3/crtattiny1617.o
 .debug_str     0x00000acf      0x22f Lib/friends.o
                                0x263 (size before relaxing)
 .debug_str     0x00000cfe      0x326 Lib/I2C.o
                                0x4d2 (size before relaxing)
 .debug_str     0x00001024       0xdb Lib/lanyard.o
                                0x29d (size before relaxing)
 .debug_str     0x000010ff       0xd8 Lib/main_def.o
                                0x2fe (size before relaxing)
 .debug_str     0x000011d7       0x9a Lib/maze.o
                                0x2ba (size before relaxing)
 .debug_str     0x00001271      0x396 Lib/resources.o
                                0x6c9 (size before relaxing)
 .debug_str     0x00001607       0x91 Lib/simon.o
                                0x2ab (size before relaxing)
 .debug_str     0x00001698      0x391 Lib/text_adv.o
                                0x651 (size before relaxing)
 .debug_str     0x00001a29       0x11 main.o
                                0x2cc (size before relaxing)

.debug_loc      0x00000000     0x4527
 *(.debug_loc)
 .debug_loc     0x00000000      0x148 Lib/friends.o
 .debug_loc     0x00000148      0x4ed Lib/I2C.o
 .debug_loc     0x00000635       0x36 Lib/lanyard.o
 .debug_loc     0x0000066b      0x145 Lib/maze.o
 .debug_loc     0x000007b0      0xf16 Lib/resources.o
 .debug_loc     0x000016c6      0x169 Lib/simon.o
 .debug_loc     0x0000182f     0x2ce4 Lib/text_adv.o
 .debug_loc     0x00004513       0x14 main.o

.debug_macinfo
 *(.debug_macinfo)

.debug_weaknames
 *(.debug_weaknames)

.debug_funcnames
 *(.debug_funcnames)

.debug_typenames
 *(.debug_typenames)

.debug_varnames
 *(.debug_varnames)

.debug_pubtypes
 *(.debug_pubtypes)

.debug_ranges   0x00000000      0x390
 *(.debug_ranges)
 .debug_ranges  0x00000000       0x18 Lib/friends.o
 .debug_ranges  0x00000018       0x58 Lib/I2C.o
 .debug_ranges  0x00000070       0x18 Lib/lanyard.o
 .debug_ranges  0x00000088       0x20 Lib/maze.o
 .debug_ranges  0x000000a8      0x128 Lib/resources.o
 .debug_ranges  0x000001d0       0x20 Lib/simon.o
 .debug_ranges  0x000001f0      0x190 Lib/text_adv.o
 .debug_ranges  0x00000380       0x10 main.o

.debug_macro
 *(.debug_macro)
OUTPUT(ISR_IO.elf elf32-avr)
LOAD linker stubs
