Archive member included to satisfy reference by file (symbol)

c:/program files (x86)/atmel/studio/7.0/toolchain/avr8/avr8-gnu-toolchain/bin/../lib/gcc/avr/5.4.0/avrxmega3\libgcc.a(_udivmodqi4.o)
                              Lib/resources.o (__udivmodqi4)
c:/program files (x86)/atmel/studio/7.0/toolchain/avr8/avr8-gnu-toolchain/bin/../lib/gcc/avr/5.4.0/avrxmega3\libgcc.a(_udivmodhi4.o)
                              Lib/resources.o (__udivmodhi4)
c:/program files (x86)/atmel/studio/7.0/toolchain/avr8/avr8-gnu-toolchain/bin/../lib/gcc/avr/5.4.0/avrxmega3\libgcc.a(_udivmodsi4.o)
                              Lib/text_adv.o (__udivmodsi4)
c:/program files (x86)/atmel/studio/7.0/toolchain/avr8/avr8-gnu-toolchain/bin/../lib/gcc/avr/5.4.0/avrxmega3\libgcc.a(_exit.o)
                              C:/Program Files (x86)/Atmel/Studio/7.0/Packs/atmel/ATtiny_DFP/1.3.229/gcc/dev/attiny1617/avrxmega3/crtattiny1617.o (exit)
c:/program files (x86)/atmel/studio/7.0/toolchain/avr8/avr8-gnu-toolchain/bin/../lib/gcc/avr/5.4.0/avrxmega3\libgcc.a(_copy_data.o)
                              Lib/main_def.o (__do_copy_data)
c:/program files (x86)/atmel/studio/7.0/toolchain/avr8/avr8-gnu-toolchain/bin/../lib/gcc/avr/5.4.0/avrxmega3\libgcc.a(_clear_bss.o)
                              Lib/main_def.o (__do_clear_bss)

Allocating common symbols
Common symbol       size              file

buttonState         0x1               Lib/main_def.o
timeout_I2C         0x1               Lib/main_def.o
gameState           0x14              Lib/main_def.o
serRx               0x41              Lib/main_def.o
auVolume            0x1               Lib/main_def.o
adcBtns             0x2               Lib/main_def.o
serTxAddr           0x2               Lib/main_def.o
adcHall             0x2               Lib/main_def.o
adcPhot             0x2               Lib/main_def.o
txBuffer            0x21              Lib/text_adv.o
detHdPh             0x1               Lib/main_def.o
calTemp             0x1               Lib/main_def.o
auIn                0x20              Lib/main_def.o
iLED                0x28              Lib/main_def.o
auPlayDone          0x1               Lib/main_def.o
tmp16bit            0x2               Lib/resources.o
calHall             0x2               Lib/main_def.o
adcTemp             0x1               Lib/main_def.o

Discarded input sections

 .data          0x00000000        0x0 C:/Program Files (x86)/Atmel/Studio/7.0/Packs/atmel/ATtiny_DFP/1.3.229/gcc/dev/attiny1617/avrxmega3/crtattiny1617.o
 .bss           0x00000000        0x0 C:/Program Files (x86)/Atmel/Studio/7.0/Packs/atmel/ATtiny_DFP/1.3.229/gcc/dev/attiny1617/avrxmega3/crtattiny1617.o
 .text          0x00000000        0x0 Lib/I2C.o
 .data          0x00000000        0x0 Lib/I2C.o
 .bss           0x00000000        0x0 Lib/I2C.o
 .text.I2C_rep_start
                0x00000000        0x6 Lib/I2C.o
 .text.I2C_write_bytes
                0x00000000       0x7e Lib/I2C.o
 .text          0x00000000        0x0 Lib/main_def.o
 .data          0x00000000        0x0 Lib/main_def.o
 .bss           0x00000000        0x0 Lib/main_def.o
 .rodata.QSINE  0x00000000       0x20 Lib/main_def.o
 .bss.gameNow   0x00000000        0x1 Lib/main_def.o
 .text          0x00000000        0x0 Lib/resources.o
 .data          0x00000000        0x0 Lib/resources.o
 .bss           0x00000000        0x0 Lib/resources.o
 .text.SelectTSens
                0x00000000       0x1e Lib/resources.o
 .text.SelectAuIn
                0x00000000       0x1e Lib/resources.o
 .text          0x00000000        0x0 Lib/simon.o
 .data          0x00000000        0x0 Lib/simon.o
 .bss           0x00000000        0x0 Lib/simon.o
 .text          0x00000000        0x0 Lib/text_adv.o
 .data          0x00000000        0x0 Lib/text_adv.o
 .bss           0x00000000        0x0 Lib/text_adv.o
 .text.SetResponse
                0x00000000       0x30 Lib/text_adv.o
 .bss.sendPrompt
                0x00000000        0x1 Lib/text_adv.o
 .text          0x00000000        0x0 main.o
 .data          0x00000000        0x0 main.o
 .bss           0x00000000        0x0 main.o
 .text          0x00000000        0x0 c:/program files (x86)/atmel/studio/7.0/toolchain/avr8/avr8-gnu-toolchain/bin/../lib/gcc/avr/5.4.0/avrxmega3\libgcc.a(_udivmodqi4.o)
 .data          0x00000000        0x0 c:/program files (x86)/atmel/studio/7.0/toolchain/avr8/avr8-gnu-toolchain/bin/../lib/gcc/avr/5.4.0/avrxmega3\libgcc.a(_udivmodqi4.o)
 .bss           0x00000000        0x0 c:/program files (x86)/atmel/studio/7.0/toolchain/avr8/avr8-gnu-toolchain/bin/../lib/gcc/avr/5.4.0/avrxmega3\libgcc.a(_udivmodqi4.o)
 .text.libgcc.mul
                0x00000000        0x0 c:/program files (x86)/atmel/studio/7.0/toolchain/avr8/avr8-gnu-toolchain/bin/../lib/gcc/avr/5.4.0/avrxmega3\libgcc.a(_udivmodqi4.o)
 .text.libgcc   0x00000000        0x0 c:/program files (x86)/atmel/studio/7.0/toolchain/avr8/avr8-gnu-toolchain/bin/../lib/gcc/avr/5.4.0/avrxmega3\libgcc.a(_udivmodqi4.o)
 .text.libgcc.prologue
                0x00000000        0x0 c:/program files (x86)/atmel/studio/7.0/toolchain/avr8/avr8-gnu-toolchain/bin/../lib/gcc/avr/5.4.0/avrxmega3\libgcc.a(_udivmodqi4.o)
 .text.libgcc.builtins
                0x00000000        0x0 c:/program files (x86)/atmel/studio/7.0/toolchain/avr8/avr8-gnu-toolchain/bin/../lib/gcc/avr/5.4.0/avrxmega3\libgcc.a(_udivmodqi4.o)
 .text.libgcc.fmul
                0x00000000        0x0 c:/program files (x86)/atmel/studio/7.0/toolchain/avr8/avr8-gnu-toolchain/bin/../lib/gcc/avr/5.4.0/avrxmega3\libgcc.a(_udivmodqi4.o)
 .text.libgcc.fixed
                0x00000000        0x0 c:/program files (x86)/atmel/studio/7.0/toolchain/avr8/avr8-gnu-toolchain/bin/../lib/gcc/avr/5.4.0/avrxmega3\libgcc.a(_udivmodqi4.o)
 .text          0x00000000        0x0 c:/program files (x86)/atmel/studio/7.0/toolchain/avr8/avr8-gnu-toolchain/bin/../lib/gcc/avr/5.4.0/avrxmega3\libgcc.a(_udivmodhi4.o)
 .data          0x00000000        0x0 c:/program files (x86)/atmel/studio/7.0/toolchain/avr8/avr8-gnu-toolchain/bin/../lib/gcc/avr/5.4.0/avrxmega3\libgcc.a(_udivmodhi4.o)
 .bss           0x00000000        0x0 c:/program files (x86)/atmel/studio/7.0/toolchain/avr8/avr8-gnu-toolchain/bin/../lib/gcc/avr/5.4.0/avrxmega3\libgcc.a(_udivmodhi4.o)
 .text.libgcc.mul
                0x00000000        0x0 c:/program files (x86)/atmel/studio/7.0/toolchain/avr8/avr8-gnu-toolchain/bin/../lib/gcc/avr/5.4.0/avrxmega3\libgcc.a(_udivmodhi4.o)
 .text.libgcc   0x00000000        0x0 c:/program files (x86)/atmel/studio/7.0/toolchain/avr8/avr8-gnu-toolchain/bin/../lib/gcc/avr/5.4.0/avrxmega3\libgcc.a(_udivmodhi4.o)
 .text.libgcc.prologue
                0x00000000        0x0 c:/program files (x86)/atmel/studio/7.0/toolchain/avr8/avr8-gnu-toolchain/bin/../lib/gcc/avr/5.4.0/avrxmega3\libgcc.a(_udivmodhi4.o)
 .text.libgcc.builtins
                0x00000000        0x0 c:/program files (x86)/atmel/studio/7.0/toolchain/avr8/avr8-gnu-toolchain/bin/../lib/gcc/avr/5.4.0/avrxmega3\libgcc.a(_udivmodhi4.o)
 .text.libgcc.fmul
                0x00000000        0x0 c:/program files (x86)/atmel/studio/7.0/toolchain/avr8/avr8-gnu-toolchain/bin/../lib/gcc/avr/5.4.0/avrxmega3\libgcc.a(_udivmodhi4.o)
 .text.libgcc.fixed
                0x00000000        0x0 c:/program files (x86)/atmel/studio/7.0/toolchain/avr8/avr8-gnu-toolchain/bin/../lib/gcc/avr/5.4.0/avrxmega3\libgcc.a(_udivmodhi4.o)
 .text          0x00000000        0x0 c:/program files (x86)/atmel/studio/7.0/toolchain/avr8/avr8-gnu-toolchain/bin/../lib/gcc/avr/5.4.0/avrxmega3\libgcc.a(_udivmodsi4.o)
 .data          0x00000000        0x0 c:/program files (x86)/atmel/studio/7.0/toolchain/avr8/avr8-gnu-toolchain/bin/../lib/gcc/avr/5.4.0/avrxmega3\libgcc.a(_udivmodsi4.o)
 .bss           0x00000000        0x0 c:/program files (x86)/atmel/studio/7.0/toolchain/avr8/avr8-gnu-toolchain/bin/../lib/gcc/avr/5.4.0/avrxmega3\libgcc.a(_udivmodsi4.o)
 .text.libgcc.mul
                0x00000000        0x0 c:/program files (x86)/atmel/studio/7.0/toolchain/avr8/avr8-gnu-toolchain/bin/../lib/gcc/avr/5.4.0/avrxmega3\libgcc.a(_udivmodsi4.o)
 .text.libgcc   0x00000000        0x0 c:/program files (x86)/atmel/studio/7.0/toolchain/avr8/avr8-gnu-toolchain/bin/../lib/gcc/avr/5.4.0/avrxmega3\libgcc.a(_udivmodsi4.o)
 .text.libgcc.prologue
                0x00000000        0x0 c:/program files (x86)/atmel/studio/7.0/toolchain/avr8/avr8-gnu-toolchain/bin/../lib/gcc/avr/5.4.0/avrxmega3\libgcc.a(_udivmodsi4.o)
 .text.libgcc.builtins
                0x00000000        0x0 c:/program files (x86)/atmel/studio/7.0/toolchain/avr8/avr8-gnu-toolchain/bin/../lib/gcc/avr/5.4.0/avrxmega3\libgcc.a(_udivmodsi4.o)
 .text.libgcc.fmul
                0x00000000        0x0 c:/program files (x86)/atmel/studio/7.0/toolchain/avr8/avr8-gnu-toolchain/bin/../lib/gcc/avr/5.4.0/avrxmega3\libgcc.a(_udivmodsi4.o)
 .text.libgcc.fixed
                0x00000000        0x0 c:/program files (x86)/atmel/studio/7.0/toolchain/avr8/avr8-gnu-toolchain/bin/../lib/gcc/avr/5.4.0/avrxmega3\libgcc.a(_udivmodsi4.o)
 .text          0x00000000        0x0 c:/program files (x86)/atmel/studio/7.0/toolchain/avr8/avr8-gnu-toolchain/bin/../lib/gcc/avr/5.4.0/avrxmega3\libgcc.a(_exit.o)
 .data          0x00000000        0x0 c:/program files (x86)/atmel/studio/7.0/toolchain/avr8/avr8-gnu-toolchain/bin/../lib/gcc/avr/5.4.0/avrxmega3\libgcc.a(_exit.o)
 .bss           0x00000000        0x0 c:/program files (x86)/atmel/studio/7.0/toolchain/avr8/avr8-gnu-toolchain/bin/../lib/gcc/avr/5.4.0/avrxmega3\libgcc.a(_exit.o)
 .text.libgcc.mul
                0x00000000        0x0 c:/program files (x86)/atmel/studio/7.0/toolchain/avr8/avr8-gnu-toolchain/bin/../lib/gcc/avr/5.4.0/avrxmega3\libgcc.a(_exit.o)
 .text.libgcc.div
                0x00000000        0x0 c:/program files (x86)/atmel/studio/7.0/toolchain/avr8/avr8-gnu-toolchain/bin/../lib/gcc/avr/5.4.0/avrxmega3\libgcc.a(_exit.o)
 .text.libgcc   0x00000000        0x0 c:/program files (x86)/atmel/studio/7.0/toolchain/avr8/avr8-gnu-toolchain/bin/../lib/gcc/avr/5.4.0/avrxmega3\libgcc.a(_exit.o)
 .text.libgcc.prologue
                0x00000000        0x0 c:/program files (x86)/atmel/studio/7.0/toolchain/avr8/avr8-gnu-toolchain/bin/../lib/gcc/avr/5.4.0/avrxmega3\libgcc.a(_exit.o)
 .text.libgcc.builtins
                0x00000000        0x0 c:/program files (x86)/atmel/studio/7.0/toolchain/avr8/avr8-gnu-toolchain/bin/../lib/gcc/avr/5.4.0/avrxmega3\libgcc.a(_exit.o)
 .text.libgcc.fmul
                0x00000000        0x0 c:/program files (x86)/atmel/studio/7.0/toolchain/avr8/avr8-gnu-toolchain/bin/../lib/gcc/avr/5.4.0/avrxmega3\libgcc.a(_exit.o)
 .text.libgcc.fixed
                0x00000000        0x0 c:/program files (x86)/atmel/studio/7.0/toolchain/avr8/avr8-gnu-toolchain/bin/../lib/gcc/avr/5.4.0/avrxmega3\libgcc.a(_exit.o)
 .text          0x00000000        0x0 c:/program files (x86)/atmel/studio/7.0/toolchain/avr8/avr8-gnu-toolchain/bin/../lib/gcc/avr/5.4.0/avrxmega3\libgcc.a(_copy_data.o)
 .data          0x00000000        0x0 c:/program files (x86)/atmel/studio/7.0/toolchain/avr8/avr8-gnu-toolchain/bin/../lib/gcc/avr/5.4.0/avrxmega3\libgcc.a(_copy_data.o)
 .bss           0x00000000        0x0 c:/program files (x86)/atmel/studio/7.0/toolchain/avr8/avr8-gnu-toolchain/bin/../lib/gcc/avr/5.4.0/avrxmega3\libgcc.a(_copy_data.o)
 .text.libgcc.mul
                0x00000000        0x0 c:/program files (x86)/atmel/studio/7.0/toolchain/avr8/avr8-gnu-toolchain/bin/../lib/gcc/avr/5.4.0/avrxmega3\libgcc.a(_copy_data.o)
 .text.libgcc.div
                0x00000000        0x0 c:/program files (x86)/atmel/studio/7.0/toolchain/avr8/avr8-gnu-toolchain/bin/../lib/gcc/avr/5.4.0/avrxmega3\libgcc.a(_copy_data.o)
 .text.libgcc   0x00000000        0x0 c:/program files (x86)/atmel/studio/7.0/toolchain/avr8/avr8-gnu-toolchain/bin/../lib/gcc/avr/5.4.0/avrxmega3\libgcc.a(_copy_data.o)
 .text.libgcc.prologue
                0x00000000        0x0 c:/program files (x86)/atmel/studio/7.0/toolchain/avr8/avr8-gnu-toolchain/bin/../lib/gcc/avr/5.4.0/avrxmega3\libgcc.a(_copy_data.o)
 .text.libgcc.builtins
                0x00000000        0x0 c:/program files (x86)/atmel/studio/7.0/toolchain/avr8/avr8-gnu-toolchain/bin/../lib/gcc/avr/5.4.0/avrxmega3\libgcc.a(_copy_data.o)
 .text.libgcc.fmul
                0x00000000        0x0 c:/program files (x86)/atmel/studio/7.0/toolchain/avr8/avr8-gnu-toolchain/bin/../lib/gcc/avr/5.4.0/avrxmega3\libgcc.a(_copy_data.o)
 .text.libgcc.fixed
                0x00000000        0x0 c:/program files (x86)/atmel/studio/7.0/toolchain/avr8/avr8-gnu-toolchain/bin/../lib/gcc/avr/5.4.0/avrxmega3\libgcc.a(_copy_data.o)
 .text          0x00000000        0x0 c:/program files (x86)/atmel/studio/7.0/toolchain/avr8/avr8-gnu-toolchain/bin/../lib/gcc/avr/5.4.0/avrxmega3\libgcc.a(_clear_bss.o)
 .data          0x00000000        0x0 c:/program files (x86)/atmel/studio/7.0/toolchain/avr8/avr8-gnu-toolchain/bin/../lib/gcc/avr/5.4.0/avrxmega3\libgcc.a(_clear_bss.o)
 .bss           0x00000000        0x0 c:/program files (x86)/atmel/studio/7.0/toolchain/avr8/avr8-gnu-toolchain/bin/../lib/gcc/avr/5.4.0/avrxmega3\libgcc.a(_clear_bss.o)
 .text.libgcc.mul
                0x00000000        0x0 c:/program files (x86)/atmel/studio/7.0/toolchain/avr8/avr8-gnu-toolchain/bin/../lib/gcc/avr/5.4.0/avrxmega3\libgcc.a(_clear_bss.o)
 .text.libgcc.div
                0x00000000        0x0 c:/program files (x86)/atmel/studio/7.0/toolchain/avr8/avr8-gnu-toolchain/bin/../lib/gcc/avr/5.4.0/avrxmega3\libgcc.a(_clear_bss.o)
 .text.libgcc   0x00000000        0x0 c:/program files (x86)/atmel/studio/7.0/toolchain/avr8/avr8-gnu-toolchain/bin/../lib/gcc/avr/5.4.0/avrxmega3\libgcc.a(_clear_bss.o)
 .text.libgcc.prologue
                0x00000000        0x0 c:/program files (x86)/atmel/studio/7.0/toolchain/avr8/avr8-gnu-toolchain/bin/../lib/gcc/avr/5.4.0/avrxmega3\libgcc.a(_clear_bss.o)
 .text.libgcc.builtins
                0x00000000        0x0 c:/program files (x86)/atmel/studio/7.0/toolchain/avr8/avr8-gnu-toolchain/bin/../lib/gcc/avr/5.4.0/avrxmega3\libgcc.a(_clear_bss.o)
 .text.libgcc.fmul
                0x00000000        0x0 c:/program files (x86)/atmel/studio/7.0/toolchain/avr8/avr8-gnu-toolchain/bin/../lib/gcc/avr/5.4.0/avrxmega3\libgcc.a(_clear_bss.o)
 .text.libgcc.fixed
                0x00000000        0x0 c:/program files (x86)/atmel/studio/7.0/toolchain/avr8/avr8-gnu-toolchain/bin/../lib/gcc/avr/5.4.0/avrxmega3\libgcc.a(_clear_bss.o)

Memory Configuration

Name             Origin             Length             Attributes
text             0x00000000         0x00100000         xr
data             0x00802000         0x0000ffa0         rw !x
eeprom           0x00810000         0x00010000         rw !x
fuse             0x00820000         0x00000009         rw !x
lock             0x00830000         0x00000400         rw !x
signature        0x00840000         0x00000400         rw !x
user_signatures  0x00850000         0x00000400         rw !x
*default*        0x00000000         0xffffffff

Linker script and memory map

Address of section .data set to 0x803800
                0x00008000                __RODATA_PM_OFFSET__ = 0x8000
LOAD C:/Program Files (x86)/Atmel/Studio/7.0/Packs/atmel/ATtiny_DFP/1.3.229/gcc/dev/attiny1617/avrxmega3/crtattiny1617.o
LOAD Lib/I2C.o
LOAD Lib/main_def.o
LOAD Lib/resources.o
LOAD Lib/simon.o
LOAD Lib/text_adv.o
LOAD main.o
START GROUP
LOAD c:/program files (x86)/atmel/studio/7.0/toolchain/avr8/avr8-gnu-toolchain/bin/../lib/gcc/avr/5.4.0/../../../../avr/lib/avrxmega3\libm.a
END GROUP
START GROUP
LOAD c:/program files (x86)/atmel/studio/7.0/toolchain/avr8/avr8-gnu-toolchain/bin/../lib/gcc/avr/5.4.0/avrxmega3\libgcc.a
LOAD c:/program files (x86)/atmel/studio/7.0/toolchain/avr8/avr8-gnu-toolchain/bin/../lib/gcc/avr/5.4.0/../../../../avr/lib/avrxmega3\libm.a
LOAD c:/program files (x86)/atmel/studio/7.0/toolchain/avr8/avr8-gnu-toolchain/bin/../lib/gcc/avr/5.4.0/../../../../avr/lib/avrxmega3\libc.a
LOAD C:/Program Files (x86)/Atmel/Studio/7.0/Packs/atmel/ATtiny_DFP/1.3.229/gcc/dev/attiny1617/avrxmega3\libattiny1617.a
END GROUP
                0x00000000                __TEXT_REGION_ORIGIN__ = DEFINED (__TEXT_REGION_ORIGIN__)?__TEXT_REGION_ORIGIN__:0x0
                0x00802000                __DATA_REGION_ORIGIN__ = DEFINED (__DATA_REGION_ORIGIN__)?__DATA_REGION_ORIGIN__:0x802000
                0x00100000                __TEXT_REGION_LENGTH__ = DEFINED (__TEXT_REGION_LENGTH__)?__TEXT_REGION_LENGTH__:0x100000
                0x0000ffa0                __DATA_REGION_LENGTH__ = DEFINED (__DATA_REGION_LENGTH__)?__DATA_REGION_LENGTH__:0xffa0
                0x00010000                __EEPROM_REGION_LENGTH__ = DEFINED (__EEPROM_REGION_LENGTH__)?__EEPROM_REGION_LENGTH__:0x10000
                [0x00000009]                __FUSE_REGION_LENGTH__ = DEFINED (__FUSE_REGION_LENGTH__)?__FUSE_REGION_LENGTH__:0x400
                0x00000400                __LOCK_REGION_LENGTH__ = DEFINED (__LOCK_REGION_LENGTH__)?__LOCK_REGION_LENGTH__:0x400
                0x00000400                __SIGNATURE_REGION_LENGTH__ = DEFINED (__SIGNATURE_REGION_LENGTH__)?__SIGNATURE_REGION_LENGTH__:0x400
                0x00000400                __USER_SIGNATURE_REGION_LENGTH__ = DEFINED (__USER_SIGNATURE_REGION_LENGTH__)?__USER_SIGNATURE_REGION_LENGTH__:0x400
                0x00008000                __RODATA_PM_OFFSET__ = DEFINED (__RODATA_PM_OFFSET__)?__RODATA_PM_OFFSET__:0x8000

.hash
 *(.hash)

.dynsym
 *(.dynsym)

.dynstr
 *(.dynstr)

.gnu.version
 *(.gnu.version)

.gnu.version_d
 *(.gnu.version_d)

.gnu.version_r
 *(.gnu.version_r)

.rel.init
 *(.rel.init)

.rela.init
 *(.rela.init)

.rel.text
 *(.rel.text)
 *(.rel.text.*)
 *(.rel.gnu.linkonce.t*)

.rela.text
 *(.rela.text)
 *(.rela.text.*)
 *(.rela.gnu.linkonce.t*)

.rel.fini
 *(.rel.fini)

.rela.fini
 *(.rela.fini)

.rel.rodata
 *(.rel.rodata)
 *(.rel.rodata.*)
 *(.rel.gnu.linkonce.r*)

.rela.rodata
 *(.rela.rodata)
 *(.rela.rodata.*)
 *(.rela.gnu.linkonce.r*)

.rel.data
 *(.rel.data)
 *(.rel.data.*)
 *(.rel.gnu.linkonce.d*)

.rela.data
 *(.rela.data)
 *(.rela.data.*)
 *(.rela.gnu.linkonce.d*)

.rel.ctors
 *(.rel.ctors)

.rela.ctors
 *(.rela.ctors)

.rel.dtors
 *(.rel.dtors)

.rela.dtors
 *(.rela.dtors)

.rel.got
 *(.rel.got)

.rela.got
 *(.rela.got)

.rel.bss
 *(.rel.bss)

.rela.bss
 *(.rela.bss)

.rel.plt
 *(.rel.plt)

.rela.plt
 *(.rela.plt)

.text           0x00000000     0x2d5e
 *(.vectors)
 .vectors       0x00000000       0x7c C:/Program Files (x86)/Atmel/Studio/7.0/Packs/atmel/ATtiny_DFP/1.3.229/gcc/dev/attiny1617/avrxmega3/crtattiny1617.o
                0x00000000                __vector_default
                0x00000000                __vectors
 *(.vectors)
 *(.progmem.gcc*)
                0x0000007c                . = ALIGN (0x2)
                0x0000007c                __trampolines_start = .
 *(.trampolines)
 .trampolines   0x0000007c        0x0 linker stubs
 *(.trampolines*)
                0x0000007c                __trampolines_end = .
 *libprintf_flt.a:*(.progmem.data)
 *libc.a:*(.progmem.data)
 *(.progmem*)
                0x0000007c                . = ALIGN (0x2)
 *(.jumptables)
 *(.jumptables*)
 *(.lowtext)
 *(.lowtext*)
                0x0000007c                __ctors_start = .
 *(.ctors)
                0x0000007c                __ctors_end = .
                0x0000007c                __dtors_start = .
 *(.dtors)
                0x0000007c                __dtors_end = .
 SORT(*)(.ctors)
 SORT(*)(.dtors)
 *(.init0)
 .init0         0x0000007c        0x0 C:/Program Files (x86)/Atmel/Studio/7.0/Packs/atmel/ATtiny_DFP/1.3.229/gcc/dev/attiny1617/avrxmega3/crtattiny1617.o
                0x0000007c                __init
 *(.init0)
 *(.init1)
 *(.init1)
 *(.init2)
 .init2         0x0000007c        0xc C:/Program Files (x86)/Atmel/Studio/7.0/Packs/atmel/ATtiny_DFP/1.3.229/gcc/dev/attiny1617/avrxmega3/crtattiny1617.o
 *(.init2)
 *(.init3)
 *(.init3)
 *(.init4)
 .init4         0x00000088       0x16 c:/program files (x86)/atmel/studio/7.0/toolchain/avr8/avr8-gnu-toolchain/bin/../lib/gcc/avr/5.4.0/avrxmega3\libgcc.a(_copy_data.o)
                0x00000088                __do_copy_data
 .init4         0x0000009e       0x10 c:/program files (x86)/atmel/studio/7.0/toolchain/avr8/avr8-gnu-toolchain/bin/../lib/gcc/avr/5.4.0/avrxmega3\libgcc.a(_clear_bss.o)
                0x0000009e                __do_clear_bss
 *(.init4)
 *(.init5)
 *(.init5)
 *(.init6)
 *(.init6)
 *(.init7)
 *(.init7)
 *(.init8)
 *(.init8)
 *(.init9)
 .init9         0x000000ae        0x8 C:/Program Files (x86)/Atmel/Studio/7.0/Packs/atmel/ATtiny_DFP/1.3.229/gcc/dev/attiny1617/avrxmega3/crtattiny1617.o
 *(.init9)
 *(.text)
 .text          0x000000b6        0x2 C:/Program Files (x86)/Atmel/Studio/7.0/Packs/atmel/ATtiny_DFP/1.3.229/gcc/dev/attiny1617/avrxmega3/crtattiny1617.o
                0x000000b6                __vector_1
                0x000000b6                __vector_24
                0x000000b6                __vector_12
                0x000000b6                __bad_interrupt
                0x000000b6                __vector_3
                0x000000b6                __vector_23
                0x000000b6                __vector_30
                0x000000b6                __vector_25
                0x000000b6                __vector_11
                0x000000b6                __vector_17
                0x000000b6                __vector_19
                0x000000b6                __vector_5
                0x000000b6                __vector_4
                0x000000b6                __vector_9
                0x000000b6                __vector_2
                0x000000b6                __vector_21
                0x000000b6                __vector_15
                0x000000b6                __vector_29
                0x000000b6                __vector_26
                0x000000b6                __vector_10
                0x000000b6                __vector_16
                0x000000b6                __vector_18
                0x000000b8                . = ALIGN (0x2)
 *(.text.*)
 .text.I2C_init
                0x000000b8       0x3c Lib/I2C.o
                0x000000b8                I2C_init
 .text.I2C_recover
                0x000000f4       0x7c Lib/I2C.o
                0x000000f4                I2C_recover
 .text.I2C_start
                0x00000170       0x22 Lib/I2C.o
                0x00000170                I2C_start
 .text.I2C_wait_ACK
                0x00000192       0x4e Lib/I2C.o
                0x00000192                I2C_wait_ACK
 .text.I2C_read
                0x000001e0       0x82 Lib/I2C.o
                0x000001e0                I2C_read
 .text.I2C_write
                0x00000262       0x46 Lib/I2C.o
                0x00000262                I2C_write
 .text.I2C_stop
                0x000002a8        0xc Lib/I2C.o
                0x000002a8                I2C_stop
 .text.I2C_read_bytes
                0x000002b4       0x8a Lib/I2C.o
                0x000002b4                I2C_read_bytes
 .text.Setup    0x0000033e      0x200 Lib/resources.o
                0x0000033e                Setup
 .text.__vector_8
                0x0000053e       0xa2 Lib/resources.o
                0x0000053e                __vector_8
 .text.__vector_13
                0x000005e0       0x66 Lib/resources.o
                0x000005e0                __vector_13
 .text.__vector_14
                0x00000646       0xa6 Lib/resources.o
                0x00000646                __vector_14
 .text.__vector_27
                0x000006ec       0xb6 Lib/resources.o
                0x000006ec                __vector_27
 .text.__vector_28
                0x000007a2       0x38 Lib/resources.o
                0x000007a2                __vector_28
 .text.__vector_20
                0x000007da       0x5c Lib/resources.o
                0x000007da                __vector_20
 .text.__vector_22
                0x00000836       0x90 Lib/resources.o
                0x00000836                __vector_22
 .text.__vector_6
                0x000008c6       0x9c Lib/resources.o
                0x000008c6                __vector_6
 .text.__vector_7
                0x00000962       0x22 Lib/resources.o
                0x00000962                __vector_7
 .text.EERead   0x00000984       0x20 Lib/resources.o
                0x00000984                EERead
 .text.EEWrite  0x000009a4       0x50 Lib/resources.o
                0x000009a4                EEWrite
 .text.SerSend  0x000009f4       0x22 Lib/resources.o
                0x000009f4                SerSend
 .text.SerSpeed
                0x00000a16       0x22 Lib/resources.o
                0x00000a16                SerSpeed
 .text.CheckButtons
                0x00000a38       0xb8 Lib/resources.o
                0x00000a38                CheckButtons
 .text.lfsr     0x00000af0       0x3e Lib/resources.o
                0x00000af0                lfsr
 .text.floatSpeed
                0x00000b2e       0x64 Lib/resources.o
                0x00000b2e                floatSpeed
 .text.floatAround
                0x00000b92       0x4a Lib/resources.o
                0x00000b92                floatAround
 .text.SaveGameState
                0x00000bdc       0xe6 Lib/resources.o
                0x00000bdc                SaveGameState
 .text.ReadStatusBit
                0x00000cc2       0x28 Lib/resources.o
                0x00000cc2                ReadStatusBit
 .text.WriteStatusBit
                0x00000cea       0x34 Lib/resources.o
                0x00000cea                WriteStatusBit
 .text.UpdateState
                0x00000d1e       0x10 Lib/resources.o
                0x00000d1e                UpdateState
 .text.CheckState
                0x00000d2e       0x20 Lib/resources.o
                0x00000d2e                CheckState
 .text.getID    0x00000d4e       0x1c Lib/resources.o
                0x00000d4e                getID
 .text.Reset    0x00000d6a       0x52 Lib/resources.o
                0x00000d6a                Reset
 .text.GenerateAudio
                0x00000dbc       0xec Lib/resources.o
                0x00000dbc                GenerateAudio
 .text.BastetDictates
                0x00000ea8        0x4 Lib/simon.o
                0x00000ea8                BastetDictates
 .text.Cheat    0x00000eac       0x78 Lib/text_adv.o
                0x00000eac                Cheat
 .text.DecryptData
                0x00000f24       0x34 Lib/text_adv.o
                0x00000f24                DecryptData
 .text.UnflipData
                0x00000f58       0x1a Lib/text_adv.o
                0x00000f58                UnflipData
 .text.ExtEERead
                0x00000f72       0x64 Lib/text_adv.o
                0x00000f72                ExtEERead
 .text.ClearTxAfter
                0x00000fd6       0x14 Lib/text_adv.o
                0x00000fd6                ClearTxAfter
 .text.StartsWith
                0x00000fea       0x34 Lib/text_adv.o
                0x00000fea                StartsWith
 .text.PrepareSending
                0x0000101e       0x70 Lib/text_adv.o
                0x0000101e                PrepareSending
 .text.SetStandardResponse
                0x0000108e       0xf8 Lib/text_adv.o
                0x0000108e                SetStandardResponse
 .text.PopulateObject
                0x00001186       0xee Lib/text_adv.o
                0x00001186                PopulateObject
 .text.CheckLetter
                0x00001274       0xa8 Lib/text_adv.o
                0x00001274                CheckLetter
 .text.FindChild
                0x0000131c       0xb4 Lib/text_adv.o
                0x0000131c                FindChild
 .text.InpOkChk
                0x000013d0       0x1c Lib/text_adv.o
                0x000013d0                InpOkChk
 .text.CleanInput
                0x000013ec       0x46 Lib/text_adv.o
                0x000013ec                CleanInput
 .text.CheckSend
                0x00001432       0xa8 Lib/text_adv.o
                0x00001432                CheckSend
 .text.CheckResponse
                0x000014da       0x8e Lib/text_adv.o
                0x000014da                CheckResponse
 .text.CheckInput
                0x00001568      0x5d4 Lib/text_adv.o
                0x00001568                CheckInput
 .text.ProcessInput
                0x00001b3c     0x105a Lib/text_adv.o
                0x00001b3c                ProcessInput
 .text.TextAdventure
                0x00002b96       0x3a Lib/text_adv.o
                0x00002b96                TextAdventure
 .text.startup.main
                0x00002bd0      0x106 main.o
                0x00002bd0                main
 .text.libgcc.div
                0x00002cd6       0x18 c:/program files (x86)/atmel/studio/7.0/toolchain/avr8/avr8-gnu-toolchain/bin/../lib/gcc/avr/5.4.0/avrxmega3\libgcc.a(_udivmodqi4.o)
                0x00002cd6                __udivmodqi4
 .text.libgcc.div
                0x00002cee       0x28 c:/program files (x86)/atmel/studio/7.0/toolchain/avr8/avr8-gnu-toolchain/bin/../lib/gcc/avr/5.4.0/avrxmega3\libgcc.a(_udivmodhi4.o)
                0x00002cee                __udivmodhi4
 .text.libgcc.div
                0x00002d16       0x44 c:/program files (x86)/atmel/studio/7.0/toolchain/avr8/avr8-gnu-toolchain/bin/../lib/gcc/avr/5.4.0/avrxmega3\libgcc.a(_udivmodsi4.o)
                0x00002d16                __udivmodsi4
                0x00002d5a                . = ALIGN (0x2)
 *(.fini9)
 .fini9         0x00002d5a        0x0 c:/program files (x86)/atmel/studio/7.0/toolchain/avr8/avr8-gnu-toolchain/bin/../lib/gcc/avr/5.4.0/avrxmega3\libgcc.a(_exit.o)
                0x00002d5a                _exit
                0x00002d5a                exit
 *(.fini9)
 *(.fini8)
 *(.fini8)
 *(.fini7)
 *(.fini7)
 *(.fini6)
 *(.fini6)
 *(.fini5)
 *(.fini5)
 *(.fini4)
 *(.fini4)
 *(.fini3)
 *(.fini3)
 *(.fini2)
 *(.fini2)
 *(.fini1)
 *(.fini1)
 *(.fini0)
 .fini0         0x00002d5a        0x4 c:/program files (x86)/atmel/studio/7.0/toolchain/avr8/avr8-gnu-toolchain/bin/../lib/gcc/avr/5.4.0/avrxmega3\libgcc.a(_exit.o)
 *(.fini0)
                0x00002d5e                _etext = .

.rodata         0x0000ad5e       0x7b load address 0x00002d5e
 *(.rodata)
 .rodata        0x0000ad5e       0x10 Lib/text_adv.o
 *(.rodata*)
 .rodata.CAT    0x0000ad6e        0x1 Lib/main_def.o
                0x0000ad6e                CAT
 .rodata.RAT    0x0000ad6f        0x1 Lib/main_def.o
                0x0000ad6f                RAT
 .rodata.GEM    0x0000ad70        0x2 Lib/main_def.o
                0x0000ad70                GEM
 .rodata.WING   0x0000ad72        0xa Lib/main_def.o
                0x0000ad72                WING
 .rodata.EYE    0x0000ad7c        0x4 Lib/main_def.o
                0x0000ad7c                EYE
 .rodata.HCKR   0x0000ad80        0xc Lib/main_def.o
                0x0000ad80                HCKR
 .rodata.str1.1
                0x0000ad8c       0x3d Lib/text_adv.o
 .rodata.xor_key
                0x0000adc9       0x10 Lib/text_adv.o
                0x0000adc9                xor_key
 *(.gnu.linkonce.r*)

.data           0x00803800       0x90 load address 0x00002dd9
                0x00803800                PROVIDE (__data_start, .)
 *(.data)
 *(.data*)
 .data.auRepAddr
                0x00803800        0x2 Lib/main_def.o
                0x00803800                auRepAddr
 .data.auSmpAddr
                0x00803802        0x2 Lib/main_def.o
                0x00803802                auSmpAddr
 .data.serTxDone
                0x00803804        0x1 Lib/main_def.o
                0x00803804                serTxDone
 .data.auBuffer.3926
                0x00803805       0x80 Lib/resources.o
 .data.state.3874
                0x00803885        0x2 Lib/resources.o
 .data.mask     0x00803887        0x8 Lib/resources.o
                0x00803887                mask
 .data.currDepth
                0x0080388f        0x1 Lib/text_adv.o
 *(.gnu.linkonce.d*)
                0x00803890                . = ALIGN (0x2)
                0x00803890                _edata = .
                0x00803890                PROVIDE (__data_end, .)

.bss            0x00803890      0x2ce
                0x00803890                PROVIDE (__bss_start, .)
 *(.bss)
 *(.bss*)
 .bss.adc0Chg   0x00803890        0x1 Lib/main_def.o
                0x00803890                adc0Chg
 .bss.zero      0x00803891        0x1 Lib/main_def.o
                0x00803891                zero
 .bss.auStart   0x00803892        0x1 Lib/main_def.o
                0x00803892                auStart
 .bss.effect    0x00803893        0x2 Lib/main_def.o
                0x00803893                effect
 .bss.whoami    0x00803895        0x1 Lib/main_def.o
                0x00803895                whoami
 .bss.inventory
                0x00803896        0x4 Lib/main_def.o
                0x00803896                inventory
 .bss.buttonMark
                0x0080389a        0x1 Lib/main_def.o
                0x0080389a                buttonMark
 .bss.minuteMark
                0x0080389b        0x1 Lib/main_def.o
                0x0080389b                minuteMark
 .bss.serRxDone
                0x0080389c        0x1 Lib/main_def.o
                0x0080389c                serRxDone
 .bss.serInput.4019
                0x0080389d       0x41 Lib/text_adv.o
 .bss.actObj2.3990
                0x008038de       0x2b Lib/text_adv.o
 .bss.actObj1.3989
                0x00803909       0x2b Lib/text_adv.o
 .bss.number.3936
                0x00803934        0x1 Lib/text_adv.o
 .bss.txPart.3932
                0x00803935        0x1 Lib/text_adv.o
 .bss.specialPassed
                0x00803936        0x1 Lib/text_adv.o
 .bss.specialInput
                0x00803937       0x10 Lib/text_adv.o
 .bss.responseList
                0x00803947        0x1 Lib/text_adv.o
 .bss.reactStr  0x00803948       0xc0 Lib/text_adv.o
 .bss.route     0x00803a08       0x40 Lib/text_adv.o
 .bss.currObj   0x00803a48       0x2b Lib/text_adv.o
 .bss.txTypeNow
                0x00803a73        0x1 Lib/text_adv.o
                0x00803a73                txTypeNow
 .bss.txAddrNow
                0x00803a74        0x1 Lib/text_adv.o
                0x00803a74                txAddrNow
 .bss.txStrLen  0x00803a75        0x8 Lib/text_adv.o
                0x00803a75                txStrLen
 .bss.txAddrList
                0x00803a7d       0x10 Lib/text_adv.o
                0x00803a7d                txAddrList
 *(COMMON)
 COMMON         0x00803a8d       0xae Lib/main_def.o
                0x00803a8d                buttonState
                0x00803a8e                timeout_I2C
                0x00803a8f                gameState
                0x00803aa3                serRx
                0x00803ae4                auVolume
                0x00803ae5                adcBtns
                0x00803ae7                serTxAddr
                0x00803ae9                adcHall
                0x00803aeb                adcPhot
                0x00803aed                detHdPh
                0x00803aee                calTemp
                0x00803aef                auIn
                0x00803b0f                iLED
                0x00803b37                auPlayDone
                0x00803b38                calHall
                0x00803b3a                adcTemp
 COMMON         0x00803b3b        0x2 Lib/resources.o
                0x00803b3b                tmp16bit
 COMMON         0x00803b3d       0x21 Lib/text_adv.o
                0x00803b3d                txBuffer
                0x00803b5e                PROVIDE (__bss_end, .)
                0x00002dd9                __data_load_start = LOADADDR (.data)
                0x00002e69                __data_load_end = (__data_load_start + SIZEOF (.data))

.noinit         0x00803b5e        0x0
                [!provide]                PROVIDE (__noinit_start, .)
 *(.noinit*)
                [!provide]                PROVIDE (__noinit_end, .)
                0x00803b5e                _end = .
                [!provide]                PROVIDE (__heap_start, .)

.eeprom         0x00810000        0x0
 *(.eeprom*)
                0x00810000                __eeprom_end = .

.fuse
 *(.fuse)
 *(.lfuse)
 *(.hfuse)
 *(.efuse)

.lock
 *(.lock*)

.signature
 *(.signature*)

.user_signatures
 *(.user_signatures*)

.stab
 *(.stab)

.stabstr
 *(.stabstr)

.stab.excl
 *(.stab.excl)

.stab.exclstr
 *(.stab.exclstr)

.stab.index
 *(.stab.index)

.stab.indexstr
 *(.stab.indexstr)

.comment        0x00000000       0x30
 *(.comment)
 .comment       0x00000000       0x30 Lib/I2C.o
                                 0x31 (size before relaxing)
 .comment       0x00000030       0x31 Lib/main_def.o
 .comment       0x00000030       0x31 Lib/resources.o
 .comment       0x00000030       0x31 Lib/simon.o
 .comment       0x00000030       0x31 Lib/text_adv.o
 .comment       0x00000030       0x31 main.o

.note.gnu.avr.deviceinfo
                0x00000000       0x40
 .note.gnu.avr.deviceinfo
                0x00000000       0x40 C:/Program Files (x86)/Atmel/Studio/7.0/Packs/atmel/ATtiny_DFP/1.3.229/gcc/dev/attiny1617/avrxmega3/crtattiny1617.o

.note.gnu.build-id
 *(.note.gnu.build-id)

.debug
 *(.debug)

.line
 *(.line)

.debug_srcinfo
 *(.debug_srcinfo)

.debug_sfnames
 *(.debug_sfnames)

.debug_aranges  0x00000000      0x268
 *(.debug_aranges)
 .debug_aranges
                0x00000000       0x68 Lib/I2C.o
 .debug_aranges
                0x00000068       0x18 Lib/main_def.o
 .debug_aranges
                0x00000080       0xf8 Lib/resources.o
 .debug_aranges
                0x00000178       0x20 Lib/simon.o
 .debug_aranges
                0x00000198       0xb0 Lib/text_adv.o
 .debug_aranges
                0x00000248       0x20 main.o

.debug_pubnames
 *(.debug_pubnames)

.debug_info     0x00000000     0x5a70
 *(.debug_info .gnu.linkonce.wi.*)
 .debug_info    0x00000000     0x19ed C:/Program Files (x86)/Atmel/Studio/7.0/Packs/atmel/ATtiny_DFP/1.3.229/gcc/dev/attiny1617/avrxmega3/crtattiny1617.o
 .debug_info    0x000019ed      0x6c3 Lib/I2C.o
 .debug_info    0x000020b0      0x41a Lib/main_def.o
 .debug_info    0x000024ca      0xbd3 Lib/resources.o
 .debug_info    0x0000309d       0x8d Lib/simon.o
 .debug_info    0x0000312a     0x2698 Lib/text_adv.o
 .debug_info    0x000057c2      0x2ae main.o

.debug_abbrev   0x00000000     0x238d
 *(.debug_abbrev)
 .debug_abbrev  0x00000000     0x1888 C:/Program Files (x86)/Atmel/Studio/7.0/Packs/atmel/ATtiny_DFP/1.3.229/gcc/dev/attiny1617/avrxmega3/crtattiny1617.o
 .debug_abbrev  0x00001888      0x25e Lib/I2C.o
 .debug_abbrev  0x00001ae6       0x96 Lib/main_def.o
 .debug_abbrev  0x00001b7c      0x35c Lib/resources.o
 .debug_abbrev  0x00001ed8       0x51 Lib/simon.o
 .debug_abbrev  0x00001f29      0x362 Lib/text_adv.o
 .debug_abbrev  0x0000228b      0x102 main.o

.debug_line     0x00000000     0x2a47
 *(.debug_line .debug_line.* .debug_line_end)
 .debug_line    0x00000000      0x151 C:/Program Files (x86)/Atmel/Studio/7.0/Packs/atmel/ATtiny_DFP/1.3.229/gcc/dev/attiny1617/avrxmega3/crtattiny1617.o
 .debug_line    0x00000151      0x526 Lib/I2C.o
 .debug_line    0x00000677      0x106 Lib/main_def.o
 .debug_line    0x0000077d      0xb0c Lib/resources.o
 .debug_line    0x00001289       0xa7 Lib/simon.o
 .debug_line    0x00001330     0x1513 Lib/text_adv.o
 .debug_line    0x00002843      0x204 main.o

.debug_frame    0x00000000      0x7d8
 *(.debug_frame)
 .debug_frame   0x00000000       0xf8 Lib/I2C.o
 .debug_frame   0x000000f8      0x380 Lib/resources.o
 .debug_frame   0x00000478       0x24 Lib/simon.o
 .debug_frame   0x0000049c      0x318 Lib/text_adv.o
 .debug_frame   0x000007b4       0x24 main.o

.debug_str      0x00000000     0x1791
 *(.debug_str)
 .debug_str     0x00000000      0xacf C:/Program Files (x86)/Atmel/Studio/7.0/Packs/atmel/ATtiny_DFP/1.3.229/gcc/dev/attiny1617/avrxmega3/crtattiny1617.o
 .debug_str     0x00000acf      0x48f Lib/I2C.o
                                0x4c9 (size before relaxing)
 .debug_str     0x00000f5e      0x136 Lib/main_def.o
                                0x2df (size before relaxing)
 .debug_str     0x00001094      0x34d Lib/resources.o
                                0x611 (size before relaxing)
 .debug_str     0x000013e1       0x21 Lib/simon.o
                                0x1be (size before relaxing)
 .debug_str     0x00001402      0x37e Lib/text_adv.o
                                0x617 (size before relaxing)
 .debug_str     0x00001780       0x11 main.o
                                0x240 (size before relaxing)

.debug_loc      0x00000000     0x3eb4
 *(.debug_loc)
 .debug_loc     0x00000000      0x4ed Lib/I2C.o
 .debug_loc     0x000004ed      0xcfb Lib/resources.o
 .debug_loc     0x000011e8     0x2cb8 Lib/text_adv.o
 .debug_loc     0x00003ea0       0x14 main.o

.debug_macinfo
 *(.debug_macinfo)

.debug_weaknames
 *(.debug_weaknames)

.debug_funcnames
 *(.debug_funcnames)

.debug_typenames
 *(.debug_typenames)

.debug_varnames
 *(.debug_varnames)

.debug_pubtypes
 *(.debug_pubtypes)

.debug_ranges   0x00000000      0x308
 *(.debug_ranges)
 .debug_ranges  0x00000000       0x58 Lib/I2C.o
 .debug_ranges  0x00000058      0x100 Lib/resources.o
 .debug_ranges  0x00000158       0x10 Lib/simon.o
 .debug_ranges  0x00000168      0x190 Lib/text_adv.o
 .debug_ranges  0x000002f8       0x10 main.o

.debug_macro
 *(.debug_macro)
OUTPUT(ISR_IO.elf elf32-avr)
LOAD linker stubs
