Archive member included to satisfy reference by file (symbol)

c:/program files (x86)/atmel/studio/7.0/toolchain/avr8/avr8-gnu-toolchain/bin/../lib/gcc/avr/5.4.0/avrxmega3\libgcc.a(_udivmodhi4.o)
                              Lib/resources.o (__udivmodhi4)
c:/program files (x86)/atmel/studio/7.0/toolchain/avr8/avr8-gnu-toolchain/bin/../lib/gcc/avr/5.4.0/avrxmega3\libgcc.a(_exit.o)
                              C:/Program Files (x86)/Atmel/Studio/7.0/Packs/atmel/ATtiny_DFP/1.3.229/gcc/dev/attiny1617/avrxmega3/crtattiny1617.o (exit)
c:/program files (x86)/atmel/studio/7.0/toolchain/avr8/avr8-gnu-toolchain/bin/../lib/gcc/avr/5.4.0/avrxmega3\libgcc.a(_copy_data.o)
                              Lib/main_def.o (__do_copy_data)
c:/program files (x86)/atmel/studio/7.0/toolchain/avr8/avr8-gnu-toolchain/bin/../lib/gcc/avr/5.4.0/avrxmega3\libgcc.a(_clear_bss.o)
                              Lib/main_def.o (__do_clear_bss)
c:/program files (x86)/atmel/studio/7.0/toolchain/avr8/avr8-gnu-toolchain/bin/../lib/gcc/avr/5.4.0/avrxmega3\libgcc.a(_umulhisi3.o)
                              Lib/text_adv.o (__umulhisi3)

Allocating common symbols
Common symbol       size              file

buttonState         0x1               Lib/main_def.o
timeout_I2C         0x1               Lib/main_def.o
gameState           0x10              Lib/main_def.o
serRx               0x41              Lib/main_def.o
auVolume            0x1               Lib/main_def.o
adcBtns             0x2               Lib/main_def.o
serTxAddr           0x2               Lib/main_def.o
adcHall             0x2               Lib/main_def.o
adcPhot             0x2               Lib/main_def.o
txBuffer            0x21              Lib/text_adv.o
detHdPh             0x1               Lib/main_def.o
auIn                0x20              Lib/main_def.o
iLED                0x28              Lib/main_def.o
auPlayDone          0x1               Lib/main_def.o
tmp16bit            0x2               Lib/resources.o
adcTemp             0x1               Lib/main_def.o

Discarded input sections

 .data          0x00000000        0x0 C:/Program Files (x86)/Atmel/Studio/7.0/Packs/atmel/ATtiny_DFP/1.3.229/gcc/dev/attiny1617/avrxmega3/crtattiny1617.o
 .bss           0x00000000        0x0 C:/Program Files (x86)/Atmel/Studio/7.0/Packs/atmel/ATtiny_DFP/1.3.229/gcc/dev/attiny1617/avrxmega3/crtattiny1617.o
 .text          0x00000000        0x0 Lib/I2C.o
 .data          0x00000000        0x0 Lib/I2C.o
 .bss           0x00000000        0x0 Lib/I2C.o
 .text.I2C_rep_start
                0x00000000        0x6 Lib/I2C.o
 .text.I2C_write_bytes
                0x00000000       0xa6 Lib/I2C.o
 .text          0x00000000        0x0 Lib/main_def.o
 .data          0x00000000        0x0 Lib/main_def.o
 .bss           0x00000000        0x0 Lib/main_def.o
 .rodata.QSINE  0x00000000       0x20 Lib/main_def.o
 .text          0x00000000        0x0 Lib/resources.o
 .data          0x00000000        0x0 Lib/resources.o
 .bss           0x00000000        0x0 Lib/resources.o
 .text.SelectTSens
                0x00000000       0x1e Lib/resources.o
 .text.SelectAuIn
                0x00000000       0x1e Lib/resources.o
 .text          0x00000000        0x0 Lib/simon.o
 .data          0x00000000        0x0 Lib/simon.o
 .bss           0x00000000        0x0 Lib/simon.o
 .text          0x00000000        0x0 Lib/text_adv.o
 .data          0x00000000        0x0 Lib/text_adv.o
 .bss           0x00000000        0x0 Lib/text_adv.o
 .text.ReadAddr
                0x00000000       0x3c Lib/text_adv.o
 .text.UpdateState
                0x00000000       0x1c Lib/text_adv.o
 .text          0x00000000        0x0 main.o
 .data          0x00000000        0x0 main.o
 .bss           0x00000000        0x0 main.o
 .text          0x00000000        0x0 c:/program files (x86)/atmel/studio/7.0/toolchain/avr8/avr8-gnu-toolchain/bin/../lib/gcc/avr/5.4.0/avrxmega3\libgcc.a(_udivmodhi4.o)
 .data          0x00000000        0x0 c:/program files (x86)/atmel/studio/7.0/toolchain/avr8/avr8-gnu-toolchain/bin/../lib/gcc/avr/5.4.0/avrxmega3\libgcc.a(_udivmodhi4.o)
 .bss           0x00000000        0x0 c:/program files (x86)/atmel/studio/7.0/toolchain/avr8/avr8-gnu-toolchain/bin/../lib/gcc/avr/5.4.0/avrxmega3\libgcc.a(_udivmodhi4.o)
 .text.libgcc.mul
                0x00000000        0x0 c:/program files (x86)/atmel/studio/7.0/toolchain/avr8/avr8-gnu-toolchain/bin/../lib/gcc/avr/5.4.0/avrxmega3\libgcc.a(_udivmodhi4.o)
 .text.libgcc   0x00000000        0x0 c:/program files (x86)/atmel/studio/7.0/toolchain/avr8/avr8-gnu-toolchain/bin/../lib/gcc/avr/5.4.0/avrxmega3\libgcc.a(_udivmodhi4.o)
 .text.libgcc.prologue
                0x00000000        0x0 c:/program files (x86)/atmel/studio/7.0/toolchain/avr8/avr8-gnu-toolchain/bin/../lib/gcc/avr/5.4.0/avrxmega3\libgcc.a(_udivmodhi4.o)
 .text.libgcc.builtins
                0x00000000        0x0 c:/program files (x86)/atmel/studio/7.0/toolchain/avr8/avr8-gnu-toolchain/bin/../lib/gcc/avr/5.4.0/avrxmega3\libgcc.a(_udivmodhi4.o)
 .text.libgcc.fmul
                0x00000000        0x0 c:/program files (x86)/atmel/studio/7.0/toolchain/avr8/avr8-gnu-toolchain/bin/../lib/gcc/avr/5.4.0/avrxmega3\libgcc.a(_udivmodhi4.o)
 .text.libgcc.fixed
                0x00000000        0x0 c:/program files (x86)/atmel/studio/7.0/toolchain/avr8/avr8-gnu-toolchain/bin/../lib/gcc/avr/5.4.0/avrxmega3\libgcc.a(_udivmodhi4.o)
 .text          0x00000000        0x0 c:/program files (x86)/atmel/studio/7.0/toolchain/avr8/avr8-gnu-toolchain/bin/../lib/gcc/avr/5.4.0/avrxmega3\libgcc.a(_exit.o)
 .data          0x00000000        0x0 c:/program files (x86)/atmel/studio/7.0/toolchain/avr8/avr8-gnu-toolchain/bin/../lib/gcc/avr/5.4.0/avrxmega3\libgcc.a(_exit.o)
 .bss           0x00000000        0x0 c:/program files (x86)/atmel/studio/7.0/toolchain/avr8/avr8-gnu-toolchain/bin/../lib/gcc/avr/5.4.0/avrxmega3\libgcc.a(_exit.o)
 .text.libgcc.mul
                0x00000000        0x0 c:/program files (x86)/atmel/studio/7.0/toolchain/avr8/avr8-gnu-toolchain/bin/../lib/gcc/avr/5.4.0/avrxmega3\libgcc.a(_exit.o)
 .text.libgcc.div
                0x00000000        0x0 c:/program files (x86)/atmel/studio/7.0/toolchain/avr8/avr8-gnu-toolchain/bin/../lib/gcc/avr/5.4.0/avrxmega3\libgcc.a(_exit.o)
 .text.libgcc   0x00000000        0x0 c:/program files (x86)/atmel/studio/7.0/toolchain/avr8/avr8-gnu-toolchain/bin/../lib/gcc/avr/5.4.0/avrxmega3\libgcc.a(_exit.o)
 .text.libgcc.prologue
                0x00000000        0x0 c:/program files (x86)/atmel/studio/7.0/toolchain/avr8/avr8-gnu-toolchain/bin/../lib/gcc/avr/5.4.0/avrxmega3\libgcc.a(_exit.o)
 .text.libgcc.builtins
                0x00000000        0x0 c:/program files (x86)/atmel/studio/7.0/toolchain/avr8/avr8-gnu-toolchain/bin/../lib/gcc/avr/5.4.0/avrxmega3\libgcc.a(_exit.o)
 .text.libgcc.fmul
                0x00000000        0x0 c:/program files (x86)/atmel/studio/7.0/toolchain/avr8/avr8-gnu-toolchain/bin/../lib/gcc/avr/5.4.0/avrxmega3\libgcc.a(_exit.o)
 .text.libgcc.fixed
                0x00000000        0x0 c:/program files (x86)/atmel/studio/7.0/toolchain/avr8/avr8-gnu-toolchain/bin/../lib/gcc/avr/5.4.0/avrxmega3\libgcc.a(_exit.o)
 .text          0x00000000        0x0 c:/program files (x86)/atmel/studio/7.0/toolchain/avr8/avr8-gnu-toolchain/bin/../lib/gcc/avr/5.4.0/avrxmega3\libgcc.a(_copy_data.o)
 .data          0x00000000        0x0 c:/program files (x86)/atmel/studio/7.0/toolchain/avr8/avr8-gnu-toolchain/bin/../lib/gcc/avr/5.4.0/avrxmega3\libgcc.a(_copy_data.o)
 .bss           0x00000000        0x0 c:/program files (x86)/atmel/studio/7.0/toolchain/avr8/avr8-gnu-toolchain/bin/../lib/gcc/avr/5.4.0/avrxmega3\libgcc.a(_copy_data.o)
 .text.libgcc.mul
                0x00000000        0x0 c:/program files (x86)/atmel/studio/7.0/toolchain/avr8/avr8-gnu-toolchain/bin/../lib/gcc/avr/5.4.0/avrxmega3\libgcc.a(_copy_data.o)
 .text.libgcc.div
                0x00000000        0x0 c:/program files (x86)/atmel/studio/7.0/toolchain/avr8/avr8-gnu-toolchain/bin/../lib/gcc/avr/5.4.0/avrxmega3\libgcc.a(_copy_data.o)
 .text.libgcc   0x00000000        0x0 c:/program files (x86)/atmel/studio/7.0/toolchain/avr8/avr8-gnu-toolchain/bin/../lib/gcc/avr/5.4.0/avrxmega3\libgcc.a(_copy_data.o)
 .text.libgcc.prologue
                0x00000000        0x0 c:/program files (x86)/atmel/studio/7.0/toolchain/avr8/avr8-gnu-toolchain/bin/../lib/gcc/avr/5.4.0/avrxmega3\libgcc.a(_copy_data.o)
 .text.libgcc.builtins
                0x00000000        0x0 c:/program files (x86)/atmel/studio/7.0/toolchain/avr8/avr8-gnu-toolchain/bin/../lib/gcc/avr/5.4.0/avrxmega3\libgcc.a(_copy_data.o)
 .text.libgcc.fmul
                0x00000000        0x0 c:/program files (x86)/atmel/studio/7.0/toolchain/avr8/avr8-gnu-toolchain/bin/../lib/gcc/avr/5.4.0/avrxmega3\libgcc.a(_copy_data.o)
 .text.libgcc.fixed
                0x00000000        0x0 c:/program files (x86)/atmel/studio/7.0/toolchain/avr8/avr8-gnu-toolchain/bin/../lib/gcc/avr/5.4.0/avrxmega3\libgcc.a(_copy_data.o)
 .text          0x00000000        0x0 c:/program files (x86)/atmel/studio/7.0/toolchain/avr8/avr8-gnu-toolchain/bin/../lib/gcc/avr/5.4.0/avrxmega3\libgcc.a(_clear_bss.o)
 .data          0x00000000        0x0 c:/program files (x86)/atmel/studio/7.0/toolchain/avr8/avr8-gnu-toolchain/bin/../lib/gcc/avr/5.4.0/avrxmega3\libgcc.a(_clear_bss.o)
 .bss           0x00000000        0x0 c:/program files (x86)/atmel/studio/7.0/toolchain/avr8/avr8-gnu-toolchain/bin/../lib/gcc/avr/5.4.0/avrxmega3\libgcc.a(_clear_bss.o)
 .text.libgcc.mul
                0x00000000        0x0 c:/program files (x86)/atmel/studio/7.0/toolchain/avr8/avr8-gnu-toolchain/bin/../lib/gcc/avr/5.4.0/avrxmega3\libgcc.a(_clear_bss.o)
 .text.libgcc.div
                0x00000000        0x0 c:/program files (x86)/atmel/studio/7.0/toolchain/avr8/avr8-gnu-toolchain/bin/../lib/gcc/avr/5.4.0/avrxmega3\libgcc.a(_clear_bss.o)
 .text.libgcc   0x00000000        0x0 c:/program files (x86)/atmel/studio/7.0/toolchain/avr8/avr8-gnu-toolchain/bin/../lib/gcc/avr/5.4.0/avrxmega3\libgcc.a(_clear_bss.o)
 .text.libgcc.prologue
                0x00000000        0x0 c:/program files (x86)/atmel/studio/7.0/toolchain/avr8/avr8-gnu-toolchain/bin/../lib/gcc/avr/5.4.0/avrxmega3\libgcc.a(_clear_bss.o)
 .text.libgcc.builtins
                0x00000000        0x0 c:/program files (x86)/atmel/studio/7.0/toolchain/avr8/avr8-gnu-toolchain/bin/../lib/gcc/avr/5.4.0/avrxmega3\libgcc.a(_clear_bss.o)
 .text.libgcc.fmul
                0x00000000        0x0 c:/program files (x86)/atmel/studio/7.0/toolchain/avr8/avr8-gnu-toolchain/bin/../lib/gcc/avr/5.4.0/avrxmega3\libgcc.a(_clear_bss.o)
 .text.libgcc.fixed
                0x00000000        0x0 c:/program files (x86)/atmel/studio/7.0/toolchain/avr8/avr8-gnu-toolchain/bin/../lib/gcc/avr/5.4.0/avrxmega3\libgcc.a(_clear_bss.o)
 .text          0x00000000        0x0 c:/program files (x86)/atmel/studio/7.0/toolchain/avr8/avr8-gnu-toolchain/bin/../lib/gcc/avr/5.4.0/avrxmega3\libgcc.a(_umulhisi3.o)
 .data          0x00000000        0x0 c:/program files (x86)/atmel/studio/7.0/toolchain/avr8/avr8-gnu-toolchain/bin/../lib/gcc/avr/5.4.0/avrxmega3\libgcc.a(_umulhisi3.o)
 .bss           0x00000000        0x0 c:/program files (x86)/atmel/studio/7.0/toolchain/avr8/avr8-gnu-toolchain/bin/../lib/gcc/avr/5.4.0/avrxmega3\libgcc.a(_umulhisi3.o)
 .text.libgcc.div
                0x00000000        0x0 c:/program files (x86)/atmel/studio/7.0/toolchain/avr8/avr8-gnu-toolchain/bin/../lib/gcc/avr/5.4.0/avrxmega3\libgcc.a(_umulhisi3.o)
 .text.libgcc   0x00000000        0x0 c:/program files (x86)/atmel/studio/7.0/toolchain/avr8/avr8-gnu-toolchain/bin/../lib/gcc/avr/5.4.0/avrxmega3\libgcc.a(_umulhisi3.o)
 .text.libgcc.prologue
                0x00000000        0x0 c:/program files (x86)/atmel/studio/7.0/toolchain/avr8/avr8-gnu-toolchain/bin/../lib/gcc/avr/5.4.0/avrxmega3\libgcc.a(_umulhisi3.o)
 .text.libgcc.builtins
                0x00000000        0x0 c:/program files (x86)/atmel/studio/7.0/toolchain/avr8/avr8-gnu-toolchain/bin/../lib/gcc/avr/5.4.0/avrxmega3\libgcc.a(_umulhisi3.o)
 .text.libgcc.fmul
                0x00000000        0x0 c:/program files (x86)/atmel/studio/7.0/toolchain/avr8/avr8-gnu-toolchain/bin/../lib/gcc/avr/5.4.0/avrxmega3\libgcc.a(_umulhisi3.o)
 .text.libgcc.fixed
                0x00000000        0x0 c:/program files (x86)/atmel/studio/7.0/toolchain/avr8/avr8-gnu-toolchain/bin/../lib/gcc/avr/5.4.0/avrxmega3\libgcc.a(_umulhisi3.o)

Memory Configuration

Name             Origin             Length             Attributes
text             0x00000000         0x00100000         xr
data             0x00802000         0x0000ffa0         rw !x
eeprom           0x00810000         0x00010000         rw !x
fuse             0x00820000         0x00000009         rw !x
lock             0x00830000         0x00000400         rw !x
signature        0x00840000         0x00000400         rw !x
user_signatures  0x00850000         0x00000400         rw !x
*default*        0x00000000         0xffffffff

Linker script and memory map

Address of section .data set to 0x803800
                0x00008000                __RODATA_PM_OFFSET__ = 0x8000
LOAD C:/Program Files (x86)/Atmel/Studio/7.0/Packs/atmel/ATtiny_DFP/1.3.229/gcc/dev/attiny1617/avrxmega3/crtattiny1617.o
LOAD Lib/I2C.o
LOAD Lib/main_def.o
LOAD Lib/resources.o
LOAD Lib/simon.o
LOAD Lib/text_adv.o
LOAD main.o
START GROUP
LOAD c:/program files (x86)/atmel/studio/7.0/toolchain/avr8/avr8-gnu-toolchain/bin/../lib/gcc/avr/5.4.0/../../../../avr/lib/avrxmega3\libm.a
END GROUP
START GROUP
LOAD c:/program files (x86)/atmel/studio/7.0/toolchain/avr8/avr8-gnu-toolchain/bin/../lib/gcc/avr/5.4.0/avrxmega3\libgcc.a
LOAD c:/program files (x86)/atmel/studio/7.0/toolchain/avr8/avr8-gnu-toolchain/bin/../lib/gcc/avr/5.4.0/../../../../avr/lib/avrxmega3\libm.a
LOAD c:/program files (x86)/atmel/studio/7.0/toolchain/avr8/avr8-gnu-toolchain/bin/../lib/gcc/avr/5.4.0/../../../../avr/lib/avrxmega3\libc.a
LOAD C:/Program Files (x86)/Atmel/Studio/7.0/Packs/atmel/ATtiny_DFP/1.3.229/gcc/dev/attiny1617/avrxmega3\libattiny1617.a
END GROUP
                0x00000000                __TEXT_REGION_ORIGIN__ = DEFINED (__TEXT_REGION_ORIGIN__)?__TEXT_REGION_ORIGIN__:0x0
                0x00802000                __DATA_REGION_ORIGIN__ = DEFINED (__DATA_REGION_ORIGIN__)?__DATA_REGION_ORIGIN__:0x802000
                0x00100000                __TEXT_REGION_LENGTH__ = DEFINED (__TEXT_REGION_LENGTH__)?__TEXT_REGION_LENGTH__:0x100000
                0x0000ffa0                __DATA_REGION_LENGTH__ = DEFINED (__DATA_REGION_LENGTH__)?__DATA_REGION_LENGTH__:0xffa0
                0x00010000                __EEPROM_REGION_LENGTH__ = DEFINED (__EEPROM_REGION_LENGTH__)?__EEPROM_REGION_LENGTH__:0x10000
                [0x00000009]                __FUSE_REGION_LENGTH__ = DEFINED (__FUSE_REGION_LENGTH__)?__FUSE_REGION_LENGTH__:0x400
                0x00000400                __LOCK_REGION_LENGTH__ = DEFINED (__LOCK_REGION_LENGTH__)?__LOCK_REGION_LENGTH__:0x400
                0x00000400                __SIGNATURE_REGION_LENGTH__ = DEFINED (__SIGNATURE_REGION_LENGTH__)?__SIGNATURE_REGION_LENGTH__:0x400
                0x00000400                __USER_SIGNATURE_REGION_LENGTH__ = DEFINED (__USER_SIGNATURE_REGION_LENGTH__)?__USER_SIGNATURE_REGION_LENGTH__:0x400
                0x00008000                __RODATA_PM_OFFSET__ = DEFINED (__RODATA_PM_OFFSET__)?__RODATA_PM_OFFSET__:0x8000

.hash
 *(.hash)

.dynsym
 *(.dynsym)

.dynstr
 *(.dynstr)

.gnu.version
 *(.gnu.version)

.gnu.version_d
 *(.gnu.version_d)

.gnu.version_r
 *(.gnu.version_r)

.rel.init
 *(.rel.init)

.rela.init
 *(.rela.init)

.rel.text
 *(.rel.text)
 *(.rel.text.*)
 *(.rel.gnu.linkonce.t*)

.rela.text
 *(.rela.text)
 *(.rela.text.*)
 *(.rela.gnu.linkonce.t*)

.rel.fini
 *(.rel.fini)

.rela.fini
 *(.rela.fini)

.rel.rodata
 *(.rel.rodata)
 *(.rel.rodata.*)
 *(.rel.gnu.linkonce.r*)

.rela.rodata
 *(.rela.rodata)
 *(.rela.rodata.*)
 *(.rela.gnu.linkonce.r*)

.rel.data
 *(.rel.data)
 *(.rel.data.*)
 *(.rel.gnu.linkonce.d*)

.rela.data
 *(.rela.data)
 *(.rela.data.*)
 *(.rela.gnu.linkonce.d*)

.rel.ctors
 *(.rel.ctors)

.rela.ctors
 *(.rela.ctors)

.rel.dtors
 *(.rel.dtors)

.rela.dtors
 *(.rela.dtors)

.rel.got
 *(.rel.got)

.rela.got
 *(.rela.got)

.rel.bss
 *(.rel.bss)

.rela.bss
 *(.rela.bss)

.rel.plt
 *(.rel.plt)

.rela.plt
 *(.rela.plt)

.text           0x00000000     0x1ada
 *(.vectors)
 .vectors       0x00000000       0x7c C:/Program Files (x86)/Atmel/Studio/7.0/Packs/atmel/ATtiny_DFP/1.3.229/gcc/dev/attiny1617/avrxmega3/crtattiny1617.o
                0x00000000                __vector_default
                0x00000000                __vectors
 *(.vectors)
 *(.progmem.gcc*)
                0x0000007c                . = ALIGN (0x2)
                0x0000007c                __trampolines_start = .
 *(.trampolines)
 .trampolines   0x0000007c        0x0 linker stubs
 *(.trampolines*)
                0x0000007c                __trampolines_end = .
 *libprintf_flt.a:*(.progmem.data)
 *libc.a:*(.progmem.data)
 *(.progmem*)
                0x0000007c                . = ALIGN (0x2)
 *(.jumptables)
 *(.jumptables*)
 *(.lowtext)
 *(.lowtext*)
                0x0000007c                __ctors_start = .
 *(.ctors)
                0x0000007c                __ctors_end = .
                0x0000007c                __dtors_start = .
 *(.dtors)
                0x0000007c                __dtors_end = .
 SORT(*)(.ctors)
 SORT(*)(.dtors)
 *(.init0)
 .init0         0x0000007c        0x0 C:/Program Files (x86)/Atmel/Studio/7.0/Packs/atmel/ATtiny_DFP/1.3.229/gcc/dev/attiny1617/avrxmega3/crtattiny1617.o
                0x0000007c                __init
 *(.init0)
 *(.init1)
 *(.init1)
 *(.init2)
 .init2         0x0000007c        0xc C:/Program Files (x86)/Atmel/Studio/7.0/Packs/atmel/ATtiny_DFP/1.3.229/gcc/dev/attiny1617/avrxmega3/crtattiny1617.o
 *(.init2)
 *(.init3)
 *(.init3)
 *(.init4)
 .init4         0x00000088       0x16 c:/program files (x86)/atmel/studio/7.0/toolchain/avr8/avr8-gnu-toolchain/bin/../lib/gcc/avr/5.4.0/avrxmega3\libgcc.a(_copy_data.o)
                0x00000088                __do_copy_data
 .init4         0x0000009e       0x10 c:/program files (x86)/atmel/studio/7.0/toolchain/avr8/avr8-gnu-toolchain/bin/../lib/gcc/avr/5.4.0/avrxmega3\libgcc.a(_clear_bss.o)
                0x0000009e                __do_clear_bss
 *(.init4)
 *(.init5)
 *(.init5)
 *(.init6)
 *(.init6)
 *(.init7)
 *(.init7)
 *(.init8)
 *(.init8)
 *(.init9)
 .init9         0x000000ae        0x8 C:/Program Files (x86)/Atmel/Studio/7.0/Packs/atmel/ATtiny_DFP/1.3.229/gcc/dev/attiny1617/avrxmega3/crtattiny1617.o
 *(.init9)
 *(.text)
 .text          0x000000b6        0x2 C:/Program Files (x86)/Atmel/Studio/7.0/Packs/atmel/ATtiny_DFP/1.3.229/gcc/dev/attiny1617/avrxmega3/crtattiny1617.o
                0x000000b6                __vector_1
                0x000000b6                __vector_24
                0x000000b6                __vector_12
                0x000000b6                __bad_interrupt
                0x000000b6                __vector_3
                0x000000b6                __vector_23
                0x000000b6                __vector_30
                0x000000b6                __vector_25
                0x000000b6                __vector_11
                0x000000b6                __vector_17
                0x000000b6                __vector_19
                0x000000b6                __vector_5
                0x000000b6                __vector_4
                0x000000b6                __vector_9
                0x000000b6                __vector_2
                0x000000b6                __vector_21
                0x000000b6                __vector_15
                0x000000b6                __vector_29
                0x000000b6                __vector_26
                0x000000b6                __vector_10
                0x000000b6                __vector_16
                0x000000b6                __vector_18
                0x000000b8                . = ALIGN (0x2)
 *(.text.*)
 .text.I2C_init
                0x000000b8       0x3c Lib/I2C.o
                0x000000b8                I2C_init
 .text.I2C_recover
                0x000000f4       0x6a Lib/I2C.o
                0x000000f4                I2C_recover
 .text.I2C_start
                0x0000015e       0x20 Lib/I2C.o
                0x0000015e                I2C_start
 .text.I2C_wait_ACK
                0x0000017e       0x4e Lib/I2C.o
                0x0000017e                I2C_wait_ACK
 .text.I2C_read
                0x000001cc       0x82 Lib/I2C.o
                0x000001cc                I2C_read
 .text.I2C_write
                0x0000024e       0x4a Lib/I2C.o
                0x0000024e                I2C_write
 .text.I2C_stop
                0x00000298        0xc Lib/I2C.o
                0x00000298                I2C_stop
 .text.I2C_read_bytes
                0x000002a4       0xb0 Lib/I2C.o
                0x000002a4                I2C_read_bytes
 .text.Setup    0x00000354      0x22c Lib/resources.o
                0x00000354                Setup
 .text.__vector_8
                0x00000580       0xa8 Lib/resources.o
                0x00000580                __vector_8
 .text.__vector_13
                0x00000628       0x66 Lib/resources.o
                0x00000628                __vector_13
 .text.__vector_14
                0x0000068e       0xa6 Lib/resources.o
                0x0000068e                __vector_14
 .text.__vector_27
                0x00000734       0x68 Lib/resources.o
                0x00000734                __vector_27
 .text.__vector_28
                0x0000079c       0x38 Lib/resources.o
                0x0000079c                __vector_28
 .text.__vector_20
                0x000007d4       0x5c Lib/resources.o
                0x000007d4                __vector_20
 .text.__vector_22
                0x00000830       0xa0 Lib/resources.o
                0x00000830                __vector_22
 .text.__vector_6
                0x000008d0       0xaa Lib/resources.o
                0x000008d0                __vector_6
 .text.__vector_7
                0x0000097a       0x22 Lib/resources.o
                0x0000097a                __vector_7
 .text.EERead   0x0000099c       0x26 Lib/resources.o
                0x0000099c                EERead
 .text.EEWrite  0x000009c2       0x92 Lib/resources.o
                0x000009c2                EEWrite
 .text.SerSend  0x00000a54       0x24 Lib/resources.o
                0x00000a54                SerSend
 .text.SerSpeed
                0x00000a78       0x22 Lib/resources.o
                0x00000a78                SerSpeed
 .text.CheckButtons
                0x00000a9a       0xd0 Lib/resources.o
                0x00000a9a                CheckButtons
 .text.lfsr     0x00000b6a       0x3e Lib/resources.o
                0x00000b6a                lfsr
 .text.floatSpeed
                0x00000ba8       0x68 Lib/resources.o
                0x00000ba8                floatSpeed
 .text.floatAround
                0x00000c10       0x4a Lib/resources.o
                0x00000c10                floatAround
 .text.SaveGameState
                0x00000c5a       0x72 Lib/resources.o
                0x00000c5a                SaveGameState
 .text.ReadStatusBit
                0x00000ccc       0x28 Lib/resources.o
                0x00000ccc                ReadStatusBit
 .text.WriteStatusBit
                0x00000cf4       0x5a Lib/resources.o
                0x00000cf4                WriteStatusBit
 .text.Reset    0x00000d4e       0x6c Lib/resources.o
                0x00000d4e                Reset
 .text.GenerateAudio
                0x00000dba       0xf2 Lib/resources.o
                0x00000dba                GenerateAudio
 .text.BastetDictates
                0x00000eac        0x4 Lib/simon.o
                0x00000eac                BastetDictates
 .text.DecryptData
                0x00000eb0       0x3c Lib/text_adv.o
                0x00000eb0                DecryptData
 .text.ExtEERead
                0x00000eec       0x64 Lib/text_adv.o
                0x00000eec                ExtEERead
 .text.ClearTxAfter
                0x00000f50       0x18 Lib/text_adv.o
                0x00000f50                ClearTxAfter
 .text.StartsWith
                0x00000f68       0x22 Lib/text_adv.o
                0x00000f68                StartsWith
 .text.PrepareSending
                0x00000f8a       0xac Lib/text_adv.o
                0x00000f8a                PrepareSending
 .text.PopulateObject
                0x00001036      0x114 Lib/text_adv.o
                0x00001036                PopulateObject
 .text.SendLiteral
                0x0000114a       0x78 Lib/text_adv.o
                0x0000114a                SendLiteral
 .text.GetState
                0x000011c2        0xc Lib/text_adv.o
                0x000011c2                GetState
 .text.CheckState
                0x000011ce       0x24 Lib/text_adv.o
                0x000011ce                CheckState
 .text.CheckLetter
                0x000011f2       0xb6 Lib/text_adv.o
                0x000011f2                CheckLetter
 .text.FindChild
                0x000012a8       0xae Lib/text_adv.o
                0x000012a8                FindChild
 .text.InpOkChk
                0x00001356       0x1a Lib/text_adv.o
                0x00001356                InpOkChk
 .text.CleanInput
                0x00001370       0x4c Lib/text_adv.o
                0x00001370                CleanInput
 .text.CheckSend
                0x000013bc       0xfe Lib/text_adv.o
                0x000013bc                CheckSend
 .text.CheckInput
                0x000014ba      0x114 Lib/text_adv.o
                0x000014ba                CheckInput
 .text.ProcessInput
                0x000015ce      0x324 Lib/text_adv.o
                0x000015ce                ProcessInput
 .text.TextAdventure
                0x000018f2       0x2a Lib/text_adv.o
                0x000018f2                TextAdventure
 .text.main     0x0000191c      0x174 main.o
                0x0000191c                main
 .text.libgcc.div
                0x00001a90       0x28 c:/program files (x86)/atmel/studio/7.0/toolchain/avr8/avr8-gnu-toolchain/bin/../lib/gcc/avr/5.4.0/avrxmega3\libgcc.a(_udivmodhi4.o)
                0x00001a90                __udivmodhi4
 .text.libgcc.mul
                0x00001ab8       0x1e c:/program files (x86)/atmel/studio/7.0/toolchain/avr8/avr8-gnu-toolchain/bin/../lib/gcc/avr/5.4.0/avrxmega3\libgcc.a(_umulhisi3.o)
                0x00001ab8                __umulhisi3
                0x00001ad6                . = ALIGN (0x2)
 *(.fini9)
 .fini9         0x00001ad6        0x0 c:/program files (x86)/atmel/studio/7.0/toolchain/avr8/avr8-gnu-toolchain/bin/../lib/gcc/avr/5.4.0/avrxmega3\libgcc.a(_exit.o)
                0x00001ad6                _exit
                0x00001ad6                exit
 *(.fini9)
 *(.fini8)
 *(.fini8)
 *(.fini7)
 *(.fini7)
 *(.fini6)
 *(.fini6)
 *(.fini5)
 *(.fini5)
 *(.fini4)
 *(.fini4)
 *(.fini3)
 *(.fini3)
 *(.fini2)
 *(.fini2)
 *(.fini1)
 *(.fini1)
 *(.fini0)
 .fini0         0x00001ad6        0x4 c:/program files (x86)/atmel/studio/7.0/toolchain/avr8/avr8-gnu-toolchain/bin/../lib/gcc/avr/5.4.0/avrxmega3\libgcc.a(_exit.o)
 *(.fini0)
                0x00001ada                _etext = .

.rodata         0x00009ada       0x62 load address 0x00001ada
 *(.rodata)
 *(.rodata*)
 .rodata.CAT    0x00009ada        0x1 Lib/main_def.o
                0x00009ada                CAT
 .rodata.RAT    0x00009adb        0x1 Lib/main_def.o
                0x00009adb                RAT
 .rodata.GEM    0x00009adc        0x2 Lib/main_def.o
                0x00009adc                GEM
 .rodata.WING   0x00009ade        0xa Lib/main_def.o
                0x00009ade                WING
 .rodata.EYE    0x00009ae8        0x4 Lib/main_def.o
                0x00009ae8                EYE
 .rodata.HCKR   0x00009aec        0xc Lib/main_def.o
                0x00009aec                HCKR
 .rodata.str1.1
                0x00009af8       0x10 Lib/text_adv.o
 .rodata.xor_key
                0x00009b08       0x10 Lib/text_adv.o
                0x00009b08                xor_key
 .rodata.str1.1
                0x00009b18       0x24 main.o
 *(.gnu.linkonce.r*)

.data           0x00803800       0x90 load address 0x00001b3c
                0x00803800                PROVIDE (__data_start, .)
 *(.data)
 *(.data*)
 .data.auRepAddr
                0x00803800        0x2 Lib/main_def.o
                0x00803800                auRepAddr
 .data.auSmpAddr
                0x00803802        0x2 Lib/main_def.o
                0x00803802                auSmpAddr
 .data.serTxDone
                0x00803804        0x1 Lib/main_def.o
                0x00803804                serTxDone
 .data.auBuffer.3901
                0x00803805       0x80 Lib/resources.o
 .data.state.3860
                0x00803885        0x2 Lib/resources.o
 .data.mask     0x00803887        0x8 Lib/resources.o
                0x00803887                mask
 *(.gnu.linkonce.d*)
                0x00803890                . = ALIGN (0x2)
 *fill*         0x0080388f        0x1 
                0x00803890                _edata = .
                0x00803890                PROVIDE (__data_end, .)

.bss            0x00803890      0x1f2
                0x00803890                PROVIDE (__bss_start, .)
 *(.bss)
 *(.bss*)
 .bss.adc0Chg   0x00803890        0x1 Lib/main_def.o
                0x00803890                adc0Chg
 .bss.zero      0x00803891        0x1 Lib/main_def.o
                0x00803891                zero
 .bss.auStart   0x00803892        0x1 Lib/main_def.o
                0x00803892                auStart
 .bss.effect    0x00803893        0x2 Lib/main_def.o
                0x00803893                effect
 .bss.buttonMark
                0x00803895        0x1 Lib/main_def.o
                0x00803895                buttonMark
 .bss.minuteMark
                0x00803896        0x1 Lib/main_def.o
                0x00803896                minuteMark
 .bss.serRxDone
                0x00803897        0x1 Lib/main_def.o
                0x00803897                serRxDone
 .bss.serInput.3943
                0x00803898       0x41 Lib/text_adv.o
 .bss.actObj1.3931
                0x008038d9       0x28 Lib/text_adv.o
 .bss.reactStr.3935
                0x00803901       0x30 Lib/text_adv.o
 .bss.toSend.3937
                0x00803931        0x1 Lib/text_adv.o
 .bss.actionList.3936
                0x00803932        0x1 Lib/text_adv.o
 .bss.currObj.3930
                0x00803933       0x28 Lib/text_adv.o
 .bss.route.3933
                0x0080395b       0x40 Lib/text_adv.o
 .bss.currDepth.3934
                0x0080399b        0x1 Lib/text_adv.o
 .bss.txPart.3912
                0x0080399c        0x1 Lib/text_adv.o
 .bss.txTypeNow
                0x0080399d        0x1 Lib/text_adv.o
                0x0080399d                txTypeNow
 .bss.sendPrompt
                0x0080399e        0x1 Lib/text_adv.o
                0x0080399e                sendPrompt
 .bss.txAddrNow
                0x0080399f        0x1 Lib/text_adv.o
                0x0080399f                txAddrNow
 .bss.txStrLen  0x008039a0        0x8 Lib/text_adv.o
                0x008039a0                txStrLen
 .bss.txAddrList
                0x008039a8       0x10 Lib/text_adv.o
                0x008039a8                txAddrList
 *(COMMON)
 COMMON         0x008039b8       0xa7 Lib/main_def.o
                0x008039b8                buttonState
                0x008039b9                timeout_I2C
                0x008039ba                gameState
                0x008039ca                serRx
                0x00803a0b                auVolume
                0x00803a0c                adcBtns
                0x00803a0e                serTxAddr
                0x00803a10                adcHall
                0x00803a12                adcPhot
                0x00803a14                detHdPh
                0x00803a15                auIn
                0x00803a35                iLED
                0x00803a5d                auPlayDone
                0x00803a5e                adcTemp
 COMMON         0x00803a5f        0x2 Lib/resources.o
                0x00803a5f                tmp16bit
 COMMON         0x00803a61       0x21 Lib/text_adv.o
                0x00803a61                txBuffer
                0x00803a82                PROVIDE (__bss_end, .)
                0x00001b3c                __data_load_start = LOADADDR (.data)
                0x00001bcc                __data_load_end = (__data_load_start + SIZEOF (.data))

.noinit         0x00803a82        0x0
                [!provide]                PROVIDE (__noinit_start, .)
 *(.noinit*)
                [!provide]                PROVIDE (__noinit_end, .)
                0x00803a82                _end = .
                [!provide]                PROVIDE (__heap_start, .)

.eeprom         0x00810000        0x0
 *(.eeprom*)
                0x00810000                __eeprom_end = .

.fuse
 *(.fuse)
 *(.lfuse)
 *(.hfuse)
 *(.efuse)

.lock
 *(.lock*)

.signature
 *(.signature*)

.user_signatures
 *(.user_signatures*)

.stab
 *(.stab)

.stabstr
 *(.stabstr)

.stab.excl
 *(.stab.excl)

.stab.exclstr
 *(.stab.exclstr)

.stab.index
 *(.stab.index)

.stab.indexstr
 *(.stab.indexstr)

.comment        0x00000000       0x30
 *(.comment)
 .comment       0x00000000       0x30 Lib/I2C.o
                                 0x31 (size before relaxing)
 .comment       0x00000030       0x31 Lib/main_def.o
 .comment       0x00000030       0x31 Lib/resources.o
 .comment       0x00000030       0x31 Lib/simon.o
 .comment       0x00000030       0x31 Lib/text_adv.o
 .comment       0x00000030       0x31 main.o

.note.gnu.avr.deviceinfo
                0x00000000       0x40
 .note.gnu.avr.deviceinfo
                0x00000000       0x40 C:/Program Files (x86)/Atmel/Studio/7.0/Packs/atmel/ATtiny_DFP/1.3.229/gcc/dev/attiny1617/avrxmega3/crtattiny1617.o

.note.gnu.build-id
 *(.note.gnu.build-id)

.debug
 *(.debug)

.line
 *(.line)

.debug_srcinfo
 *(.debug_srcinfo)

.debug_sfnames
 *(.debug_sfnames)

.debug_aranges  0x00000000      0x250
 *(.debug_aranges)
 .debug_aranges
                0x00000000       0x68 Lib/I2C.o
 .debug_aranges
                0x00000068       0x18 Lib/main_def.o
 .debug_aranges
                0x00000080       0xe0 Lib/resources.o
 .debug_aranges
                0x00000160       0x20 Lib/simon.o
 .debug_aranges
                0x00000180       0xb0 Lib/text_adv.o
 .debug_aranges
                0x00000230       0x20 main.o

.debug_pubnames
 *(.debug_pubnames)

.debug_info     0x00000000     0x446d
 *(.debug_info .gnu.linkonce.wi.*)
 .debug_info    0x00000000     0x19ed C:/Program Files (x86)/Atmel/Studio/7.0/Packs/atmel/ATtiny_DFP/1.3.229/gcc/dev/attiny1617/avrxmega3/crtattiny1617.o
 .debug_info    0x000019ed      0x656 Lib/I2C.o
 .debug_info    0x00002043      0x38b Lib/main_def.o
 .debug_info    0x000023ce      0xaa9 Lib/resources.o
 .debug_info    0x00002e77       0x8d Lib/simon.o
 .debug_info    0x00002f04     0x117b Lib/text_adv.o
 .debug_info    0x0000407f      0x3ee main.o

.debug_abbrev   0x00000000     0x22bf
 *(.debug_abbrev)
 .debug_abbrev  0x00000000     0x1888 C:/Program Files (x86)/Atmel/Studio/7.0/Packs/atmel/ATtiny_DFP/1.3.229/gcc/dev/attiny1617/avrxmega3/crtattiny1617.o
 .debug_abbrev  0x00001888      0x258 Lib/I2C.o
 .debug_abbrev  0x00001ae0       0x7e Lib/main_def.o
 .debug_abbrev  0x00001b5e      0x354 Lib/resources.o
 .debug_abbrev  0x00001eb2       0x51 Lib/simon.o
 .debug_abbrev  0x00001f03      0x29c Lib/text_adv.o
 .debug_abbrev  0x0000219f      0x120 main.o

.debug_line     0x00000000     0x1e05
 *(.debug_line .debug_line.* .debug_line_end)
 .debug_line    0x00000000      0x151 C:/Program Files (x86)/Atmel/Studio/7.0/Packs/atmel/ATtiny_DFP/1.3.229/gcc/dev/attiny1617/avrxmega3/crtattiny1617.o
 .debug_line    0x00000151      0x55c Lib/I2C.o
 .debug_line    0x000006ad       0x94 Lib/main_def.o
 .debug_line    0x00000741      0xaa7 Lib/resources.o
 .debug_line    0x000011e8       0xa7 Lib/simon.o
 .debug_line    0x0000128f      0x922 Lib/text_adv.o
 .debug_line    0x00001bb1      0x254 main.o

.debug_frame    0x00000000      0x790
 *(.debug_frame)
 .debug_frame   0x00000000      0x100 Lib/I2C.o
 .debug_frame   0x00000100      0x36c Lib/resources.o
 .debug_frame   0x0000046c       0x24 Lib/simon.o
 .debug_frame   0x00000490      0x2cc Lib/text_adv.o
 .debug_frame   0x0000075c       0x34 main.o

.debug_str      0x00000000     0x170a
 *(.debug_str)
 .debug_str     0x00000000      0xacf C:/Program Files (x86)/Atmel/Studio/7.0/Packs/atmel/ATtiny_DFP/1.3.229/gcc/dev/attiny1617/avrxmega3/crtattiny1617.o
 .debug_str     0x00000acf      0x48f Lib/I2C.o
                                0x4c9 (size before relaxing)
 .debug_str     0x00000f5e       0xf4 Lib/main_def.o
                                0x29d (size before relaxing)
 .debug_str     0x00001052      0x320 Lib/resources.o
                                0x5d3 (size before relaxing)
 .debug_str     0x00001372       0x21 Lib/simon.o
                                0x1be (size before relaxing)
 .debug_str     0x00001393      0x358 Lib/text_adv.o
                                0x599 (size before relaxing)
 .debug_str     0x000016eb       0x1f main.o
                                0x28a (size before relaxing)

.debug_loc      0x00000000     0x2410
 *(.debug_loc)
 .debug_loc     0x00000000      0x594 Lib/I2C.o
 .debug_loc     0x00000594      0xcb6 Lib/resources.o
 .debug_loc     0x0000124a     0x110e Lib/text_adv.o
 .debug_loc     0x00002358       0xb8 main.o

.debug_macinfo
 *(.debug_macinfo)

.debug_weaknames
 *(.debug_weaknames)

.debug_funcnames
 *(.debug_funcnames)

.debug_typenames
 *(.debug_typenames)

.debug_varnames
 *(.debug_varnames)

.debug_pubtypes
 *(.debug_pubtypes)

.debug_ranges   0x00000000      0x290
 *(.debug_ranges)
 .debug_ranges  0x00000000       0x58 Lib/I2C.o
 .debug_ranges  0x00000058       0xe8 Lib/resources.o
 .debug_ranges  0x00000140       0x10 Lib/simon.o
 .debug_ranges  0x00000150      0x130 Lib/text_adv.o
 .debug_ranges  0x00000280       0x10 main.o

.debug_macro
 *(.debug_macro)
OUTPUT(ISR_IO.elf elf32-avr)
LOAD linker stubs
