Archive member included to satisfy reference by file (symbol)

c:/program files (x86)/atmel/studio/7.0/toolchain/avr8/avr8-gnu-toolchain/bin/../lib/gcc/avr/5.4.0/avrxmega3\libgcc.a(_exit.o)
                              C:/Program Files (x86)/Atmel/Studio/7.0/Packs/atmel/ATtiny_DFP/1.3.229/gcc/dev/attiny1617/avrxmega3/crtattiny1617.o (exit)
c:/program files (x86)/atmel/studio/7.0/toolchain/avr8/avr8-gnu-toolchain/bin/../lib/gcc/avr/5.4.0/avrxmega3\libgcc.a(_tablejump2.o)
                              Lib/resources.o (__tablejump2__)
c:/program files (x86)/atmel/studio/7.0/toolchain/avr8/avr8-gnu-toolchain/bin/../lib/gcc/avr/5.4.0/avrxmega3\libgcc.a(_copy_data.o)
                              Lib/friends.o (__do_copy_data)
c:/program files (x86)/atmel/studio/7.0/toolchain/avr8/avr8-gnu-toolchain/bin/../lib/gcc/avr/5.4.0/avrxmega3\libgcc.a(_clear_bss.o)
                              Lib/friends.o (__do_clear_bss)

Allocating common symbols
Common symbol       size              file

timeout_I2C         0x1               Lib/main_def.o
gameState           0x14              Lib/main_def.o
serRx               0x41              Lib/main_def.o
auVolume            0x1               Lib/main_def.o
adcBtns             0x2               Lib/main_def.o
serTxAddr           0x2               Lib/main_def.o
adcHall             0x2               Lib/main_def.o
adcPhot             0x2               Lib/main_def.o
txBuffer            0x21              Lib/text_adv.o
detHdPh             0x1               Lib/main_def.o
calTemp             0x2               Lib/main_def.o
auIn                0x1               Lib/main_def.o
iLED                0x28              Lib/main_def.o
tmp16bit            0x2               Lib/resources.o
calHall             0x2               Lib/main_def.o
adcTemp             0x2               Lib/main_def.o

Discarded input sections

 .data          0x00000000        0x0 C:/Program Files (x86)/Atmel/Studio/7.0/Packs/atmel/ATtiny_DFP/1.3.229/gcc/dev/attiny1617/avrxmega3/crtattiny1617.o
 .bss           0x00000000        0x0 C:/Program Files (x86)/Atmel/Studio/7.0/Packs/atmel/ATtiny_DFP/1.3.229/gcc/dev/attiny1617/avrxmega3/crtattiny1617.o
 .text          0x00000000        0x0 Lib/friends.o
 .data          0x00000000        0x0 Lib/friends.o
 .bss           0x00000000        0x0 Lib/friends.o
 COMMON         0x00000000        0x0 Lib/friends.o
 .text          0x00000000        0x0 Lib/I2C.o
 .data          0x00000000        0x0 Lib/I2C.o
 .bss           0x00000000        0x0 Lib/I2C.o
 .text.I2C_rep_start
                0x00000000        0x6 Lib/I2C.o
 .text.I2C_write_bytes
                0x00000000       0x7e Lib/I2C.o
 .text          0x00000000        0x0 Lib/lanyard.o
 .data          0x00000000        0x0 Lib/lanyard.o
 .bss           0x00000000        0x0 Lib/lanyard.o
 .text          0x00000000        0x0 Lib/main_def.o
 .data          0x00000000        0x0 Lib/main_def.o
 .bss           0x00000000        0x0 Lib/main_def.o
 .text          0x00000000        0x0 Lib/maze.o
 .data          0x00000000        0x0 Lib/maze.o
 .bss           0x00000000        0x0 Lib/maze.o
 .text          0x00000000        0x0 Lib/resources.o
 .data          0x00000000        0x0 Lib/resources.o
 .bss           0x00000000        0x0 Lib/resources.o
 .text          0x00000000        0x0 Lib/simon.o
 .data          0x00000000        0x0 Lib/simon.o
 .bss           0x00000000        0x0 Lib/simon.o
 .bss.simonScore
                0x00000000        0x2 Lib/simon.o
 .text          0x00000000        0x0 Lib/text_adv.o
 .data          0x00000000        0x0 Lib/text_adv.o
 .bss           0x00000000        0x0 Lib/text_adv.o
 .text.SetResponse
                0x00000000       0x30 Lib/text_adv.o
 .bss.sendPrompt
                0x00000000        0x1 Lib/text_adv.o
 .text          0x00000000        0x0 main.o
 .data          0x00000000        0x0 main.o
 .bss           0x00000000        0x0 main.o
 .text          0x00000000        0x0 c:/program files (x86)/atmel/studio/7.0/toolchain/avr8/avr8-gnu-toolchain/bin/../lib/gcc/avr/5.4.0/avrxmega3\libgcc.a(_exit.o)
 .data          0x00000000        0x0 c:/program files (x86)/atmel/studio/7.0/toolchain/avr8/avr8-gnu-toolchain/bin/../lib/gcc/avr/5.4.0/avrxmega3\libgcc.a(_exit.o)
 .bss           0x00000000        0x0 c:/program files (x86)/atmel/studio/7.0/toolchain/avr8/avr8-gnu-toolchain/bin/../lib/gcc/avr/5.4.0/avrxmega3\libgcc.a(_exit.o)
 .text.libgcc.mul
                0x00000000        0x0 c:/program files (x86)/atmel/studio/7.0/toolchain/avr8/avr8-gnu-toolchain/bin/../lib/gcc/avr/5.4.0/avrxmega3\libgcc.a(_exit.o)
 .text.libgcc.div
                0x00000000        0x0 c:/program files (x86)/atmel/studio/7.0/toolchain/avr8/avr8-gnu-toolchain/bin/../lib/gcc/avr/5.4.0/avrxmega3\libgcc.a(_exit.o)
 .text.libgcc   0x00000000        0x0 c:/program files (x86)/atmel/studio/7.0/toolchain/avr8/avr8-gnu-toolchain/bin/../lib/gcc/avr/5.4.0/avrxmega3\libgcc.a(_exit.o)
 .text.libgcc.prologue
                0x00000000        0x0 c:/program files (x86)/atmel/studio/7.0/toolchain/avr8/avr8-gnu-toolchain/bin/../lib/gcc/avr/5.4.0/avrxmega3\libgcc.a(_exit.o)
 .text.libgcc.builtins
                0x00000000        0x0 c:/program files (x86)/atmel/studio/7.0/toolchain/avr8/avr8-gnu-toolchain/bin/../lib/gcc/avr/5.4.0/avrxmega3\libgcc.a(_exit.o)
 .text.libgcc.fmul
                0x00000000        0x0 c:/program files (x86)/atmel/studio/7.0/toolchain/avr8/avr8-gnu-toolchain/bin/../lib/gcc/avr/5.4.0/avrxmega3\libgcc.a(_exit.o)
 .text.libgcc.fixed
                0x00000000        0x0 c:/program files (x86)/atmel/studio/7.0/toolchain/avr8/avr8-gnu-toolchain/bin/../lib/gcc/avr/5.4.0/avrxmega3\libgcc.a(_exit.o)
 .text          0x00000000        0x0 c:/program files (x86)/atmel/studio/7.0/toolchain/avr8/avr8-gnu-toolchain/bin/../lib/gcc/avr/5.4.0/avrxmega3\libgcc.a(_tablejump2.o)
 .data          0x00000000        0x0 c:/program files (x86)/atmel/studio/7.0/toolchain/avr8/avr8-gnu-toolchain/bin/../lib/gcc/avr/5.4.0/avrxmega3\libgcc.a(_tablejump2.o)
 .bss           0x00000000        0x0 c:/program files (x86)/atmel/studio/7.0/toolchain/avr8/avr8-gnu-toolchain/bin/../lib/gcc/avr/5.4.0/avrxmega3\libgcc.a(_tablejump2.o)
 .text.libgcc.mul
                0x00000000        0x0 c:/program files (x86)/atmel/studio/7.0/toolchain/avr8/avr8-gnu-toolchain/bin/../lib/gcc/avr/5.4.0/avrxmega3\libgcc.a(_tablejump2.o)
 .text.libgcc.div
                0x00000000        0x0 c:/program files (x86)/atmel/studio/7.0/toolchain/avr8/avr8-gnu-toolchain/bin/../lib/gcc/avr/5.4.0/avrxmega3\libgcc.a(_tablejump2.o)
 .text.libgcc.prologue
                0x00000000        0x0 c:/program files (x86)/atmel/studio/7.0/toolchain/avr8/avr8-gnu-toolchain/bin/../lib/gcc/avr/5.4.0/avrxmega3\libgcc.a(_tablejump2.o)
 .text.libgcc.builtins
                0x00000000        0x0 c:/program files (x86)/atmel/studio/7.0/toolchain/avr8/avr8-gnu-toolchain/bin/../lib/gcc/avr/5.4.0/avrxmega3\libgcc.a(_tablejump2.o)
 .text.libgcc.fmul
                0x00000000        0x0 c:/program files (x86)/atmel/studio/7.0/toolchain/avr8/avr8-gnu-toolchain/bin/../lib/gcc/avr/5.4.0/avrxmega3\libgcc.a(_tablejump2.o)
 .text.libgcc.fixed
                0x00000000        0x0 c:/program files (x86)/atmel/studio/7.0/toolchain/avr8/avr8-gnu-toolchain/bin/../lib/gcc/avr/5.4.0/avrxmega3\libgcc.a(_tablejump2.o)
 .text          0x00000000        0x0 c:/program files (x86)/atmel/studio/7.0/toolchain/avr8/avr8-gnu-toolchain/bin/../lib/gcc/avr/5.4.0/avrxmega3\libgcc.a(_copy_data.o)
 .data          0x00000000        0x0 c:/program files (x86)/atmel/studio/7.0/toolchain/avr8/avr8-gnu-toolchain/bin/../lib/gcc/avr/5.4.0/avrxmega3\libgcc.a(_copy_data.o)
 .bss           0x00000000        0x0 c:/program files (x86)/atmel/studio/7.0/toolchain/avr8/avr8-gnu-toolchain/bin/../lib/gcc/avr/5.4.0/avrxmega3\libgcc.a(_copy_data.o)
 .text.libgcc.mul
                0x00000000        0x0 c:/program files (x86)/atmel/studio/7.0/toolchain/avr8/avr8-gnu-toolchain/bin/../lib/gcc/avr/5.4.0/avrxmega3\libgcc.a(_copy_data.o)
 .text.libgcc.div
                0x00000000        0x0 c:/program files (x86)/atmel/studio/7.0/toolchain/avr8/avr8-gnu-toolchain/bin/../lib/gcc/avr/5.4.0/avrxmega3\libgcc.a(_copy_data.o)
 .text.libgcc   0x00000000        0x0 c:/program files (x86)/atmel/studio/7.0/toolchain/avr8/avr8-gnu-toolchain/bin/../lib/gcc/avr/5.4.0/avrxmega3\libgcc.a(_copy_data.o)
 .text.libgcc.prologue
                0x00000000        0x0 c:/program files (x86)/atmel/studio/7.0/toolchain/avr8/avr8-gnu-toolchain/bin/../lib/gcc/avr/5.4.0/avrxmega3\libgcc.a(_copy_data.o)
 .text.libgcc.builtins
                0x00000000        0x0 c:/program files (x86)/atmel/studio/7.0/toolchain/avr8/avr8-gnu-toolchain/bin/../lib/gcc/avr/5.4.0/avrxmega3\libgcc.a(_copy_data.o)
 .text.libgcc.fmul
                0x00000000        0x0 c:/program files (x86)/atmel/studio/7.0/toolchain/avr8/avr8-gnu-toolchain/bin/../lib/gcc/avr/5.4.0/avrxmega3\libgcc.a(_copy_data.o)
 .text.libgcc.fixed
                0x00000000        0x0 c:/program files (x86)/atmel/studio/7.0/toolchain/avr8/avr8-gnu-toolchain/bin/../lib/gcc/avr/5.4.0/avrxmega3\libgcc.a(_copy_data.o)
 .text          0x00000000        0x0 c:/program files (x86)/atmel/studio/7.0/toolchain/avr8/avr8-gnu-toolchain/bin/../lib/gcc/avr/5.4.0/avrxmega3\libgcc.a(_clear_bss.o)
 .data          0x00000000        0x0 c:/program files (x86)/atmel/studio/7.0/toolchain/avr8/avr8-gnu-toolchain/bin/../lib/gcc/avr/5.4.0/avrxmega3\libgcc.a(_clear_bss.o)
 .bss           0x00000000        0x0 c:/program files (x86)/atmel/studio/7.0/toolchain/avr8/avr8-gnu-toolchain/bin/../lib/gcc/avr/5.4.0/avrxmega3\libgcc.a(_clear_bss.o)
 .text.libgcc.mul
                0x00000000        0x0 c:/program files (x86)/atmel/studio/7.0/toolchain/avr8/avr8-gnu-toolchain/bin/../lib/gcc/avr/5.4.0/avrxmega3\libgcc.a(_clear_bss.o)
 .text.libgcc.div
                0x00000000        0x0 c:/program files (x86)/atmel/studio/7.0/toolchain/avr8/avr8-gnu-toolchain/bin/../lib/gcc/avr/5.4.0/avrxmega3\libgcc.a(_clear_bss.o)
 .text.libgcc   0x00000000        0x0 c:/program files (x86)/atmel/studio/7.0/toolchain/avr8/avr8-gnu-toolchain/bin/../lib/gcc/avr/5.4.0/avrxmega3\libgcc.a(_clear_bss.o)
 .text.libgcc.prologue
                0x00000000        0x0 c:/program files (x86)/atmel/studio/7.0/toolchain/avr8/avr8-gnu-toolchain/bin/../lib/gcc/avr/5.4.0/avrxmega3\libgcc.a(_clear_bss.o)
 .text.libgcc.builtins
                0x00000000        0x0 c:/program files (x86)/atmel/studio/7.0/toolchain/avr8/avr8-gnu-toolchain/bin/../lib/gcc/avr/5.4.0/avrxmega3\libgcc.a(_clear_bss.o)
 .text.libgcc.fmul
                0x00000000        0x0 c:/program files (x86)/atmel/studio/7.0/toolchain/avr8/avr8-gnu-toolchain/bin/../lib/gcc/avr/5.4.0/avrxmega3\libgcc.a(_clear_bss.o)
 .text.libgcc.fixed
                0x00000000        0x0 c:/program files (x86)/atmel/studio/7.0/toolchain/avr8/avr8-gnu-toolchain/bin/../lib/gcc/avr/5.4.0/avrxmega3\libgcc.a(_clear_bss.o)

Memory Configuration

Name             Origin             Length             Attributes
text             0x00000000         0x00100000         xr
data             0x00802000         0x0000ffa0         rw !x
eeprom           0x00810000         0x00010000         rw !x
fuse             0x00820000         0x00000009         rw !x
lock             0x00830000         0x00000400         rw !x
signature        0x00840000         0x00000400         rw !x
user_signatures  0x00850000         0x00000400         rw !x
*default*        0x00000000         0xffffffff

Linker script and memory map

Address of section .data set to 0x803800
                0x00008000                __RODATA_PM_OFFSET__ = 0x8000
LOAD C:/Program Files (x86)/Atmel/Studio/7.0/Packs/atmel/ATtiny_DFP/1.3.229/gcc/dev/attiny1617/avrxmega3/crtattiny1617.o
LOAD Lib/friends.o
LOAD Lib/I2C.o
LOAD Lib/lanyard.o
LOAD Lib/main_def.o
LOAD Lib/maze.o
LOAD Lib/resources.o
LOAD Lib/simon.o
LOAD Lib/text_adv.o
LOAD main.o
START GROUP
LOAD c:/program files (x86)/atmel/studio/7.0/toolchain/avr8/avr8-gnu-toolchain/bin/../lib/gcc/avr/5.4.0/../../../../avr/lib/avrxmega3\libm.a
END GROUP
START GROUP
LOAD c:/program files (x86)/atmel/studio/7.0/toolchain/avr8/avr8-gnu-toolchain/bin/../lib/gcc/avr/5.4.0/avrxmega3\libgcc.a
LOAD c:/program files (x86)/atmel/studio/7.0/toolchain/avr8/avr8-gnu-toolchain/bin/../lib/gcc/avr/5.4.0/../../../../avr/lib/avrxmega3\libm.a
LOAD c:/program files (x86)/atmel/studio/7.0/toolchain/avr8/avr8-gnu-toolchain/bin/../lib/gcc/avr/5.4.0/../../../../avr/lib/avrxmega3\libc.a
LOAD C:/Program Files (x86)/Atmel/Studio/7.0/Packs/atmel/ATtiny_DFP/1.3.229/gcc/dev/attiny1617/avrxmega3\libattiny1617.a
END GROUP
                0x00000000                __TEXT_REGION_ORIGIN__ = DEFINED (__TEXT_REGION_ORIGIN__)?__TEXT_REGION_ORIGIN__:0x0
                0x00802000                __DATA_REGION_ORIGIN__ = DEFINED (__DATA_REGION_ORIGIN__)?__DATA_REGION_ORIGIN__:0x802000
                0x00100000                __TEXT_REGION_LENGTH__ = DEFINED (__TEXT_REGION_LENGTH__)?__TEXT_REGION_LENGTH__:0x100000
                0x0000ffa0                __DATA_REGION_LENGTH__ = DEFINED (__DATA_REGION_LENGTH__)?__DATA_REGION_LENGTH__:0xffa0
                0x00010000                __EEPROM_REGION_LENGTH__ = DEFINED (__EEPROM_REGION_LENGTH__)?__EEPROM_REGION_LENGTH__:0x10000
                [0x00000009]                __FUSE_REGION_LENGTH__ = DEFINED (__FUSE_REGION_LENGTH__)?__FUSE_REGION_LENGTH__:0x400
                0x00000400                __LOCK_REGION_LENGTH__ = DEFINED (__LOCK_REGION_LENGTH__)?__LOCK_REGION_LENGTH__:0x400
                0x00000400                __SIGNATURE_REGION_LENGTH__ = DEFINED (__SIGNATURE_REGION_LENGTH__)?__SIGNATURE_REGION_LENGTH__:0x400
                0x00000400                __USER_SIGNATURE_REGION_LENGTH__ = DEFINED (__USER_SIGNATURE_REGION_LENGTH__)?__USER_SIGNATURE_REGION_LENGTH__:0x400
                0x00008000                __RODATA_PM_OFFSET__ = DEFINED (__RODATA_PM_OFFSET__)?__RODATA_PM_OFFSET__:0x8000

.hash
 *(.hash)

.dynsym
 *(.dynsym)

.dynstr
 *(.dynstr)

.gnu.version
 *(.gnu.version)

.gnu.version_d
 *(.gnu.version_d)

.gnu.version_r
 *(.gnu.version_r)

.rel.init
 *(.rel.init)

.rela.init
 *(.rela.init)

.rel.text
 *(.rel.text)
 *(.rel.text.*)
 *(.rel.gnu.linkonce.t*)

.rela.text
 *(.rela.text)
 *(.rela.text.*)
 *(.rela.gnu.linkonce.t*)

.rel.fini
 *(.rel.fini)

.rela.fini
 *(.rela.fini)

.rel.rodata
 *(.rel.rodata)
 *(.rel.rodata.*)
 *(.rel.gnu.linkonce.r*)

.rela.rodata
 *(.rela.rodata)
 *(.rela.rodata.*)
 *(.rela.gnu.linkonce.r*)

.rel.data
 *(.rel.data)
 *(.rel.data.*)
 *(.rel.gnu.linkonce.d*)

.rela.data
 *(.rela.data)
 *(.rela.data.*)
 *(.rela.gnu.linkonce.d*)

.rel.ctors
 *(.rel.ctors)

.rela.ctors
 *(.rela.ctors)

.rel.dtors
 *(.rel.dtors)

.rela.dtors
 *(.rela.dtors)

.rel.got
 *(.rel.got)

.rela.got
 *(.rela.got)

.rel.bss
 *(.rel.bss)

.rela.bss
 *(.rela.bss)

.rel.plt
 *(.rel.plt)

.rela.plt
 *(.rela.plt)

.text           0x00000000     0x400c
 *(.vectors)
 .vectors       0x00000000       0x7c C:/Program Files (x86)/Atmel/Studio/7.0/Packs/atmel/ATtiny_DFP/1.3.229/gcc/dev/attiny1617/avrxmega3/crtattiny1617.o
                0x00000000                __vector_default
                0x00000000                __vectors
 *(.vectors)
 *(.progmem.gcc*)
 .progmem.gcc_sw_table.GenerateBlinks
                0x0000007c       0x12 Lib/resources.o
                0x0000008e                . = ALIGN (0x2)
                0x0000008e                __trampolines_start = .
 *(.trampolines)
 .trampolines   0x0000008e        0x0 linker stubs
 *(.trampolines*)
                0x0000008e                __trampolines_end = .
 *libprintf_flt.a:*(.progmem.data)
 *libc.a:*(.progmem.data)
 *(.progmem*)
                0x0000008e                . = ALIGN (0x2)
 *(.jumptables)
 *(.jumptables*)
 *(.lowtext)
 *(.lowtext*)
                0x0000008e                __ctors_start = .
 *(.ctors)
                0x0000008e                __ctors_end = .
                0x0000008e                __dtors_start = .
 *(.dtors)
                0x0000008e                __dtors_end = .
 SORT(*)(.ctors)
 SORT(*)(.dtors)
 *(.init0)
 .init0         0x0000008e        0x0 C:/Program Files (x86)/Atmel/Studio/7.0/Packs/atmel/ATtiny_DFP/1.3.229/gcc/dev/attiny1617/avrxmega3/crtattiny1617.o
                0x0000008e                __init
 *(.init0)
 *(.init1)
 *(.init1)
 *(.init2)
 .init2         0x0000008e        0xc C:/Program Files (x86)/Atmel/Studio/7.0/Packs/atmel/ATtiny_DFP/1.3.229/gcc/dev/attiny1617/avrxmega3/crtattiny1617.o
 *(.init2)
 *(.init3)
 *(.init3)
 *(.init4)
 .init4         0x0000009a       0x16 c:/program files (x86)/atmel/studio/7.0/toolchain/avr8/avr8-gnu-toolchain/bin/../lib/gcc/avr/5.4.0/avrxmega3\libgcc.a(_copy_data.o)
                0x0000009a                __do_copy_data
 .init4         0x000000b0       0x10 c:/program files (x86)/atmel/studio/7.0/toolchain/avr8/avr8-gnu-toolchain/bin/../lib/gcc/avr/5.4.0/avrxmega3\libgcc.a(_clear_bss.o)
                0x000000b0                __do_clear_bss
 *(.init4)
 *(.init5)
 *(.init5)
 *(.init6)
 *(.init6)
 *(.init7)
 *(.init7)
 *(.init8)
 *(.init8)
 *(.init9)
 .init9         0x000000c0        0x8 C:/Program Files (x86)/Atmel/Studio/7.0/Packs/atmel/ATtiny_DFP/1.3.229/gcc/dev/attiny1617/avrxmega3/crtattiny1617.o
 *(.init9)
 *(.text)
 .text          0x000000c8        0x2 C:/Program Files (x86)/Atmel/Studio/7.0/Packs/atmel/ATtiny_DFP/1.3.229/gcc/dev/attiny1617/avrxmega3/crtattiny1617.o
                0x000000c8                __vector_1
                0x000000c8                __vector_24
                0x000000c8                __vector_12
                0x000000c8                __bad_interrupt
                0x000000c8                __vector_3
                0x000000c8                __vector_23
                0x000000c8                __vector_30
                0x000000c8                __vector_25
                0x000000c8                __vector_11
                0x000000c8                __vector_17
                0x000000c8                __vector_19
                0x000000c8                __vector_5
                0x000000c8                __vector_4
                0x000000c8                __vector_9
                0x000000c8                __vector_2
                0x000000c8                __vector_21
                0x000000c8                __vector_15
                0x000000c8                __vector_29
                0x000000c8                __vector_26
                0x000000c8                __vector_10
                0x000000c8                __vector_16
                0x000000c8                __vector_18
                0x000000ca                . = ALIGN (0x2)
 *(.text.*)
 .text.chkVolt250
                0x000000ca       0x30 Lib/friends.o
                0x000000ca                chkVolt250
 .text.MakeFriends
                0x000000fa      0x274 Lib/friends.o
                0x000000fa                MakeFriends
 .text.I2C_init
                0x0000036e       0x3c Lib/I2C.o
                0x0000036e                I2C_init
 .text.I2C_recover
                0x000003aa       0x7c Lib/I2C.o
                0x000003aa                I2C_recover
 .text.I2C_start
                0x00000426       0x22 Lib/I2C.o
                0x00000426                I2C_start
 .text.I2C_wait_ACK
                0x00000448       0x4e Lib/I2C.o
                0x00000448                I2C_wait_ACK
 .text.I2C_read
                0x00000496       0x82 Lib/I2C.o
                0x00000496                I2C_read
 .text.I2C_write
                0x00000518       0x46 Lib/I2C.o
                0x00000518                I2C_write
 .text.I2C_stop
                0x0000055e        0xc Lib/I2C.o
                0x0000055e                I2C_stop
 .text.I2C_read_bytes
                0x0000056a       0x8a Lib/I2C.o
                0x0000056a                I2C_read_bytes
 .text.initLanyard
                0x000005f4       0x12 Lib/lanyard.o
                0x000005f4                initLanyard
 .text.LanyardCode
                0x00000606      0x16a Lib/lanyard.o
                0x00000606                LanyardCode
 .text.initMaze
                0x00000770       0x20 Lib/maze.o
                0x00000770                initMaze
 .text.showFieldStrength
                0x00000790       0x6e Lib/maze.o
                0x00000790                showFieldStrength
 .text.MagnetMaze
                0x000007fe      0x1fa Lib/maze.o
                0x000007fe                MagnetMaze
 .text.Setup    0x000009f8      0x222 Lib/resources.o
                0x000009f8                Setup
 .text.__vector_8
                0x00000c1a       0xa2 Lib/resources.o
                0x00000c1a                __vector_8
 .text.__vector_13
                0x00000cbc       0x66 Lib/resources.o
                0x00000cbc                __vector_13
 .text.__vector_14
                0x00000d22       0xa0 Lib/resources.o
                0x00000d22                __vector_14
 .text.__vector_27
                0x00000dc2       0xb6 Lib/resources.o
                0x00000dc2                __vector_27
 .text.__vector_28
                0x00000e78       0x38 Lib/resources.o
                0x00000e78                __vector_28
 .text.__vector_20
                0x00000eb0       0x58 Lib/resources.o
                0x00000eb0                __vector_20
 .text.__vector_22
                0x00000f08       0x90 Lib/resources.o
                0x00000f08                __vector_22
 .text.__vector_6
                0x00000f98       0xae Lib/resources.o
                0x00000f98                __vector_6
 .text.__vector_7
                0x00001046       0x22 Lib/resources.o
                0x00001046                __vector_7
 .text.EERead   0x00001068       0x20 Lib/resources.o
                0x00001068                EERead
 .text.EEWrite  0x00001088       0x50 Lib/resources.o
                0x00001088                EEWrite
 .text.DecryptData
                0x000010d8       0x34 Lib/resources.o
                0x000010d8                DecryptData
 .text.ExtEERead
                0x0000110c       0x64 Lib/resources.o
                0x0000110c                ExtEERead
 .text.SerSend  0x00001170       0x22 Lib/resources.o
                0x00001170                SerSend
 .text.SerSpeed
                0x00001192       0x22 Lib/resources.o
                0x00001192                SerSpeed
 .text.SelectTSens
                0x000011b4       0x1e Lib/resources.o
                0x000011b4                SelectTSens
 .text.SelectAuIn
                0x000011d2       0x1e Lib/resources.o
                0x000011d2                SelectAuIn
 .text.CheckButtons
                0x000011f0       0x5c Lib/resources.o
                0x000011f0                CheckButtons
 .text.lfsr     0x0000124c       0x3e Lib/resources.o
                0x0000124c                lfsr
 .text.floatSpeed
                0x0000128a       0x64 Lib/resources.o
                0x0000128a                floatSpeed
 .text.floatAround
                0x000012ee       0x64 Lib/resources.o
                0x000012ee                floatAround
 .text.SaveGameState
                0x00001352       0xe6 Lib/resources.o
                0x00001352                SaveGameState
 .text.ReadStatusBit
                0x00001438       0x28 Lib/resources.o
                0x00001438                ReadStatusBit
 .text.UpdateState
                0x00001460       0x42 Lib/resources.o
                0x00001460                UpdateState
 .text.CheckState
                0x000014a2       0x20 Lib/resources.o
                0x000014a2                CheckState
 .text.getID    0x000014c2       0x1e Lib/resources.o
                0x000014c2                getID
 .text.Reset    0x000014e0       0x34 Lib/resources.o
                0x000014e0                Reset
 .text.LoadGameState
                0x00001514       0x5a Lib/resources.o
                0x00001514                LoadGameState
 .text.HotSummer
                0x0000156e       0xca Lib/resources.o
                0x0000156e                HotSummer
 .text.WingBar  0x00001638       0x44 Lib/resources.o
                0x00001638                WingBar
 .text.SetBothEyes
                0x0000167c       0x38 Lib/resources.o
                0x0000167c                SetBothEyes
 .text.ClearHackerLeds
                0x000016b4       0x2e Lib/resources.o
                0x000016b4                ClearHackerLeds
 .text.GenerateBlinks
                0x000016e2      0x2ba Lib/resources.o
                0x000016e2                GenerateBlinks
 .text.GenerateAudio
                0x0000199c      0x26e Lib/resources.o
                0x0000199c                GenerateAudio
 .text.getClock
                0x00001c0a       0x1e Lib/resources.o
                0x00001c0a                getClock
 .text.idleTimeout
                0x00001c28       0x30 Lib/resources.o
                0x00001c28                idleTimeout
 .text.SelfTest
                0x00001c58      0x1ce Lib/resources.o
                0x00001c58                SelfTest
 .text.simonLed
                0x00001e26       0xfc Lib/simon.o
                0x00001e26                simonLed
 .text.BastetDictates
                0x00001f22      0x2fc Lib/simon.o
                0x00001f22                BastetDictates
 .text.Cheat    0x0000221e       0x7c Lib/text_adv.o
                0x0000221e                Cheat
 .text.UnflipData
                0x0000229a       0x1a Lib/text_adv.o
                0x0000229a                UnflipData
 .text.ClearTxAfter
                0x000022b4       0x14 Lib/text_adv.o
                0x000022b4                ClearTxAfter
 .text.StartsWith
                0x000022c8       0x34 Lib/text_adv.o
                0x000022c8                StartsWith
 .text.PrepareSending
                0x000022fc       0x7a Lib/text_adv.o
                0x000022fc                PrepareSending
 .text.SetStandardResponse
                0x00002376       0xf8 Lib/text_adv.o
                0x00002376                SetStandardResponse
 .text.PopulateObject
                0x0000246e       0xf2 Lib/text_adv.o
                0x0000246e                PopulateObject
 .text.CheckLetter
                0x00002560       0xac Lib/text_adv.o
                0x00002560                CheckLetter
 .text.FindChild
                0x0000260c       0xbc Lib/text_adv.o
                0x0000260c                FindChild
 .text.InpOkChk
                0x000026c8       0x1c Lib/text_adv.o
                0x000026c8                InpOkChk
 .text.CleanInput
                0x000026e4       0x46 Lib/text_adv.o
                0x000026e4                CleanInput
 .text.CheckSend
                0x0000272a       0xc6 Lib/text_adv.o
                0x0000272a                CheckSend
 .text.CheckResponse
                0x000027f0       0x80 Lib/text_adv.o
                0x000027f0                CheckResponse
 .text.CheckInput
                0x00002870      0x46a Lib/text_adv.o
                0x00002870                CheckInput
 .text.ShowInventory
                0x00002cda      0x120 Lib/text_adv.o
                0x00002cda                ShowInventory
 .text.ProcessInput
                0x00002dfa     0x106c Lib/text_adv.o
                0x00002dfa                ProcessInput
 .text.TextAdventure
                0x00003e66       0x92 Lib/text_adv.o
                0x00003e66                TextAdventure
 .text.startup.main
                0x00003ef8      0x104 main.o
                0x00003ef8                main
 .text.libgcc   0x00003ffc        0xc c:/program files (x86)/atmel/studio/7.0/toolchain/avr8/avr8-gnu-toolchain/bin/../lib/gcc/avr/5.4.0/avrxmega3\libgcc.a(_tablejump2.o)
                0x00003ffc                __tablejump2__
                0x00004008                . = ALIGN (0x2)
 *(.fini9)
 .fini9         0x00004008        0x0 c:/program files (x86)/atmel/studio/7.0/toolchain/avr8/avr8-gnu-toolchain/bin/../lib/gcc/avr/5.4.0/avrxmega3\libgcc.a(_exit.o)
                0x00004008                _exit
                0x00004008                exit
 *(.fini9)
 *(.fini8)
 *(.fini8)
 *(.fini7)
 *(.fini7)
 *(.fini6)
 *(.fini6)
 *(.fini5)
 *(.fini5)
 *(.fini4)
 *(.fini4)
 *(.fini3)
 *(.fini3)
 *(.fini2)
 *(.fini2)
 *(.fini1)
 *(.fini1)
 *(.fini0)
 .fini0         0x00004008        0x4 c:/program files (x86)/atmel/studio/7.0/toolchain/avr8/avr8-gnu-toolchain/bin/../lib/gcc/avr/5.4.0/avrxmega3\libgcc.a(_exit.o)
 *(.fini0)
                0x0000400c                _etext = .

.rodata         0x0000c00c       0xbc load address 0x0000400c
 *(.rodata)
 .rodata        0x0000c00c       0x10 Lib/text_adv.o
 *(.rodata*)
 .rodata.lanyardCode
                0x0000c01c       0x18 Lib/lanyard.o
                0x0000c01c                lanyardCode
 .rodata.CAT    0x0000c034        0x1 Lib/main_def.o
                0x0000c034                CAT
 .rodata.BADGER
                0x0000c035        0x1 Lib/main_def.o
                0x0000c035                BADGER
 .rodata.SCARAB
                0x0000c036        0x2 Lib/main_def.o
                0x0000c036                SCARAB
 .rodata.WING   0x0000c038        0xa Lib/main_def.o
                0x0000c038                WING
 .rodata.EYE    0x0000c042        0x4 Lib/main_def.o
                0x0000c042                EYE
 .rodata.HCKR   0x0000c046        0xc Lib/main_def.o
                0x0000c046                HCKR
 .rodata.QSINE  0x0000c052       0x20 Lib/main_def.o
                0x0000c052                QSINE
 .rodata.xor_key
                0x0000c072       0x10 Lib/main_def.o
                0x0000c072                xor_key
 .rodata.mazeCode
                0x0000c082       0x12 Lib/maze.o
                0x0000c082                mazeCode
 .rodata.str1.1
                0x0000c094       0x24 Lib/text_adv.o
 .rodata.names  0x0000c0b8       0x10 Lib/text_adv.o
                0x0000c0b8                names
 *(.gnu.linkonce.r*)

.data           0x00803800       0x30 load address 0x000040c8
                0x00803800                PROVIDE (__data_start, .)
 *(.data)
 *(.data*)
 .data.setDAC.3789
                0x00803800        0x2 Lib/friends.o
 .data.lanyardState
                0x00803802        0x1 Lib/lanyard.o
                0x00803802                lanyardState
 .data.auRepAddr
                0x00803803        0x2 Lib/main_def.o
                0x00803803                auRepAddr
 .data.auSmpAddr
                0x00803805        0x2 Lib/main_def.o
                0x00803805                auSmpAddr
 .data.lastButtonState
                0x00803807        0x1 Lib/main_def.o
                0x00803807                lastButtonState
 .data.buttonState
                0x00803808        0x1 Lib/main_def.o
                0x00803808                buttonState
 .data.serTxDone
                0x00803809        0x1 Lib/main_def.o
                0x00803809                serTxDone
 .data.dimValueSum
                0x0080380a        0x2 Lib/main_def.o
                0x0080380a                dimValueSum
 .data.dimValue
                0x0080380c        0x1 Lib/main_def.o
                0x0080380c                dimValue
 .data.mazeState
                0x0080380d        0x1 Lib/maze.o
                0x0080380d                mazeState
 .data.auBuffer.4031
                0x0080380e        0x3 Lib/resources.o
 .data.auBuffer.4022
                0x00803811       0x11 Lib/resources.o
 .data.state.3910
                0x00803822        0x2 Lib/resources.o
 .data.previousValue.3900
                0x00803824        0x1 Lib/resources.o
 .data.mask     0x00803825        0x8 Lib/resources.o
                0x00803825                mask
 .data.simonNextGameState
                0x0080382d        0x1 Lib/simon.o
                0x0080382d                simonNextGameState
 .data.currDepth
                0x0080382e        0x1 Lib/text_adv.o
 *(.gnu.linkonce.d*)
                0x00803830                . = ALIGN (0x2)
 *fill*         0x0080382f        0x1 
                0x00803830                _edata = .
                0x00803830                PROVIDE (__data_end, .)

.bss            0x00803830      0x2e2
                0x00803830                PROVIDE (__bss_start, .)
 *(.bss)
 *(.bss*)
 .bss.candidate.3792
                0x00803830        0x1 Lib/friends.o
 .bss.jackIn.3791
                0x00803831        0x1 Lib/friends.o
 .bss.chkTmr.3790
                0x00803832        0x1 Lib/friends.o
 .bss.progress.3788
                0x00803833        0x1 Lib/friends.o
 .bss.lanyardLastActive
                0x00803834        0x2 Lib/lanyard.o
                0x00803834                lanyardLastActive
 .bss.lanyardCnt
                0x00803836        0x1 Lib/lanyard.o
                0x00803836                lanyardCnt
 .bss.lanyardPos
                0x00803837        0x1 Lib/lanyard.o
                0x00803837                lanyardPos
 .bss.adc0Chg   0x00803838        0x1 Lib/main_def.o
                0x00803838                adc0Chg
 .bss.zero      0x00803839        0x1 Lib/main_def.o
                0x00803839                zero
 .bss.effect    0x0080383a        0x2 Lib/main_def.o
                0x0080383a                effect
 .bss.gameNow   0x0080383c        0x1 Lib/main_def.o
                0x0080383c                gameNow
 .bss.whoami    0x0080383d        0x1 Lib/main_def.o
                0x0080383d                whoami
 .bss.inventory
                0x0080383e        0x4 Lib/main_def.o
                0x0080383e                inventory
 .bss.buttonMark
                0x00803842        0x1 Lib/main_def.o
                0x00803842                buttonMark
 .bss.minuteMark
                0x00803843        0x1 Lib/main_def.o
                0x00803843                minuteMark
 .bss.serRxDone
                0x00803844        0x1 Lib/main_def.o
                0x00803844                serRxDone
 .bss.mazeLastActive
                0x00803845        0x2 Lib/maze.o
                0x00803845                mazeLastActive
 .bss.inverted  0x00803847        0x1 Lib/maze.o
                0x00803847                inverted
 .bss.mazeCnt   0x00803848        0x1 Lib/maze.o
                0x00803848                mazeCnt
 .bss.mazeHckrPos
                0x00803849        0x1 Lib/maze.o
                0x00803849                mazeHckrPos
 .bss.mazePos   0x0080384a        0x1 Lib/maze.o
                0x0080384a                mazePos
 .bss.newHallState
                0x0080384b        0x1 Lib/maze.o
                0x0080384b                newHallState
 .bss.curHallState
                0x0080384c        0x1 Lib/maze.o
                0x0080384c                curHallState
 .bss.duration.4032
                0x0080384d        0x1 Lib/resources.o
 .bss.start.4033
                0x0080384e        0x1 Lib/resources.o
 .bss.auBuffer.4026
                0x0080384f        0x7 Lib/resources.o
 .bss.loudness.4023
                0x00803856        0x1 Lib/resources.o
 .bss.duration.4024
                0x00803857        0x1 Lib/resources.o
 .bss.start.4025
                0x00803858        0x1 Lib/resources.o
 .bss.cooledDown.3965
                0x00803859        0x1 Lib/resources.o
 .bss.LedCount  0x0080385a        0x1 Lib/resources.o
                0x0080385a                LedCount
 .bss.HeartCount
                0x0080385b        0x1 Lib/resources.o
                0x0080385b                HeartCount
 .bss.simonGameState
                0x0080385c        0x1 Lib/simon.o
                0x0080385c                simonGameState
 .bss.simonCounter
                0x0080385d        0x1 Lib/simon.o
                0x0080385d                simonCounter
 .bss.simonWait
                0x0080385e        0x1 Lib/simon.o
                0x0080385e                simonWait
 .bss.simonTimer
                0x0080385f        0x1 Lib/simon.o
                0x0080385f                simonTimer
 .bss.simonInputPos
                0x00803860        0x1 Lib/simon.o
                0x00803860                simonInputPos
 .bss.simonPos  0x00803861        0x1 Lib/simon.o
                0x00803861                simonPos
 .bss.simonState
                0x00803862        0xc Lib/simon.o
                0x00803862                simonState
 .bss.serInput.4015
                0x0080386e       0x41 Lib/text_adv.o
 .bss.actObj2.3990
                0x008038af       0x2b Lib/text_adv.o
 .bss.actObj1.3989
                0x008038da       0x2b Lib/text_adv.o
 .bss.number.3941
                0x00803905        0x1 Lib/text_adv.o
 .bss.txPart.3937
                0x00803906        0x1 Lib/text_adv.o
 .bss.PunishmentTime
                0x00803907        0x2 Lib/text_adv.o
 .bss.specialPassed
                0x00803909        0x1 Lib/text_adv.o
 .bss.specialInput
                0x0080390a       0x10 Lib/text_adv.o
 .bss.responseList
                0x0080391a        0x1 Lib/text_adv.o
 .bss.reactStr  0x0080391b       0xc0 Lib/text_adv.o
 .bss.route     0x008039db       0x40 Lib/text_adv.o
 .bss.currObj   0x00803a1b       0x2b Lib/text_adv.o
 .bss.txTypeNow
                0x00803a46        0x1 Lib/text_adv.o
                0x00803a46                txTypeNow
 .bss.txAddrNow
                0x00803a47        0x1 Lib/text_adv.o
                0x00803a47                txAddrNow
 .bss.txStrLen  0x00803a48        0x8 Lib/text_adv.o
                0x00803a48                txStrLen
 .bss.txAddrList
                0x00803a50       0x10 Lib/text_adv.o
                0x00803a50                txAddrList
 *(COMMON)
 COMMON         0x00803a60       0x8f Lib/main_def.o
                0x00803a60                timeout_I2C
                0x00803a61                gameState
                0x00803a75                serRx
                0x00803ab6                auVolume
                0x00803ab7                adcBtns
                0x00803ab9                serTxAddr
                0x00803abb                adcHall
                0x00803abd                adcPhot
                0x00803abf                detHdPh
                0x00803ac0                calTemp
                0x00803ac2                auIn
                0x00803ac3                iLED
                0x00803aeb                calHall
                0x00803aed                adcTemp
 COMMON         0x00803aef        0x2 Lib/resources.o
                0x00803aef                tmp16bit
 COMMON         0x00803af1       0x21 Lib/text_adv.o
                0x00803af1                txBuffer
                0x00803b12                PROVIDE (__bss_end, .)
                0x000040c8                __data_load_start = LOADADDR (.data)
                0x000040f8                __data_load_end = (__data_load_start + SIZEOF (.data))

.noinit         0x00803b12        0x0
                [!provide]                PROVIDE (__noinit_start, .)
 *(.noinit*)
                [!provide]                PROVIDE (__noinit_end, .)
                0x00803b12                _end = .
                [!provide]                PROVIDE (__heap_start, .)

.eeprom         0x00810000        0x0
 *(.eeprom*)
                0x00810000                __eeprom_end = .

.fuse
 *(.fuse)
 *(.lfuse)
 *(.hfuse)
 *(.efuse)

.lock
 *(.lock*)

.signature
 *(.signature*)

.user_signatures
 *(.user_signatures*)

.stab
 *(.stab)

.stabstr
 *(.stabstr)

.stab.excl
 *(.stab.excl)

.stab.exclstr
 *(.stab.exclstr)

.stab.index
 *(.stab.index)

.stab.indexstr
 *(.stab.indexstr)

.comment        0x00000000       0x30
 *(.comment)
 .comment       0x00000000       0x30 Lib/friends.o
                                 0x31 (size before relaxing)
 .comment       0x00000030       0x31 Lib/I2C.o
 .comment       0x00000030       0x31 Lib/lanyard.o
 .comment       0x00000030       0x31 Lib/main_def.o
 .comment       0x00000030       0x31 Lib/maze.o
 .comment       0x00000030       0x31 Lib/resources.o
 .comment       0x00000030       0x31 Lib/simon.o
 .comment       0x00000030       0x31 Lib/text_adv.o
 .comment       0x00000030       0x31 main.o

.note.gnu.avr.deviceinfo
                0x00000000       0x40
 .note.gnu.avr.deviceinfo
                0x00000000       0x40 C:/Program Files (x86)/Atmel/Studio/7.0/Packs/atmel/ATtiny_DFP/1.3.229/gcc/dev/attiny1617/avrxmega3/crtattiny1617.o

.note.gnu.build-id
 *(.note.gnu.build-id)

.debug
 *(.debug)

.line
 *(.line)

.debug_srcinfo
 *(.debug_srcinfo)

.debug_sfnames
 *(.debug_sfnames)

.debug_aranges  0x00000000      0x338
 *(.debug_aranges)
 .debug_aranges
                0x00000000       0x28 Lib/friends.o
 .debug_aranges
                0x00000028       0x68 Lib/I2C.o
 .debug_aranges
                0x00000090       0x28 Lib/lanyard.o
 .debug_aranges
                0x000000b8       0x18 Lib/main_def.o
 .debug_aranges
                0x000000d0       0x30 Lib/maze.o
 .debug_aranges
                0x00000100      0x148 Lib/resources.o
 .debug_aranges
                0x00000248       0x28 Lib/simon.o
 .debug_aranges
                0x00000270       0xa8 Lib/text_adv.o
 .debug_aranges
                0x00000318       0x20 main.o

.debug_pubnames
 *(.debug_pubnames)

.debug_info     0x00000000     0x6d5d
 *(.debug_info .gnu.linkonce.wi.*)
 .debug_info    0x00000000     0x19ed C:/Program Files (x86)/Atmel/Studio/7.0/Packs/atmel/ATtiny_DFP/1.3.229/gcc/dev/attiny1617/avrxmega3/crtattiny1617.o
 .debug_info    0x000019ed      0x374 Lib/friends.o
 .debug_info    0x00001d61      0x6f7 Lib/I2C.o
 .debug_info    0x00002458      0x2ef Lib/lanyard.o
 .debug_info    0x00002747      0x44a Lib/main_def.o
 .debug_info    0x00002b91      0x3e4 Lib/maze.o
 .debug_info    0x00002f75     0x12ed Lib/resources.o
 .debug_info    0x00004262      0x3e1 Lib/simon.o
 .debug_info    0x00004643     0x246c Lib/text_adv.o
 .debug_info    0x00006aaf      0x2ae main.o

.debug_abbrev   0x00000000     0x28cd
 *(.debug_abbrev)
 .debug_abbrev  0x00000000     0x1888 C:/Program Files (x86)/Atmel/Studio/7.0/Packs/atmel/ATtiny_DFP/1.3.229/gcc/dev/attiny1617/avrxmega3/crtattiny1617.o
 .debug_abbrev  0x00001888      0x15f Lib/friends.o
 .debug_abbrev  0x000019e7      0x26f Lib/I2C.o
 .debug_abbrev  0x00001c56      0x11a Lib/lanyard.o
 .debug_abbrev  0x00001d70       0x96 Lib/main_def.o
 .debug_abbrev  0x00001e06      0x193 Lib/maze.o
 .debug_abbrev  0x00001f99      0x37f Lib/resources.o
 .debug_abbrev  0x00002318      0x178 Lib/simon.o
 .debug_abbrev  0x00002490      0x36d Lib/text_adv.o
 .debug_abbrev  0x000027fd       0xd0 main.o

.debug_line     0x00000000     0x3e77
 *(.debug_line .debug_line.* .debug_line_end)
 .debug_line    0x00000000      0x151 C:/Program Files (x86)/Atmel/Studio/7.0/Packs/atmel/ATtiny_DFP/1.3.229/gcc/dev/attiny1617/avrxmega3/crtattiny1617.o
 .debug_line    0x00000151      0x3ba Lib/friends.o
 .debug_line    0x0000050b      0x598 Lib/I2C.o
 .debug_line    0x00000aa3      0x274 Lib/lanyard.o
 .debug_line    0x00000d17      0x106 Lib/main_def.o
 .debug_line    0x00000e1d      0x350 Lib/maze.o
 .debug_line    0x0000116d     0x11c8 Lib/resources.o
 .debug_line    0x00002335      0x487 Lib/simon.o
 .debug_line    0x000027bc     0x14aa Lib/text_adv.o
 .debug_line    0x00003c66      0x211 main.o

.debug_frame    0x00000000      0xa18
 *(.debug_frame)
 .debug_frame   0x00000000       0x54 Lib/friends.o
 .debug_frame   0x00000054       0xf8 Lib/I2C.o
 .debug_frame   0x0000014c       0x3c Lib/lanyard.o
 .debug_frame   0x00000188       0x50 Lib/maze.o
 .debug_frame   0x000001d8      0x4bc Lib/resources.o
 .debug_frame   0x00000694       0x4c Lib/simon.o
 .debug_frame   0x000006e0      0x314 Lib/text_adv.o
 .debug_frame   0x000009f4       0x24 main.o

.debug_str      0x00000000     0x1a89
 *(.debug_str)
 .debug_str     0x00000000      0xacf C:/Program Files (x86)/Atmel/Studio/7.0/Packs/atmel/ATtiny_DFP/1.3.229/gcc/dev/attiny1617/avrxmega3/crtattiny1617.o
 .debug_str     0x00000acf      0x27c Lib/friends.o
                                0x2b0 (size before relaxing)
 .debug_str     0x00000d4b      0x326 Lib/I2C.o
                                0x4e7 (size before relaxing)
 .debug_str     0x00001071       0xb3 Lib/lanyard.o
                                0x2ba (size before relaxing)
 .debug_str     0x00001124       0xc6 Lib/main_def.o
                                0x30f (size before relaxing)
 .debug_str     0x000011ea       0xa0 Lib/maze.o
                                0x2e1 (size before relaxing)
 .debug_str     0x0000128a      0x3d4 Lib/resources.o
                                0x77c (size before relaxing)
 .debug_str     0x0000165e       0x9b Lib/simon.o
                                0x2dd (size before relaxing)
 .debug_str     0x000016f9      0x37f Lib/text_adv.o
                                0x628 (size before relaxing)
 .debug_str     0x00001a78       0x11 main.o
                                0x2c8 (size before relaxing)

.debug_loc      0x00000000     0x42d2
 *(.debug_loc)
 .debug_loc     0x00000000      0x133 Lib/friends.o
 .debug_loc     0x00000133      0x4ed Lib/I2C.o
 .debug_loc     0x00000620       0x22 Lib/lanyard.o
 .debug_loc     0x00000642       0xfb Lib/maze.o
 .debug_loc     0x0000073d     0x1154 Lib/resources.o
 .debug_loc     0x00001891      0x147 Lib/simon.o
 .debug_loc     0x000019d8     0x28fa Lib/text_adv.o

.debug_macinfo
 *(.debug_macinfo)

.debug_weaknames
 *(.debug_weaknames)

.debug_funcnames
 *(.debug_funcnames)

.debug_typenames
 *(.debug_typenames)

.debug_varnames
 *(.debug_varnames)

.debug_pubtypes
 *(.debug_pubtypes)

.debug_ranges   0x00000000      0x3a8
 *(.debug_ranges)
 .debug_ranges  0x00000000       0x18 Lib/friends.o
 .debug_ranges  0x00000018       0x58 Lib/I2C.o
 .debug_ranges  0x00000070       0x18 Lib/lanyard.o
 .debug_ranges  0x00000088       0x20 Lib/maze.o
 .debug_ranges  0x000000a8      0x150 Lib/resources.o
 .debug_ranges  0x000001f8       0x18 Lib/simon.o
 .debug_ranges  0x00000210      0x188 Lib/text_adv.o
 .debug_ranges  0x00000398       0x10 main.o

.debug_macro
 *(.debug_macro)
OUTPUT(ISR_IO.elf elf32-avr)
LOAD linker stubs
