Archive member included to satisfy reference by file (symbol)

c:/program files (x86)/atmel/studio/7.0/toolchain/avr8/avr8-gnu-toolchain/bin/../lib/gcc/avr/5.4.0/avrxmega3\libgcc.a(_exit.o)
                              C:/Program Files (x86)/Atmel/Studio/7.0/Packs/atmel/ATtiny_DFP/1.3.229/gcc/dev/attiny1617/avrxmega3/crtattiny1617.o (exit)
c:/program files (x86)/atmel/studio/7.0/toolchain/avr8/avr8-gnu-toolchain/bin/../lib/gcc/avr/5.4.0/avrxmega3\libgcc.a(_tablejump2.o)
                              Lib/resources.o (__tablejump2__)
c:/program files (x86)/atmel/studio/7.0/toolchain/avr8/avr8-gnu-toolchain/bin/../lib/gcc/avr/5.4.0/avrxmega3\libgcc.a(_copy_data.o)
                              Lib/friends.o (__do_copy_data)
c:/program files (x86)/atmel/studio/7.0/toolchain/avr8/avr8-gnu-toolchain/bin/../lib/gcc/avr/5.4.0/avrxmega3\libgcc.a(_clear_bss.o)
                              Lib/friends.o (__do_clear_bss)
c:/program files (x86)/atmel/studio/7.0/toolchain/avr8/avr8-gnu-toolchain/bin/../lib/gcc/avr/5.4.0/avrxmega3\libgcc.a(_prologue.o)
                              Lib/resources.o (__prologue_saves__)
c:/program files (x86)/atmel/studio/7.0/toolchain/avr8/avr8-gnu-toolchain/bin/../lib/gcc/avr/5.4.0/avrxmega3\libgcc.a(_epilogue.o)
                              Lib/resources.o (__epilogue_restores__)

Allocating common symbols
Common symbol       size              file

readDataI2C         0x1               Lib/main_def.o
gameState           0x14              Lib/main_def.o
serRx               0x41              Lib/main_def.o
addrDataI2C         0x2               Lib/main_def.o
auVolume            0x1               Lib/main_def.o
adcBtns             0x2               Lib/main_def.o
serTxAddr           0x2               Lib/main_def.o
adcHall             0x2               Lib/main_def.o
adcPhot             0x2               Lib/main_def.o
bytesLeftI2C        0x1               Lib/main_def.o
txBuffer            0x21              Lib/text_adv.o
detHdPh             0x1               Lib/main_def.o
calTemp             0x2               Lib/main_def.o
auIn                0x1               Lib/main_def.o
iLED                0x28              Lib/main_def.o
tmp16bit            0x2               Lib/resources.o
calHall             0x2               Lib/main_def.o
adcTemp             0x2               Lib/main_def.o

Discarded input sections

 .data          0x00000000        0x0 C:/Program Files (x86)/Atmel/Studio/7.0/Packs/atmel/ATtiny_DFP/1.3.229/gcc/dev/attiny1617/avrxmega3/crtattiny1617.o
 .bss           0x00000000        0x0 C:/Program Files (x86)/Atmel/Studio/7.0/Packs/atmel/ATtiny_DFP/1.3.229/gcc/dev/attiny1617/avrxmega3/crtattiny1617.o
 .text          0x00000000        0x0 Lib/friends.o
 .data          0x00000000        0x0 Lib/friends.o
 .bss           0x00000000        0x0 Lib/friends.o
 COMMON         0x00000000        0x0 Lib/friends.o
 .text          0x00000000        0x0 Lib/lanyard.o
 .data          0x00000000        0x0 Lib/lanyard.o
 .bss           0x00000000        0x0 Lib/lanyard.o
 .text          0x00000000        0x0 Lib/main_def.o
 .data          0x00000000        0x0 Lib/main_def.o
 .bss           0x00000000        0x0 Lib/main_def.o
 .bss.oldTicker
                0x00000000        0x1 Lib/main_def.o
 .text          0x00000000        0x0 Lib/maze.o
 .data          0x00000000        0x0 Lib/maze.o
 .bss           0x00000000        0x0 Lib/maze.o
 .text          0x00000000        0x0 Lib/resources.o
 .data          0x00000000        0x0 Lib/resources.o
 .bss           0x00000000        0x0 Lib/resources.o
 .text.Play     0x00000000       0x26 Lib/resources.o
 .text          0x00000000        0x0 Lib/simon.o
 .data          0x00000000        0x0 Lib/simon.o
 .bss           0x00000000        0x0 Lib/simon.o
 .bss.simonScore
                0x00000000        0x2 Lib/simon.o
 .text          0x00000000        0x0 Lib/text_adv.o
 .data          0x00000000        0x0 Lib/text_adv.o
 .bss           0x00000000        0x0 Lib/text_adv.o
 .text.SetResponse
                0x00000000       0x30 Lib/text_adv.o
 .bss.sendPrompt
                0x00000000        0x1 Lib/text_adv.o
 .text          0x00000000        0x0 main.o
 .data          0x00000000        0x0 main.o
 .bss           0x00000000        0x0 main.o
 .text          0x00000000        0x0 c:/program files (x86)/atmel/studio/7.0/toolchain/avr8/avr8-gnu-toolchain/bin/../lib/gcc/avr/5.4.0/avrxmega3\libgcc.a(_exit.o)
 .data          0x00000000        0x0 c:/program files (x86)/atmel/studio/7.0/toolchain/avr8/avr8-gnu-toolchain/bin/../lib/gcc/avr/5.4.0/avrxmega3\libgcc.a(_exit.o)
 .bss           0x00000000        0x0 c:/program files (x86)/atmel/studio/7.0/toolchain/avr8/avr8-gnu-toolchain/bin/../lib/gcc/avr/5.4.0/avrxmega3\libgcc.a(_exit.o)
 .text.libgcc.mul
                0x00000000        0x0 c:/program files (x86)/atmel/studio/7.0/toolchain/avr8/avr8-gnu-toolchain/bin/../lib/gcc/avr/5.4.0/avrxmega3\libgcc.a(_exit.o)
 .text.libgcc.div
                0x00000000        0x0 c:/program files (x86)/atmel/studio/7.0/toolchain/avr8/avr8-gnu-toolchain/bin/../lib/gcc/avr/5.4.0/avrxmega3\libgcc.a(_exit.o)
 .text.libgcc   0x00000000        0x0 c:/program files (x86)/atmel/studio/7.0/toolchain/avr8/avr8-gnu-toolchain/bin/../lib/gcc/avr/5.4.0/avrxmega3\libgcc.a(_exit.o)
 .text.libgcc.prologue
                0x00000000        0x0 c:/program files (x86)/atmel/studio/7.0/toolchain/avr8/avr8-gnu-toolchain/bin/../lib/gcc/avr/5.4.0/avrxmega3\libgcc.a(_exit.o)
 .text.libgcc.builtins
                0x00000000        0x0 c:/program files (x86)/atmel/studio/7.0/toolchain/avr8/avr8-gnu-toolchain/bin/../lib/gcc/avr/5.4.0/avrxmega3\libgcc.a(_exit.o)
 .text.libgcc.fmul
                0x00000000        0x0 c:/program files (x86)/atmel/studio/7.0/toolchain/avr8/avr8-gnu-toolchain/bin/../lib/gcc/avr/5.4.0/avrxmega3\libgcc.a(_exit.o)
 .text.libgcc.fixed
                0x00000000        0x0 c:/program files (x86)/atmel/studio/7.0/toolchain/avr8/avr8-gnu-toolchain/bin/../lib/gcc/avr/5.4.0/avrxmega3\libgcc.a(_exit.o)
 .text          0x00000000        0x0 c:/program files (x86)/atmel/studio/7.0/toolchain/avr8/avr8-gnu-toolchain/bin/../lib/gcc/avr/5.4.0/avrxmega3\libgcc.a(_tablejump2.o)
 .data          0x00000000        0x0 c:/program files (x86)/atmel/studio/7.0/toolchain/avr8/avr8-gnu-toolchain/bin/../lib/gcc/avr/5.4.0/avrxmega3\libgcc.a(_tablejump2.o)
 .bss           0x00000000        0x0 c:/program files (x86)/atmel/studio/7.0/toolchain/avr8/avr8-gnu-toolchain/bin/../lib/gcc/avr/5.4.0/avrxmega3\libgcc.a(_tablejump2.o)
 .text.libgcc.mul
                0x00000000        0x0 c:/program files (x86)/atmel/studio/7.0/toolchain/avr8/avr8-gnu-toolchain/bin/../lib/gcc/avr/5.4.0/avrxmega3\libgcc.a(_tablejump2.o)
 .text.libgcc.div
                0x00000000        0x0 c:/program files (x86)/atmel/studio/7.0/toolchain/avr8/avr8-gnu-toolchain/bin/../lib/gcc/avr/5.4.0/avrxmega3\libgcc.a(_tablejump2.o)
 .text.libgcc.prologue
                0x00000000        0x0 c:/program files (x86)/atmel/studio/7.0/toolchain/avr8/avr8-gnu-toolchain/bin/../lib/gcc/avr/5.4.0/avrxmega3\libgcc.a(_tablejump2.o)
 .text.libgcc.builtins
                0x00000000        0x0 c:/program files (x86)/atmel/studio/7.0/toolchain/avr8/avr8-gnu-toolchain/bin/../lib/gcc/avr/5.4.0/avrxmega3\libgcc.a(_tablejump2.o)
 .text.libgcc.fmul
                0x00000000        0x0 c:/program files (x86)/atmel/studio/7.0/toolchain/avr8/avr8-gnu-toolchain/bin/../lib/gcc/avr/5.4.0/avrxmega3\libgcc.a(_tablejump2.o)
 .text.libgcc.fixed
                0x00000000        0x0 c:/program files (x86)/atmel/studio/7.0/toolchain/avr8/avr8-gnu-toolchain/bin/../lib/gcc/avr/5.4.0/avrxmega3\libgcc.a(_tablejump2.o)
 .text          0x00000000        0x0 c:/program files (x86)/atmel/studio/7.0/toolchain/avr8/avr8-gnu-toolchain/bin/../lib/gcc/avr/5.4.0/avrxmega3\libgcc.a(_copy_data.o)
 .data          0x00000000        0x0 c:/program files (x86)/atmel/studio/7.0/toolchain/avr8/avr8-gnu-toolchain/bin/../lib/gcc/avr/5.4.0/avrxmega3\libgcc.a(_copy_data.o)
 .bss           0x00000000        0x0 c:/program files (x86)/atmel/studio/7.0/toolchain/avr8/avr8-gnu-toolchain/bin/../lib/gcc/avr/5.4.0/avrxmega3\libgcc.a(_copy_data.o)
 .text.libgcc.mul
                0x00000000        0x0 c:/program files (x86)/atmel/studio/7.0/toolchain/avr8/avr8-gnu-toolchain/bin/../lib/gcc/avr/5.4.0/avrxmega3\libgcc.a(_copy_data.o)
 .text.libgcc.div
                0x00000000        0x0 c:/program files (x86)/atmel/studio/7.0/toolchain/avr8/avr8-gnu-toolchain/bin/../lib/gcc/avr/5.4.0/avrxmega3\libgcc.a(_copy_data.o)
 .text.libgcc   0x00000000        0x0 c:/program files (x86)/atmel/studio/7.0/toolchain/avr8/avr8-gnu-toolchain/bin/../lib/gcc/avr/5.4.0/avrxmega3\libgcc.a(_copy_data.o)
 .text.libgcc.prologue
                0x00000000        0x0 c:/program files (x86)/atmel/studio/7.0/toolchain/avr8/avr8-gnu-toolchain/bin/../lib/gcc/avr/5.4.0/avrxmega3\libgcc.a(_copy_data.o)
 .text.libgcc.builtins
                0x00000000        0x0 c:/program files (x86)/atmel/studio/7.0/toolchain/avr8/avr8-gnu-toolchain/bin/../lib/gcc/avr/5.4.0/avrxmega3\libgcc.a(_copy_data.o)
 .text.libgcc.fmul
                0x00000000        0x0 c:/program files (x86)/atmel/studio/7.0/toolchain/avr8/avr8-gnu-toolchain/bin/../lib/gcc/avr/5.4.0/avrxmega3\libgcc.a(_copy_data.o)
 .text.libgcc.fixed
                0x00000000        0x0 c:/program files (x86)/atmel/studio/7.0/toolchain/avr8/avr8-gnu-toolchain/bin/../lib/gcc/avr/5.4.0/avrxmega3\libgcc.a(_copy_data.o)
 .text          0x00000000        0x0 c:/program files (x86)/atmel/studio/7.0/toolchain/avr8/avr8-gnu-toolchain/bin/../lib/gcc/avr/5.4.0/avrxmega3\libgcc.a(_clear_bss.o)
 .data          0x00000000        0x0 c:/program files (x86)/atmel/studio/7.0/toolchain/avr8/avr8-gnu-toolchain/bin/../lib/gcc/avr/5.4.0/avrxmega3\libgcc.a(_clear_bss.o)
 .bss           0x00000000        0x0 c:/program files (x86)/atmel/studio/7.0/toolchain/avr8/avr8-gnu-toolchain/bin/../lib/gcc/avr/5.4.0/avrxmega3\libgcc.a(_clear_bss.o)
 .text.libgcc.mul
                0x00000000        0x0 c:/program files (x86)/atmel/studio/7.0/toolchain/avr8/avr8-gnu-toolchain/bin/../lib/gcc/avr/5.4.0/avrxmega3\libgcc.a(_clear_bss.o)
 .text.libgcc.div
                0x00000000        0x0 c:/program files (x86)/atmel/studio/7.0/toolchain/avr8/avr8-gnu-toolchain/bin/../lib/gcc/avr/5.4.0/avrxmega3\libgcc.a(_clear_bss.o)
 .text.libgcc   0x00000000        0x0 c:/program files (x86)/atmel/studio/7.0/toolchain/avr8/avr8-gnu-toolchain/bin/../lib/gcc/avr/5.4.0/avrxmega3\libgcc.a(_clear_bss.o)
 .text.libgcc.prologue
                0x00000000        0x0 c:/program files (x86)/atmel/studio/7.0/toolchain/avr8/avr8-gnu-toolchain/bin/../lib/gcc/avr/5.4.0/avrxmega3\libgcc.a(_clear_bss.o)
 .text.libgcc.builtins
                0x00000000        0x0 c:/program files (x86)/atmel/studio/7.0/toolchain/avr8/avr8-gnu-toolchain/bin/../lib/gcc/avr/5.4.0/avrxmega3\libgcc.a(_clear_bss.o)
 .text.libgcc.fmul
                0x00000000        0x0 c:/program files (x86)/atmel/studio/7.0/toolchain/avr8/avr8-gnu-toolchain/bin/../lib/gcc/avr/5.4.0/avrxmega3\libgcc.a(_clear_bss.o)
 .text.libgcc.fixed
                0x00000000        0x0 c:/program files (x86)/atmel/studio/7.0/toolchain/avr8/avr8-gnu-toolchain/bin/../lib/gcc/avr/5.4.0/avrxmega3\libgcc.a(_clear_bss.o)
 .text          0x00000000        0x0 c:/program files (x86)/atmel/studio/7.0/toolchain/avr8/avr8-gnu-toolchain/bin/../lib/gcc/avr/5.4.0/avrxmega3\libgcc.a(_prologue.o)
 .data          0x00000000        0x0 c:/program files (x86)/atmel/studio/7.0/toolchain/avr8/avr8-gnu-toolchain/bin/../lib/gcc/avr/5.4.0/avrxmega3\libgcc.a(_prologue.o)
 .bss           0x00000000        0x0 c:/program files (x86)/atmel/studio/7.0/toolchain/avr8/avr8-gnu-toolchain/bin/../lib/gcc/avr/5.4.0/avrxmega3\libgcc.a(_prologue.o)
 .text.libgcc.mul
                0x00000000        0x0 c:/program files (x86)/atmel/studio/7.0/toolchain/avr8/avr8-gnu-toolchain/bin/../lib/gcc/avr/5.4.0/avrxmega3\libgcc.a(_prologue.o)
 .text.libgcc.div
                0x00000000        0x0 c:/program files (x86)/atmel/studio/7.0/toolchain/avr8/avr8-gnu-toolchain/bin/../lib/gcc/avr/5.4.0/avrxmega3\libgcc.a(_prologue.o)
 .text.libgcc   0x00000000        0x0 c:/program files (x86)/atmel/studio/7.0/toolchain/avr8/avr8-gnu-toolchain/bin/../lib/gcc/avr/5.4.0/avrxmega3\libgcc.a(_prologue.o)
 .text.libgcc.builtins
                0x00000000        0x0 c:/program files (x86)/atmel/studio/7.0/toolchain/avr8/avr8-gnu-toolchain/bin/../lib/gcc/avr/5.4.0/avrxmega3\libgcc.a(_prologue.o)
 .text.libgcc.fmul
                0x00000000        0x0 c:/program files (x86)/atmel/studio/7.0/toolchain/avr8/avr8-gnu-toolchain/bin/../lib/gcc/avr/5.4.0/avrxmega3\libgcc.a(_prologue.o)
 .text.libgcc.fixed
                0x00000000        0x0 c:/program files (x86)/atmel/studio/7.0/toolchain/avr8/avr8-gnu-toolchain/bin/../lib/gcc/avr/5.4.0/avrxmega3\libgcc.a(_prologue.o)
 .text          0x00000000        0x0 c:/program files (x86)/atmel/studio/7.0/toolchain/avr8/avr8-gnu-toolchain/bin/../lib/gcc/avr/5.4.0/avrxmega3\libgcc.a(_epilogue.o)
 .data          0x00000000        0x0 c:/program files (x86)/atmel/studio/7.0/toolchain/avr8/avr8-gnu-toolchain/bin/../lib/gcc/avr/5.4.0/avrxmega3\libgcc.a(_epilogue.o)
 .bss           0x00000000        0x0 c:/program files (x86)/atmel/studio/7.0/toolchain/avr8/avr8-gnu-toolchain/bin/../lib/gcc/avr/5.4.0/avrxmega3\libgcc.a(_epilogue.o)
 .text.libgcc.mul
                0x00000000        0x0 c:/program files (x86)/atmel/studio/7.0/toolchain/avr8/avr8-gnu-toolchain/bin/../lib/gcc/avr/5.4.0/avrxmega3\libgcc.a(_epilogue.o)
 .text.libgcc.div
                0x00000000        0x0 c:/program files (x86)/atmel/studio/7.0/toolchain/avr8/avr8-gnu-toolchain/bin/../lib/gcc/avr/5.4.0/avrxmega3\libgcc.a(_epilogue.o)
 .text.libgcc   0x00000000        0x0 c:/program files (x86)/atmel/studio/7.0/toolchain/avr8/avr8-gnu-toolchain/bin/../lib/gcc/avr/5.4.0/avrxmega3\libgcc.a(_epilogue.o)
 .text.libgcc.builtins
                0x00000000        0x0 c:/program files (x86)/atmel/studio/7.0/toolchain/avr8/avr8-gnu-toolchain/bin/../lib/gcc/avr/5.4.0/avrxmega3\libgcc.a(_epilogue.o)
 .text.libgcc.fmul
                0x00000000        0x0 c:/program files (x86)/atmel/studio/7.0/toolchain/avr8/avr8-gnu-toolchain/bin/../lib/gcc/avr/5.4.0/avrxmega3\libgcc.a(_epilogue.o)
 .text.libgcc.fixed
                0x00000000        0x0 c:/program files (x86)/atmel/studio/7.0/toolchain/avr8/avr8-gnu-toolchain/bin/../lib/gcc/avr/5.4.0/avrxmega3\libgcc.a(_epilogue.o)

Memory Configuration

Name             Origin             Length             Attributes
text             0x00000000         0x00100000         xr
data             0x00802000         0x0000ffa0         rw !x
eeprom           0x00810000         0x00010000         rw !x
fuse             0x00820000         0x00000009         rw !x
lock             0x00830000         0x00000400         rw !x
signature        0x00840000         0x00000400         rw !x
user_signatures  0x00850000         0x00000400         rw !x
*default*        0x00000000         0xffffffff

Linker script and memory map

Address of section .data set to 0x803800
                0x00008000                __RODATA_PM_OFFSET__ = 0x8000
LOAD C:/Program Files (x86)/Atmel/Studio/7.0/Packs/atmel/ATtiny_DFP/1.3.229/gcc/dev/attiny1617/avrxmega3/crtattiny1617.o
LOAD Lib/friends.o
LOAD Lib/lanyard.o
LOAD Lib/main_def.o
LOAD Lib/maze.o
LOAD Lib/resources.o
LOAD Lib/simon.o
LOAD Lib/text_adv.o
LOAD main.o
START GROUP
LOAD c:/program files (x86)/atmel/studio/7.0/toolchain/avr8/avr8-gnu-toolchain/bin/../lib/gcc/avr/5.4.0/../../../../avr/lib/avrxmega3\libm.a
END GROUP
START GROUP
LOAD c:/program files (x86)/atmel/studio/7.0/toolchain/avr8/avr8-gnu-toolchain/bin/../lib/gcc/avr/5.4.0/avrxmega3\libgcc.a
LOAD c:/program files (x86)/atmel/studio/7.0/toolchain/avr8/avr8-gnu-toolchain/bin/../lib/gcc/avr/5.4.0/../../../../avr/lib/avrxmega3\libm.a
LOAD c:/program files (x86)/atmel/studio/7.0/toolchain/avr8/avr8-gnu-toolchain/bin/../lib/gcc/avr/5.4.0/../../../../avr/lib/avrxmega3\libc.a
LOAD C:/Program Files (x86)/Atmel/Studio/7.0/Packs/atmel/ATtiny_DFP/1.3.229/gcc/dev/attiny1617/avrxmega3\libattiny1617.a
END GROUP
                0x00000000                __TEXT_REGION_ORIGIN__ = DEFINED (__TEXT_REGION_ORIGIN__)?__TEXT_REGION_ORIGIN__:0x0
                0x00802000                __DATA_REGION_ORIGIN__ = DEFINED (__DATA_REGION_ORIGIN__)?__DATA_REGION_ORIGIN__:0x802000
                0x00100000                __TEXT_REGION_LENGTH__ = DEFINED (__TEXT_REGION_LENGTH__)?__TEXT_REGION_LENGTH__:0x100000
                0x0000ffa0                __DATA_REGION_LENGTH__ = DEFINED (__DATA_REGION_LENGTH__)?__DATA_REGION_LENGTH__:0xffa0
                0x00010000                __EEPROM_REGION_LENGTH__ = DEFINED (__EEPROM_REGION_LENGTH__)?__EEPROM_REGION_LENGTH__:0x10000
                [0x00000009]                __FUSE_REGION_LENGTH__ = DEFINED (__FUSE_REGION_LENGTH__)?__FUSE_REGION_LENGTH__:0x400
                0x00000400                __LOCK_REGION_LENGTH__ = DEFINED (__LOCK_REGION_LENGTH__)?__LOCK_REGION_LENGTH__:0x400
                0x00000400                __SIGNATURE_REGION_LENGTH__ = DEFINED (__SIGNATURE_REGION_LENGTH__)?__SIGNATURE_REGION_LENGTH__:0x400
                0x00000400                __USER_SIGNATURE_REGION_LENGTH__ = DEFINED (__USER_SIGNATURE_REGION_LENGTH__)?__USER_SIGNATURE_REGION_LENGTH__:0x400
                0x00008000                __RODATA_PM_OFFSET__ = DEFINED (__RODATA_PM_OFFSET__)?__RODATA_PM_OFFSET__:0x8000

.hash
 *(.hash)

.dynsym
 *(.dynsym)

.dynstr
 *(.dynstr)

.gnu.version
 *(.gnu.version)

.gnu.version_d
 *(.gnu.version_d)

.gnu.version_r
 *(.gnu.version_r)

.rel.init
 *(.rel.init)

.rela.init
 *(.rela.init)

.rel.text
 *(.rel.text)
 *(.rel.text.*)
 *(.rel.gnu.linkonce.t*)

.rela.text
 *(.rela.text)
 *(.rela.text.*)
 *(.rela.gnu.linkonce.t*)

.rel.fini
 *(.rel.fini)

.rela.fini
 *(.rela.fini)

.rel.rodata
 *(.rel.rodata)
 *(.rel.rodata.*)
 *(.rel.gnu.linkonce.r*)

.rela.rodata
 *(.rela.rodata)
 *(.rela.rodata.*)
 *(.rela.gnu.linkonce.r*)

.rel.data
 *(.rel.data)
 *(.rel.data.*)
 *(.rel.gnu.linkonce.d*)

.rela.data
 *(.rela.data)
 *(.rela.data.*)
 *(.rela.gnu.linkonce.d*)

.rel.ctors
 *(.rel.ctors)

.rela.ctors
 *(.rela.ctors)

.rel.dtors
 *(.rel.dtors)

.rela.dtors
 *(.rela.dtors)

.rel.got
 *(.rel.got)

.rela.got
 *(.rela.got)

.rel.bss
 *(.rel.bss)

.rela.bss
 *(.rela.bss)

.rel.plt
 *(.rel.plt)

.rela.plt
 *(.rela.plt)

.text           0x00000000     0x3f20
 *(.vectors)
 .vectors       0x00000000       0x7c C:/Program Files (x86)/Atmel/Studio/7.0/Packs/atmel/ATtiny_DFP/1.3.229/gcc/dev/attiny1617/avrxmega3/crtattiny1617.o
                0x00000000                __vector_default
                0x00000000                __vectors
 *(.vectors)
 *(.progmem.gcc*)
 .progmem.gcc_sw_table.GenerateBlinks
                0x0000007c       0x32 Lib/resources.o
                0x000000ae                . = ALIGN (0x2)
                0x000000ae                __trampolines_start = .
 *(.trampolines)
 .trampolines   0x000000ae        0x0 linker stubs
 *(.trampolines*)
                0x000000ae                __trampolines_end = .
 *libprintf_flt.a:*(.progmem.data)
 *libc.a:*(.progmem.data)
 *(.progmem*)
                0x000000ae                . = ALIGN (0x2)
 *(.jumptables)
 *(.jumptables*)
 *(.lowtext)
 *(.lowtext*)
                0x000000ae                __ctors_start = .
 *(.ctors)
                0x000000ae                __ctors_end = .
                0x000000ae                __dtors_start = .
 *(.dtors)
                0x000000ae                __dtors_end = .
 SORT(*)(.ctors)
 SORT(*)(.dtors)
 *(.init0)
 .init0         0x000000ae        0x0 C:/Program Files (x86)/Atmel/Studio/7.0/Packs/atmel/ATtiny_DFP/1.3.229/gcc/dev/attiny1617/avrxmega3/crtattiny1617.o
                0x000000ae                __init
 *(.init0)
 *(.init1)
 *(.init1)
 *(.init2)
 .init2         0x000000ae        0xc C:/Program Files (x86)/Atmel/Studio/7.0/Packs/atmel/ATtiny_DFP/1.3.229/gcc/dev/attiny1617/avrxmega3/crtattiny1617.o
 *(.init2)
 *(.init3)
 *(.init3)
 *(.init4)
 .init4         0x000000ba       0x16 c:/program files (x86)/atmel/studio/7.0/toolchain/avr8/avr8-gnu-toolchain/bin/../lib/gcc/avr/5.4.0/avrxmega3\libgcc.a(_copy_data.o)
                0x000000ba                __do_copy_data
 .init4         0x000000d0       0x10 c:/program files (x86)/atmel/studio/7.0/toolchain/avr8/avr8-gnu-toolchain/bin/../lib/gcc/avr/5.4.0/avrxmega3\libgcc.a(_clear_bss.o)
                0x000000d0                __do_clear_bss
 *(.init4)
 *(.init5)
 *(.init5)
 *(.init6)
 *(.init6)
 *(.init7)
 *(.init7)
 *(.init8)
 *(.init8)
 *(.init9)
 .init9         0x000000e0        0x8 C:/Program Files (x86)/Atmel/Studio/7.0/Packs/atmel/ATtiny_DFP/1.3.229/gcc/dev/attiny1617/avrxmega3/crtattiny1617.o
 *(.init9)
 *(.text)
 .text          0x000000e8        0x2 C:/Program Files (x86)/Atmel/Studio/7.0/Packs/atmel/ATtiny_DFP/1.3.229/gcc/dev/attiny1617/avrxmega3/crtattiny1617.o
                0x000000e8                __vector_1
                0x000000e8                __vector_24
                0x000000e8                __vector_12
                0x000000e8                __bad_interrupt
                0x000000e8                __vector_3
                0x000000e8                __vector_23
                0x000000e8                __vector_30
                0x000000e8                __vector_11
                0x000000e8                __vector_17
                0x000000e8                __vector_19
                0x000000e8                __vector_5
                0x000000e8                __vector_4
                0x000000e8                __vector_9
                0x000000e8                __vector_2
                0x000000e8                __vector_21
                0x000000e8                __vector_15
                0x000000e8                __vector_29
                0x000000e8                __vector_26
                0x000000e8                __vector_10
                0x000000e8                __vector_16
                0x000000e8                __vector_18
                0x000000ea                . = ALIGN (0x2)
 *(.text.*)
 .text.chkVolt250
                0x000000ea       0x30 Lib/friends.o
                0x000000ea                chkVolt250
 .text.MakeFriends
                0x0000011a      0x214 Lib/friends.o
                0x0000011a                MakeFriends
 .text.LanyardCode
                0x0000032e      0x158 Lib/lanyard.o
                0x0000032e                LanyardCode
 .text.initMaze
                0x00000486       0x2c Lib/maze.o
                0x00000486                initMaze
 .text.showFieldStrength
                0x000004b2       0x76 Lib/maze.o
                0x000004b2                showFieldStrength
 .text.MagnetMaze
                0x00000528      0x1fa Lib/maze.o
                0x00000528                MagnetMaze
 .text.Setup    0x00000722      0x23e Lib/resources.o
                0x00000722                Setup
 .text.__vector_8
                0x00000960       0x90 Lib/resources.o
                0x00000960                __vector_8
 .text.__vector_13
                0x000009f0       0x66 Lib/resources.o
                0x000009f0                __vector_13
 .text.__vector_14
                0x00000a56       0xa6 Lib/resources.o
                0x00000a56                __vector_14
 .text.__vector_25
                0x00000afc       0xc8 Lib/resources.o
                0x00000afc                __vector_25
 .text.__vector_27
                0x00000bc4       0xb6 Lib/resources.o
                0x00000bc4                __vector_27
 .text.__vector_28
                0x00000c7a       0x38 Lib/resources.o
                0x00000c7a                __vector_28
 .text.__vector_20
                0x00000cb2       0x58 Lib/resources.o
                0x00000cb2                __vector_20
 .text.__vector_22
                0x00000d0a       0x90 Lib/resources.o
                0x00000d0a                __vector_22
 .text.__vector_6
                0x00000d9a       0xa8 Lib/resources.o
                0x00000d9a                __vector_6
 .text.__vector_7
                0x00000e42       0x30 Lib/resources.o
                0x00000e42                __vector_7
 .text.I2C_read_bytes
                0x00000e72       0x4c Lib/resources.o
                0x00000e72                I2C_read_bytes
 .text.EERead   0x00000ebe       0x20 Lib/resources.o
                0x00000ebe                EERead
 .text.EEWrite  0x00000ede       0x50 Lib/resources.o
                0x00000ede                EEWrite
 .text.DecryptData
                0x00000f2e       0x34 Lib/resources.o
                0x00000f2e                DecryptData
 .text.ExtEERead
                0x00000f62       0x44 Lib/resources.o
                0x00000f62                ExtEERead
 .text.SerSend  0x00000fa6       0x22 Lib/resources.o
                0x00000fa6                SerSend
 .text.SerSpeed
                0x00000fc8       0x22 Lib/resources.o
                0x00000fc8                SerSpeed
 .text.SelectTSens
                0x00000fea       0x1e Lib/resources.o
                0x00000fea                SelectTSens
 .text.SelectAuIn
                0x00001008       0x1e Lib/resources.o
                0x00001008                SelectAuIn
 .text.CheckButtons
                0x00001026       0x5c Lib/resources.o
                0x00001026                CheckButtons
 .text.lfsr     0x00001082       0x3e Lib/resources.o
                0x00001082                lfsr
 .text.floatSpeed
                0x000010c0       0x5c Lib/resources.o
                0x000010c0                floatSpeed
 .text.floatAround
                0x0000111c       0x64 Lib/resources.o
                0x0000111c                floatAround
 .text.SaveGameState
                0x00001180       0xe6 Lib/resources.o
                0x00001180                SaveGameState
 .text.ReadStatusBit
                0x00001266       0x28 Lib/resources.o
                0x00001266                ReadStatusBit
 .text.UpdateState
                0x0000128e       0x42 Lib/resources.o
                0x0000128e                UpdateState
 .text.CheckState
                0x000012d0       0x20 Lib/resources.o
                0x000012d0                CheckState
 .text.getID    0x000012f0       0x1e Lib/resources.o
                0x000012f0                getID
 .text.WipeAfterBoot
                0x0000130e       0x3a Lib/resources.o
                0x0000130e                WipeAfterBoot
 .text.Reset    0x00001348       0x3e Lib/resources.o
                0x00001348                Reset
 .text.LoadGameState
                0x00001386       0x7c Lib/resources.o
                0x00001386                LoadGameState
 .text.HotSummer
                0x00001402       0xc4 Lib/resources.o
                0x00001402                HotSummer
 .text.WingBar  0x000014c6       0x44 Lib/resources.o
                0x000014c6                WingBar
 .text.SetBothEyes
                0x0000150a       0x38 Lib/resources.o
                0x0000150a                SetBothEyes
 .text.SetHackerLeds
                0x00001542       0x26 Lib/resources.o
                0x00001542                SetHackerLeds
 .text.VictoryDance
                0x00001568       0x52 Lib/resources.o
                0x00001568                VictoryDance
 .text.GenerateBlinks
                0x000015ba      0x2c2 Lib/resources.o
                0x000015ba                GenerateBlinks
 .text.FadeOut  0x0000187c       0x5e Lib/resources.o
                0x0000187c                FadeOut
 .text.GenerateAudio
                0x000018da      0x3ce Lib/resources.o
                0x000018da                GenerateAudio
 .text.getClock
                0x00001ca8       0x1e Lib/resources.o
                0x00001ca8                getClock
 .text.idleTimeout
                0x00001cc6       0x30 Lib/resources.o
                0x00001cc6                idleTimeout
 .text.SelfTest
                0x00001cf6      0x15c Lib/resources.o
                0x00001cf6                SelfTest
 .text.simonLed
                0x00001e52       0x66 Lib/simon.o
                0x00001e52                simonLed
 .text.BastetDictates
                0x00001eb8      0x2f8 Lib/simon.o
                0x00001eb8                BastetDictates
 .text.Cheat    0x000021b0       0x72 Lib/text_adv.o
                0x000021b0                Cheat
 .text.UnflipData
                0x00002222       0x1a Lib/text_adv.o
                0x00002222                UnflipData
 .text.ClearTxAfter
                0x0000223c       0x14 Lib/text_adv.o
                0x0000223c                ClearTxAfter
 .text.StartsWith
                0x00002250       0x34 Lib/text_adv.o
                0x00002250                StartsWith
 .text.PrepareSending
                0x00002284       0x7a Lib/text_adv.o
                0x00002284                PrepareSending
 .text.SetStandardResponse
                0x000022fe       0xf8 Lib/text_adv.o
                0x000022fe                SetStandardResponse
 .text.PopulateObject
                0x000023f6       0xf2 Lib/text_adv.o
                0x000023f6                PopulateObject
 .text.CheckLetter
                0x000024e8       0x8e Lib/text_adv.o
                0x000024e8                CheckLetter
 .text.FindChild
                0x00002576       0xbc Lib/text_adv.o
                0x00002576                FindChild
 .text.InpOkChk
                0x00002632       0x1c Lib/text_adv.o
                0x00002632                InpOkChk
 .text.CleanInput
                0x0000264e       0x4a Lib/text_adv.o
                0x0000264e                CleanInput
 .text.CheckSend
                0x00002698       0xac Lib/text_adv.o
                0x00002698                CheckSend
 .text.CheckResponse
                0x00002744       0x80 Lib/text_adv.o
                0x00002744                CheckResponse
 .text.CheckInput
                0x000027c4      0x3c0 Lib/text_adv.o
                0x000027c4                CheckInput
 .text.ShowInventory
                0x00002b84       0xf6 Lib/text_adv.o
                0x00002b84                ShowInventory
 .text.ProcessInput
                0x00002c7a     0x100c Lib/text_adv.o
                0x00002c7a                ProcessInput
 .text.TextAdventure
                0x00003c86       0x92 Lib/text_adv.o
                0x00003c86                TextAdventure
 .text.startup.main
                0x00003d18      0x196 main.o
                0x00003d18                main
 .text.libgcc   0x00003eae        0xc c:/program files (x86)/atmel/studio/7.0/toolchain/avr8/avr8-gnu-toolchain/bin/../lib/gcc/avr/5.4.0/avrxmega3\libgcc.a(_tablejump2.o)
                0x00003eae                __tablejump2__
 .text.libgcc.prologue
                0x00003eba       0x32 c:/program files (x86)/atmel/studio/7.0/toolchain/avr8/avr8-gnu-toolchain/bin/../lib/gcc/avr/5.4.0/avrxmega3\libgcc.a(_prologue.o)
                0x00003eba                __prologue_saves__
 .text.libgcc.prologue
                0x00003eec       0x30 c:/program files (x86)/atmel/studio/7.0/toolchain/avr8/avr8-gnu-toolchain/bin/../lib/gcc/avr/5.4.0/avrxmega3\libgcc.a(_epilogue.o)
                0x00003eec                __epilogue_restores__
                0x00003f1c                . = ALIGN (0x2)
 *(.fini9)
 .fini9         0x00003f1c        0x0 c:/program files (x86)/atmel/studio/7.0/toolchain/avr8/avr8-gnu-toolchain/bin/../lib/gcc/avr/5.4.0/avrxmega3\libgcc.a(_exit.o)
                0x00003f1c                _exit
                0x00003f1c                exit
 *(.fini9)
 *(.fini8)
 *(.fini8)
 *(.fini7)
 *(.fini7)
 *(.fini6)
 *(.fini6)
 *(.fini5)
 *(.fini5)
 *(.fini4)
 *(.fini4)
 *(.fini3)
 *(.fini3)
 *(.fini2)
 *(.fini2)
 *(.fini1)
 *(.fini1)
 *(.fini0)
 .fini0         0x00003f1c        0x4 c:/program files (x86)/atmel/studio/7.0/toolchain/avr8/avr8-gnu-toolchain/bin/../lib/gcc/avr/5.4.0/avrxmega3\libgcc.a(_exit.o)
 *(.fini0)
                0x00003f20                _etext = .

.rodata         0x0000bf20       0x90 load address 0x00003f20
 *(.rodata)
 .rodata        0x0000bf20       0x10 Lib/text_adv.o
 *(.rodata*)
 .rodata.lanyardCode
                0x0000bf30        0xc Lib/lanyard.o
                0x0000bf30                lanyardCode
 .rodata.CAT    0x0000bf3c        0x1 Lib/main_def.o
                0x0000bf3c                CAT
 .rodata.BADGER
                0x0000bf3d        0x1 Lib/main_def.o
                0x0000bf3d                BADGER
 .rodata.SCARAB
                0x0000bf3e        0x2 Lib/main_def.o
                0x0000bf3e                SCARAB
 .rodata.WING   0x0000bf40        0xa Lib/main_def.o
                0x0000bf40                WING
 .rodata.EYE    0x0000bf4a        0x4 Lib/main_def.o
                0x0000bf4a                EYE
 .rodata.HCKR   0x0000bf4e        0xc Lib/main_def.o
                0x0000bf4e                HCKR
 .rodata.xor_key
                0x0000bf5a       0x10 Lib/main_def.o
                0x0000bf5a                xor_key
 .rodata.mazeCode
                0x0000bf6a       0x12 Lib/maze.o
                0x0000bf6a                mazeCode
 .rodata.str1.1
                0x0000bf7c       0x24 Lib/text_adv.o
 .rodata.names  0x0000bfa0       0x10 Lib/text_adv.o
                0x0000bfa0                names
 *(.gnu.linkonce.r*)

.data           0x00803800       0x40 load address 0x00003fb0
                0x00803800                PROVIDE (__data_start, .)
 *(.data)
 *(.data*)
 .data.setDAC.3769
                0x00803800        0x2 Lib/friends.o
 .data.lanyardState
                0x00803802        0x1 Lib/lanyard.o
                0x00803802                lanyardState
 .data.auRepAddr
                0x00803803        0x2 Lib/main_def.o
                0x00803803                auRepAddr
 .data.auSmpAddr
                0x00803805        0x2 Lib/main_def.o
                0x00803805                auSmpAddr
 .data.lastButtonState
                0x00803807        0x1 Lib/main_def.o
                0x00803807                lastButtonState
 .data.buttonState
                0x00803808        0x1 Lib/main_def.o
                0x00803808                buttonState
 .data.serTxDone
                0x00803809        0x1 Lib/main_def.o
                0x00803809                serTxDone
 .data.lightsensorSum
                0x0080380a        0x2 Lib/main_def.o
                0x0080380a                lightsensorSum
 .data.dimValue
                0x0080380c        0x1 Lib/main_def.o
                0x0080380c                dimValue
 .data.mazeState
                0x0080380d        0x1 Lib/maze.o
                0x0080380d                mazeState
 .data.auBuffer.4072
                0x0080380e        0x3 Lib/resources.o
 .data.interval.4071
                0x00803811        0x1 Lib/resources.o
 .data.auBuffer.4070
                0x00803812        0x8 Lib/resources.o
 .data.auBuffer.4065
                0x0080381a        0x6 Lib/resources.o
 .data.auBuffer.4059
                0x00803820        0x3 Lib/resources.o
 .data.auBuffer.4058
                0x00803823       0x11 Lib/resources.o
 .data.previousValue.3902
                0x00803834        0x1 Lib/resources.o
 .data.mask     0x00803835        0x8 Lib/resources.o
                0x00803835                mask
 .data.simonNextGameState
                0x0080383d        0x1 Lib/simon.o
                0x0080383d                simonNextGameState
 .data.currDepth
                0x0080383e        0x1 Lib/text_adv.o
 *(.gnu.linkonce.d*)
                0x00803840                . = ALIGN (0x2)
 *fill*         0x0080383f        0x1 
                0x00803840                _edata = .
                0x00803840                PROVIDE (__data_end, .)

.bss            0x00803840      0x2e7
                0x00803840                PROVIDE (__bss_start, .)
 *(.bss)
 *(.bss*)
 .bss.candidate.3772
                0x00803840        0x1 Lib/friends.o
 .bss.jackIn.3771
                0x00803841        0x1 Lib/friends.o
 .bss.progress.3768
                0x00803842        0x1 Lib/friends.o
 .bss.chkTmr.3770
                0x00803843        0x1 Lib/friends.o
 .bss.lanyardLastActive
                0x00803844        0x2 Lib/lanyard.o
                0x00803844                lanyardLastActive
 .bss.lanyardCnt
                0x00803846        0x1 Lib/lanyard.o
                0x00803846                lanyardCnt
 .bss.lanyardPos
                0x00803847        0x1 Lib/lanyard.o
                0x00803847                lanyardPos
 .bss.adc0Chg   0x00803848        0x1 Lib/main_def.o
                0x00803848                adc0Chg
 .bss.zero      0x00803849        0x1 Lib/main_def.o
                0x00803849                zero
 .bss.effect    0x0080384a        0x2 Lib/main_def.o
                0x0080384a                effect
 .bss.gameNow   0x0080384c        0x1 Lib/main_def.o
                0x0080384c                gameNow
 .bss.whoami    0x0080384d        0x1 Lib/main_def.o
                0x0080384d                whoami
 .bss.inventory
                0x0080384e        0x4 Lib/main_def.o
                0x0080384e                inventory
 .bss.buttonMark
                0x00803852        0x1 Lib/main_def.o
                0x00803852                buttonMark
 .bss.minuteMark
                0x00803853        0x1 Lib/main_def.o
                0x00803853                minuteMark
 .bss.fastTicker
                0x00803854        0x1 Lib/main_def.o
                0x00803854                fastTicker
 .bss.serRxDone
                0x00803855        0x1 Lib/main_def.o
                0x00803855                serRxDone
 .bss.mazeLastActive
                0x00803856        0x2 Lib/maze.o
                0x00803856                mazeLastActive
 .bss.inverted  0x00803858        0x1 Lib/maze.o
                0x00803858                inverted
 .bss.mazeCnt   0x00803859        0x1 Lib/maze.o
                0x00803859                mazeCnt
 .bss.mazeHckrPos
                0x0080385a        0x1 Lib/maze.o
                0x0080385a                mazeHckrPos
 .bss.mazePos   0x0080385b        0x1 Lib/maze.o
                0x0080385b                mazePos
 .bss.newHallState
                0x0080385c        0x1 Lib/maze.o
                0x0080385c                newHallState
 .bss.curHallState
                0x0080385d        0x1 Lib/maze.o
                0x0080385d                curHallState
 .bss.freq.4073
                0x0080385e        0x2 Lib/resources.o
 .bss.auBuffer.4060
                0x00803860        0x7 Lib/resources.o
 .bss.duration.4057
                0x00803867        0x1 Lib/resources.o
 .bss.start.4056
                0x00803868        0x1 Lib/resources.o
 .bss.cooledDown.3974
                0x00803869        0x1 Lib/resources.o
 .bss.LedCount  0x0080386a        0x1 Lib/resources.o
                0x0080386a                LedCount
 .bss.HeartCount
                0x0080386b        0x1 Lib/resources.o
                0x0080386b                HeartCount
 .bss.lfsrSeed  0x0080386c        0x2 Lib/resources.o
 .bss.simonGameState
                0x0080386e        0x1 Lib/simon.o
                0x0080386e                simonGameState
 .bss.simonCounter
                0x0080386f        0x1 Lib/simon.o
                0x0080386f                simonCounter
 .bss.simonWait
                0x00803870        0x1 Lib/simon.o
                0x00803870                simonWait
 .bss.simonTimer
                0x00803871        0x1 Lib/simon.o
                0x00803871                simonTimer
 .bss.simonInputPos
                0x00803872        0x1 Lib/simon.o
                0x00803872                simonInputPos
 .bss.simonPos  0x00803873        0x1 Lib/simon.o
                0x00803873                simonPos
 .bss.simonState
                0x00803874        0xc Lib/simon.o
                0x00803874                simonState
 .bss.serInput.3982
                0x00803880       0x41 Lib/text_adv.o
 .bss.actObj2.3957
                0x008038c1       0x2b Lib/text_adv.o
 .bss.actObj1.3956
                0x008038ec       0x2b Lib/text_adv.o
 .bss.number.3921
                0x00803917        0x1 Lib/text_adv.o
 .bss.txPart.3917
                0x00803918        0x1 Lib/text_adv.o
 .bss.PunishmentTime
                0x00803919        0x2 Lib/text_adv.o
 .bss.specialPassed
                0x0080391b        0x1 Lib/text_adv.o
 .bss.specialInput
                0x0080391c       0x10 Lib/text_adv.o
 .bss.responseList
                0x0080392c        0x1 Lib/text_adv.o
 .bss.reactStr  0x0080392d       0xc0 Lib/text_adv.o
 .bss.route     0x008039ed       0x40 Lib/text_adv.o
 .bss.currObj   0x00803a2d       0x2b Lib/text_adv.o
 .bss.txTypeNow
                0x00803a58        0x1 Lib/text_adv.o
                0x00803a58                txTypeNow
 .bss.txAddrNow
                0x00803a59        0x1 Lib/text_adv.o
                0x00803a59                txAddrNow
 .bss.txStrLen  0x00803a5a        0x8 Lib/text_adv.o
                0x00803a5a                txStrLen
 .bss.txAddrList
                0x00803a62       0x10 Lib/text_adv.o
                0x00803a62                txAddrList
 *(COMMON)
 COMMON         0x00803a72       0x92 Lib/main_def.o
                0x00803a72                readDataI2C
                0x00803a73                gameState
                0x00803a87                serRx
                0x00803ac8                addrDataI2C
                0x00803aca                auVolume
                0x00803acb                adcBtns
                0x00803acd                serTxAddr
                0x00803acf                adcHall
                0x00803ad1                adcPhot
                0x00803ad3                bytesLeftI2C
                0x00803ad4                detHdPh
                0x00803ad5                calTemp
                0x00803ad7                auIn
                0x00803ad8                iLED
                0x00803b00                calHall
                0x00803b02                adcTemp
 COMMON         0x00803b04        0x2 Lib/resources.o
                0x00803b04                tmp16bit
 COMMON         0x00803b06       0x21 Lib/text_adv.o
                0x00803b06                txBuffer
                0x00803b27                PROVIDE (__bss_end, .)
                0x00003fb0                __data_load_start = LOADADDR (.data)
                0x00003ff0                __data_load_end = (__data_load_start + SIZEOF (.data))

.noinit         0x00803b27        0x0
                [!provide]                PROVIDE (__noinit_start, .)
 *(.noinit*)
                [!provide]                PROVIDE (__noinit_end, .)
                0x00803b27                _end = .
                [!provide]                PROVIDE (__heap_start, .)

.eeprom         0x00810000        0x0
 *(.eeprom*)
                0x00810000                __eeprom_end = .

.fuse
 *(.fuse)
 *(.lfuse)
 *(.hfuse)
 *(.efuse)

.lock
 *(.lock*)

.signature
 *(.signature*)

.user_signatures
 *(.user_signatures*)

.stab
 *(.stab)

.stabstr
 *(.stabstr)

.stab.excl
 *(.stab.excl)

.stab.exclstr
 *(.stab.exclstr)

.stab.index
 *(.stab.index)

.stab.indexstr
 *(.stab.indexstr)

.comment        0x00000000       0x30
 *(.comment)
 .comment       0x00000000       0x30 Lib/friends.o
                                 0x31 (size before relaxing)
 .comment       0x00000030       0x31 Lib/lanyard.o
 .comment       0x00000030       0x31 Lib/main_def.o
 .comment       0x00000030       0x31 Lib/maze.o
 .comment       0x00000030       0x31 Lib/resources.o
 .comment       0x00000030       0x31 Lib/simon.o
 .comment       0x00000030       0x31 Lib/text_adv.o
 .comment       0x00000030       0x31 main.o

.note.gnu.avr.deviceinfo
                0x00000000       0x40
 .note.gnu.avr.deviceinfo
                0x00000000       0x40 C:/Program Files (x86)/Atmel/Studio/7.0/Packs/atmel/ATtiny_DFP/1.3.229/gcc/dev/attiny1617/avrxmega3/crtattiny1617.o

.note.gnu.build-id
 *(.note.gnu.build-id)

.debug
 *(.debug)

.line
 *(.line)

.debug_srcinfo
 *(.debug_srcinfo)

.debug_sfnames
 *(.debug_sfnames)

.debug_aranges  0x00000000      0x2f8
 *(.debug_aranges)
 .debug_aranges
                0x00000000       0x28 Lib/friends.o
 .debug_aranges
                0x00000028       0x20 Lib/lanyard.o
 .debug_aranges
                0x00000048       0x18 Lib/main_def.o
 .debug_aranges
                0x00000060       0x30 Lib/maze.o
 .debug_aranges
                0x00000090      0x178 Lib/resources.o
 .debug_aranges
                0x00000208       0x28 Lib/simon.o
 .debug_aranges
                0x00000230       0xa8 Lib/text_adv.o
 .debug_aranges
                0x000002d8       0x20 main.o

.debug_pubnames
 *(.debug_pubnames)

.debug_info     0x00000000     0x6a68
 *(.debug_info .gnu.linkonce.wi.*)
 .debug_info    0x00000000     0x19ed C:/Program Files (x86)/Atmel/Studio/7.0/Packs/atmel/ATtiny_DFP/1.3.229/gcc/dev/attiny1617/avrxmega3/crtattiny1617.o
 .debug_info    0x000019ed      0x2cb Lib/friends.o
 .debug_info    0x00001cb8      0x2cc Lib/lanyard.o
 .debug_info    0x00001f84      0x46b Lib/main_def.o
 .debug_info    0x000023ef      0x412 Lib/maze.o
 .debug_info    0x00002801     0x17ed Lib/resources.o
 .debug_info    0x00003fee      0x3b6 Lib/simon.o
 .debug_info    0x000043a4     0x2314 Lib/text_adv.o
 .debug_info    0x000066b8      0x3b0 main.o

.debug_abbrev   0x00000000     0x2660
 *(.debug_abbrev)
 .debug_abbrev  0x00000000     0x1888 C:/Program Files (x86)/Atmel/Studio/7.0/Packs/atmel/ATtiny_DFP/1.3.229/gcc/dev/attiny1617/avrxmega3/crtattiny1617.o
 .debug_abbrev  0x00001888      0x14b Lib/friends.o
 .debug_abbrev  0x000019d3       0xee Lib/lanyard.o
 .debug_abbrev  0x00001ac1       0x96 Lib/main_def.o
 .debug_abbrev  0x00001b57      0x192 Lib/maze.o
 .debug_abbrev  0x00001ce9      0x3ce Lib/resources.o
 .debug_abbrev  0x000020b7      0x143 Lib/simon.o
 .debug_abbrev  0x000021fa      0x36d Lib/text_adv.o
 .debug_abbrev  0x00002567       0xf9 main.o

.debug_line     0x00000000     0x3a48
 *(.debug_line .debug_line.* .debug_line_end)
 .debug_line    0x00000000      0x151 C:/Program Files (x86)/Atmel/Studio/7.0/Packs/atmel/ATtiny_DFP/1.3.229/gcc/dev/attiny1617/avrxmega3/crtattiny1617.o
 .debug_line    0x00000151      0x32a Lib/friends.o
 .debug_line    0x0000047b      0x22c Lib/lanyard.o
 .debug_line    0x000006a7      0x106 Lib/main_def.o
 .debug_line    0x000007ad      0x364 Lib/maze.o
 .debug_line    0x00000b11     0x1441 Lib/resources.o
 .debug_line    0x00001f52      0x42b Lib/simon.o
 .debug_line    0x0000237d     0x142a Lib/text_adv.o
 .debug_line    0x000037a7      0x2a1 main.o

.debug_frame    0x00000000      0x890
 *(.debug_frame)
 .debug_frame   0x00000000       0x40 Lib/friends.o
 .debug_frame   0x00000040       0x24 Lib/lanyard.o
 .debug_frame   0x00000064       0x5c Lib/maze.o
 .debug_frame   0x000000c0      0x4f8 Lib/resources.o
 .debug_frame   0x000005b8       0x50 Lib/simon.o
 .debug_frame   0x00000608      0x264 Lib/text_adv.o
 .debug_frame   0x0000086c       0x24 main.o

.debug_str      0x00000000     0x18e1
 *(.debug_str)
 .debug_str     0x00000000      0xacf C:/Program Files (x86)/Atmel/Studio/7.0/Packs/atmel/ATtiny_DFP/1.3.229/gcc/dev/attiny1617/avrxmega3/crtattiny1617.o
 .debug_str     0x00000acf      0x281 Lib/friends.o
                                0x2b5 (size before relaxing)
 .debug_str     0x00000d50       0xaa Lib/lanyard.o
                                0x2c8 (size before relaxing)
 .debug_str     0x00000dfa       0xff Lib/main_def.o
                                0x34b (size before relaxing)
 .debug_str     0x00000ef9       0xa6 Lib/maze.o
                                0x309 (size before relaxing)
 .debug_str     0x00000f9f      0x514 Lib/resources.o
                                0x896 (size before relaxing)
 .debug_str     0x000014b3       0x9b Lib/simon.o
                                0x2ec (size before relaxing)
 .debug_str     0x0000154e      0x382 Lib/text_adv.o
                                0x644 (size before relaxing)
 .debug_str     0x000018d0       0x11 main.o
                                0x33b (size before relaxing)

.debug_loc      0x00000000     0x391b
 *(.debug_loc)
 .debug_loc     0x00000000       0xcf Lib/friends.o
 .debug_loc     0x000000cf       0xca Lib/maze.o
 .debug_loc     0x00000199     0x127c Lib/resources.o
 .debug_loc     0x00001415       0xda Lib/simon.o
 .debug_loc     0x000014ef     0x242c Lib/text_adv.o

.debug_macinfo
 *(.debug_macinfo)

.debug_weaknames
 *(.debug_weaknames)

.debug_funcnames
 *(.debug_funcnames)

.debug_typenames
 *(.debug_typenames)

.debug_varnames
 *(.debug_varnames)

.debug_pubtypes
 *(.debug_pubtypes)

.debug_ranges   0x00000000      0x378
 *(.debug_ranges)
 .debug_ranges  0x00000000       0x18 Lib/friends.o
 .debug_ranges  0x00000018       0x10 Lib/lanyard.o
 .debug_ranges  0x00000028       0x20 Lib/maze.o
 .debug_ranges  0x00000048      0x180 Lib/resources.o
 .debug_ranges  0x000001c8       0x18 Lib/simon.o
 .debug_ranges  0x000001e0      0x188 Lib/text_adv.o
 .debug_ranges  0x00000368       0x10 main.o

.debug_macro
 *(.debug_macro)
OUTPUT(ISR_IO.elf elf32-avr)
LOAD linker stubs
