Archive member included to satisfy reference by file (symbol)

c:/program files (x86)/atmel/studio/7.0/toolchain/avr8/avr8-gnu-toolchain/bin/../lib/gcc/avr/5.4.0/avrxmega3\libgcc.a(_udivmodqi4.o)
                              Lib/resources.o (__udivmodqi4)
c:/program files (x86)/atmel/studio/7.0/toolchain/avr8/avr8-gnu-toolchain/bin/../lib/gcc/avr/5.4.0/avrxmega3\libgcc.a(_udivmodhi4.o)
                              Lib/resources.o (__udivmodhi4)
c:/program files (x86)/atmel/studio/7.0/toolchain/avr8/avr8-gnu-toolchain/bin/../lib/gcc/avr/5.4.0/avrxmega3\libgcc.a(_udivmodsi4.o)
                              Lib/text_adv.o (__udivmodsi4)
c:/program files (x86)/atmel/studio/7.0/toolchain/avr8/avr8-gnu-toolchain/bin/../lib/gcc/avr/5.4.0/avrxmega3\libgcc.a(_exit.o)
                              C:/Program Files (x86)/Atmel/Studio/7.0/Packs/atmel/ATtiny_DFP/1.3.229/gcc/dev/attiny1617/avrxmega3/crtattiny1617.o (exit)
c:/program files (x86)/atmel/studio/7.0/toolchain/avr8/avr8-gnu-toolchain/bin/../lib/gcc/avr/5.4.0/avrxmega3\libgcc.a(_copy_data.o)
                              Lib/lanyard.o (__do_copy_data)
c:/program files (x86)/atmel/studio/7.0/toolchain/avr8/avr8-gnu-toolchain/bin/../lib/gcc/avr/5.4.0/avrxmega3\libgcc.a(_clear_bss.o)
                              Lib/friends.o (__do_clear_bss)

Allocating common symbols
Common symbol       size              file

timeout_I2C         0x1               Lib/main_def.o
gameState           0x14              Lib/main_def.o
serRx               0x41              Lib/main_def.o
auVolume            0x1               Lib/main_def.o
adcBtns             0x2               Lib/main_def.o
serTxAddr           0x2               Lib/main_def.o
adcHall             0x2               Lib/main_def.o
adcPhot             0x2               Lib/main_def.o
txBuffer            0x21              Lib/text_adv.o
detHdPh             0x1               Lib/main_def.o
calTemp             0x2               Lib/main_def.o
auIn                0x20              Lib/main_def.o
iLED                0x28              Lib/main_def.o
auPlayDone          0x1               Lib/main_def.o
tmp16bit            0x2               Lib/resources.o
calHall             0x2               Lib/main_def.o
adcTemp             0x2               Lib/main_def.o

Discarded input sections

 .data          0x00000000        0x0 C:/Program Files (x86)/Atmel/Studio/7.0/Packs/atmel/ATtiny_DFP/1.3.229/gcc/dev/attiny1617/avrxmega3/crtattiny1617.o
 .bss           0x00000000        0x0 C:/Program Files (x86)/Atmel/Studio/7.0/Packs/atmel/ATtiny_DFP/1.3.229/gcc/dev/attiny1617/avrxmega3/crtattiny1617.o
 .text          0x00000000        0x0 Lib/friends.o
 .data          0x00000000        0x0 Lib/friends.o
 .bss           0x00000000        0x0 Lib/friends.o
 .text.MakeFriends
                0x00000000        0x4 Lib/friends.o
 .debug_info    0x00000000       0xa4 Lib/friends.o
 .debug_abbrev  0x00000000       0x69 Lib/friends.o
 .debug_aranges
                0x00000000       0x20 Lib/friends.o
 .debug_ranges  0x00000000       0x10 Lib/friends.o
 .debug_line    0x00000000      0x11b Lib/friends.o
 .debug_str     0x00000000      0x1c6 Lib/friends.o
 .comment       0x00000000       0x31 Lib/friends.o
 .debug_frame   0x00000000       0x24 Lib/friends.o
 COMMON         0x00000000        0x0 Lib/friends.o
 .text          0x00000000        0x0 Lib/I2C.o
 .data          0x00000000        0x0 Lib/I2C.o
 .bss           0x00000000        0x0 Lib/I2C.o
 .text.I2C_rep_start
                0x00000000        0x6 Lib/I2C.o
 .text.I2C_write_bytes
                0x00000000       0x7e Lib/I2C.o
 .text          0x00000000        0x0 Lib/lanyard.o
 .data          0x00000000        0x0 Lib/lanyard.o
 .bss           0x00000000        0x0 Lib/lanyard.o
 .text          0x00000000        0x0 Lib/main_def.o
 .data          0x00000000        0x0 Lib/main_def.o
 .bss           0x00000000        0x0 Lib/main_def.o
 .rodata.QSINE  0x00000000       0x20 Lib/main_def.o
 .text          0x00000000        0x0 Lib/maze.o
 .data          0x00000000        0x0 Lib/maze.o
 .bss           0x00000000        0x0 Lib/maze.o
 .text          0x00000000        0x0 Lib/resources.o
 .data          0x00000000        0x0 Lib/resources.o
 .bss           0x00000000        0x0 Lib/resources.o
 .text.SelectTSens
                0x00000000       0x1e Lib/resources.o
 .text.SelectAuIn
                0x00000000       0x1e Lib/resources.o
 .text          0x00000000        0x0 Lib/simon.o
 .data          0x00000000        0x0 Lib/simon.o
 .bss           0x00000000        0x0 Lib/simon.o
 .text          0x00000000        0x0 Lib/text_adv.o
 .data          0x00000000        0x0 Lib/text_adv.o
 .bss           0x00000000        0x0 Lib/text_adv.o
 .text.SetResponse
                0x00000000       0x30 Lib/text_adv.o
 .bss.sendPrompt
                0x00000000        0x1 Lib/text_adv.o
 .text          0x00000000        0x0 main.o
 .data          0x00000000        0x0 main.o
 .bss           0x00000000        0x0 main.o
 .text          0x00000000        0x0 c:/program files (x86)/atmel/studio/7.0/toolchain/avr8/avr8-gnu-toolchain/bin/../lib/gcc/avr/5.4.0/avrxmega3\libgcc.a(_udivmodqi4.o)
 .data          0x00000000        0x0 c:/program files (x86)/atmel/studio/7.0/toolchain/avr8/avr8-gnu-toolchain/bin/../lib/gcc/avr/5.4.0/avrxmega3\libgcc.a(_udivmodqi4.o)
 .bss           0x00000000        0x0 c:/program files (x86)/atmel/studio/7.0/toolchain/avr8/avr8-gnu-toolchain/bin/../lib/gcc/avr/5.4.0/avrxmega3\libgcc.a(_udivmodqi4.o)
 .text.libgcc.mul
                0x00000000        0x0 c:/program files (x86)/atmel/studio/7.0/toolchain/avr8/avr8-gnu-toolchain/bin/../lib/gcc/avr/5.4.0/avrxmega3\libgcc.a(_udivmodqi4.o)
 .text.libgcc   0x00000000        0x0 c:/program files (x86)/atmel/studio/7.0/toolchain/avr8/avr8-gnu-toolchain/bin/../lib/gcc/avr/5.4.0/avrxmega3\libgcc.a(_udivmodqi4.o)
 .text.libgcc.prologue
                0x00000000        0x0 c:/program files (x86)/atmel/studio/7.0/toolchain/avr8/avr8-gnu-toolchain/bin/../lib/gcc/avr/5.4.0/avrxmega3\libgcc.a(_udivmodqi4.o)
 .text.libgcc.builtins
                0x00000000        0x0 c:/program files (x86)/atmel/studio/7.0/toolchain/avr8/avr8-gnu-toolchain/bin/../lib/gcc/avr/5.4.0/avrxmega3\libgcc.a(_udivmodqi4.o)
 .text.libgcc.fmul
                0x00000000        0x0 c:/program files (x86)/atmel/studio/7.0/toolchain/avr8/avr8-gnu-toolchain/bin/../lib/gcc/avr/5.4.0/avrxmega3\libgcc.a(_udivmodqi4.o)
 .text.libgcc.fixed
                0x00000000        0x0 c:/program files (x86)/atmel/studio/7.0/toolchain/avr8/avr8-gnu-toolchain/bin/../lib/gcc/avr/5.4.0/avrxmega3\libgcc.a(_udivmodqi4.o)
 .text          0x00000000        0x0 c:/program files (x86)/atmel/studio/7.0/toolchain/avr8/avr8-gnu-toolchain/bin/../lib/gcc/avr/5.4.0/avrxmega3\libgcc.a(_udivmodhi4.o)
 .data          0x00000000        0x0 c:/program files (x86)/atmel/studio/7.0/toolchain/avr8/avr8-gnu-toolchain/bin/../lib/gcc/avr/5.4.0/avrxmega3\libgcc.a(_udivmodhi4.o)
 .bss           0x00000000        0x0 c:/program files (x86)/atmel/studio/7.0/toolchain/avr8/avr8-gnu-toolchain/bin/../lib/gcc/avr/5.4.0/avrxmega3\libgcc.a(_udivmodhi4.o)
 .text.libgcc.mul
                0x00000000        0x0 c:/program files (x86)/atmel/studio/7.0/toolchain/avr8/avr8-gnu-toolchain/bin/../lib/gcc/avr/5.4.0/avrxmega3\libgcc.a(_udivmodhi4.o)
 .text.libgcc   0x00000000        0x0 c:/program files (x86)/atmel/studio/7.0/toolchain/avr8/avr8-gnu-toolchain/bin/../lib/gcc/avr/5.4.0/avrxmega3\libgcc.a(_udivmodhi4.o)
 .text.libgcc.prologue
                0x00000000        0x0 c:/program files (x86)/atmel/studio/7.0/toolchain/avr8/avr8-gnu-toolchain/bin/../lib/gcc/avr/5.4.0/avrxmega3\libgcc.a(_udivmodhi4.o)
 .text.libgcc.builtins
                0x00000000        0x0 c:/program files (x86)/atmel/studio/7.0/toolchain/avr8/avr8-gnu-toolchain/bin/../lib/gcc/avr/5.4.0/avrxmega3\libgcc.a(_udivmodhi4.o)
 .text.libgcc.fmul
                0x00000000        0x0 c:/program files (x86)/atmel/studio/7.0/toolchain/avr8/avr8-gnu-toolchain/bin/../lib/gcc/avr/5.4.0/avrxmega3\libgcc.a(_udivmodhi4.o)
 .text.libgcc.fixed
                0x00000000        0x0 c:/program files (x86)/atmel/studio/7.0/toolchain/avr8/avr8-gnu-toolchain/bin/../lib/gcc/avr/5.4.0/avrxmega3\libgcc.a(_udivmodhi4.o)
 .text          0x00000000        0x0 c:/program files (x86)/atmel/studio/7.0/toolchain/avr8/avr8-gnu-toolchain/bin/../lib/gcc/avr/5.4.0/avrxmega3\libgcc.a(_udivmodsi4.o)
 .data          0x00000000        0x0 c:/program files (x86)/atmel/studio/7.0/toolchain/avr8/avr8-gnu-toolchain/bin/../lib/gcc/avr/5.4.0/avrxmega3\libgcc.a(_udivmodsi4.o)
 .bss           0x00000000        0x0 c:/program files (x86)/atmel/studio/7.0/toolchain/avr8/avr8-gnu-toolchain/bin/../lib/gcc/avr/5.4.0/avrxmega3\libgcc.a(_udivmodsi4.o)
 .text.libgcc.mul
                0x00000000        0x0 c:/program files (x86)/atmel/studio/7.0/toolchain/avr8/avr8-gnu-toolchain/bin/../lib/gcc/avr/5.4.0/avrxmega3\libgcc.a(_udivmodsi4.o)
 .text.libgcc   0x00000000        0x0 c:/program files (x86)/atmel/studio/7.0/toolchain/avr8/avr8-gnu-toolchain/bin/../lib/gcc/avr/5.4.0/avrxmega3\libgcc.a(_udivmodsi4.o)
 .text.libgcc.prologue
                0x00000000        0x0 c:/program files (x86)/atmel/studio/7.0/toolchain/avr8/avr8-gnu-toolchain/bin/../lib/gcc/avr/5.4.0/avrxmega3\libgcc.a(_udivmodsi4.o)
 .text.libgcc.builtins
                0x00000000        0x0 c:/program files (x86)/atmel/studio/7.0/toolchain/avr8/avr8-gnu-toolchain/bin/../lib/gcc/avr/5.4.0/avrxmega3\libgcc.a(_udivmodsi4.o)
 .text.libgcc.fmul
                0x00000000        0x0 c:/program files (x86)/atmel/studio/7.0/toolchain/avr8/avr8-gnu-toolchain/bin/../lib/gcc/avr/5.4.0/avrxmega3\libgcc.a(_udivmodsi4.o)
 .text.libgcc.fixed
                0x00000000        0x0 c:/program files (x86)/atmel/studio/7.0/toolchain/avr8/avr8-gnu-toolchain/bin/../lib/gcc/avr/5.4.0/avrxmega3\libgcc.a(_udivmodsi4.o)
 .text          0x00000000        0x0 c:/program files (x86)/atmel/studio/7.0/toolchain/avr8/avr8-gnu-toolchain/bin/../lib/gcc/avr/5.4.0/avrxmega3\libgcc.a(_exit.o)
 .data          0x00000000        0x0 c:/program files (x86)/atmel/studio/7.0/toolchain/avr8/avr8-gnu-toolchain/bin/../lib/gcc/avr/5.4.0/avrxmega3\libgcc.a(_exit.o)
 .bss           0x00000000        0x0 c:/program files (x86)/atmel/studio/7.0/toolchain/avr8/avr8-gnu-toolchain/bin/../lib/gcc/avr/5.4.0/avrxmega3\libgcc.a(_exit.o)
 .text.libgcc.mul
                0x00000000        0x0 c:/program files (x86)/atmel/studio/7.0/toolchain/avr8/avr8-gnu-toolchain/bin/../lib/gcc/avr/5.4.0/avrxmega3\libgcc.a(_exit.o)
 .text.libgcc.div
                0x00000000        0x0 c:/program files (x86)/atmel/studio/7.0/toolchain/avr8/avr8-gnu-toolchain/bin/../lib/gcc/avr/5.4.0/avrxmega3\libgcc.a(_exit.o)
 .text.libgcc   0x00000000        0x0 c:/program files (x86)/atmel/studio/7.0/toolchain/avr8/avr8-gnu-toolchain/bin/../lib/gcc/avr/5.4.0/avrxmega3\libgcc.a(_exit.o)
 .text.libgcc.prologue
                0x00000000        0x0 c:/program files (x86)/atmel/studio/7.0/toolchain/avr8/avr8-gnu-toolchain/bin/../lib/gcc/avr/5.4.0/avrxmega3\libgcc.a(_exit.o)
 .text.libgcc.builtins
                0x00000000        0x0 c:/program files (x86)/atmel/studio/7.0/toolchain/avr8/avr8-gnu-toolchain/bin/../lib/gcc/avr/5.4.0/avrxmega3\libgcc.a(_exit.o)
 .text.libgcc.fmul
                0x00000000        0x0 c:/program files (x86)/atmel/studio/7.0/toolchain/avr8/avr8-gnu-toolchain/bin/../lib/gcc/avr/5.4.0/avrxmega3\libgcc.a(_exit.o)
 .text.libgcc.fixed
                0x00000000        0x0 c:/program files (x86)/atmel/studio/7.0/toolchain/avr8/avr8-gnu-toolchain/bin/../lib/gcc/avr/5.4.0/avrxmega3\libgcc.a(_exit.o)
 .text          0x00000000        0x0 c:/program files (x86)/atmel/studio/7.0/toolchain/avr8/avr8-gnu-toolchain/bin/../lib/gcc/avr/5.4.0/avrxmega3\libgcc.a(_copy_data.o)
 .data          0x00000000        0x0 c:/program files (x86)/atmel/studio/7.0/toolchain/avr8/avr8-gnu-toolchain/bin/../lib/gcc/avr/5.4.0/avrxmega3\libgcc.a(_copy_data.o)
 .bss           0x00000000        0x0 c:/program files (x86)/atmel/studio/7.0/toolchain/avr8/avr8-gnu-toolchain/bin/../lib/gcc/avr/5.4.0/avrxmega3\libgcc.a(_copy_data.o)
 .text.libgcc.mul
                0x00000000        0x0 c:/program files (x86)/atmel/studio/7.0/toolchain/avr8/avr8-gnu-toolchain/bin/../lib/gcc/avr/5.4.0/avrxmega3\libgcc.a(_copy_data.o)
 .text.libgcc.div
                0x00000000        0x0 c:/program files (x86)/atmel/studio/7.0/toolchain/avr8/avr8-gnu-toolchain/bin/../lib/gcc/avr/5.4.0/avrxmega3\libgcc.a(_copy_data.o)
 .text.libgcc   0x00000000        0x0 c:/program files (x86)/atmel/studio/7.0/toolchain/avr8/avr8-gnu-toolchain/bin/../lib/gcc/avr/5.4.0/avrxmega3\libgcc.a(_copy_data.o)
 .text.libgcc.prologue
                0x00000000        0x0 c:/program files (x86)/atmel/studio/7.0/toolchain/avr8/avr8-gnu-toolchain/bin/../lib/gcc/avr/5.4.0/avrxmega3\libgcc.a(_copy_data.o)
 .text.libgcc.builtins
                0x00000000        0x0 c:/program files (x86)/atmel/studio/7.0/toolchain/avr8/avr8-gnu-toolchain/bin/../lib/gcc/avr/5.4.0/avrxmega3\libgcc.a(_copy_data.o)
 .text.libgcc.fmul
                0x00000000        0x0 c:/program files (x86)/atmel/studio/7.0/toolchain/avr8/avr8-gnu-toolchain/bin/../lib/gcc/avr/5.4.0/avrxmega3\libgcc.a(_copy_data.o)
 .text.libgcc.fixed
                0x00000000        0x0 c:/program files (x86)/atmel/studio/7.0/toolchain/avr8/avr8-gnu-toolchain/bin/../lib/gcc/avr/5.4.0/avrxmega3\libgcc.a(_copy_data.o)
 .text          0x00000000        0x0 c:/program files (x86)/atmel/studio/7.0/toolchain/avr8/avr8-gnu-toolchain/bin/../lib/gcc/avr/5.4.0/avrxmega3\libgcc.a(_clear_bss.o)
 .data          0x00000000        0x0 c:/program files (x86)/atmel/studio/7.0/toolchain/avr8/avr8-gnu-toolchain/bin/../lib/gcc/avr/5.4.0/avrxmega3\libgcc.a(_clear_bss.o)
 .bss           0x00000000        0x0 c:/program files (x86)/atmel/studio/7.0/toolchain/avr8/avr8-gnu-toolchain/bin/../lib/gcc/avr/5.4.0/avrxmega3\libgcc.a(_clear_bss.o)
 .text.libgcc.mul
                0x00000000        0x0 c:/program files (x86)/atmel/studio/7.0/toolchain/avr8/avr8-gnu-toolchain/bin/../lib/gcc/avr/5.4.0/avrxmega3\libgcc.a(_clear_bss.o)
 .text.libgcc.div
                0x00000000        0x0 c:/program files (x86)/atmel/studio/7.0/toolchain/avr8/avr8-gnu-toolchain/bin/../lib/gcc/avr/5.4.0/avrxmega3\libgcc.a(_clear_bss.o)
 .text.libgcc   0x00000000        0x0 c:/program files (x86)/atmel/studio/7.0/toolchain/avr8/avr8-gnu-toolchain/bin/../lib/gcc/avr/5.4.0/avrxmega3\libgcc.a(_clear_bss.o)
 .text.libgcc.prologue
                0x00000000        0x0 c:/program files (x86)/atmel/studio/7.0/toolchain/avr8/avr8-gnu-toolchain/bin/../lib/gcc/avr/5.4.0/avrxmega3\libgcc.a(_clear_bss.o)
 .text.libgcc.builtins
                0x00000000        0x0 c:/program files (x86)/atmel/studio/7.0/toolchain/avr8/avr8-gnu-toolchain/bin/../lib/gcc/avr/5.4.0/avrxmega3\libgcc.a(_clear_bss.o)
 .text.libgcc.fmul
                0x00000000        0x0 c:/program files (x86)/atmel/studio/7.0/toolchain/avr8/avr8-gnu-toolchain/bin/../lib/gcc/avr/5.4.0/avrxmega3\libgcc.a(_clear_bss.o)
 .text.libgcc.fixed
                0x00000000        0x0 c:/program files (x86)/atmel/studio/7.0/toolchain/avr8/avr8-gnu-toolchain/bin/../lib/gcc/avr/5.4.0/avrxmega3\libgcc.a(_clear_bss.o)

Memory Configuration

Name             Origin             Length             Attributes
text             0x00000000         0x00100000         xr
data             0x00802000         0x0000ffa0         rw !x
eeprom           0x00810000         0x00010000         rw !x
fuse             0x00820000         0x00000009         rw !x
lock             0x00830000         0x00000400         rw !x
signature        0x00840000         0x00000400         rw !x
user_signatures  0x00850000         0x00000400         rw !x
*default*        0x00000000         0xffffffff

Linker script and memory map

Address of section .data set to 0x803800
                0x00008000                __RODATA_PM_OFFSET__ = 0x8000
LOAD C:/Program Files (x86)/Atmel/Studio/7.0/Packs/atmel/ATtiny_DFP/1.3.229/gcc/dev/attiny1617/avrxmega3/crtattiny1617.o
LOAD Lib/friends.o
LOAD Lib/I2C.o
LOAD Lib/lanyard.o
LOAD Lib/main_def.o
LOAD Lib/maze.o
LOAD Lib/resources.o
LOAD Lib/simon.o
LOAD Lib/text_adv.o
LOAD main.o
START GROUP
LOAD c:/program files (x86)/atmel/studio/7.0/toolchain/avr8/avr8-gnu-toolchain/bin/../lib/gcc/avr/5.4.0/../../../../avr/lib/avrxmega3\libm.a
END GROUP
START GROUP
LOAD c:/program files (x86)/atmel/studio/7.0/toolchain/avr8/avr8-gnu-toolchain/bin/../lib/gcc/avr/5.4.0/avrxmega3\libgcc.a
LOAD c:/program files (x86)/atmel/studio/7.0/toolchain/avr8/avr8-gnu-toolchain/bin/../lib/gcc/avr/5.4.0/../../../../avr/lib/avrxmega3\libm.a
LOAD c:/program files (x86)/atmel/studio/7.0/toolchain/avr8/avr8-gnu-toolchain/bin/../lib/gcc/avr/5.4.0/../../../../avr/lib/avrxmega3\libc.a
LOAD C:/Program Files (x86)/Atmel/Studio/7.0/Packs/atmel/ATtiny_DFP/1.3.229/gcc/dev/attiny1617/avrxmega3\libattiny1617.a
END GROUP
                0x00000000                __TEXT_REGION_ORIGIN__ = DEFINED (__TEXT_REGION_ORIGIN__)?__TEXT_REGION_ORIGIN__:0x0
                0x00802000                __DATA_REGION_ORIGIN__ = DEFINED (__DATA_REGION_ORIGIN__)?__DATA_REGION_ORIGIN__:0x802000
                0x00100000                __TEXT_REGION_LENGTH__ = DEFINED (__TEXT_REGION_LENGTH__)?__TEXT_REGION_LENGTH__:0x100000
                0x0000ffa0                __DATA_REGION_LENGTH__ = DEFINED (__DATA_REGION_LENGTH__)?__DATA_REGION_LENGTH__:0xffa0
                0x00010000                __EEPROM_REGION_LENGTH__ = DEFINED (__EEPROM_REGION_LENGTH__)?__EEPROM_REGION_LENGTH__:0x10000
                [0x00000009]                __FUSE_REGION_LENGTH__ = DEFINED (__FUSE_REGION_LENGTH__)?__FUSE_REGION_LENGTH__:0x400
                0x00000400                __LOCK_REGION_LENGTH__ = DEFINED (__LOCK_REGION_LENGTH__)?__LOCK_REGION_LENGTH__:0x400
                0x00000400                __SIGNATURE_REGION_LENGTH__ = DEFINED (__SIGNATURE_REGION_LENGTH__)?__SIGNATURE_REGION_LENGTH__:0x400
                0x00000400                __USER_SIGNATURE_REGION_LENGTH__ = DEFINED (__USER_SIGNATURE_REGION_LENGTH__)?__USER_SIGNATURE_REGION_LENGTH__:0x400
                0x00008000                __RODATA_PM_OFFSET__ = DEFINED (__RODATA_PM_OFFSET__)?__RODATA_PM_OFFSET__:0x8000

.hash
 *(.hash)

.dynsym
 *(.dynsym)

.dynstr
 *(.dynstr)

.gnu.version
 *(.gnu.version)

.gnu.version_d
 *(.gnu.version_d)

.gnu.version_r
 *(.gnu.version_r)

.rel.init
 *(.rel.init)

.rela.init
 *(.rela.init)

.rel.text
 *(.rel.text)
 *(.rel.text.*)
 *(.rel.gnu.linkonce.t*)

.rela.text
 *(.rela.text)
 *(.rela.text.*)
 *(.rela.gnu.linkonce.t*)

.rel.fini
 *(.rel.fini)

.rela.fini
 *(.rela.fini)

.rel.rodata
 *(.rel.rodata)
 *(.rel.rodata.*)
 *(.rel.gnu.linkonce.r*)

.rela.rodata
 *(.rela.rodata)
 *(.rela.rodata.*)
 *(.rela.gnu.linkonce.r*)

.rel.data
 *(.rel.data)
 *(.rel.data.*)
 *(.rel.gnu.linkonce.d*)

.rela.data
 *(.rela.data)
 *(.rela.data.*)
 *(.rela.gnu.linkonce.d*)

.rel.ctors
 *(.rel.ctors)

.rela.ctors
 *(.rela.ctors)

.rel.dtors
 *(.rel.dtors)

.rela.dtors
 *(.rela.dtors)

.rel.got
 *(.rel.got)

.rela.got
 *(.rela.got)

.rel.bss
 *(.rel.bss)

.rela.bss
 *(.rela.bss)

.rel.plt
 *(.rel.plt)

.rela.plt
 *(.rela.plt)

.text           0x00000000     0x32c8
 *(.vectors)
 .vectors       0x00000000       0x7c C:/Program Files (x86)/Atmel/Studio/7.0/Packs/atmel/ATtiny_DFP/1.3.229/gcc/dev/attiny1617/avrxmega3/crtattiny1617.o
                0x00000000                __vector_default
                0x00000000                __vectors
 *(.vectors)
 *(.progmem.gcc*)
                0x0000007c                . = ALIGN (0x2)
                0x0000007c                __trampolines_start = .
 *(.trampolines)
 .trampolines   0x0000007c        0x0 linker stubs
 *(.trampolines*)
                0x0000007c                __trampolines_end = .
 *libprintf_flt.a:*(.progmem.data)
 *libc.a:*(.progmem.data)
 *(.progmem*)
                0x0000007c                . = ALIGN (0x2)
 *(.jumptables)
 *(.jumptables*)
 *(.lowtext)
 *(.lowtext*)
                0x0000007c                __ctors_start = .
 *(.ctors)
                0x0000007c                __ctors_end = .
                0x0000007c                __dtors_start = .
 *(.dtors)
                0x0000007c                __dtors_end = .
 SORT(*)(.ctors)
 SORT(*)(.dtors)
 *(.init0)
 .init0         0x0000007c        0x0 C:/Program Files (x86)/Atmel/Studio/7.0/Packs/atmel/ATtiny_DFP/1.3.229/gcc/dev/attiny1617/avrxmega3/crtattiny1617.o
                0x0000007c                __init
 *(.init0)
 *(.init1)
 *(.init1)
 *(.init2)
 .init2         0x0000007c        0xc C:/Program Files (x86)/Atmel/Studio/7.0/Packs/atmel/ATtiny_DFP/1.3.229/gcc/dev/attiny1617/avrxmega3/crtattiny1617.o
 *(.init2)
 *(.init3)
 *(.init3)
 *(.init4)
 .init4         0x00000088       0x16 c:/program files (x86)/atmel/studio/7.0/toolchain/avr8/avr8-gnu-toolchain/bin/../lib/gcc/avr/5.4.0/avrxmega3\libgcc.a(_copy_data.o)
                0x00000088                __do_copy_data
 .init4         0x0000009e       0x10 c:/program files (x86)/atmel/studio/7.0/toolchain/avr8/avr8-gnu-toolchain/bin/../lib/gcc/avr/5.4.0/avrxmega3\libgcc.a(_clear_bss.o)
                0x0000009e                __do_clear_bss
 *(.init4)
 *(.init5)
 *(.init5)
 *(.init6)
 *(.init6)
 *(.init7)
 *(.init7)
 *(.init8)
 *(.init8)
 *(.init9)
 .init9         0x000000ae        0x8 C:/Program Files (x86)/Atmel/Studio/7.0/Packs/atmel/ATtiny_DFP/1.3.229/gcc/dev/attiny1617/avrxmega3/crtattiny1617.o
 *(.init9)
 *(.text)
 .text          0x000000b6        0x2 C:/Program Files (x86)/Atmel/Studio/7.0/Packs/atmel/ATtiny_DFP/1.3.229/gcc/dev/attiny1617/avrxmega3/crtattiny1617.o
                0x000000b6                __vector_1
                0x000000b6                __vector_24
                0x000000b6                __vector_12
                0x000000b6                __bad_interrupt
                0x000000b6                __vector_3
                0x000000b6                __vector_23
                0x000000b6                __vector_30
                0x000000b6                __vector_25
                0x000000b6                __vector_11
                0x000000b6                __vector_17
                0x000000b6                __vector_19
                0x000000b6                __vector_5
                0x000000b6                __vector_4
                0x000000b6                __vector_9
                0x000000b6                __vector_2
                0x000000b6                __vector_21
                0x000000b6                __vector_15
                0x000000b6                __vector_29
                0x000000b6                __vector_26
                0x000000b6                __vector_10
                0x000000b6                __vector_16
                0x000000b6                __vector_18
                0x000000b8                . = ALIGN (0x2)
 *(.text.*)
 .text.I2C_init
                0x000000b8       0x3c Lib/I2C.o
                0x000000b8                I2C_init
 .text.I2C_recover
                0x000000f4       0x7c Lib/I2C.o
                0x000000f4                I2C_recover
 .text.I2C_start
                0x00000170       0x22 Lib/I2C.o
                0x00000170                I2C_start
 .text.I2C_wait_ACK
                0x00000192       0x4e Lib/I2C.o
                0x00000192                I2C_wait_ACK
 .text.I2C_read
                0x000001e0       0x82 Lib/I2C.o
                0x000001e0                I2C_read
 .text.I2C_write
                0x00000262       0x46 Lib/I2C.o
                0x00000262                I2C_write
 .text.I2C_stop
                0x000002a8        0xc Lib/I2C.o
                0x000002a8                I2C_stop
 .text.I2C_read_bytes
                0x000002b4       0x8a Lib/I2C.o
                0x000002b4                I2C_read_bytes
 .text.LanyardCode
                0x0000033e      0x1e2 Lib/lanyard.o
                0x0000033e                LanyardCode
 .text.MagnetMaze
                0x00000520      0x27e Lib/maze.o
                0x00000520                MagnetMaze
 .text.Setup    0x0000079e      0x200 Lib/resources.o
                0x0000079e                Setup
 .text.__vector_8
                0x0000099e       0xa2 Lib/resources.o
                0x0000099e                __vector_8
 .text.__vector_13
                0x00000a40       0x66 Lib/resources.o
                0x00000a40                __vector_13
 .text.__vector_14
                0x00000aa6       0xa6 Lib/resources.o
                0x00000aa6                __vector_14
 .text.__vector_27
                0x00000b4c       0xb6 Lib/resources.o
                0x00000b4c                __vector_27
 .text.__vector_28
                0x00000c02       0x38 Lib/resources.o
                0x00000c02                __vector_28
 .text.__vector_20
                0x00000c3a       0x66 Lib/resources.o
                0x00000c3a                __vector_20
 .text.__vector_22
                0x00000ca0       0x90 Lib/resources.o
                0x00000ca0                __vector_22
 .text.__vector_6
                0x00000d30       0x94 Lib/resources.o
                0x00000d30                __vector_6
 .text.__vector_7
                0x00000dc4       0x22 Lib/resources.o
                0x00000dc4                __vector_7
 .text.EERead   0x00000de6       0x20 Lib/resources.o
                0x00000de6                EERead
 .text.EEWrite  0x00000e06       0x50 Lib/resources.o
                0x00000e06                EEWrite
 .text.SerSend  0x00000e56       0x22 Lib/resources.o
                0x00000e56                SerSend
 .text.SerSpeed
                0x00000e78       0x22 Lib/resources.o
                0x00000e78                SerSpeed
 .text.CheckButtons
                0x00000e9a       0xb8 Lib/resources.o
                0x00000e9a                CheckButtons
 .text.lfsr     0x00000f52       0x3e Lib/resources.o
                0x00000f52                lfsr
 .text.floatSpeed
                0x00000f90       0x64 Lib/resources.o
                0x00000f90                floatSpeed
 .text.floatAround
                0x00000ff4       0x4a Lib/resources.o
                0x00000ff4                floatAround
 .text.SaveGameState
                0x0000103e       0xe6 Lib/resources.o
                0x0000103e                SaveGameState
 .text.ReadStatusBit
                0x00001124       0x28 Lib/resources.o
                0x00001124                ReadStatusBit
 .text.WriteStatusBit
                0x0000114c       0x34 Lib/resources.o
                0x0000114c                WriteStatusBit
 .text.UpdateState
                0x00001180       0x10 Lib/resources.o
                0x00001180                UpdateState
 .text.CheckState
                0x00001190       0x20 Lib/resources.o
                0x00001190                CheckState
 .text.getID    0x000011b0       0x1c Lib/resources.o
                0x000011b0                getID
 .text.Reset    0x000011cc       0x52 Lib/resources.o
                0x000011cc                Reset
 .text.HotSummer
                0x0000121e       0x5c Lib/resources.o
                0x0000121e                HotSummer
 .text.GenerateAudio
                0x0000127a      0x13c Lib/resources.o
                0x0000127a                GenerateAudio
 .text.BastetDictates
                0x000013b6        0x4 Lib/simon.o
                0x000013b6                BastetDictates
 .text.Cheat    0x000013ba       0x78 Lib/text_adv.o
                0x000013ba                Cheat
 .text.DecryptData
                0x00001432       0x34 Lib/text_adv.o
                0x00001432                DecryptData
 .text.UnflipData
                0x00001466       0x1a Lib/text_adv.o
                0x00001466                UnflipData
 .text.ExtEERead
                0x00001480       0x66 Lib/text_adv.o
                0x00001480                ExtEERead
 .text.ClearTxAfter
                0x000014e6       0x14 Lib/text_adv.o
                0x000014e6                ClearTxAfter
 .text.StartsWith
                0x000014fa       0x34 Lib/text_adv.o
                0x000014fa                StartsWith
 .text.PrepareSending
                0x0000152e       0x70 Lib/text_adv.o
                0x0000152e                PrepareSending
 .text.SetStandardResponse
                0x0000159e       0xf8 Lib/text_adv.o
                0x0000159e                SetStandardResponse
 .text.PopulateObject
                0x00001696       0xee Lib/text_adv.o
                0x00001696                PopulateObject
 .text.CheckLetter
                0x00001784       0xa8 Lib/text_adv.o
                0x00001784                CheckLetter
 .text.FindChild
                0x0000182c       0xb4 Lib/text_adv.o
                0x0000182c                FindChild
 .text.InpOkChk
                0x000018e0       0x1c Lib/text_adv.o
                0x000018e0                InpOkChk
 .text.CleanInput
                0x000018fc       0x46 Lib/text_adv.o
                0x000018fc                CleanInput
 .text.CheckSend
                0x00001942       0xa8 Lib/text_adv.o
                0x00001942                CheckSend
 .text.CheckResponse
                0x000019ea       0x8e Lib/text_adv.o
                0x000019ea                CheckResponse
 .text.CheckInput
                0x00001a78      0x5da Lib/text_adv.o
                0x00001a78                CheckInput
 .text.ProcessInput
                0x00002052     0x10a2 Lib/text_adv.o
                0x00002052                ProcessInput
 .text.TextAdventure
                0x000030f4       0x3a Lib/text_adv.o
                0x000030f4                TextAdventure
 .text.startup.main
                0x0000312e      0x112 main.o
                0x0000312e                main
 .text.libgcc.div
                0x00003240       0x18 c:/program files (x86)/atmel/studio/7.0/toolchain/avr8/avr8-gnu-toolchain/bin/../lib/gcc/avr/5.4.0/avrxmega3\libgcc.a(_udivmodqi4.o)
                0x00003240                __udivmodqi4
 .text.libgcc.div
                0x00003258       0x28 c:/program files (x86)/atmel/studio/7.0/toolchain/avr8/avr8-gnu-toolchain/bin/../lib/gcc/avr/5.4.0/avrxmega3\libgcc.a(_udivmodhi4.o)
                0x00003258                __udivmodhi4
 .text.libgcc.div
                0x00003280       0x44 c:/program files (x86)/atmel/studio/7.0/toolchain/avr8/avr8-gnu-toolchain/bin/../lib/gcc/avr/5.4.0/avrxmega3\libgcc.a(_udivmodsi4.o)
                0x00003280                __udivmodsi4
                0x000032c4                . = ALIGN (0x2)
 *(.fini9)
 .fini9         0x000032c4        0x0 c:/program files (x86)/atmel/studio/7.0/toolchain/avr8/avr8-gnu-toolchain/bin/../lib/gcc/avr/5.4.0/avrxmega3\libgcc.a(_exit.o)
                0x000032c4                _exit
                0x000032c4                exit
 *(.fini9)
 *(.fini8)
 *(.fini8)
 *(.fini7)
 *(.fini7)
 *(.fini6)
 *(.fini6)
 *(.fini5)
 *(.fini5)
 *(.fini4)
 *(.fini4)
 *(.fini3)
 *(.fini3)
 *(.fini2)
 *(.fini2)
 *(.fini1)
 *(.fini1)
 *(.fini0)
 .fini0         0x000032c4        0x4 c:/program files (x86)/atmel/studio/7.0/toolchain/avr8/avr8-gnu-toolchain/bin/../lib/gcc/avr/5.4.0/avrxmega3\libgcc.a(_exit.o)
 *(.fini0)
                0x000032c8                _etext = .

.rodata         0x0000b2c8       0xda load address 0x000032c8
 *(.rodata)
 .rodata        0x0000b2c8       0x10 Lib/text_adv.o
 *(.rodata*)
 .rodata.lanyardCode
                0x0000b2d8       0x18 Lib/lanyard.o
                0x0000b2d8                lanyardCode
 .rodata.CAT    0x0000b2f0        0x1 Lib/main_def.o
                0x0000b2f0                CAT
 .rodata.BADGER
                0x0000b2f1        0x1 Lib/main_def.o
                0x0000b2f1                BADGER
 .rodata.SCARAB
                0x0000b2f2        0x2 Lib/main_def.o
                0x0000b2f2                SCARAB
 .rodata.WING   0x0000b2f4        0xa Lib/main_def.o
                0x0000b2f4                WING
 .rodata.EYE    0x0000b2fe        0x4 Lib/main_def.o
                0x0000b2fe                EYE
 .rodata.HCKR   0x0000b302        0xc Lib/main_def.o
                0x0000b302                HCKR
 .rodata.mazeCode
                0x0000b30e       0x12 Lib/maze.o
                0x0000b30e                mazeCode
 .rodata.str1.1
                0x0000b320       0x72 Lib/text_adv.o
 .rodata.xor_key
                0x0000b392       0x10 Lib/text_adv.o
                0x0000b392                xor_key
 *(.gnu.linkonce.r*)

.data           0x00803800       0x28 load address 0x000033a2
                0x00803800                PROVIDE (__data_start, .)
 *(.data)
 *(.data*)
 .data.digit    0x00803800        0x1 Lib/lanyard.o
                0x00803800                digit
 .data.lastButtonState
                0x00803801        0x1 Lib/lanyard.o
                0x00803801                lastButtonState
 .data.lanyardState
                0x00803802        0x1 Lib/lanyard.o
                0x00803802                lanyardState
 .data.auRepAddr
                0x00803803        0x2 Lib/main_def.o
                0x00803803                auRepAddr
 .data.auSmpAddr
                0x00803805        0x2 Lib/main_def.o
                0x00803805                auSmpAddr
 .data.buttonState
                0x00803807        0x1 Lib/main_def.o
                0x00803807                buttonState
 .data.serTxDone
                0x00803808        0x1 Lib/main_def.o
                0x00803808                serTxDone
 .data.dimValue
                0x00803809        0x1 Lib/main_def.o
                0x00803809                dimValue
 .data.mazeState
                0x0080380a        0x1 Lib/maze.o
                0x0080380a                mazeState
 .data.loudness.3933
                0x0080380b        0x1 Lib/resources.o
 .data.auBuffer.3932
                0x0080380c       0x11 Lib/resources.o
 .data.state.3877
                0x0080381d        0x2 Lib/resources.o
 .data.mask     0x0080381f        0x8 Lib/resources.o
                0x0080381f                mask
 .data.currDepth
                0x00803827        0x1 Lib/text_adv.o
 *(.gnu.linkonce.d*)
                0x00803828                . = ALIGN (0x2)
                0x00803828                _edata = .
                0x00803828                PROVIDE (__data_end, .)

.bss            0x00803828      0x2de
                0x00803828                PROVIDE (__bss_start, .)
 *(.bss)
 *(.bss*)
 .bss.lanyardCnt
                0x00803828        0x1 Lib/lanyard.o
                0x00803828                lanyardCnt
 .bss.lanyardPos
                0x00803829        0x1 Lib/lanyard.o
                0x00803829                lanyardPos
 .bss.adc0Chg   0x0080382a        0x1 Lib/main_def.o
                0x0080382a                adc0Chg
 .bss.zero      0x0080382b        0x1 Lib/main_def.o
                0x0080382b                zero
 .bss.auStart   0x0080382c        0x1 Lib/main_def.o
                0x0080382c                auStart
 .bss.effect    0x0080382d        0x2 Lib/main_def.o
                0x0080382d                effect
 .bss.gameNow   0x0080382f        0x1 Lib/main_def.o
                0x0080382f                gameNow
 .bss.whoami    0x00803830        0x1 Lib/main_def.o
                0x00803830                whoami
 .bss.inventory
                0x00803831        0x4 Lib/main_def.o
                0x00803831                inventory
 .bss.buttonMark
                0x00803835        0x1 Lib/main_def.o
                0x00803835                buttonMark
 .bss.minuteMark
                0x00803836        0x1 Lib/main_def.o
                0x00803836                minuteMark
 .bss.serRxDone
                0x00803837        0x1 Lib/main_def.o
                0x00803837                serRxDone
 .bss.inverted  0x00803838        0x1 Lib/maze.o
                0x00803838                inverted
 .bss.mazeCnt   0x00803839        0x1 Lib/maze.o
                0x00803839                mazeCnt
 .bss.mazePos   0x0080383a        0x1 Lib/maze.o
                0x0080383a                mazePos
 .bss.newHallState
                0x0080383b        0x1 Lib/maze.o
                0x0080383b                newHallState
 .bss.curHallState
                0x0080383c        0x1 Lib/maze.o
                0x0080383c                curHallState
 .bss.auBuffer.3934
                0x0080383d        0x7 Lib/resources.o
 .bss.serInput.4022
                0x00803844       0x41 Lib/text_adv.o
 .bss.actObj2.3993
                0x00803885       0x2b Lib/text_adv.o
 .bss.actObj1.3992
                0x008038b0       0x2b Lib/text_adv.o
 .bss.number.3939
                0x008038db        0x1 Lib/text_adv.o
 .bss.txPart.3935
                0x008038dc        0x1 Lib/text_adv.o
 .bss.specialPassed
                0x008038dd        0x1 Lib/text_adv.o
 .bss.specialInput
                0x008038de       0x10 Lib/text_adv.o
 .bss.responseList
                0x008038ee        0x1 Lib/text_adv.o
 .bss.reactStr  0x008038ef       0xc0 Lib/text_adv.o
 .bss.route     0x008039af       0x40 Lib/text_adv.o
 .bss.currObj   0x008039ef       0x2b Lib/text_adv.o
 .bss.txTypeNow
                0x00803a1a        0x1 Lib/text_adv.o
                0x00803a1a                txTypeNow
 .bss.txAddrNow
                0x00803a1b        0x1 Lib/text_adv.o
                0x00803a1b                txAddrNow
 .bss.txStrLen  0x00803a1c        0x8 Lib/text_adv.o
                0x00803a1c                txStrLen
 .bss.txAddrList
                0x00803a24       0x10 Lib/text_adv.o
                0x00803a24                txAddrList
 *(COMMON)
 COMMON         0x00803a34       0xaf Lib/main_def.o
                0x00803a34                timeout_I2C
                0x00803a35                gameState
                0x00803a49                serRx
                0x00803a8a                auVolume
                0x00803a8b                adcBtns
                0x00803a8d                serTxAddr
                0x00803a8f                adcHall
                0x00803a91                adcPhot
                0x00803a93                detHdPh
                0x00803a94                calTemp
                0x00803a96                auIn
                0x00803ab6                iLED
                0x00803ade                auPlayDone
                0x00803adf                calHall
                0x00803ae1                adcTemp
 COMMON         0x00803ae3        0x2 Lib/resources.o
                0x00803ae3                tmp16bit
 COMMON         0x00803ae5       0x21 Lib/text_adv.o
                0x00803ae5                txBuffer
                0x00803b06                PROVIDE (__bss_end, .)
                0x000033a2                __data_load_start = LOADADDR (.data)
                0x000033ca                __data_load_end = (__data_load_start + SIZEOF (.data))

.noinit         0x00803b06        0x0
                [!provide]                PROVIDE (__noinit_start, .)
 *(.noinit*)
                [!provide]                PROVIDE (__noinit_end, .)
                0x00803b06                _end = .
                [!provide]                PROVIDE (__heap_start, .)

.eeprom         0x00810000        0x0
 *(.eeprom*)
                0x00810000                __eeprom_end = .

.fuse
 *(.fuse)
 *(.lfuse)
 *(.hfuse)
 *(.efuse)

.lock
 *(.lock*)

.signature
 *(.signature*)

.user_signatures
 *(.user_signatures*)

.stab
 *(.stab)

.stabstr
 *(.stabstr)

.stab.excl
 *(.stab.excl)

.stab.exclstr
 *(.stab.exclstr)

.stab.index
 *(.stab.index)

.stab.indexstr
 *(.stab.indexstr)

.comment        0x00000000       0x30
 *(.comment)
 .comment       0x00000000       0x30 Lib/I2C.o
                                 0x31 (size before relaxing)
 .comment       0x00000030       0x31 Lib/lanyard.o
 .comment       0x00000030       0x31 Lib/main_def.o
 .comment       0x00000030       0x31 Lib/maze.o
 .comment       0x00000030       0x31 Lib/resources.o
 .comment       0x00000030       0x31 Lib/simon.o
 .comment       0x00000030       0x31 Lib/text_adv.o
 .comment       0x00000030       0x31 main.o

.note.gnu.avr.deviceinfo
                0x00000000       0x40
 .note.gnu.avr.deviceinfo
                0x00000000       0x40 C:/Program Files (x86)/Atmel/Studio/7.0/Packs/atmel/ATtiny_DFP/1.3.229/gcc/dev/attiny1617/avrxmega3/crtattiny1617.o

.note.gnu.build-id
 *(.note.gnu.build-id)

.debug
 *(.debug)

.line
 *(.line)

.debug_srcinfo
 *(.debug_srcinfo)

.debug_sfnames
 *(.debug_sfnames)

.debug_aranges  0x00000000      0x2b0
 *(.debug_aranges)
 .debug_aranges
                0x00000000       0x68 Lib/I2C.o
 .debug_aranges
                0x00000068       0x20 Lib/lanyard.o
 .debug_aranges
                0x00000088       0x18 Lib/main_def.o
 .debug_aranges
                0x000000a0       0x20 Lib/maze.o
 .debug_aranges
                0x000000c0      0x100 Lib/resources.o
 .debug_aranges
                0x000001c0       0x20 Lib/simon.o
 .debug_aranges
                0x000001e0       0xb0 Lib/text_adv.o
 .debug_aranges
                0x00000290       0x20 main.o

.debug_pubnames
 *(.debug_pubnames)

.debug_info     0x00000000     0x61a7
 *(.debug_info .gnu.linkonce.wi.*)
 .debug_info    0x00000000     0x19ed C:/Program Files (x86)/Atmel/Studio/7.0/Packs/atmel/ATtiny_DFP/1.3.229/gcc/dev/attiny1617/avrxmega3/crtattiny1617.o
 .debug_info    0x000019ed      0x6d5 Lib/I2C.o
 .debug_info    0x000020c2      0x26e Lib/lanyard.o
 .debug_info    0x00002330      0x432 Lib/main_def.o
 .debug_info    0x00002762      0x2d9 Lib/maze.o
 .debug_info    0x00002a3b      0xcc9 Lib/resources.o
 .debug_info    0x00003704       0xa4 Lib/simon.o
 .debug_info    0x000037a8     0x26f9 Lib/text_adv.o
 .debug_info    0x00005ea1      0x306 main.o

.debug_abbrev   0x00000000     0x25ee
 *(.debug_abbrev)
 .debug_abbrev  0x00000000     0x1888 C:/Program Files (x86)/Atmel/Studio/7.0/Packs/atmel/ATtiny_DFP/1.3.229/gcc/dev/attiny1617/avrxmega3/crtattiny1617.o
 .debug_abbrev  0x00001888      0x26f Lib/I2C.o
 .debug_abbrev  0x00001af7      0x10e Lib/lanyard.o
 .debug_abbrev  0x00001c05       0x96 Lib/main_def.o
 .debug_abbrev  0x00001c9b      0x11d Lib/maze.o
 .debug_abbrev  0x00001db8      0x372 Lib/resources.o
 .debug_abbrev  0x0000212a       0x69 Lib/simon.o
 .debug_abbrev  0x00002193      0x353 Lib/text_adv.o
 .debug_abbrev  0x000024e6      0x108 main.o

.debug_line     0x00000000     0x3133
 *(.debug_line .debug_line.* .debug_line_end)
 .debug_line    0x00000000      0x151 C:/Program Files (x86)/Atmel/Studio/7.0/Packs/atmel/ATtiny_DFP/1.3.229/gcc/dev/attiny1617/avrxmega3/crtattiny1617.o
 .debug_line    0x00000151      0x598 Lib/I2C.o
 .debug_line    0x000006e9      0x27c Lib/lanyard.o
 .debug_line    0x00000965      0x106 Lib/main_def.o
 .debug_line    0x00000a6b      0x2d9 Lib/maze.o
 .debug_line    0x00000d44      0xb71 Lib/resources.o
 .debug_line    0x000018b5      0x119 Lib/simon.o
 .debug_line    0x000019ce     0x1537 Lib/text_adv.o
 .debug_line    0x00002f05      0x22e main.o

.debug_frame    0x00000000      0x84c
 *(.debug_frame)
 .debug_frame   0x00000000       0xf8 Lib/I2C.o
 .debug_frame   0x000000f8       0x30 Lib/lanyard.o
 .debug_frame   0x00000128       0x30 Lib/maze.o
 .debug_frame   0x00000158      0x394 Lib/resources.o
 .debug_frame   0x000004ec       0x24 Lib/simon.o
 .debug_frame   0x00000510      0x318 Lib/text_adv.o
 .debug_frame   0x00000828       0x24 main.o

.debug_str      0x00000000     0x1897
 *(.debug_str)
 .debug_str     0x00000000      0xacf C:/Program Files (x86)/Atmel/Studio/7.0/Packs/atmel/ATtiny_DFP/1.3.229/gcc/dev/attiny1617/avrxmega3/crtattiny1617.o
 .debug_str     0x00000acf      0x498 Lib/I2C.o
                                0x4d2 (size before relaxing)
 .debug_str     0x00000f67       0xc2 Lib/lanyard.o
                                0x268 (size before relaxing)
 .debug_str     0x00001029      0x106 Lib/main_def.o
                                0x2fe (size before relaxing)
 .debug_str     0x0000112f       0x6a Lib/maze.o
                                0x282 (size before relaxing)
 .debug_str     0x00001199      0x354 Lib/resources.o
                                0x647 (size before relaxing)
 .debug_str     0x000014ed       0x21 Lib/simon.o
                                0x1c7 (size before relaxing)
 .debug_str     0x0000150e      0x378 Lib/text_adv.o
                                0x620 (size before relaxing)
 .debug_str     0x00001886       0x11 main.o
                                0x278 (size before relaxing)

.debug_loc      0x00000000     0x4002
 *(.debug_loc)
 .debug_loc     0x00000000      0x4ed Lib/I2C.o
 .debug_loc     0x000004ed       0x43 Lib/lanyard.o
 .debug_loc     0x00000530       0x8f Lib/maze.o
 .debug_loc     0x000005bf      0xd08 Lib/resources.o
 .debug_loc     0x000012c7     0x2d27 Lib/text_adv.o
 .debug_loc     0x00003fee       0x14 main.o

.debug_macinfo
 *(.debug_macinfo)

.debug_weaknames
 *(.debug_weaknames)

.debug_funcnames
 *(.debug_funcnames)

.debug_typenames
 *(.debug_typenames)

.debug_varnames
 *(.debug_varnames)

.debug_pubtypes
 *(.debug_pubtypes)

.debug_ranges   0x00000000      0x330
 *(.debug_ranges)
 .debug_ranges  0x00000000       0x58 Lib/I2C.o
 .debug_ranges  0x00000058       0x10 Lib/lanyard.o
 .debug_ranges  0x00000068       0x10 Lib/maze.o
 .debug_ranges  0x00000078      0x108 Lib/resources.o
 .debug_ranges  0x00000180       0x10 Lib/simon.o
 .debug_ranges  0x00000190      0x190 Lib/text_adv.o
 .debug_ranges  0x00000320       0x10 main.o

.debug_macro
 *(.debug_macro)
OUTPUT(ISR_IO.elf elf32-avr)
LOAD linker stubs
